Archive member included to satisfy reference by file (symbol)

C:/ST/STM32CubeIDE_1.19.0/STM32CubeIDE/plugins/com.st.stm32cube.ide.mcu.externaltools.gnu-tools-for-stm32.13.3.rel1.win32_1.0.0.202411081344/tools/bin/../lib/gcc/arm-none-eabi/13.3.1/../../../../arm-none-eabi/lib/thumb/v7e-m+fp/hard\libc_nano.a(libc_a-exit.o)
                              C:/ST/STM32CubeIDE_1.19.0/STM32CubeIDE/plugins/com.st.stm32cube.ide.mcu.externaltools.gnu-tools-for-stm32.13.3.rel1.win32_1.0.0.202411081344/tools/bin/../lib/gcc/arm-none-eabi/13.3.1/../../../../arm-none-eabi/lib/thumb/v7e-m+fp/hard/crt0.o (exit)
C:/ST/STM32CubeIDE_1.19.0/STM32CubeIDE/plugins/com.st.stm32cube.ide.mcu.externaltools.gnu-tools-for-stm32.13.3.rel1.win32_1.0.0.202411081344/tools/bin/../lib/gcc/arm-none-eabi/13.3.1/../../../../arm-none-eabi/lib/thumb/v7e-m+fp/hard\libc_nano.a(libc_a-nano-vfprintf_float.o)
                              (_printf_float)
C:/ST/STM32CubeIDE_1.19.0/STM32CubeIDE/plugins/com.st.stm32cube.ide.mcu.externaltools.gnu-tools-for-stm32.13.3.rel1.win32_1.0.0.202411081344/tools/bin/../lib/gcc/arm-none-eabi/13.3.1/../../../../arm-none-eabi/lib/thumb/v7e-m+fp/hard\libc_nano.a(libc_a-nano-vfprintf_i.o)
                              C:/ST/STM32CubeIDE_1.19.0/STM32CubeIDE/plugins/com.st.stm32cube.ide.mcu.externaltools.gnu-tools-for-stm32.13.3.rel1.win32_1.0.0.202411081344/tools/bin/../lib/gcc/arm-none-eabi/13.3.1/../../../../arm-none-eabi/lib/thumb/v7e-m+fp/hard\libc_nano.a(libc_a-nano-vfprintf_float.o) (_printf_common)
C:/ST/STM32CubeIDE_1.19.0/STM32CubeIDE/plugins/com.st.stm32cube.ide.mcu.externaltools.gnu-tools-for-stm32.13.3.rel1.win32_1.0.0.202411081344/tools/bin/../lib/gcc/arm-none-eabi/13.3.1/../../../../arm-none-eabi/lib/thumb/v7e-m+fp/hard\libc_nano.a(libc_a-findfp.o)
                              C:/ST/STM32CubeIDE_1.19.0/STM32CubeIDE/plugins/com.st.stm32cube.ide.mcu.externaltools.gnu-tools-for-stm32.13.3.rel1.win32_1.0.0.202411081344/tools/bin/../lib/gcc/arm-none-eabi/13.3.1/../../../../arm-none-eabi/lib/thumb/v7e-m+fp/hard\libc_nano.a(libc_a-exit.o) (__stdio_exit_handler)
C:/ST/STM32CubeIDE_1.19.0/STM32CubeIDE/plugins/com.st.stm32cube.ide.mcu.externaltools.gnu-tools-for-stm32.13.3.rel1.win32_1.0.0.202411081344/tools/bin/../lib/gcc/arm-none-eabi/13.3.1/../../../../arm-none-eabi/lib/thumb/v7e-m+fp/hard\libc_nano.a(libc_a-fwalk.o)
                              C:/ST/STM32CubeIDE_1.19.0/STM32CubeIDE/plugins/com.st.stm32cube.ide.mcu.externaltools.gnu-tools-for-stm32.13.3.rel1.win32_1.0.0.202411081344/tools/bin/../lib/gcc/arm-none-eabi/13.3.1/../../../../arm-none-eabi/lib/thumb/v7e-m+fp/hard\libc_nano.a(libc_a-findfp.o) (_fwalk_sglue)
C:/ST/STM32CubeIDE_1.19.0/STM32CubeIDE/plugins/com.st.stm32cube.ide.mcu.externaltools.gnu-tools-for-stm32.13.3.rel1.win32_1.0.0.202411081344/tools/bin/../lib/gcc/arm-none-eabi/13.3.1/../../../../arm-none-eabi/lib/thumb/v7e-m+fp/hard\libc_nano.a(libc_a-snprintf.o)
                              ./Core/Src/lcd_ui.o (snprintf)
C:/ST/STM32CubeIDE_1.19.0/STM32CubeIDE/plugins/com.st.stm32cube.ide.mcu.externaltools.gnu-tools-for-stm32.13.3.rel1.win32_1.0.0.202411081344/tools/bin/../lib/gcc/arm-none-eabi/13.3.1/../../../../arm-none-eabi/lib/thumb/v7e-m+fp/hard\libc_nano.a(libc_a-stdio.o)
                              C:/ST/STM32CubeIDE_1.19.0/STM32CubeIDE/plugins/com.st.stm32cube.ide.mcu.externaltools.gnu-tools-for-stm32.13.3.rel1.win32_1.0.0.202411081344/tools/bin/../lib/gcc/arm-none-eabi/13.3.1/../../../../arm-none-eabi/lib/thumb/v7e-m+fp/hard\libc_nano.a(libc_a-findfp.o) (__sread)
C:/ST/STM32CubeIDE_1.19.0/STM32CubeIDE/plugins/com.st.stm32cube.ide.mcu.externaltools.gnu-tools-for-stm32.13.3.rel1.win32_1.0.0.202411081344/tools/bin/../lib/gcc/arm-none-eabi/13.3.1/../../../../arm-none-eabi/lib/thumb/v7e-m+fp/hard\libc_nano.a(libc_a-memcmp.o)
                              ./Core/Src/upstream.o (memcmp)
C:/ST/STM32CubeIDE_1.19.0/STM32CubeIDE/plugins/com.st.stm32cube.ide.mcu.externaltools.gnu-tools-for-stm32.13.3.rel1.win32_1.0.0.202411081344/tools/bin/../lib/gcc/arm-none-eabi/13.3.1/../../../../arm-none-eabi/lib/thumb/v7e-m+fp/hard\libc_nano.a(libc_a-memset.o)
                              C:/ST/STM32CubeIDE_1.19.0/STM32CubeIDE/plugins/com.st.stm32cube.ide.mcu.externaltools.gnu-tools-for-stm32.13.3.rel1.win32_1.0.0.202411081344/tools/bin/../lib/gcc/arm-none-eabi/13.3.1/../../../../arm-none-eabi/lib/thumb/v7e-m+fp/hard/crt0.o (memset)
C:/ST/STM32CubeIDE_1.19.0/STM32CubeIDE/plugins/com.st.stm32cube.ide.mcu.externaltools.gnu-tools-for-stm32.13.3.rel1.win32_1.0.0.202411081344/tools/bin/../lib/gcc/arm-none-eabi/13.3.1/../../../../arm-none-eabi/lib/thumb/v7e-m+fp/hard\libc_nano.a(libc_a-localeconv.o)
                              C:/ST/STM32CubeIDE_1.19.0/STM32CubeIDE/plugins/com.st.stm32cube.ide.mcu.externaltools.gnu-tools-for-stm32.13.3.rel1.win32_1.0.0.202411081344/tools/bin/../lib/gcc/arm-none-eabi/13.3.1/../../../../arm-none-eabi/lib/thumb/v7e-m+fp/hard\libc_nano.a(libc_a-nano-vfprintf_float.o) (_localeconv_r)
[...]
Memory Configuration

Name             Origin             Length             Attributes
CCMRAM           0x10000000         0x00010000         xrw
RAM              0x20000000         0x00020000         xrw
FLASH            0x08000000         0x00100000         xr
*default*        0x00000000         0xffffffff

Linker script and memory map

LOAD C:/ST/STM32CubeIDE_1.19.0/STM32CubeIDE/plugins/com.st.stm32cube.ide.mcu.externaltools.gnu-tools-for-stm32.13.3.rel1.win32_1.0.0.202411081344/tools/bin/../lib/gcc/arm-none-eabi/13.3.1/thumb/v7e-m+fp/hard/crti.o
LOAD C:/ST/STM32CubeIDE_1.19.0/STM32CubeIDE/plugins/com.st.stm32cube.ide.mcu.externaltools.gnu-tools-for-stm32.13.3.rel1.win32_1.0.0.202411081344/tools/bin/../lib/gcc/arm-none-eabi/13.3.1/thumb/v7e-m+fp/hard/crtbegin.o
LOAD C:/ST/STM32CubeIDE_1.19.0/STM32CubeIDE/plugins/com.st.stm32cube.ide.mcu.externaltools.gnu-tools-for-stm32.13.3.rel1.win32_1.0.0.202411081344/tools/bin/../lib/gcc/arm-none-eabi/13.3.1/../../../../arm-none-eabi/lib/thumb/v7e-m+fp/hard/crt0.o
LOAD ./Core/Src/DeviceManager.o
LOAD ./Core/Src/ProtocolTask.o
LOAD ./Core/Src/SlaveRegistry.o
LOAD ./Core/Src/alarm.o
LOAD ./Core/Src/button.o
LOAD ./Core/Src/lcd_driver.o
LOAD ./Core/Src/lcd_ui.o
LOAD ./Core/Src/main.o
LOAD ./Core/Src/rs485_driver.o
LOAD ./Core/Src/stm32f4xx_hal_msp.o
LOAD ./Core/Src/stm32f4xx_hal_timebase_tim.o
LOAD ./Core/Src/stm32f4xx_it.o
LOAD ./Core/Src/syscalls.o
LOAD ./Core/Src/system_state.o
LOAD ./Core/Src/system_stm32f4xx.o
LOAD ./Core/Src/upstream.o
LOAD ./Core/Src/watchdog.o
LOAD ./Core/Startup/startup_stm32f407vgtx.o
LOAD ./Drivers/STM32F4xx_HAL_Driver/Src/stm32f4xx_hal.o
LOAD ./Drivers/STM32F4xx_HAL_Driver/Src/stm32f4xx_hal_cortex.o
LOAD ./Drivers/STM32F4xx_HAL_Driver/Src/stm32f4xx_hal_dma.o
LOAD ./Drivers/STM32F4xx_HAL_Driver/Src/stm32f4xx_hal_dma_ex.o
LOAD ./Drivers/STM32F4xx_HAL_Driver/Src/stm32f4xx_hal_exti.o
LOAD ./Drivers/STM32F4xx_HAL_Driver/Src/stm32f4xx_hal_flash.o
LOAD ./Drivers/STM32F4xx_HAL_Driver/Src/stm32f4xx_hal_flash_ex.o
LOAD ./Drivers/STM32F4xx_HAL_Driver/Src/stm32f4xx_hal_flash_ramfunc.o
LOAD ./Drivers/STM32F4xx_HAL_Driver/Src/stm32f4xx_hal_gpio.o
LOAD ./Drivers/STM32F4xx_HAL_Driver/Src/stm32f4xx_hal_i2c.o
LOAD ./Drivers/STM32F4xx_HAL_Driver/Src/stm32f4xx_hal_i2c_ex.o
LOAD ./Drivers/STM32F4xx_HAL_Driver/Src/stm32f4xx_hal_pwr.o
LOAD ./Drivers/STM32F4xx_HAL_Driver/Src/stm32f4xx_hal_pwr_ex.o
LOAD ./Drivers/STM32F4xx_HAL_Driver/Src/stm32f4xx_hal_rcc.o
LOAD ./Drivers/STM32F4xx_HAL_Driver/Src/stm32f4xx_hal_rcc_ex.o
LOAD ./Drivers/STM32F4xx_HAL_Driver/Src/stm32f4xx_hal_tim.o
LOAD ./Drivers/STM32F4xx_HAL_Driver/Src/stm32f4xx_hal_tim_ex.o
LOAD ./Drivers/STM32F4xx_HAL_Driver/Src/stm32f4xx_hal_uart.o
LOAD ./ThirdParty/FreeRTOS/croutine.o
LOAD ./ThirdParty/FreeRTOS/event_groups.o
LOAD ./ThirdParty/FreeRTOS/list.o
LOAD ./ThirdParty/FreeRTOS/queue.o
LOAD ./ThirdParty/FreeRTOS/stream_buffer.o
LOAD ./ThirdParty/FreeRTOS/tasks.o
LOAD ./ThirdParty/FreeRTOS/timers.o
LOAD ./ThirdParty/FreeRTOS/portable/GCC/ARM_CM4F/port.o
LOAD ./ThirdParty/FreeRTOS/portable/MemMang/heap_4.o
LOAD ./ThirdParty/SEGGER/Config/SEGGER_SYSVIEW_Config_FreeRTOS.o
LOAD ./ThirdParty/SEGGER/OS/SEGGER_SYSVIEW_FreeRTOS.o
LOAD ./ThirdParty/SEGGER/SEGGER/SEGGER_RTT.o
LOAD ./ThirdParty/SEGGER/SEGGER/SEGGER_RTT_ASM_ARMv7M.o
LOAD ./ThirdParty/SEGGER/SEGGER/SEGGER_RTT_printf.o
LOAD ./ThirdParty/SEGGER/SEGGER/SEGGER_SYSVIEW.o
LOAD ./ThirdParty/SEGGER/SEGGER/Syscalls/SEGGER_RTT_Syscalls_GCC.o
START GROUP
LOAD C:/ST/STM32CubeIDE_1.19.0/STM32CubeIDE/plugins/com.st.stm32cube.ide.mcu.externaltools.gnu-tools-for-stm32.13.3.rel1.win32_1.0.0.202411081344/tools/bin/../lib/gcc/arm-none-eabi/13.3.1/../../../../arm-none-eabi/lib/thumb/v7e-m+fp/hard\libc_nano.a
LOAD C:/ST/STM32CubeIDE_1.19.0/STM32CubeIDE/plugins/com.st.stm32cube.ide.mcu.externaltools.gnu-tools-for-stm32.13.3.rel1.win32_1.0.0.202411081344/tools/bin/../lib/gcc/arm-none-eabi/13.3.1/../../../../arm-none-eabi/lib/thumb/v7e-m+fp/hard\libm.a
END GROUP
START GROUP
LOAD C:/ST/STM32CubeIDE_1.19.0/STM32CubeIDE/plugins/com.st.stm32cube.ide.mcu.externaltools.gnu-tools-for-stm32.13.3.rel1.win32_1.0.0.202411081344/tools/bin/../lib/gcc/arm-none-eabi/13.3.1/thumb/v7e-m+fp/hard\libgcc.a
LOAD C:/ST/STM32CubeIDE_1.19.0/STM32CubeIDE/plugins/com.st.stm32cube.ide.mcu.externaltools.gnu-tools-for-stm32.13.3.rel1.win32_1.0.0.202411081344/tools/bin/../lib/gcc/arm-none-eabi/13.3.1/../../../../arm-none-eabi/lib/thumb/v7e-m+fp/hard\libc_nano.a
END GROUP
START GROUP
LOAD C:/ST/STM32CubeIDE_1.19.0/STM32CubeIDE/plugins/com.st.stm32cube.ide.mcu.externaltools.gnu-tools-for-stm32.13.3.rel1.win32_1.0.0.202411081344/tools/bin/../lib/gcc/arm-none-eabi/13.3.1/thumb/v7e-m+fp/hard\libgcc.a
LOAD C:/ST/STM32CubeIDE_1.19.0/STM32CubeIDE/plugins/com.st.stm32cube.ide.mcu.externaltools.gnu-tools-for-stm32.13.3.rel1.win32_1.0.0.202411081344/tools/bin/../lib/gcc/arm-none-eabi/13.3.1/../../../../arm-none-eabi/lib/thumb/v7e-m+fp/hard\libc_nano.a
LOAD C:/ST/STM32CubeIDE_1.19.0/STM32CubeIDE/plugins/com.st.stm32cube.ide.mcu.externaltools.gnu-tools-for-stm32.13.3.rel1.win32_1.0.0.202411081344/tools/bin/../lib/gcc/arm-none-eabi/13.3.1/../../../../arm-none-eabi/lib/thumb/v7e-m+fp/hard\libnosys.a
END GROUP
START GROUP
LOAD C:/ST/STM32CubeIDE_1.19.0/STM32CubeIDE/plugins/com.st.stm32cube.ide.mcu.externaltools.gnu-tools-for-stm32.13.3.rel1.win32_1.0.0.202411081344/tools/bin/../lib/gcc/arm-none-eabi/13.3.1/thumb/v7e-m+fp/hard\libgcc.a
LOAD C:/ST/STM32CubeIDE_1.19.0/STM32CubeIDE/plugins/com.st.stm32cube.ide.mcu.externaltools.gnu-tools-for-stm32.13.3.rel1.win32_1.0.0.202411081344/tools/bin/../lib/gcc/arm-none-eabi/13.3.1/../../../../arm-none-eabi/lib/thumb/v7e-m+fp/hard\libc_nano.a
LOAD C:/ST/STM32CubeIDE_1.19.0/STM32CubeIDE/plugins/com.st.stm32cube.ide.mcu.externaltools.gnu-tools-for-stm32.13.3.rel1.win32_1.0.0.202411081344/tools/bin/../lib/gcc/arm-none-eabi/13.3.1/../../../../arm-none-eabi/lib/thumb/v7e-m+fp/hard\libnosys.a
END GROUP
LOAD C:/ST/STM32CubeIDE_1.19.0/STM32CubeIDE/plugins/com.st.stm32cube.ide.mcu.externaltools.gnu-tools-for-stm32.13.3.rel1.win32_1.0.0.202411081344/tools/bin/../lib/gcc/arm-none-eabi/13.3.1/thumb/v7e-m+fp/hard/crtend.o
LOAD C:/ST/STM32CubeIDE_1.19.0/STM32CubeIDE/plugins/com.st.stm32cube.ide.mcu.externaltools.gnu-tools-for-stm32.13.3.rel1.win32_1.0.0.202411081344/tools/bin/../lib/gcc/arm-none-eabi/13.3.1/thumb/v7e-m+fp/hard/crtn.o
                0x20020000                        _estack = (ORIGIN (RAM) + LENGTH (RAM))
                0x00000200                        _Min_Heap_Size = 0x200
                0x00000400                        _Min_Stack_Size = 0x400

.isr_vector     0x08000000      0x188
                0x08000000                        . = ALIGN (0x4)
 *(.isr_vector)
 .isr_vector    0x08000000      0x188 ./Core/Startup/startup_stm32f407vgtx.o
                0x08000000                g_pfnVectors
                0x08000188                        . = ALIGN (0x4)

.text           0x08000190    0x10ae8
                0x08000190                        . = ALIGN (0x4)
 *(.text)
 .text          0x08000190       0x40 C:/ST/STM32CubeIDE_1.19.0/STM32CubeIDE/plugins/com.st.stm32cube.ide.mcu.externaltools.gnu-tools-for-stm32.13.3.rel1.win32_1.0.0.202411081344/tools/bin/../lib/gcc/arm-none-eabi/13.3.1/thumb/v7e-m+fp/hard/crtbegin.o
 .text          0x080001d0       0x94 ./ThirdParty/SEGGER/SEGGER/SEGGER_RTT_ASM_ARMv7M.o
                0x080001d0                SEGGER_RTT_ASM_WriteSkipNoLock
 *fill*         0x08000264        0xc 
 .text          0x08000270       0xa0 C:/ST/STM32CubeIDE_1.19.0/STM32CubeIDE/plugins/com.st.stm32cube.ide.mcu.externaltools.gnu-tools-for-stm32.13.3.rel1.win32_1.0.0.202411081344/tools/bin/../lib/gcc/arm-none-eabi/13.3.1/../../../../arm-none-eabi/lib/thumb/v7e-m+fp/hard\libc_nano.a(libc_a-memchr.o)
                0x08000270                memchr
 .text          0x08000310       0x10 C:/ST/STM32CubeIDE_1.19.0/STM32CubeIDE/plugins/com.st.stm32cube.ide.mcu.externaltools.gnu-tools-for-stm32.13.3.rel1.win32_1.0.0.202411081344/tools/bin/../lib/gcc/arm-none-eabi/13.3.1/../../../../arm-none-eabi/lib/thumb/v7e-m+fp/hard\libc_nano.a(libc_a-strlen.o)
                0x08000310                strlen
 .text          0x08000320      0x378 C:/ST/STM32CubeIDE_1.19.0/STM32CubeIDE/plugins/com.st.stm32cube.ide.mcu.externaltools.gnu-tools-for-stm32.13.3.rel1.win32_1.0.0.202411081344/tools/bin/../lib/gcc/arm-none-eabi/13.3.1/thumb/v7e-m+fp/hard\libgcc.a(_arm_addsubdf3.o)
                0x08000320                __aeabi_drsub
                0x08000328                __aeabi_dsub
                0x08000328                __subdf3
                0x0800032c                __aeabi_dadd
                0x0800032c                __adddf3
                0x080005a4                __floatunsidf
                0x080005a4                __aeabi_ui2d
                0x080005c4                __floatsidf
                0x080005c4                __aeabi_i2d
                0x080005e8                __aeabi_f2d
                0x080005e8                __extendsfdf2
                0x0800062c                __floatundidf
                0x0800062c                __aeabi_ul2d
                0x0800063c                __floatdidf
                0x0800063c                __aeabi_l2d
 .text          0x08000698      0x424 C:/ST/STM32CubeIDE_1.19.0/STM32CubeIDE/plugins/com.st.stm32cube.ide.mcu.externaltools.gnu-tools-for-stm32.13.3.rel1.win32_1.0.0.202411081344/tools/bin/../lib/gcc/arm-none-eabi/13.3.1/thumb/v7e-m+fp/hard\libgcc.a(_arm_muldivdf3.o)
                0x08000698                __aeabi_dmul
                0x08000698                __muldf3
                0x080008ec                __divdf3
                0x080008ec                __aeabi_ddiv
 .text          0x08000abc      0x110 C:/ST/STM32CubeIDE_1.19.0/STM32CubeIDE/plugins/com.st.stm32cube.ide.mcu.externaltools.gnu-tools-for-stm32.13.3.rel1.win32_1.0.0.202411081344/tools/bin/../lib/gcc/arm-none-eabi/13.3.1/thumb/v7e-m+fp/hard\libgcc.a(_arm_cmpdf2.o)
                0x08000abc                __gtdf2
                0x08000abc                __gedf2
                0x08000ac4                __ltdf2
                0x08000ac4                __ledf2
                0x08000acc                __nedf2
                0x08000acc                __eqdf2
                0x08000acc                __cmpdf2
                0x08000b48                __aeabi_cdrcmple
                0x08000b58                __aeabi_cdcmpeq
                0x08000b58                __aeabi_cdcmple
                0x08000b68                __aeabi_dcmpeq
                0x08000b7c                __aeabi_dcmplt
                0x08000b90                __aeabi_dcmple
                0x08000ba4                __aeabi_dcmpge
                0x08000bb8                __aeabi_dcmpgt
 .text          0x08000bcc       0x2c C:/ST/STM32CubeIDE_1.19.0/STM32CubeIDE/plugins/com.st.stm32cube.ide.mcu.externaltools.gnu-tools-for-stm32.13.3.rel1.win32_1.0.0.202411081344/tools/bin/../lib/gcc/arm-none-eabi/13.3.1/thumb/v7e-m+fp/hard\libgcc.a(_arm_unorddf2.o)
                0x08000bcc                __unorddf2
                0x08000bcc                __aeabi_dcmpun
 .text          0x08000bf8       0x50 C:/ST/STM32CubeIDE_1.19.0/STM32CubeIDE/plugins/com.st.stm32cube.ide.mcu.externaltools.gnu-tools-for-stm32.13.3.rel1.win32_1.0.0.202411081344/tools/bin/../lib/gcc/arm-none-eabi/13.3.1/thumb/v7e-m+fp/hard\libgcc.a(_arm_fixdfsi.o)
                0x08000bf8                __aeabi_d2iz
                0x08000bf8                __fixdfsi
 .text          0x08000c48       0xa0 C:/ST/STM32CubeIDE_1.19.0/STM32CubeIDE/plugins/com.st.stm32cube.ide.mcu.externaltools.gnu-tools-for-stm32.13.3.rel1.win32_1.0.0.202411081344/tools/bin/../lib/gcc/arm-none-eabi/13.3.1/thumb/v7e-m+fp/hard\libgcc.a(_arm_truncdfsf2.o)
                0x08000c48                __truncdfsf2
                0x08000c48                __aeabi_d2f
 .text          0x08000ce8       0x30 C:/ST/STM32CubeIDE_1.19.0/STM32CubeIDE/plugins/com.st.stm32cube.ide.mcu.externaltools.gnu-tools-for-stm32.13.3.rel1.win32_1.0.0.202411081344/tools/bin/../lib/gcc/arm-none-eabi/13.3.1/thumb/v7e-m+fp/hard\libgcc.a(_aeabi_uldivmod.o)
                0x08000ce8                __aeabi_uldivmod
 .text          0x08000d18      0x2f8 C:/ST/STM32CubeIDE_1.19.0/STM32CubeIDE/plugins/com.st.stm32cube.ide.mcu.externaltools.gnu-tools-for-stm32.13.3.rel1.win32_1.0.0.202411081344/tools/bin/../lib/gcc/arm-none-eabi/13.3.1/thumb/v7e-m+fp/hard\libgcc.a(_udivmoddi4.o)
                0x08000d18                __udivmoddi4
 .text          0x08001010        0x4 C:/ST/STM32CubeIDE_1.19.0/STM32CubeIDE/plugins/com.st.stm32cube.ide.mcu.externaltools.gnu-tools-for-stm32.13.3.rel1.win32_1.0.0.202411081344/tools/bin/../lib/gcc/arm-none-eabi/13.3.1/thumb/v7e-m+fp/hard\libgcc.a(_dvmd_tls.o)
                0x08001010                __aeabi_idiv0
                0x08001010                __aeabi_ldiv0
 *(.text*)
 .text.DataType_Size
                0x08001014       0x50 ./Core/Src/DeviceManager.o
 .text.Payload_UnpackTable
                0x08001064       0xc4 ./Core/Src/DeviceManager.o
 .text.Payload_UnpackReading
                0x08001128       0xac ./Core/Src/DeviceManager.o
 .text._TimedOut
                0x080011d4       0x34 ./Core/Src/DeviceManager.o
 .text._Send    0x08001208       0x58 ./Core/Src/DeviceManager.o
 .text._SetPend
                0x08001260       0x34 ./Core/Src/DeviceManager.o
 .text._GoOffline
                0x08001294       0x1c ./Core/Src/DeviceManager.o
 .text._Fetch   0x080012b0       0x90 ./Core/Src/DeviceManager.o
 .text._PollBuild
                0x08001340       0xa8 ./Core/Src/DeviceManager.o
 .text._Poll    0x080013e8       0x6c ./Core/Src/DeviceManager.o
 .text._TryRecovery
                0x08001454       0xac ./Core/Src/DeviceManager.o
 .text._HandleResponse
                0x08001500      0x438 ./Core/Src/DeviceManager.o
 .text.DeviceManager_GetState
                0x08001938       0x18 ./Core/Src/DeviceManager.o
                0x08001938                DeviceManager_GetState
 .text._HandleTimeout
                0x08001950       0x80 ./Core/Src/DeviceManager.o
 .text.DeviceManager_Task
                0x080019d0      0x16c ./Core/Src/DeviceManager.o
                0x080019d0                DeviceManager_Task
 .text.DeviceManager_Init
                0x08001b3c       0x2c ./Core/Src/DeviceManager.o
                0x08001b3c                DeviceManager_Init
 .text._TimerStart
                0x08001b68       0x1c ./Core/Src/ProtocolTask.o
 .text._TimerStop
                0x08001b84       0x14 ./Core/Src/ProtocolTask.o
 .text.Protocol_Init
                0x08001b98       0x78 ./Core/Src/ProtocolTask.o
                0x08001b98                Protocol_Init
 .text._GetSlaveIdxByAddr
                0x08001c10       0x40 ./Core/Src/ProtocolTask.o
 .text._FindSlaveState
                0x08001c50       0x38 ./Core/Src/ProtocolTask.o
 .text._DoSend  0x08001c88       0x4e ./Core/Src/ProtocolTask.o
 *fill*         0x08001cd6        0x2 
 .text.Protocol_Task
                0x08001cd8      0x1f0 ./Core/Src/ProtocolTask.o
                0x08001cd8                Protocol_Task
 .text.Registry_Init
                0x08001ec8       0xb4 ./Core/Src/SlaveRegistry.o
                0x08001ec8                Registry_Init
 .text.Registry_SetState
                0x08001f7c       0x58 ./Core/Src/SlaveRegistry.o
                0x08001f7c                Registry_SetState
 .text.Registry_GetSlot
                0x08001fd4       0x78 ./Core/Src/SlaveRegistry.o
                0x08001fd4                Registry_GetSlot
 .text.Registry_SetConfigVersion
                0x0800204c       0x58 ./Core/Src/SlaveRegistry.o
                0x0800204c                Registry_SetConfigVersion
 .text.Registry_SetSensorTable
                0x080020a4       0xb0 ./Core/Src/SlaveRegistry.o
                0x080020a4                Registry_SetSensorTable
 .text.Registry_UpdateReading
                0x08002154       0xf8 ./Core/Src/SlaveRegistry.o
                0x08002154                Registry_UpdateReading
 .text.Registry_SetLastSeen
                0x0800224c       0x54 ./Core/Src/SlaveRegistry.o
                0x0800224c                Registry_SetLastSeen
 .text.Registry_SetMissedPolls
                0x080022a0       0x58 ./Core/Src/SlaveRegistry.o
                0x080022a0                Registry_SetMissedPolls
 .text.Registry_IncrementPoll
                0x080022f8       0x64 ./Core/Src/SlaveRegistry.o
                0x080022f8                Registry_IncrementPoll
 .text.Registry_IncrementNack
                0x0800235c       0x64 ./Core/Src/SlaveRegistry.o
                0x0800235c                Registry_IncrementNack
 .text.Registry_GetRegisteredCount
                0x080023c0       0x68 ./Core/Src/SlaveRegistry.o
                0x080023c0                Registry_GetRegisteredCount
 .text.Registry_GetOnlineCount
                0x08002428       0x68 ./Core/Src/SlaveRegistry.o
                0x08002428                Registry_GetOnlineCount
 .text.Registry_CountByState
                0x08002490       0x6c ./Core/Src/SlaveRegistry.o
                0x08002490                Registry_CountByState
 .text.Registry_IsRegistered
                0x080024fc       0x58 ./Core/Src/SlaveRegistry.o
                0x080024fc                Registry_IsRegistered
 .text.Registry_Toggle
                0x08002554       0xe8 ./Core/Src/SlaveRegistry.o
                0x08002554                Registry_Toggle
 .text.Registry_ResetForRun
                0x0800263c       0xe8 ./Core/Src/SlaveRegistry.o
                0x0800263c                Registry_ResetForRun
 .text.Registry_IncrementTimeout
                0x08002724       0x8c ./Core/Src/SlaveRegistry.o
                0x08002724                Registry_IncrementTimeout
 .text.Registry_GetAddr
                0x080027b0       0x2c ./Core/Src/SlaveRegistry.o
                0x080027b0                Registry_GetAddr
 .text.Registry_SetSensorCount
                0x080027dc       0x58 ./Core/Src/SlaveRegistry.o
                0x080027dc                Registry_SetSensorCount
 .text.Registry_GetSensorCount
                0x08002834       0x58 ./Core/Src/SlaveRegistry.o
                0x08002834                Registry_GetSensorCount
 .text._Evaluate
                0x0800288c       0x72 ./Core/Src/alarm.o
 *fill*         0x080028fe        0x2 
 .text.Alarm_Init
                0x08002900       0x2c ./Core/Src/alarm.o
                0x08002900                Alarm_Init
 .text.Alarm_Check
                0x0800292c      0x168 ./Core/Src/alarm.o
                0x0800292c                Alarm_Check
 .text.Button_Init
                0x08002a94       0x90 ./Core/Src/button.o
                0x08002a94                Button_Init
 .text.Button_Task
                0x08002b24      0x114 ./Core/Src/button.o
                0x08002b24                Button_Task
 .text._I2C     0x08002c38       0x28 ./Core/Src/lcd_driver.o
 .text._Pulse   0x08002c60       0x3a ./Core/Src/lcd_driver.o
 *fill*         0x08002c9a        0x2 
 .text._Nibble  0x08002c9c       0x44 ./Core/Src/lcd_driver.o
 .text._Byte    0x08002ce0       0x40 ./Core/Src/lcd_driver.o
 .text.LCD_Init
                0x08002d20       0x6c ./Core/Src/lcd_driver.o
                0x08002d20                LCD_Init
 .text.LCD_SetCursor
                0x08002d8c       0x40 ./Core/Src/lcd_driver.o
                0x08002d8c                LCD_SetCursor
 .text.LCD_Print
                0x08002dcc       0x2c ./Core/Src/lcd_driver.o
                0x08002dcc                LCD_Print
 .text.LCD_Write2Lines
                0x08002df8       0xaa ./Core/Src/lcd_driver.o
                0x08002df8                LCD_Write2Lines
 *fill*         0x08002ea2        0x2 
 .text._Dirty   0x08002ea4       0x18 ./Core/Src/lcd_ui.o
 .text._TypeChar
                0x08002ebc       0x50 ./Core/Src/lcd_ui.o
 .text._FmtVal  0x08002f0c       0xc8 ./Core/Src/lcd_ui.o
 .text._StateStr
                0x08002fd4       0x80 ./Core/Src/lcd_ui.o
 .text._DrawIdle
                0x08003054       0x18 ./Core/Src/lcd_ui.o
 .text._DrawStopMenu
                0x0800306c       0x5c ./Core/Src/lcd_ui.o
 .text._DrawSlaveList
                0x080030c8       0x70 ./Core/Src/lcd_ui.o
 .text._DrawRun
                0x08003138      0x268 ./Core/Src/lcd_ui.o
 .text._Btn_Idle
                0x080033a0       0x3c ./Core/Src/lcd_ui.o
 .text._Btn_StopMenu
                0x080033dc       0xa8 ./Core/Src/lcd_ui.o
 .text._Btn_SlaveList
                0x08003484       0xd4 ./Core/Src/lcd_ui.o
 .text._Btn_Run
                0x08003558       0xc4 ./Core/Src/lcd_ui.o
 .text.LCD_UI_Init
                0x0800361c       0x18 ./Core/Src/lcd_ui.o
                0x0800361c                LCD_UI_Init
 .text.LCD_Task
                0x08003634       0xd4 ./Core/Src/lcd_ui.o
                0x08003634                LCD_Task
 .text.vApplicationStackOverflowHook
                0x08003708       0x12 ./Core/Src/main.o
                0x08003708                vApplicationStackOverflowHook
 .text.vApplicationMallocFailedHook
                0x0800371a        0x8 ./Core/Src/main.o
                0x0800371a                vApplicationMallocFailedHook
 *fill*         0x08003722        0x2 
 .text.main     0x08003724      0x1e4 ./Core/Src/main.o
                0x08003724                main
 .text.SystemClock_Config
                0x08003908       0xd4 ./Core/Src/main.o
                0x08003908                SystemClock_Config
 .text.MX_I2C1_Init
                0x080039dc       0x5c ./Core/Src/main.o
 .text.MX_TIM7_Init
                0x08003a38       0x6c ./Core/Src/main.o
 .text.MX_USART2_UART_Init
                0x08003aa4       0x54 ./Core/Src/main.o
 .text.MX_USART3_UART_Init
                0x08003af8       0x54 ./Core/Src/main.o
 .text.MX_DMA_Init
                0x08003b4c       0x70 ./Core/Src/main.o
 .text.MX_GPIO_Init
                0x08003bbc      0x104 ./Core/Src/main.o
 .text.HAL_TIM_PeriodElapsedCallback
                0x08003cc0       0x34 ./Core/Src/main.o
                0x08003cc0                HAL_TIM_PeriodElapsedCallback
 .text.Error_Handler
                0x08003cf4        0xc ./Core/Src/main.o
                0x08003cf4                Error_Handler
 .text.CRC16_Calc
                0x08003d00       0x84 ./Core/Src/rs485_driver.o
 .text.Frame_Build
                0x08003d84       0xc6 ./Core/Src/rs485_driver.o
 .text.Frame_ValidCRC
                0x08003e4a       0x66 ./Core/Src/rs485_driver.o
 .text.Frame_Parse
                0x08003eb0       0x92 ./Core/Src/rs485_driver.o
 *fill*         0x08003f42        0x2 
 .text.RS485_OnTimeout
                0x08003f44       0x74 ./Core/Src/rs485_driver.o
                0x08003f44                RS485_OnTimeout
 .text._RxStartPrefix
                0x08003fb8       0x24 ./Core/Src/rs485_driver.o
 .text._RxStartRest
                0x08003fdc       0x38 ./Core/Src/rs485_driver.o
 .text.RS485_Driver_Init
                0x08004014       0x44 ./Core/Src/rs485_driver.o
                0x08004014                RS485_Driver_Init
 .text.RS485_OnRxDmaComplete
                0x08004058      0x13c ./Core/Src/rs485_driver.o
                0x08004058                RS485_OnRxDmaComplete
 .text.RS485_Send
                0x08004194       0x90 ./Core/Src/rs485_driver.o
                0x08004194                RS485_Send
 .text.HAL_UART_TxCpltCallback
                0x08004224       0x48 ./Core/Src/rs485_driver.o
                0x08004224                HAL_UART_TxCpltCallback
 .text.HAL_UART_RxCpltCallback
                0x0800426c       0x24 ./Core/Src/rs485_driver.o
                0x0800426c                HAL_UART_RxCpltCallback
 .text.HAL_MspInit
                0x08004290       0x50 ./Core/Src/stm32f4xx_hal_msp.o
                0x08004290                HAL_MspInit
 .text.HAL_I2C_MspInit
                0x080042e0       0x90 ./Core/Src/stm32f4xx_hal_msp.o
                0x080042e0                HAL_I2C_MspInit
 .text.HAL_TIM_Base_MspInit
                0x08004370       0x50 ./Core/Src/stm32f4xx_hal_msp.o
                0x08004370                HAL_TIM_Base_MspInit
 .text.HAL_UART_MspInit
                0x080043c0      0x2b0 ./Core/Src/stm32f4xx_hal_msp.o
                0x080043c0                HAL_UART_MspInit
 .text.HAL_InitTick
                0x08004670       0xf8 ./Core/Src/stm32f4xx_hal_timebase_tim.o
                0x08004670                HAL_InitTick
 .text.NMI_Handler
                0x08004768        0x8 ./Core/Src/stm32f4xx_it.o
                0x08004768                NMI_Handler
 .text.HardFault_Handler
                0x08004770        0x8 ./Core/Src/stm32f4xx_it.o
                0x08004770                HardFault_Handler
 .text.MemManage_Handler
                0x08004778        0x8 ./Core/Src/stm32f4xx_it.o
                0x08004778                MemManage_Handler
 .text.BusFault_Handler
                0x08004780        0x8 ./Core/Src/stm32f4xx_it.o
                0x08004780                BusFault_Handler
 .text.UsageFault_Handler
                0x08004788        0x8 ./Core/Src/stm32f4xx_it.o
                0x08004788                UsageFault_Handler
 .text.DebugMon_Handler
                0x08004790        0xe ./Core/Src/stm32f4xx_it.o
                0x08004790                DebugMon_Handler
 *fill*         0x0800479e        0x2 
 .text.DMA1_Stream1_IRQHandler
                0x080047a0       0x14 ./Core/Src/stm32f4xx_it.o
                0x080047a0                DMA1_Stream1_IRQHandler
 .text.DMA1_Stream3_IRQHandler
                0x080047b4       0x14 ./Core/Src/stm32f4xx_it.o
                0x080047b4                DMA1_Stream3_IRQHandler
 .text.DMA1_Stream5_IRQHandler
                0x080047c8       0x14 ./Core/Src/stm32f4xx_it.o
                0x080047c8                DMA1_Stream5_IRQHandler
 .text.DMA1_Stream6_IRQHandler
                0x080047dc       0x14 ./Core/Src/stm32f4xx_it.o
                0x080047dc                DMA1_Stream6_IRQHandler
 .text.USART2_IRQHandler
                0x080047f0       0x14 ./Core/Src/stm32f4xx_it.o
                0x080047f0                USART2_IRQHandler
 .text.USART3_IRQHandler
                0x08004804       0x14 ./Core/Src/stm32f4xx_it.o
                0x08004804                USART3_IRQHandler
 .text.TIM6_DAC_IRQHandler
                0x08004818       0x14 ./Core/Src/stm32f4xx_it.o
                0x08004818                TIM6_DAC_IRQHandler
 .text.TIM7_IRQHandler
                0x0800482c       0x14 ./Core/Src/stm32f4xx_it.o
                0x0800482c                TIM7_IRQHandler
 .text._getpid  0x08004840       0x10 ./Core/Src/syscalls.o
                0x08004840                _getpid
 .text._kill    0x08004850       0x20 ./Core/Src/syscalls.o
                0x08004850                _kill
 .text._exit    0x08004870       0x16 ./Core/Src/syscalls.o
                0x08004870                _exit
 .text._read    0x08004886       0x3a ./Core/Src/syscalls.o
                0x08004886                _read
 .text._close   0x080048c0       0x18 ./Core/Src/syscalls.o
                0x080048c0                _close
 .text._fstat   0x080048d8       0x20 ./Core/Src/syscalls.o
                0x080048d8                _fstat
 .text._isatty  0x080048f8       0x16 ./Core/Src/syscalls.o
                0x080048f8                _isatty
 .text._lseek   0x0800490e       0x1a ./Core/Src/syscalls.o
                0x0800490e                _lseek
 .text.SysState_Init
                0x08004928       0x18 ./Core/Src/system_state.o
                0x08004928                SysState_Init
 .text.SysState_Get
                0x08004940       0x24 ./Core/Src/system_state.o
                0x08004940                SysState_Get
 .text.SysState_Set
                0x08004964       0x24 ./Core/Src/system_state.o
                0x08004964                SysState_Set
 .text.SystemInit
                0x08004988       0x24 ./Core/Src/system_stm32f4xx.o
                0x08004988                SystemInit
 .text.DataType_Size
                0x080049ac       0x50 ./Core/Src/upstream.o
 .text.CRC16_Calc
                0x080049fc       0x84 ./Core/Src/upstream.o
 .text.Frame_Build
                0x08004a80       0xc6 ./Core/Src/upstream.o
 .text.Payload_PackUpstream
                0x08004b46      0x12e ./Core/Src/upstream.o
 .text._SlotChanged
                0x08004c74       0xae ./Core/Src/upstream.o
 *fill*         0x08004d22        0x2 
 .text._PushDataIfChanged
                0x08004d24      0x1a4 ./Core/Src/upstream.o
 .text._SendAlarm
                0x08004ec8       0xf8 ./Core/Src/upstream.o
 .text.Upstream_Init
                0x08004fc0       0x78 ./Core/Src/upstream.o
                0x08004fc0                Upstream_Init
 .text.Upstream_Task
                0x08005038      0x140 ./Core/Src/upstream.o
                0x08005038                Upstream_Task
 .text.__NVIC_SystemReset
                0x08005178       0x2c ./Core/Src/watchdog.o
 .text.Watchdog_Init
                0x080051a4       0x48 ./Core/Src/watchdog.o
                0x080051a4                Watchdog_Init
 .text.Watchdog_Kick
                0x080051ec       0x30 ./Core/Src/watchdog.o
                0x080051ec                Watchdog_Kick
 .text.Watchdog_Task
                0x0800521c       0xe0 ./Core/Src/watchdog.o
                0x0800521c                Watchdog_Task
 .text.Reset_Handler
                0x080052fc       0x50 ./Core/Startup/startup_stm32f407vgtx.o
                0x080052fc                Reset_Handler
 .text.Default_Handler
                0x0800534c        0x2 ./Core/Startup/startup_stm32f407vgtx.o
                0x0800534c                RTC_Alarm_IRQHandler
                0x0800534c                HASH_RNG_IRQHandler
                0x0800534c                EXTI2_IRQHandler
                0x0800534c                TIM8_CC_IRQHandler
                0x0800534c                TIM1_CC_IRQHandler
                0x0800534c                DMA2_Stream5_IRQHandler
                0x0800534c                PVD_IRQHandler
                0x0800534c                SDIO_IRQHandler
                0x0800534c                TAMP_STAMP_IRQHandler
                0x0800534c                CAN2_RX1_IRQHandler
                0x0800534c                EXTI3_IRQHandler
                0x0800534c                TIM8_TRG_COM_TIM14_IRQHandler
                0x0800534c                TIM1_UP_TIM10_IRQHandler
                0x0800534c                TIM8_UP_TIM13_IRQHandler
                0x0800534c                I2C3_ER_IRQHandler
                0x0800534c                EXTI0_IRQHandler
                0x0800534c                I2C2_EV_IRQHandler
                0x0800534c                DMA1_Stream2_IRQHandler
                0x0800534c                CAN1_RX0_IRQHandler
                0x0800534c                FPU_IRQHandler
                0x0800534c                OTG_HS_WKUP_IRQHandler
                0x0800534c                CAN2_SCE_IRQHandler
                0x0800534c                DMA2_Stream2_IRQHandler
                0x0800534c                SPI1_IRQHandler
                0x0800534c                TIM1_BRK_TIM9_IRQHandler
                0x0800534c                DCMI_IRQHandler
                0x0800534c                CAN2_RX0_IRQHandler
                0x0800534c                DMA2_Stream3_IRQHandler
                0x0800534c                USART6_IRQHandler
                0x0800534c                CAN1_RX1_IRQHandler
                0x0800534c                UART5_IRQHandler
                0x0800534c                DMA2_Stream0_IRQHandler
                0x0800534c                TIM4_IRQHandler
                0x0800534c                I2C1_EV_IRQHandler
                0x0800534c                UART4_IRQHandler
                0x0800534c                TIM3_IRQHandler
                0x0800534c                RCC_IRQHandler
                0x0800534c                TIM8_BRK_TIM12_IRQHandler
                0x0800534c                Default_Handler
                0x0800534c                EXTI15_10_IRQHandler
                0x0800534c                ADC_IRQHandler
                0x0800534c                DMA1_Stream7_IRQHandler
                0x0800534c                CAN2_TX_IRQHandler
                0x0800534c                TIM5_IRQHandler
                0x0800534c                DMA2_Stream7_IRQHandler
                0x0800534c                I2C3_EV_IRQHandler
                0x0800534c                EXTI9_5_IRQHandler
                0x0800534c                RTC_WKUP_IRQHandler
                0x0800534c                ETH_WKUP_IRQHandler
                0x0800534c                SPI2_IRQHandler
                0x0800534c                OTG_HS_EP1_IN_IRQHandler
                0x0800534c                DMA1_Stream0_IRQHandler
                0x0800534c                CAN1_TX_IRQHandler
                0x0800534c                EXTI4_IRQHandler
                0x0800534c                FSMC_IRQHandler
                0x0800534c                ETH_IRQHandler
                0x0800534c                OTG_HS_EP1_OUT_IRQHandler
                0x0800534c                WWDG_IRQHandler
                0x0800534c                TIM2_IRQHandler
                0x0800534c                OTG_FS_WKUP_IRQHandler
                0x0800534c                TIM1_TRG_COM_TIM11_IRQHandler
                0x0800534c                OTG_HS_IRQHandler
                0x0800534c                EXTI1_IRQHandler
                0x0800534c                I2C2_ER_IRQHandler
                0x0800534c                DMA2_Stream1_IRQHandler
                0x0800534c                CAN1_SCE_IRQHandler
                0x0800534c                FLASH_IRQHandler
                0x0800534c                DMA2_Stream4_IRQHandler
                0x0800534c                USART1_IRQHandler
                0x0800534c                OTG_FS_IRQHandler
                0x0800534c                SPI3_IRQHandler
                0x0800534c                DMA1_Stream4_IRQHandler
                0x0800534c                I2C1_ER_IRQHandler
                0x0800534c                DMA2_Stream6_IRQHandler
 *fill*         0x0800534e        0x2 
 .text.HAL_Init
                0x08005350       0x44 ./Drivers/STM32F4xx_HAL_Driver/Src/stm32f4xx_hal.o
                0x08005350                HAL_Init
 .text.HAL_IncTick
                0x08005394       0x28 ./Drivers/STM32F4xx_HAL_Driver/Src/stm32f4xx_hal.o
                0x08005394                HAL_IncTick
 .text.HAL_GetTick
                0x080053bc       0x18 ./Drivers/STM32F4xx_HAL_Driver/Src/stm32f4xx_hal.o
                0x080053bc                HAL_GetTick
 .text.__NVIC_SetPriorityGrouping
                0x080053d4       0x48 ./Drivers/STM32F4xx_HAL_Driver/Src/stm32f4xx_hal_cortex.o
 .text.__NVIC_GetPriorityGrouping
                0x0800541c       0x1c ./Drivers/STM32F4xx_HAL_Driver/Src/stm32f4xx_hal_cortex.o
 .text.__NVIC_EnableIRQ
                0x08005438       0x3c ./Drivers/STM32F4xx_HAL_Driver/Src/stm32f4xx_hal_cortex.o
 .text.__NVIC_SetPriority
                0x08005474       0x54 ./Drivers/STM32F4xx_HAL_Driver/Src/stm32f4xx_hal_cortex.o
 .text.NVIC_EncodePriority
                0x080054c8       0x66 ./Drivers/STM32F4xx_HAL_Driver/Src/stm32f4xx_hal_cortex.o
 .text.HAL_NVIC_SetPriorityGrouping
                0x0800552e       0x16 ./Drivers/STM32F4xx_HAL_Driver/Src/stm32f4xx_hal_cortex.o
                0x0800552e                HAL_NVIC_SetPriorityGrouping
 .text.HAL_NVIC_SetPriority
                0x08005544       0x38 ./Drivers/STM32F4xx_HAL_Driver/Src/stm32f4xx_hal_cortex.o
                0x08005544                HAL_NVIC_SetPriority
 .text.HAL_NVIC_EnableIRQ
                0x0800557c       0x1c ./Drivers/STM32F4xx_HAL_Driver/Src/stm32f4xx_hal_cortex.o
                0x0800557c                HAL_NVIC_EnableIRQ
 .text.HAL_DMA_Init
                0x08005598      0x15c ./Drivers/STM32F4xx_HAL_Driver/Src/stm32f4xx_hal_dma.o
                0x08005598                HAL_DMA_Init
 .text.HAL_DMA_Start_IT
                0x080056f4       0xb0 ./Drivers/STM32F4xx_HAL_Driver/Src/stm32f4xx_hal_dma.o
                0x080056f4                HAL_DMA_Start_IT
 .text.HAL_DMA_Abort
                0x080057a4       0xe0 ./Drivers/STM32F4xx_HAL_Driver/Src/stm32f4xx_hal_dma.o
                0x080057a4                HAL_DMA_Abort
 .text.HAL_DMA_Abort_IT
                0x08005884       0x44 ./Drivers/STM32F4xx_HAL_Driver/Src/stm32f4xx_hal_dma.o
                0x08005884                HAL_DMA_Abort_IT
 .text.HAL_DMA_IRQHandler
                0x080058c8      0x314 ./Drivers/STM32F4xx_HAL_Driver/Src/stm32f4xx_hal_dma.o
                0x080058c8                HAL_DMA_IRQHandler
 .text.HAL_DMA_GetError
                0x08005bdc       0x18 ./Drivers/STM32F4xx_HAL_Driver/Src/stm32f4xx_hal_dma.o
                0x08005bdc                HAL_DMA_GetError
 .text.DMA_SetConfig
                0x08005bf4       0x5c ./Drivers/STM32F4xx_HAL_Driver/Src/stm32f4xx_hal_dma.o
 .text.DMA_CalcBaseAndBitshift
                0x08005c50       0x6c ./Drivers/STM32F4xx_HAL_Driver/Src/stm32f4xx_hal_dma.o
 .text.DMA_CheckFifoParam
                0x08005cbc       0xf8 ./Drivers/STM32F4xx_HAL_Driver/Src/stm32f4xx_hal_dma.o
 .text.HAL_GPIO_Init
                0x08005db4      0x338 ./Drivers/STM32F4xx_HAL_Driver/Src/stm32f4xx_hal_gpio.o
                0x08005db4                HAL_GPIO_Init
 .text.HAL_GPIO_ReadPin
                0x080060ec       0x30 ./Drivers/STM32F4xx_HAL_Driver/Src/stm32f4xx_hal_gpio.o
                0x080060ec                HAL_GPIO_ReadPin
 .text.HAL_GPIO_WritePin
                0x0800611c       0x32 ./Drivers/STM32F4xx_HAL_Driver/Src/stm32f4xx_hal_gpio.o
                0x0800611c                HAL_GPIO_WritePin
 .text.HAL_GPIO_TogglePin
                0x0800614e       0x34 ./Drivers/STM32F4xx_HAL_Driver/Src/stm32f4xx_hal_gpio.o
                0x0800614e                HAL_GPIO_TogglePin
 *fill*         0x08006182        0x2 
 .text.HAL_I2C_Init
                0x08006184      0x288 ./Drivers/STM32F4xx_HAL_Driver/Src/stm32f4xx_hal_i2c.o
                0x08006184                HAL_I2C_Init
 .text.HAL_I2C_Master_Transmit
                0x0800640c      0x1fc ./Drivers/STM32F4xx_HAL_Driver/Src/stm32f4xx_hal_i2c.o
                0x0800640c                HAL_I2C_Master_Transmit
 .text.I2C_MasterRequestWrite
                0x08006608      0x104 ./Drivers/STM32F4xx_HAL_Driver/Src/stm32f4xx_hal_i2c.o
 .text.I2C_WaitOnFlagUntilTimeout
                0x0800670c       0xf4 ./Drivers/STM32F4xx_HAL_Driver/Src/stm32f4xx_hal_i2c.o
 .text.I2C_WaitOnMasterAddressFlagUntilTimeout
                0x08006800      0x140 ./Drivers/STM32F4xx_HAL_Driver/Src/stm32f4xx_hal_i2c.o
 .text.I2C_WaitOnTXEFlagUntilTimeout
                0x08006940       0x90 ./Drivers/STM32F4xx_HAL_Driver/Src/stm32f4xx_hal_i2c.o
 .text.I2C_WaitOnBTFFlagUntilTimeout
                0x080069d0       0x90 ./Drivers/STM32F4xx_HAL_Driver/Src/stm32f4xx_hal_i2c.o
 .text.I2C_IsAcknowledgeFailed
                0x08006a60       0x5e ./Drivers/STM32F4xx_HAL_Driver/Src/stm32f4xx_hal_i2c.o
 *fill*         0x08006abe        0x2 
 .text.HAL_RCC_OscConfig
                0x08006ac0      0x4f0 ./Drivers/STM32F4xx_HAL_Driver/Src/stm32f4xx_hal_rcc.o
                0x08006ac0                HAL_RCC_OscConfig
 .text.HAL_RCC_ClockConfig
                0x08006fb0      0x1cc ./Drivers/STM32F4xx_HAL_Driver/Src/stm32f4xx_hal_rcc.o
                0x08006fb0                HAL_RCC_ClockConfig
 .text.HAL_RCC_GetSysClockFreq
                0x0800717c      0x20c ./Drivers/STM32F4xx_HAL_Driver/Src/stm32f4xx_hal_rcc.o
                0x0800717c                HAL_RCC_GetSysClockFreq
 .text.HAL_RCC_GetHCLKFreq
                0x08007388       0x18 ./Drivers/STM32F4xx_HAL_Driver/Src/stm32f4xx_hal_rcc.o
                0x08007388                HAL_RCC_GetHCLKFreq
 .text.HAL_RCC_GetPCLK1Freq
                0x080073a0       0x28 ./Drivers/STM32F4xx_HAL_Driver/Src/stm32f4xx_hal_rcc.o
                0x080073a0                HAL_RCC_GetPCLK1Freq
 .text.HAL_RCC_GetPCLK2Freq
                0x080073c8       0x28 ./Drivers/STM32F4xx_HAL_Driver/Src/stm32f4xx_hal_rcc.o
                0x080073c8                HAL_RCC_GetPCLK2Freq
 .text.HAL_RCC_GetClockConfig
                0x080073f0       0x64 ./Drivers/STM32F4xx_HAL_Driver/Src/stm32f4xx_hal_rcc.o
                0x080073f0                HAL_RCC_GetClockConfig
 .text.HAL_TIM_Base_Init
                0x08007454       0x9e ./Drivers/STM32F4xx_HAL_Driver/Src/stm32f4xx_hal_tim.o
                0x08007454                HAL_TIM_Base_Init
 *fill*         0x080074f2        0x2 
 .text.HAL_TIM_Base_Start_IT
                0x080074f4       0xe0 ./Drivers/STM32F4xx_HAL_Driver/Src/stm32f4xx_hal_tim.o
                0x080074f4                HAL_TIM_Base_Start_IT
 .text.HAL_TIM_Base_Stop_IT
                0x080075d4       0x5e ./Drivers/STM32F4xx_HAL_Driver/Src/stm32f4xx_hal_tim.o
                0x080075d4                HAL_TIM_Base_Stop_IT
 .text.HAL_TIM_IRQHandler
                0x08007632      0x1e0 ./Drivers/STM32F4xx_HAL_Driver/Src/stm32f4xx_hal_tim.o
                0x08007632                HAL_TIM_IRQHandler
 .text.HAL_TIM_OC_DelayElapsedCallback
                0x08007812       0x14 ./Drivers/STM32F4xx_HAL_Driver/Src/stm32f4xx_hal_tim.o
                0x08007812                HAL_TIM_OC_DelayElapsedCallback
 .text.HAL_TIM_IC_CaptureCallback
                0x08007826       0x14 ./Drivers/STM32F4xx_HAL_Driver/Src/stm32f4xx_hal_tim.o
                0x08007826                HAL_TIM_IC_CaptureCallback
 .text.HAL_TIM_PWM_PulseFinishedCallback
                0x0800783a       0x14 ./Drivers/STM32F4xx_HAL_Driver/Src/stm32f4xx_hal_tim.o
                0x0800783a                HAL_TIM_PWM_PulseFinishedCallback
 .text.HAL_TIM_TriggerCallback
                0x0800784e       0x14 ./Drivers/STM32F4xx_HAL_Driver/Src/stm32f4xx_hal_tim.o
                0x0800784e                HAL_TIM_TriggerCallback
 *fill*         0x08007862        0x2 
 .text.TIM_Base_SetConfig
                0x08007864      0x14c ./Drivers/STM32F4xx_HAL_Driver/Src/stm32f4xx_hal_tim.o
                0x08007864                TIM_Base_SetConfig
 .text.HAL_TIMEx_MasterConfigSynchronization
                0x080079b0       0xf8 ./Drivers/STM32F4xx_HAL_Driver/Src/stm32f4xx_hal_tim_ex.o
                0x080079b0                HAL_TIMEx_MasterConfigSynchronization
 .text.HAL_TIMEx_CommutCallback
                0x08007aa8       0x14 ./Drivers/STM32F4xx_HAL_Driver/Src/stm32f4xx_hal_tim_ex.o
                0x08007aa8                HAL_TIMEx_CommutCallback
 .text.HAL_TIMEx_BreakCallback
                0x08007abc       0x14 ./Drivers/STM32F4xx_HAL_Driver/Src/stm32f4xx_hal_tim_ex.o
                0x08007abc                HAL_TIMEx_BreakCallback
 .text.HAL_UART_Init
                0x08007ad0       0xa0 ./Drivers/STM32F4xx_HAL_Driver/Src/stm32f4xx_hal_uart.o
                0x08007ad0                HAL_UART_Init
 .text.HAL_UART_Transmit_DMA
                0x08007b70       0xf8 ./Drivers/STM32F4xx_HAL_Driver/Src/stm32f4xx_hal_uart.o
                0x08007b70                HAL_UART_Transmit_DMA
 .text.HAL_UART_Receive_DMA
                0x08007c68       0x4a ./Drivers/STM32F4xx_HAL_Driver/Src/stm32f4xx_hal_uart.o
                0x08007c68                HAL_UART_Receive_DMA
 .text.HAL_UART_AbortReceive
                0x08007cb2      0x146 ./Drivers/STM32F4xx_HAL_Driver/Src/stm32f4xx_hal_uart.o
                0x08007cb2                HAL_UART_AbortReceive
 .text.HAL_UART_IRQHandler
                0x08007df8      0x554 ./Drivers/STM32F4xx_HAL_Driver/Src/stm32f4xx_hal_uart.o
                0x08007df8                HAL_UART_IRQHandler
 .text.HAL_UART_TxHalfCpltCallback
                0x0800834c       0x14 ./Drivers/STM32F4xx_HAL_Driver/Src/stm32f4xx_hal_uart.o
                0x0800834c                HAL_UART_TxHalfCpltCallback
 .text.HAL_UART_RxHalfCpltCallback
                0x08008360       0x14 ./Drivers/STM32F4xx_HAL_Driver/Src/stm32f4xx_hal_uart.o
                0x08008360                HAL_UART_RxHalfCpltCallback
 .text.HAL_UART_ErrorCallback
                0x08008374       0x14 ./Drivers/STM32F4xx_HAL_Driver/Src/stm32f4xx_hal_uart.o
                0x08008374                HAL_UART_ErrorCallback
 .text.HAL_UARTEx_RxEventCallback
                0x08008388       0x18 ./Drivers/STM32F4xx_HAL_Driver/Src/stm32f4xx_hal_uart.o
                0x08008388                HAL_UARTEx_RxEventCallback
 .text.UART_DMATransmitCplt
                0x080083a0       0x9a ./Drivers/STM32F4xx_HAL_Driver/Src/stm32f4xx_hal_uart.o
 .text.UART_DMATxHalfCplt
                0x0800843a       0x1c ./Drivers/STM32F4xx_HAL_Driver/Src/stm32f4xx_hal_uart.o
 .text.UART_DMAReceiveCplt
                0x08008456      0x12c ./Drivers/STM32F4xx_HAL_Driver/Src/stm32f4xx_hal_uart.o
 .text.UART_DMARxHalfCplt
                0x08008582       0x3c ./Drivers/STM32F4xx_HAL_Driver/Src/stm32f4xx_hal_uart.o
 .text.UART_DMAError
                0x080085be       0x94 ./Drivers/STM32F4xx_HAL_Driver/Src/stm32f4xx_hal_uart.o
 *fill*         0x08008652        0x2 
 .text.UART_Start_Receive_DMA
                0x08008654      0x14c ./Drivers/STM32F4xx_HAL_Driver/Src/stm32f4xx_hal_uart.o
                0x08008654                UART_Start_Receive_DMA
 .text.UART_EndTxTransfer
                0x080087a0       0x50 ./Drivers/STM32F4xx_HAL_Driver/Src/stm32f4xx_hal_uart.o
 .text.UART_EndRxTransfer
                0x080087f0       0xc6 ./Drivers/STM32F4xx_HAL_Driver/Src/stm32f4xx_hal_uart.o
 .text.UART_DMAAbortOnError
                0x080088b6       0x22 ./Drivers/STM32F4xx_HAL_Driver/Src/stm32f4xx_hal_uart.o
 .text.UART_Transmit_IT
                0x080088d8       0xa0 ./Drivers/STM32F4xx_HAL_Driver/Src/stm32f4xx_hal_uart.o
 .text.UART_EndTransmit_IT
                0x08008978       0x30 ./Drivers/STM32F4xx_HAL_Driver/Src/stm32f4xx_hal_uart.o
 .text.UART_Receive_IT
                0x080089a8      0x17c ./Drivers/STM32F4xx_HAL_Driver/Src/stm32f4xx_hal_uart.o
 .text.UART_SetConfig
                0x08008b24      0x4e8 ./Drivers/STM32F4xx_HAL_Driver/Src/stm32f4xx_hal_uart.o
 .text.vListInitialise
                0x0800900c       0x44 ./ThirdParty/FreeRTOS/list.o
                0x0800900c                vListInitialise
 .text.vListInitialiseItem
                0x08009050       0x1e ./ThirdParty/FreeRTOS/list.o
                0x08009050                vListInitialiseItem
 .text.vListInsert
                0x0800906e       0x76 ./ThirdParty/FreeRTOS/list.o
                0x0800906e                vListInsert
 .text.uxListRemove
                0x080090e4       0x5e ./ThirdParty/FreeRTOS/list.o
                0x080090e4                uxListRemove
 *fill*         0x08009142        0x2 
 .text.xQueueGenericReset
                0x08009144      0x12c ./ThirdParty/FreeRTOS/queue.o
                0x08009144                xQueueGenericReset
 .text.xQueueGenericCreate
                0x08009270       0xb0 ./ThirdParty/FreeRTOS/queue.o
                0x08009270                xQueueGenericCreate
 .text.prvInitialiseNewQueue
                0x08009320       0x46 ./ThirdParty/FreeRTOS/queue.o
 .text.prvInitialiseMutex
                0x08009366       0x34 ./ThirdParty/FreeRTOS/queue.o
 .text.xQueueCreateMutex
                0x0800939a       0x42 ./ThirdParty/FreeRTOS/queue.o
                0x0800939a                xQueueCreateMutex
 .text.xQueueGenericSend
                0x080093dc      0x1ec ./ThirdParty/FreeRTOS/queue.o
                0x080093dc                xQueueGenericSend
 .text.xQueueGenericSendFromISR
                0x080095c8      0x176 ./ThirdParty/FreeRTOS/queue.o
                0x080095c8                xQueueGenericSendFromISR
 *fill*         0x0800973e        0x2 
 .text.xQueueReceive
                0x08009740      0x1ac ./ThirdParty/FreeRTOS/queue.o
                0x08009740                xQueueReceive
 .text.xQueueSemaphoreTake
                0x080098ec      0x1e8 ./ThirdParty/FreeRTOS/queue.o
                0x080098ec                xQueueSemaphoreTake
 .text.prvGetDisinheritPriorityAfterTimeout
                0x08009ad4       0x30 ./ThirdParty/FreeRTOS/queue.o
 .text.prvCopyDataToQueue
                0x08009b04       0xd4 ./ThirdParty/FreeRTOS/queue.o
 .text.prvCopyDataFromQueue
                0x08009bd8       0x4c ./ThirdParty/FreeRTOS/queue.o
 .text.prvUnlockQueue
                0x08009c24       0xa4 ./ThirdParty/FreeRTOS/queue.o
 .text.prvIsQueueEmpty
                0x08009cc8       0x2c ./ThirdParty/FreeRTOS/queue.o
 .text.prvIsQueueFull
                0x08009cf4       0x30 ./ThirdParty/FreeRTOS/queue.o
 .text.prvCreateTask
                0x08009d24       0x78 ./ThirdParty/FreeRTOS/tasks.o
 .text.xTaskCreate
                0x08009d9c       0x50 ./ThirdParty/FreeRTOS/tasks.o
                0x08009d9c                xTaskCreate
 .text.prvInitialiseNewTask
                0x08009dec      0x120 ./ThirdParty/FreeRTOS/tasks.o
 .text.prvAddNewTaskToReadyList
                0x08009f0c      0x168 ./ThirdParty/FreeRTOS/tasks.o
 .text.vTaskDelay
                0x0800a074       0x70 ./ThirdParty/FreeRTOS/tasks.o
                0x0800a074                vTaskDelay
 .text.prvCreateIdleTasks
                0x0800a0e4       0x94 ./ThirdParty/FreeRTOS/tasks.o
 .text.vTaskStartScheduler
                0x0800a178       0xa8 ./ThirdParty/FreeRTOS/tasks.o
                0x0800a178                vTaskStartScheduler
 .text.vTaskSuspendAll
                0x0800a220       0x1c ./ThirdParty/FreeRTOS/tasks.o
                0x0800a220                vTaskSuspendAll
 .text.xTaskResumeAll
                0x0800a23c      0x220 ./ThirdParty/FreeRTOS/tasks.o
                0x0800a23c                xTaskResumeAll
 .text.xTaskGetTickCount
                0x0800a45c       0x24 ./ThirdParty/FreeRTOS/tasks.o
                0x0800a45c                xTaskGetTickCount
 .text.xTaskGetTickCountFromISR
                0x0800a480       0x2c ./ThirdParty/FreeRTOS/tasks.o
                0x0800a480                xTaskGetTickCountFromISR
 .text.uxTaskGetNumberOfTasks
                0x0800a4ac       0x1c ./ThirdParty/FreeRTOS/tasks.o
                0x0800a4ac                uxTaskGetNumberOfTasks
 .text.xTaskIncrementTick
                0x0800a4c8      0x240 ./ThirdParty/FreeRTOS/tasks.o
                0x0800a4c8                xTaskIncrementTick
 .text.vTaskSwitchContext
                0x0800a708      0x128 ./ThirdParty/FreeRTOS/tasks.o
                0x0800a708                vTaskSwitchContext
 .text.vTaskPlaceOnEventList
                0x0800a830       0x50 ./ThirdParty/FreeRTOS/tasks.o
                0x0800a830                vTaskPlaceOnEventList
 .text.xTaskRemoveFromEventList
                0x0800a880      0x1bc ./ThirdParty/FreeRTOS/tasks.o
                0x0800a880                xTaskRemoveFromEventList
 .text.vTaskInternalSetTimeOutState
                0x0800aa3c       0x30 ./ThirdParty/FreeRTOS/tasks.o
                0x0800aa3c                vTaskInternalSetTimeOutState
 .text.xTaskCheckForTimeOut
                0x0800aa6c       0xd8 ./ThirdParty/FreeRTOS/tasks.o
                0x0800aa6c                xTaskCheckForTimeOut
 .text.vTaskMissedYield
                0x0800ab44       0x18 ./ThirdParty/FreeRTOS/tasks.o
                0x0800ab44                vTaskMissedYield
 .text.prvIdleTask
                0x0800ab5c       0x30 ./ThirdParty/FreeRTOS/tasks.o
 .text.prvInitialiseTaskLists
                0x0800ab8c       0x80 ./ThirdParty/FreeRTOS/tasks.o
 .text.prvCheckTasksWaitingTermination
                0x0800ac0c       0x5c ./ThirdParty/FreeRTOS/tasks.o
 .text.prvDeleteTCB
                0x0800ac68       0x20 ./ThirdParty/FreeRTOS/tasks.o
 .text.prvResetNextTaskUnblockTime
                0x0800ac88       0x38 ./ThirdParty/FreeRTOS/tasks.o
 .text.xTaskPriorityInherit
                0x0800acc0      0x150 ./ThirdParty/FreeRTOS/tasks.o
                0x0800acc0                xTaskPriorityInherit
 .text.xTaskPriorityDisinherit
                0x0800ae10      0x15c ./ThirdParty/FreeRTOS/tasks.o
                0x0800ae10                xTaskPriorityDisinherit
 .text.vTaskPriorityDisinheritAfterTimeout
                0x0800af6c      0x184 ./ThirdParty/FreeRTOS/tasks.o
                0x0800af6c                vTaskPriorityDisinheritAfterTimeout
 .text.pvTaskIncrementMutexHeldCount
                0x0800b0f0       0x3c ./ThirdParty/FreeRTOS/tasks.o
                0x0800b0f0                pvTaskIncrementMutexHeldCount
 .text.ulTaskGenericNotifyTake
                0x0800b12c       0xf4 ./ThirdParty/FreeRTOS/tasks.o
                0x0800b12c                ulTaskGenericNotifyTake
 .text.xTaskGenericNotify
                0x0800b220      0x264 ./ThirdParty/FreeRTOS/tasks.o
                0x0800b220                xTaskGenericNotify
 .text.vTaskGenericNotifyGiveFromISR
                0x0800b484      0x220 ./ThirdParty/FreeRTOS/tasks.o
                0x0800b484                vTaskGenericNotifyGiveFromISR
 .text.prvAddCurrentTaskToDelayedList
                0x0800b6a4      0x11c ./ThirdParty/FreeRTOS/tasks.o
 .text.pxPortInitialiseStack
                0x0800b7c0       0x68 ./ThirdParty/FreeRTOS/portable/GCC/ARM_CM4F/port.o
                0x0800b7c0                pxPortInitialiseStack
 .text.prvTaskExitError
                0x0800b828       0x5c ./ThirdParty/FreeRTOS/portable/GCC/ARM_CM4F/port.o
 *fill*         0x0800b884        0xc 
 .text.SVC_Handler
                0x0800b890       0x28 ./ThirdParty/FreeRTOS/portable/GCC/ARM_CM4F/port.o
                0x0800b890                SVC_Handler
 .text.prvPortStartFirstTask
                0x0800b8b8       0x2c ./ThirdParty/FreeRTOS/portable/GCC/ARM_CM4F/port.o
 .text.xPortStartScheduler
                0x0800b8e4      0x1e0 ./ThirdParty/FreeRTOS/portable/GCC/ARM_CM4F/port.o
                0x0800b8e4                xPortStartScheduler
 .text.vInitPrioGroupValue
                0x0800bac4      0x100 ./ThirdParty/FreeRTOS/portable/GCC/ARM_CM4F/port.o
                0x0800bac4                vInitPrioGroupValue
 .text.vPortEnterCritical
                0x0800bbc4       0x64 ./ThirdParty/FreeRTOS/portable/GCC/ARM_CM4F/port.o
                0x0800bbc4                vPortEnterCritical
 .text.vPortExitCritical
                0x0800bc28       0x54 ./ThirdParty/FreeRTOS/portable/GCC/ARM_CM4F/port.o
                0x0800bc28                vPortExitCritical
 *fill*         0x0800bc7c        0x4 
 .text.PendSV_Handler
                0x0800bc80       0x68 ./ThirdParty/FreeRTOS/portable/GCC/ARM_CM4F/port.o
                0x0800bc80                PendSV_Handler
 .text.SysTick_Handler
                0x0800bce8       0x54 ./ThirdParty/FreeRTOS/portable/GCC/ARM_CM4F/port.o
                0x0800bce8                SysTick_Handler
 .text.vPortSetupTimerInterrupt
                0x0800bd3c       0x48 ./ThirdParty/FreeRTOS/portable/GCC/ARM_CM4F/port.o
                0x0800bd3c                vPortSetupTimerInterrupt
 .text.vPortEnableVFP
                0x0800bd84       0x18 ./ThirdParty/FreeRTOS/portable/GCC/ARM_CM4F/port.o
 .text.vPortValidateInterruptPriority
                0x0800bd9c       0x84 ./ThirdParty/FreeRTOS/portable/GCC/ARM_CM4F/port.o
                0x0800bd9c                vPortValidateInterruptPriority
 .text.pvPortMalloc
                0x0800be20      0x26c ./ThirdParty/FreeRTOS/portable/MemMang/heap_4.o
                0x0800be20                pvPortMalloc
 .text.vPortFree
                0x0800c08c       0xec ./ThirdParty/FreeRTOS/portable/MemMang/heap_4.o
                0x0800c08c                vPortFree
 .text.prvHeapInit
                0x0800c178       0xb4 ./ThirdParty/FreeRTOS/portable/MemMang/heap_4.o
 .text.prvInsertBlockIntoFreeList
                0x0800c22c       0xf4 ./ThirdParty/FreeRTOS/portable/MemMang/heap_4.o
 .text._cbSendSystemDesc
                0x0800c320       0x1c ./ThirdParty/SEGGER/Config/SEGGER_SYSVIEW_Config_FreeRTOS.o
 .text.SEGGER_SYSVIEW_Conf
                0x0800c33c       0x2c ./ThirdParty/SEGGER/Config/SEGGER_SYSVIEW_Config_FreeRTOS.o
                0x0800c33c                SEGGER_SYSVIEW_Conf
 .text._cbSendTaskList
                0x0800c368       0x90 ./ThirdParty/SEGGER/OS/SEGGER_SYSVIEW_FreeRTOS.o
 .text._cbGetTime
                0x0800c3f8       0x86 ./ThirdParty/SEGGER/OS/SEGGER_SYSVIEW_FreeRTOS.o
 *fill*         0x0800c47e        0x2 
 .text.SYSVIEW_AddTask
                0x0800c480       0xd0 ./ThirdParty/SEGGER/OS/SEGGER_SYSVIEW_FreeRTOS.o
                0x0800c480                SYSVIEW_AddTask
 .text.SYSVIEW_SendTaskInfo
                0x0800c550       0x42 ./ThirdParty/SEGGER/OS/SEGGER_SYSVIEW_FreeRTOS.o
                0x0800c550                SYSVIEW_SendTaskInfo
 *fill*         0x0800c592        0x2 
 .text._DoInit  0x0800c594       0xb4 ./ThirdParty/SEGGER/SEGGER/SEGGER_RTT.o
 .text._WriteBlocking
                0x0800c648       0xba ./ThirdParty/SEGGER/SEGGER/SEGGER_RTT.o
 .text._WriteNoCheck
                0x0800c702       0x90 ./ThirdParty/SEGGER/SEGGER/SEGGER_RTT.o
 .text._GetAvailWriteSpace
                0x0800c792       0x46 ./ThirdParty/SEGGER/SEGGER/SEGGER_RTT.o
 .text.SEGGER_RTT_ReadNoLock
                0x0800c7d8      0x10c ./ThirdParty/SEGGER/SEGGER/SEGGER_RTT.o
                0x0800c7d8                SEGGER_RTT_ReadNoLock
 .text.SEGGER_RTT_WriteNoLock
                0x0800c8e4       0xa0 ./ThirdParty/SEGGER/SEGGER/SEGGER_RTT.o
                0x0800c8e4                SEGGER_RTT_WriteNoLock
 .text.SEGGER_RTT_Write
                0x0800c984       0x4c ./ThirdParty/SEGGER/SEGGER/SEGGER_RTT.o
                0x0800c984                SEGGER_RTT_Write
 .text.SEGGER_RTT_AllocUpBuffer
                0x0800c9d0      0x108 ./ThirdParty/SEGGER/SEGGER/SEGGER_RTT.o
                0x0800c9d0                SEGGER_RTT_AllocUpBuffer
 .text.SEGGER_RTT_ConfigDownBuffer
                0x0800cad8       0x98 ./ThirdParty/SEGGER/SEGGER/SEGGER_RTT.o
                0x0800cad8                SEGGER_RTT_ConfigDownBuffer
 .text._EncodeStr
                0x0800cb70       0x60 ./ThirdParty/SEGGER/SEGGER/SEGGER_SYSVIEW.o
 .text._PreparePacket
                0x0800cbd0       0x18 ./ThirdParty/SEGGER/SEGGER/SEGGER_SYSVIEW.o
 .text._HandleIncomingPacket
                0x0800cbe8       0xdc ./ThirdParty/SEGGER/SEGGER/SEGGER_SYSVIEW.o
 .text._TrySendOverflowPacket
                0x0800ccc4       0xe4 ./ThirdParty/SEGGER/SEGGER/SEGGER_SYSVIEW.o
 .text._SendPacket
                0x0800cda8      0x2dc ./ThirdParty/SEGGER/SEGGER/SEGGER_SYSVIEW.o
 .text.SEGGER_SYSVIEW_Init
                0x0800d084       0x88 ./ThirdParty/SEGGER/SEGGER/SEGGER_SYSVIEW.o
                0x0800d084                SEGGER_SYSVIEW_Init
 .text.SEGGER_SYSVIEW_SetRAMBase
                0x0800d10c       0x20 ./ThirdParty/SEGGER/SEGGER/SEGGER_SYSVIEW.o
                0x0800d10c                SEGGER_SYSVIEW_SetRAMBase
 .text.SEGGER_SYSVIEW_RecordVoid
                0x0800d12c       0x3c ./ThirdParty/SEGGER/SEGGER/SEGGER_SYSVIEW.o
                0x0800d12c                SEGGER_SYSVIEW_RecordVoid
 .text.SEGGER_SYSVIEW_RecordU32
                0x0800d168       0x78 ./ThirdParty/SEGGER/SEGGER/SEGGER_SYSVIEW.o
                0x0800d168                SEGGER_SYSVIEW_RecordU32
 .text.SEGGER_SYSVIEW_RecordU32x2
                0x0800d1e0       0xb4 ./ThirdParty/SEGGER/SEGGER/SEGGER_SYSVIEW.o
                0x0800d1e0                SEGGER_SYSVIEW_RecordU32x2
 .text.SEGGER_SYSVIEW_Start
                0x0800d294      0x174 ./ThirdParty/SEGGER/SEGGER/SEGGER_SYSVIEW.o
                0x0800d294                SEGGER_SYSVIEW_Start
 .text.SEGGER_SYSVIEW_Stop
                0x0800d408       0x4c ./ThirdParty/SEGGER/SEGGER/SEGGER_SYSVIEW.o
                0x0800d408                SEGGER_SYSVIEW_Stop
 .text.SEGGER_SYSVIEW_GetSysDesc
                0x0800d454      0x134 ./ThirdParty/SEGGER/SEGGER/SEGGER_SYSVIEW.o
                0x0800d454                SEGGER_SYSVIEW_GetSysDesc
 .text.SEGGER_SYSVIEW_SendTaskInfo
                0x0800d588      0x1c8 ./ThirdParty/SEGGER/SEGGER/SEGGER_SYSVIEW.o
                0x0800d588                SEGGER_SYSVIEW_SendTaskInfo
 .text.SEGGER_SYSVIEW_SendTaskList
                0x0800d750       0x28 ./ThirdParty/SEGGER/SEGGER/SEGGER_SYSVIEW.o
                0x0800d750                SEGGER_SYSVIEW_SendTaskList
 .text.SEGGER_SYSVIEW_SendSysDesc
                0x0800d778       0x48 ./ThirdParty/SEGGER/SEGGER/SEGGER_SYSVIEW.o
                0x0800d778                SEGGER_SYSVIEW_SendSysDesc
 .text.SEGGER_SYSVIEW_RecordSystime
                0x0800d7c0       0x64 ./ThirdParty/SEGGER/SEGGER/SEGGER_SYSVIEW.o
                0x0800d7c0                SEGGER_SYSVIEW_RecordSystime
 .text.SEGGER_SYSVIEW_RecordEnterISR
                0x0800d824       0x84 ./ThirdParty/SEGGER/SEGGER/SEGGER_SYSVIEW.o
                0x0800d824                SEGGER_SYSVIEW_RecordEnterISR
 .text.SEGGER_SYSVIEW_RecordExitISR
                0x0800d8a8       0x38 ./ThirdParty/SEGGER/SEGGER/SEGGER_SYSVIEW.o
                0x0800d8a8                SEGGER_SYSVIEW_RecordExitISR
 .text.SEGGER_SYSVIEW_RecordExitISRToScheduler
                0x0800d8e0       0x38 ./ThirdParty/SEGGER/SEGGER/SEGGER_SYSVIEW.o
                0x0800d8e0                SEGGER_SYSVIEW_RecordExitISRToScheduler
 .text.SEGGER_SYSVIEW_RecordEndCall
                0x0800d918       0x78 ./ThirdParty/SEGGER/SEGGER/SEGGER_SYSVIEW.o
                0x0800d918                SEGGER_SYSVIEW_RecordEndCall
 .text.SEGGER_SYSVIEW_RecordEndCallU32
                0x0800d990       0xb0 ./ThirdParty/SEGGER/SEGGER/SEGGER_SYSVIEW.o
                0x0800d990                SEGGER_SYSVIEW_RecordEndCallU32
 .text.SEGGER_SYSVIEW_OnIdle
                0x0800da40       0x38 ./ThirdParty/SEGGER/SEGGER/SEGGER_SYSVIEW.o
                0x0800da40                SEGGER_SYSVIEW_OnIdle
 .text.SEGGER_SYSVIEW_OnTaskCreate
                0x0800da78       0x84 ./ThirdParty/SEGGER/SEGGER/SEGGER_SYSVIEW.o
                0x0800da78                SEGGER_SYSVIEW_OnTaskCreate
 .text.SEGGER_SYSVIEW_OnTaskStartExec
                0x0800dafc       0x84 ./ThirdParty/SEGGER/SEGGER/SEGGER_SYSVIEW.o
                0x0800dafc                SEGGER_SYSVIEW_OnTaskStartExec
 .text.SEGGER_SYSVIEW_OnTaskStartReady
                0x0800db80       0x84 ./ThirdParty/SEGGER/SEGGER/SEGGER_SYSVIEW.o
                0x0800db80                SEGGER_SYSVIEW_OnTaskStartReady
 .text.SEGGER_SYSVIEW_OnTaskStopReady
                0x0800dc04       0xc0 ./ThirdParty/SEGGER/SEGGER/SEGGER_SYSVIEW.o
                0x0800dc04                SEGGER_SYSVIEW_OnTaskStopReady
 .text.SEGGER_SYSVIEW_ShrinkId
                0x0800dcc4       0x20 ./ThirdParty/SEGGER/SEGGER/SEGGER_SYSVIEW.o
                0x0800dcc4                SEGGER_SYSVIEW_ShrinkId
 .text.SEGGER_SYSVIEW_SendModule
                0x0800dce4      0x114 ./ThirdParty/SEGGER/SEGGER/SEGGER_SYSVIEW.o
                0x0800dce4                SEGGER_SYSVIEW_SendModule
 .text.SEGGER_SYSVIEW_SendModuleDescription
                0x0800ddf8       0x3c ./ThirdParty/SEGGER/SEGGER/SEGGER_SYSVIEW.o
                0x0800ddf8                SEGGER_SYSVIEW_SendModuleDescription
 .text.SEGGER_SYSVIEW_SendNumModules
                0x0800de34       0x7c ./ThirdParty/SEGGER/SEGGER/SEGGER_SYSVIEW.o
                0x0800de34                SEGGER_SYSVIEW_SendNumModules
 .text.SEGGER_SYSVIEW_Warn
                0x0800deb0       0xb8 ./ThirdParty/SEGGER/SEGGER/SEGGER_SYSVIEW.o
                0x0800deb0                SEGGER_SYSVIEW_Warn
 .text._write_r
                0x0800df68       0x22 ./ThirdParty/SEGGER/SEGGER/Syscalls/SEGGER_RTT_Syscalls_GCC.o
                0x0800df68                _write_r
 .text.__cvt    0x0800df8a       0xca C:/ST/STM32CubeIDE_1.19.0/STM32CubeIDE/plugins/com.st.stm32cube.ide.mcu.externaltools.gnu-tools-for-stm32.13.3.rel1.win32_1.0.0.202411081344/tools/bin/../lib/gcc/arm-none-eabi/13.3.1/../../../../arm-none-eabi/lib/thumb/v7e-m+fp/hard\libc_nano.a(libc_a-nano-vfprintf_float.o)
                0x0800df8a                __cvt
 .text.__exponent
                0x0800e054       0x74 C:/ST/STM32CubeIDE_1.19.0/STM32CubeIDE/plugins/com.st.stm32cube.ide.mcu.externaltools.gnu-tools-for-stm32.13.3.rel1.win32_1.0.0.202411081344/tools/bin/../lib/gcc/arm-none-eabi/13.3.1/../../../../arm-none-eabi/lib/thumb/v7e-m+fp/hard\libc_nano.a(libc_a-nano-vfprintf_float.o)
                0x0800e054                __exponent
 .text._printf_float
                0x0800e0c8      0x454 C:/ST/STM32CubeIDE_1.19.0/STM32CubeIDE/plugins/com.st.stm32cube.ide.mcu.externaltools.gnu-tools-for-stm32.13.3.rel1.win32_1.0.0.202411081344/tools/bin/../lib/gcc/arm-none-eabi/13.3.1/../../../../arm-none-eabi/lib/thumb/v7e-m+fp/hard\libc_nano.a(libc_a-nano-vfprintf_float.o)
                0x0800e0c8                _printf_float
 .text._printf_common
                0x0800e51c       0xda C:/ST/STM32CubeIDE_1.19.0/STM32CubeIDE/plugins/com.st.stm32cube.ide.mcu.externaltools.gnu-tools-for-stm32.13.3.rel1.win32_1.0.0.202411081344/tools/bin/../lib/gcc/arm-none-eabi/13.3.1/../../../../arm-none-eabi/lib/thumb/v7e-m+fp/hard\libc_nano.a(libc_a-nano-vfprintf_i.o)
                0x0800e51c                _printf_common
 *fill*         0x0800e5f6        0x2 
 .text._printf_i
                0x0800e5f8      0x23c C:/ST/STM32CubeIDE_1.19.0/STM32CubeIDE/plugins/com.st.stm32cube.ide.mcu.externaltools.gnu-tools-for-stm32.13.3.rel1.win32_1.0.0.202411081344/tools/bin/../lib/gcc/arm-none-eabi/13.3.1/../../../../arm-none-eabi/lib/thumb/v7e-m+fp/hard\libc_nano.a(libc_a-nano-vfprintf_i.o)
                0x0800e5f8                _printf_i
 .text.std      0x0800e834       0x6c C:/ST/STM32CubeIDE_1.19.0/STM32CubeIDE/plugins/com.st.stm32cube.ide.mcu.externaltools.gnu-tools-for-stm32.13.3.rel1.win32_1.0.0.202411081344/tools/bin/../lib/gcc/arm-none-eabi/13.3.1/../../../../arm-none-eabi/lib/thumb/v7e-m+fp/hard\libc_nano.a(libc_a-findfp.o)
 .text.stdio_exit_handler
                0x0800e8a0       0x18 C:/ST/STM32CubeIDE_1.19.0/STM32CubeIDE/plugins/com.st.stm32cube.ide.mcu.externaltools.gnu-tools-for-stm32.13.3.rel1.win32_1.0.0.202411081344/tools/bin/../lib/gcc/arm-none-eabi/13.3.1/../../../../arm-none-eabi/lib/thumb/v7e-m+fp/hard\libc_nano.a(libc_a-findfp.o)
 .text.cleanup_stdio
                0x0800e8b8       0x40 C:/ST/STM32CubeIDE_1.19.0/STM32CubeIDE/plugins/com.st.stm32cube.ide.mcu.externaltools.gnu-tools-for-stm32.13.3.rel1.win32_1.0.0.202411081344/tools/bin/../lib/gcc/arm-none-eabi/13.3.1/../../../../arm-none-eabi/lib/thumb/v7e-m+fp/hard\libc_nano.a(libc_a-findfp.o)
 .text.global_stdio_init.part.0
                0x0800e8f8       0x3c C:/ST/STM32CubeIDE_1.19.0/STM32CubeIDE/plugins/com.st.stm32cube.ide.mcu.externaltools.gnu-tools-for-stm32.13.3.rel1.win32_1.0.0.202411081344/tools/bin/../lib/gcc/arm-none-eabi/13.3.1/../../../../arm-none-eabi/lib/thumb/v7e-m+fp/hard\libc_nano.a(libc_a-findfp.o)
 .text.__sfp_lock_acquire
                0x0800e934        0xc C:/ST/STM32CubeIDE_1.19.0/STM32CubeIDE/plugins/com.st.stm32cube.ide.mcu.externaltools.gnu-tools-for-stm32.13.3.rel1.win32_1.0.0.202411081344/tools/bin/../lib/gcc/arm-none-eabi/13.3.1/../../../../arm-none-eabi/lib/thumb/v7e-m+fp/hard\libc_nano.a(libc_a-findfp.o)
                0x0800e934                __sfp_lock_acquire
 .text.__sfp_lock_release
                0x0800e940        0xc C:/ST/STM32CubeIDE_1.19.0/STM32CubeIDE/plugins/com.st.stm32cube.ide.mcu.externaltools.gnu-tools-for-stm32.13.3.rel1.win32_1.0.0.202411081344/tools/bin/../lib/gcc/arm-none-eabi/13.3.1/../../../../arm-none-eabi/lib/thumb/v7e-m+fp/hard\libc_nano.a(libc_a-findfp.o)
                0x0800e940                __sfp_lock_release
 .text.__sinit  0x0800e94c       0x30 C:/ST/STM32CubeIDE_1.19.0/STM32CubeIDE/plugins/com.st.stm32cube.ide.mcu.externaltools.gnu-tools-for-stm32.13.3.rel1.win32_1.0.0.202411081344/tools/bin/../lib/gcc/arm-none-eabi/13.3.1/../../../../arm-none-eabi/lib/thumb/v7e-m+fp/hard\libc_nano.a(libc_a-findfp.o)
                0x0800e94c                __sinit
 .text._fwalk_sglue
                0x0800e97c       0x3c C:/ST/STM32CubeIDE_1.19.0/STM32CubeIDE/plugins/com.st.stm32cube.ide.mcu.externaltools.gnu-tools-for-stm32.13.3.rel1.win32_1.0.0.202411081344/tools/bin/../lib/gcc/arm-none-eabi/13.3.1/../../../../arm-none-eabi/lib/thumb/v7e-m+fp/hard\libc_nano.a(libc_a-fwalk.o)
                0x0800e97c                _fwalk_sglue
 .text.snprintf
                0x0800e9b8       0x6c C:/ST/STM32CubeIDE_1.19.0/STM32CubeIDE/plugins/com.st.stm32cube.ide.mcu.externaltools.gnu-tools-for-stm32.13.3.rel1.win32_1.0.0.202411081344/tools/bin/../lib/gcc/arm-none-eabi/13.3.1/../../../../arm-none-eabi/lib/thumb/v7e-m+fp/hard\libc_nano.a(libc_a-snprintf.o)
                0x0800e9b8                sniprintf
                0x0800e9b8                snprintf
 .text.__sread  0x0800ea24       0x22 C:/ST/STM32CubeIDE_1.19.0/STM32CubeIDE/plugins/com.st.stm32cube.ide.mcu.externaltools.gnu-tools-for-stm32.13.3.rel1.win32_1.0.0.202411081344/tools/bin/../lib/gcc/arm-none-eabi/13.3.1/../../../../arm-none-eabi/lib/thumb/v7e-m+fp/hard\libc_nano.a(libc_a-stdio.o)
                0x0800ea24                __sread
 .text.__swrite
                0x0800ea46       0x38 C:/ST/STM32CubeIDE_1.19.0/STM32CubeIDE/plugins/com.st.stm32cube.ide.mcu.externaltools.gnu-tools-for-stm32.13.3.rel1.win32_1.0.0.202411081344/tools/bin/../lib/gcc/arm-none-eabi/13.3.1/../../../../arm-none-eabi/lib/thumb/v7e-m+fp/hard\libc_nano.a(libc_a-stdio.o)
                0x0800ea46                __swrite
 .text.__sseek  0x0800ea7e       0x24 C:/ST/STM32CubeIDE_1.19.0/STM32CubeIDE/plugins/com.st.stm32cube.ide.mcu.externaltools.gnu-tools-for-stm32.13.3.rel1.win32_1.0.0.202411081344/tools/bin/../lib/gcc/arm-none-eabi/13.3.1/../../../../arm-none-eabi/lib/thumb/v7e-m+fp/hard\libc_nano.a(libc_a-stdio.o)
                0x0800ea7e                __sseek
 .text.__sclose
                0x0800eaa2        0x8 C:/ST/STM32CubeIDE_1.19.0/STM32CubeIDE/plugins/com.st.stm32cube.ide.mcu.externaltools.gnu-tools-for-stm32.13.3.rel1.win32_1.0.0.202411081344/tools/bin/../lib/gcc/arm-none-eabi/13.3.1/../../../../arm-none-eabi/lib/thumb/v7e-m+fp/hard\libc_nano.a(libc_a-stdio.o)
                0x0800eaa2                __sclose
 .text.memcmp   0x0800eaaa       0x20 C:/ST/STM32CubeIDE_1.19.0/STM32CubeIDE/plugins/com.st.stm32cube.ide.mcu.externaltools.gnu-tools-for-stm32.13.3.rel1.win32_1.0.0.202411081344/tools/bin/../lib/gcc/arm-none-eabi/13.3.1/../../../../arm-none-eabi/lib/thumb/v7e-m+fp/hard\libc_nano.a(libc_a-memcmp.o)
                0x0800eaaa                memcmp
 .text.memset   0x0800eaca       0x10 C:/ST/STM32CubeIDE_1.19.0/STM32CubeIDE/plugins/com.st.stm32cube.ide.mcu.externaltools.gnu-tools-for-stm32.13.3.rel1.win32_1.0.0.202411081344/tools/bin/../lib/gcc/arm-none-eabi/13.3.1/../../../../arm-none-eabi/lib/thumb/v7e-m+fp/hard\libc_nano.a(libc_a-memset.o)
                0x0800eaca                memset
 *fill*         0x0800eada        0x2 
 .text._localeconv_r
                0x0800eadc        0x8 C:/ST/STM32CubeIDE_1.19.0/STM32CubeIDE/plugins/com.st.stm32cube.ide.mcu.externaltools.gnu-tools-for-stm32.13.3.rel1.win32_1.0.0.202411081344/tools/bin/../lib/gcc/arm-none-eabi/13.3.1/../../../../arm-none-eabi/lib/thumb/v7e-m+fp/hard\libc_nano.a(libc_a-localeconv.o)
                0x0800eadc                _localeconv_r
 .text._close_r
                0x0800eae4       0x20 C:/ST/STM32CubeIDE_1.19.0/STM32CubeIDE/plugins/com.st.stm32cube.ide.mcu.externaltools.gnu-tools-for-stm32.13.3.rel1.win32_1.0.0.202411081344/tools/bin/../lib/gcc/arm-none-eabi/13.3.1/../../../../arm-none-eabi/lib/thumb/v7e-m+fp/hard\libc_nano.a(libc_a-closer.o)
                0x0800eae4                _close_r
 .text._lseek_r
                0x0800eb04       0x24 C:/ST/STM32CubeIDE_1.19.0/STM32CubeIDE/plugins/com.st.stm32cube.ide.mcu.externaltools.gnu-tools-for-stm32.13.3.rel1.win32_1.0.0.202411081344/tools/bin/../lib/gcc/arm-none-eabi/13.3.1/../../../../arm-none-eabi/lib/thumb/v7e-m+fp/hard\libc_nano.a(libc_a-lseekr.o)
                0x0800eb04                _lseek_r
 .text._read_r  0x0800eb28       0x24 C:/ST/STM32CubeIDE_1.19.0/STM32CubeIDE/plugins/com.st.stm32cube.ide.mcu.externaltools.gnu-tools-for-stm32.13.3.rel1.win32_1.0.0.202411081344/tools/bin/../lib/gcc/arm-none-eabi/13.3.1/../../../../arm-none-eabi/lib/thumb/v7e-m+fp/hard\libc_nano.a(libc_a-readr.o)
                0x0800eb28                _read_r
 .text.__errno  0x0800eb4c        0xc C:/ST/STM32CubeIDE_1.19.0/STM32CubeIDE/plugins/com.st.stm32cube.ide.mcu.externaltools.gnu-tools-for-stm32.13.3.rel1.win32_1.0.0.202411081344/tools/bin/../lib/gcc/arm-none-eabi/13.3.1/../../../../arm-none-eabi/lib/thumb/v7e-m+fp/hard\libc_nano.a(libc_a-errno.o)
                0x0800eb4c                __errno
 .text.__libc_init_array
                0x0800eb58       0x48 C:/ST/STM32CubeIDE_1.19.0/STM32CubeIDE/plugins/com.st.stm32cube.ide.mcu.externaltools.gnu-tools-for-stm32.13.3.rel1.win32_1.0.0.202411081344/tools/bin/../lib/gcc/arm-none-eabi/13.3.1/../../../../arm-none-eabi/lib/thumb/v7e-m+fp/hard\libc_nano.a(libc_a-init.o)
                0x0800eb58                __libc_init_array
 .text.__retarget_lock_init_recursive
                0x0800eba0        0x2 C:/ST/STM32CubeIDE_1.19.0/STM32CubeIDE/plugins/com.st.stm32cube.ide.mcu.externaltools.gnu-tools-for-stm32.13.3.rel1.win32_1.0.0.202411081344/tools/bin/../lib/gcc/arm-none-eabi/13.3.1/../../../../arm-none-eabi/lib/thumb/v7e-m+fp/hard\libc_nano.a(libc_a-lock.o)
                0x0800eba0                __retarget_lock_init_recursive
 .text.__retarget_lock_acquire_recursive
                0x0800eba2        0x2 C:/ST/STM32CubeIDE_1.19.0/STM32CubeIDE/plugins/com.st.stm32cube.ide.mcu.externaltools.gnu-tools-for-stm32.13.3.rel1.win32_1.0.0.202411081344/tools/bin/../lib/gcc/arm-none-eabi/13.3.1/../../../../arm-none-eabi/lib/thumb/v7e-m+fp/hard\libc_nano.a(libc_a-lock.o)
                0x0800eba2                __retarget_lock_acquire_recursive
 .text.__retarget_lock_release_recursive
                0x0800eba4        0x2 C:/ST/STM32CubeIDE_1.19.0/STM32CubeIDE/plugins/com.st.stm32cube.ide.mcu.externaltools.gnu-tools-for-stm32.13.3.rel1.win32_1.0.0.202411081344/tools/bin/../lib/gcc/arm-none-eabi/13.3.1/../../../../arm-none-eabi/lib/thumb/v7e-m+fp/hard\libc_nano.a(libc_a-lock.o)
                0x0800eba4                __retarget_lock_release_recursive
 .text.memcpy   0x0800eba6       0x1c C:/ST/STM32CubeIDE_1.19.0/STM32CubeIDE/plugins/com.st.stm32cube.ide.mcu.externaltools.gnu-tools-for-stm32.13.3.rel1.win32_1.0.0.202411081344/tools/bin/../lib/gcc/arm-none-eabi/13.3.1/../../../../arm-none-eabi/lib/thumb/v7e-m+fp/hard\libc_nano.a(libc_a-memcpy-stub.o)
                0x0800eba6                memcpy
 .text.quorem   0x0800ebc2      0x110 C:/ST/STM32CubeIDE_1.19.0/STM32CubeIDE/plugins/com.st.stm32cube.ide.mcu.externaltools.gnu-tools-for-stm32.13.3.rel1.win32_1.0.0.202411081344/tools/bin/../lib/gcc/arm-none-eabi/13.3.1/../../../../arm-none-eabi/lib/thumb/v7e-m+fp/hard\libc_nano.a(libc_a-dtoa.o)
 *fill*         0x0800ecd2        0x6 
 .text._dtoa_r  0x0800ecd8      0xba0 C:/ST/STM32CubeIDE_1.19.0/STM32CubeIDE/plugins/com.st.stm32cube.ide.mcu.externaltools.gnu-tools-for-stm32.13.3.rel1.win32_1.0.0.202411081344/tools/bin/../lib/gcc/arm-none-eabi/13.3.1/../../../../arm-none-eabi/lib/thumb/v7e-m+fp/hard\libc_nano.a(libc_a-dtoa.o)
                0x0800ecd8                _dtoa_r
 .text._free_r  0x0800f878       0x94 C:/ST/STM32CubeIDE_1.19.0/STM32CubeIDE/plugins/com.st.stm32cube.ide.mcu.externaltools.gnu-tools-for-stm32.13.3.rel1.win32_1.0.0.202411081344/tools/bin/../lib/gcc/arm-none-eabi/13.3.1/../../../../arm-none-eabi/lib/thumb/v7e-m+fp/hard\libc_nano.a(libc_a-freer.o)
                0x0800f878                _free_r
 .text.malloc   0x0800f90c       0x10 C:/ST/STM32CubeIDE_1.19.0/STM32CubeIDE/plugins/com.st.stm32cube.ide.mcu.externaltools.gnu-tools-for-stm32.13.3.rel1.win32_1.0.0.202411081344/tools/bin/../lib/gcc/arm-none-eabi/13.3.1/../../../../arm-none-eabi/lib/thumb/v7e-m+fp/hard\libc_nano.a(libc_a-malloc.o)
                0x0800f90c                malloc
 .text.sbrk_aligned
                0x0800f91c       0x44 C:/ST/STM32CubeIDE_1.19.0/STM32CubeIDE/plugins/com.st.stm32cube.ide.mcu.externaltools.gnu-tools-for-stm32.13.3.rel1.win32_1.0.0.202411081344/tools/bin/../lib/gcc/arm-none-eabi/13.3.1/../../../../arm-none-eabi/lib/thumb/v7e-m+fp/hard\libc_nano.a(libc_a-mallocr.o)
 .text._malloc_r
                0x0800f960      0x100 C:/ST/STM32CubeIDE_1.19.0/STM32CubeIDE/plugins/com.st.stm32cube.ide.mcu.externaltools.gnu-tools-for-stm32.13.3.rel1.win32_1.0.0.202411081344/tools/bin/../lib/gcc/arm-none-eabi/13.3.1/../../../../arm-none-eabi/lib/thumb/v7e-m+fp/hard\libc_nano.a(libc_a-mallocr.o)
                0x0800f960                _malloc_r
 .text.__malloc_lock
                0x0800fa60        0xc C:/ST/STM32CubeIDE_1.19.0/STM32CubeIDE/plugins/com.st.stm32cube.ide.mcu.externaltools.gnu-tools-for-stm32.13.3.rel1.win32_1.0.0.202411081344/tools/bin/../lib/gcc/arm-none-eabi/13.3.1/../../../../arm-none-eabi/lib/thumb/v7e-m+fp/hard\libc_nano.a(libc_a-mlock.o)
                0x0800fa60                __malloc_lock
 .text.__malloc_unlock
                0x0800fa6c        0xc C:/ST/STM32CubeIDE_1.19.0/STM32CubeIDE/plugins/com.st.stm32cube.ide.mcu.externaltools.gnu-tools-for-stm32.13.3.rel1.win32_1.0.0.202411081344/tools/bin/../lib/gcc/arm-none-eabi/13.3.1/../../../../arm-none-eabi/lib/thumb/v7e-m+fp/hard\libc_nano.a(libc_a-mlock.o)
                0x0800fa6c                __malloc_unlock
 .text._Balloc  0x0800fa78       0x80 C:/ST/STM32CubeIDE_1.19.0/STM32CubeIDE/plugins/com.st.stm32cube.ide.mcu.externaltools.gnu-tools-for-stm32.13.3.rel1.win32_1.0.0.202411081344/tools/bin/../lib/gcc/arm-none-eabi/13.3.1/../../../../arm-none-eabi/lib/thumb/v7e-m+fp/hard\libc_nano.a(libc_a-mprec.o)
                0x0800fa78                _Balloc
 .text._Bfree   0x0800faf8       0x44 C:/ST/STM32CubeIDE_1.19.0/STM32CubeIDE/plugins/com.st.stm32cube.ide.mcu.externaltools.gnu-tools-for-stm32.13.3.rel1.win32_1.0.0.202411081344/tools/bin/../lib/gcc/arm-none-eabi/13.3.1/../../../../arm-none-eabi/lib/thumb/v7e-m+fp/hard\libc_nano.a(libc_a-mprec.o)
                0x0800faf8                _Bfree
 .text.__multadd
                0x0800fb3c       0x8c C:/ST/STM32CubeIDE_1.19.0/STM32CubeIDE/plugins/com.st.stm32cube.ide.mcu.externaltools.gnu-tools-for-stm32.13.3.rel1.win32_1.0.0.202411081344/tools/bin/../lib/gcc/arm-none-eabi/13.3.1/../../../../arm-none-eabi/lib/thumb/v7e-m+fp/hard\libc_nano.a(libc_a-mprec.o)
                0x0800fb3c                __multadd
 .text.__hi0bits
                0x0800fbc8       0x3e C:/ST/STM32CubeIDE_1.19.0/STM32CubeIDE/plugins/com.st.stm32cube.ide.mcu.externaltools.gnu-tools-for-stm32.13.3.rel1.win32_1.0.0.202411081344/tools/bin/../lib/gcc/arm-none-eabi/13.3.1/../../../../arm-none-eabi/lib/thumb/v7e-m+fp/hard\libc_nano.a(libc_a-mprec.o)
                0x0800fbc8                __hi0bits
 .text.__lo0bits
                0x0800fc06       0x5a C:/ST/STM32CubeIDE_1.19.0/STM32CubeIDE/plugins/com.st.stm32cube.ide.mcu.externaltools.gnu-tools-for-stm32.13.3.rel1.win32_1.0.0.202411081344/tools/bin/../lib/gcc/arm-none-eabi/13.3.1/../../../../arm-none-eabi/lib/thumb/v7e-m+fp/hard\libc_nano.a(libc_a-mprec.o)
                0x0800fc06                __lo0bits
 .text.__i2b    0x0800fc60       0x2c C:/ST/STM32CubeIDE_1.19.0/STM32CubeIDE/plugins/com.st.stm32cube.ide.mcu.externaltools.gnu-tools-for-stm32.13.3.rel1.win32_1.0.0.202411081344/tools/bin/../lib/gcc/arm-none-eabi/13.3.1/../../../../arm-none-eabi/lib/thumb/v7e-m+fp/hard\libc_nano.a(libc_a-mprec.o)
                0x0800fc60                __i2b
 .text.__multiply
                0x0800fc8c      0x144 C:/ST/STM32CubeIDE_1.19.0/STM32CubeIDE/plugins/com.st.stm32cube.ide.mcu.externaltools.gnu-tools-for-stm32.13.3.rel1.win32_1.0.0.202411081344/tools/bin/../lib/gcc/arm-none-eabi/13.3.1/../../../../arm-none-eabi/lib/thumb/v7e-m+fp/hard\libc_nano.a(libc_a-mprec.o)
                0x0800fc8c                __multiply
 .text.__pow5mult
                0x0800fdd0       0xb4 C:/ST/STM32CubeIDE_1.19.0/STM32CubeIDE/plugins/com.st.stm32cube.ide.mcu.externaltools.gnu-tools-for-stm32.13.3.rel1.win32_1.0.0.202411081344/tools/bin/../lib/gcc/arm-none-eabi/13.3.1/../../../../arm-none-eabi/lib/thumb/v7e-m+fp/hard\libc_nano.a(libc_a-mprec.o)
                0x0800fdd0                __pow5mult
 .text.__lshift
                0x0800fe84       0xd8 C:/ST/STM32CubeIDE_1.19.0/STM32CubeIDE/plugins/com.st.stm32cube.ide.mcu.externaltools.gnu-tools-for-stm32.13.3.rel1.win32_1.0.0.202411081344/tools/bin/../lib/gcc/arm-none-eabi/13.3.1/../../../../arm-none-eabi/lib/thumb/v7e-m+fp/hard\libc_nano.a(libc_a-mprec.o)
                0x0800fe84                __lshift
 .text.__mcmp   0x0800ff5c       0x36 C:/ST/STM32CubeIDE_1.19.0/STM32CubeIDE/plugins/com.st.stm32cube.ide.mcu.externaltools.gnu-tools-for-stm32.13.3.rel1.win32_1.0.0.202411081344/tools/bin/../lib/gcc/arm-none-eabi/13.3.1/../../../../arm-none-eabi/lib/thumb/v7e-m+fp/hard\libc_nano.a(libc_a-mprec.o)
                0x0800ff5c                __mcmp
 *fill*         0x0800ff92        0x2 
 .text.__mdiff  0x0800ff94      0x128 C:/ST/STM32CubeIDE_1.19.0/STM32CubeIDE/plugins/com.st.stm32cube.ide.mcu.externaltools.gnu-tools-for-stm32.13.3.rel1.win32_1.0.0.202411081344/tools/bin/../lib/gcc/arm-none-eabi/13.3.1/../../../../arm-none-eabi/lib/thumb/v7e-m+fp/hard\libc_nano.a(libc_a-mprec.o)
                0x0800ff94                __mdiff
 .text.__d2b    0x080100bc       0xb0 C:/ST/STM32CubeIDE_1.19.0/STM32CubeIDE/plugins/com.st.stm32cube.ide.mcu.externaltools.gnu-tools-for-stm32.13.3.rel1.win32_1.0.0.202411081344/tools/bin/../lib/gcc/arm-none-eabi/13.3.1/../../../../arm-none-eabi/lib/thumb/v7e-m+fp/hard\libc_nano.a(libc_a-mprec.o)
                0x080100bc                __d2b
 .text.__ssputs_r
                0x0801016c       0xb6 C:/ST/STM32CubeIDE_1.19.0/STM32CubeIDE/plugins/com.st.stm32cube.ide.mcu.externaltools.gnu-tools-for-stm32.13.3.rel1.win32_1.0.0.202411081344/tools/bin/../lib/gcc/arm-none-eabi/13.3.1/../../../../arm-none-eabi/lib/thumb/v7e-m+fp/hard\libc_nano.a(libc_a-nano-svfprintf.o)
                0x0801016c                __ssputs_r
 *fill*         0x08010222        0x2 
 .text._svfprintf_r
                0x08010224      0x1f8 C:/ST/STM32CubeIDE_1.19.0/STM32CubeIDE/plugins/com.st.stm32cube.ide.mcu.externaltools.gnu-tools-for-stm32.13.3.rel1.win32_1.0.0.202411081344/tools/bin/../lib/gcc/arm-none-eabi/13.3.1/../../../../arm-none-eabi/lib/thumb/v7e-m+fp/hard\libc_nano.a(libc_a-nano-svfprintf.o)
                0x08010224                _svfiprintf_r
                0x08010224                _svfprintf_r
 .text.__sflush_r
                0x0801041c      0x108 C:/ST/STM32CubeIDE_1.19.0/STM32CubeIDE/plugins/com.st.stm32cube.ide.mcu.externaltools.gnu-tools-for-stm32.13.3.rel1.win32_1.0.0.202411081344/tools/bin/../lib/gcc/arm-none-eabi/13.3.1/../../../../arm-none-eabi/lib/thumb/v7e-m+fp/hard\libc_nano.a(libc_a-fflush.o)
                0x0801041c                __sflush_r
 .text._fflush_r
                0x08010524       0x50 C:/ST/STM32CubeIDE_1.19.0/STM32CubeIDE/plugins/com.st.stm32cube.ide.mcu.externaltools.gnu-tools-for-stm32.13.3.rel1.win32_1.0.0.202411081344/tools/bin/../lib/gcc/arm-none-eabi/13.3.1/../../../../arm-none-eabi/lib/thumb/v7e-m+fp/hard\libc_nano.a(libc_a-fflush.o)
                0x08010524                _fflush_r
 .text.memmove  0x08010574       0x34 C:/ST/STM32CubeIDE_1.19.0/STM32CubeIDE/plugins/com.st.stm32cube.ide.mcu.externaltools.gnu-tools-for-stm32.13.3.rel1.win32_1.0.0.202411081344/tools/bin/../lib/gcc/arm-none-eabi/13.3.1/../../../../arm-none-eabi/lib/thumb/v7e-m+fp/hard\libc_nano.a(libc_a-memmove.o)
                0x08010574                memmove
 .text._sbrk_r  0x080105a8       0x20 C:/ST/STM32CubeIDE_1.19.0/STM32CubeIDE/plugins/com.st.stm32cube.ide.mcu.externaltools.gnu-tools-for-stm32.13.3.rel1.win32_1.0.0.202411081344/tools/bin/../lib/gcc/arm-none-eabi/13.3.1/../../../../arm-none-eabi/lib/thumb/v7e-m+fp/hard\libc_nano.a(libc_a-sbrkr.o)
                0x080105a8                _sbrk_r
 .text.__assert_func
                0x080105c8       0x3c C:/ST/STM32CubeIDE_1.19.0/STM32CubeIDE/plugins/com.st.stm32cube.ide.mcu.externaltools.gnu-tools-for-stm32.13.3.rel1.win32_1.0.0.202411081344/tools/bin/../lib/gcc/arm-none-eabi/13.3.1/../../../../arm-none-eabi/lib/thumb/v7e-m+fp/hard\libc_nano.a(libc_a-assert.o)
                0x080105c8                __assert_func
 .text._calloc_r
                0x08010604       0x28 C:/ST/STM32CubeIDE_1.19.0/STM32CubeIDE/plugins/com.st.stm32cube.ide.mcu.externaltools.gnu-tools-for-stm32.13.3.rel1.win32_1.0.0.202411081344/tools/bin/../lib/gcc/arm-none-eabi/13.3.1/../../../../arm-none-eabi/lib/thumb/v7e-m+fp/hard\libc_nano.a(libc_a-callocr.o)
                0x08010604                _calloc_r
 .text.__ascii_mbtowc
                0x0801062c       0x24 C:/ST/STM32CubeIDE_1.19.0/STM32CubeIDE/plugins/com.st.stm32cube.ide.mcu.externaltools.gnu-tools-for-stm32.13.3.rel1.win32_1.0.0.202411081344/tools/bin/../lib/gcc/arm-none-eabi/13.3.1/../../../../arm-none-eabi/lib/thumb/v7e-m+fp/hard\libc_nano.a(libc_a-mbtowc_r.o)
                0x0801062c                __ascii_mbtowc
 .text._realloc_r
                0x08010650       0x5c C:/ST/STM32CubeIDE_1.19.0/STM32CubeIDE/plugins/com.st.stm32cube.ide.mcu.externaltools.gnu-tools-for-stm32.13.3.rel1.win32_1.0.0.202411081344/tools/bin/../lib/gcc/arm-none-eabi/13.3.1/../../../../arm-none-eabi/lib/thumb/v7e-m+fp/hard\libc_nano.a(libc_a-reallocr.o)
                0x08010650                _realloc_r
 .text.__ascii_wctomb
                0x080106ac       0x1a C:/ST/STM32CubeIDE_1.19.0/STM32CubeIDE/plugins/com.st.stm32cube.ide.mcu.externaltools.gnu-tools-for-stm32.13.3.rel1.win32_1.0.0.202411081344/tools/bin/../lib/gcc/arm-none-eabi/13.3.1/../../../../arm-none-eabi/lib/thumb/v7e-m+fp/hard\libc_nano.a(libc_a-wctomb_r.o)
                0x080106ac                __ascii_wctomb
 *fill*         0x080106c6        0x2 
 .text.fprintf  0x080106c8       0x24 C:/ST/STM32CubeIDE_1.19.0/STM32CubeIDE/plugins/com.st.stm32cube.ide.mcu.externaltools.gnu-tools-for-stm32.13.3.rel1.win32_1.0.0.202411081344/tools/bin/../lib/gcc/arm-none-eabi/13.3.1/../../../../arm-none-eabi/lib/thumb/v7e-m+fp/hard\libc_nano.a(libc_a-fprintf.o)
                0x080106c8                fiprintf
                0x080106c8                fprintf
 .text.abort    0x080106ec        0xe C:/ST/STM32CubeIDE_1.19.0/STM32CubeIDE/plugins/com.st.stm32cube.ide.mcu.externaltools.gnu-tools-for-stm32.13.3.rel1.win32_1.0.0.202411081344/tools/bin/../lib/gcc/arm-none-eabi/13.3.1/../../../../arm-none-eabi/lib/thumb/v7e-m+fp/hard\libc_nano.a(libc_a-abort.o)
                0x080106ec                abort
 .text._malloc_usable_size_r
                0x080106fa       0x10 C:/ST/STM32CubeIDE_1.19.0/STM32CubeIDE/plugins/com.st.stm32cube.ide.mcu.externaltools.gnu-tools-for-stm32.13.3.rel1.win32_1.0.0.202411081344/tools/bin/../lib/gcc/arm-none-eabi/13.3.1/../../../../arm-none-eabi/lib/thumb/v7e-m+fp/hard\libc_nano.a(libc_a-msizer.o)
                0x080106fa                _malloc_usable_size_r
 .text.__sfputc_r
                0x0801070a       0x2e C:/ST/STM32CubeIDE_1.19.0/STM32CubeIDE/plugins/com.st.stm32cube.ide.mcu.externaltools.gnu-tools-for-stm32.13.3.rel1.win32_1.0.0.202411081344/tools/bin/../lib/gcc/arm-none-eabi/13.3.1/../../../../arm-none-eabi/lib/thumb/v7e-m+fp/hard\libc_nano.a(libc_a-nano-vfprintf.o)
 .text.__sfputs_r
                0x08010738       0x24 C:/ST/STM32CubeIDE_1.19.0/STM32CubeIDE/plugins/com.st.stm32cube.ide.mcu.externaltools.gnu-tools-for-stm32.13.3.rel1.win32_1.0.0.202411081344/tools/bin/../lib/gcc/arm-none-eabi/13.3.1/../../../../arm-none-eabi/lib/thumb/v7e-m+fp/hard\libc_nano.a(libc_a-nano-vfprintf.o)
                0x08010738                __sfputs_r
 .text._vfprintf_r
                0x0801075c      0x230 C:/ST/STM32CubeIDE_1.19.0/STM32CubeIDE/plugins/com.st.stm32cube.ide.mcu.externaltools.gnu-tools-for-stm32.13.3.rel1.win32_1.0.0.202411081344/tools/bin/../lib/gcc/arm-none-eabi/13.3.1/../../../../arm-none-eabi/lib/thumb/v7e-m+fp/hard\libc_nano.a(libc_a-nano-vfprintf.o)
                0x0801075c                _vfprintf_r
                0x0801075c                _vfiprintf_r
 .text.__swbuf_r
                0x0801098c       0x7c C:/ST/STM32CubeIDE_1.19.0/STM32CubeIDE/plugins/com.st.stm32cube.ide.mcu.externaltools.gnu-tools-for-stm32.13.3.rel1.win32_1.0.0.202411081344/tools/bin/../lib/gcc/arm-none-eabi/13.3.1/../../../../arm-none-eabi/lib/thumb/v7e-m+fp/hard\libc_nano.a(libc_a-wbuf.o)
                0x0801098c                __swbuf_r
 .text.__swsetup_r
                0x08010a08       0xac C:/ST/STM32CubeIDE_1.19.0/STM32CubeIDE/plugins/com.st.stm32cube.ide.mcu.externaltools.gnu-tools-for-stm32.13.3.rel1.win32_1.0.0.202411081344/tools/bin/../lib/gcc/arm-none-eabi/13.3.1/../../../../arm-none-eabi/lib/thumb/v7e-m+fp/hard\libc_nano.a(libc_a-wsetup.o)
                0x08010a08                __swsetup_r
 .text._raise_r
                0x08010ab4       0x50 C:/ST/STM32CubeIDE_1.19.0/STM32CubeIDE/plugins/com.st.stm32cube.ide.mcu.externaltools.gnu-tools-for-stm32.13.3.rel1.win32_1.0.0.202411081344/tools/bin/../lib/gcc/arm-none-eabi/13.3.1/../../../../arm-none-eabi/lib/thumb/v7e-m+fp/hard\libc_nano.a(libc_a-signal.o)
                0x08010ab4                _raise_r
 .text.raise    0x08010b04       0x10 C:/ST/STM32CubeIDE_1.19.0/STM32CubeIDE/plugins/com.st.stm32cube.ide.mcu.externaltools.gnu-tools-for-stm32.13.3.rel1.win32_1.0.0.202411081344/tools/bin/../lib/gcc/arm-none-eabi/13.3.1/../../../../arm-none-eabi/lib/thumb/v7e-m+fp/hard\libc_nano.a(libc_a-signal.o)
                0x08010b04                raise
 .text._kill_r  0x08010b14       0x24 C:/ST/STM32CubeIDE_1.19.0/STM32CubeIDE/plugins/com.st.stm32cube.ide.mcu.externaltools.gnu-tools-for-stm32.13.3.rel1.win32_1.0.0.202411081344/tools/bin/../lib/gcc/arm-none-eabi/13.3.1/../../../../arm-none-eabi/lib/thumb/v7e-m+fp/hard\libc_nano.a(libc_a-signalr.o)
                0x08010b14                _kill_r
 .text._getpid_r
                0x08010b38        0x4 C:/ST/STM32CubeIDE_1.19.0/STM32CubeIDE/plugins/com.st.stm32cube.ide.mcu.externaltools.gnu-tools-for-stm32.13.3.rel1.win32_1.0.0.202411081344/tools/bin/../lib/gcc/arm-none-eabi/13.3.1/../../../../arm-none-eabi/lib/thumb/v7e-m+fp/hard\libc_nano.a(libc_a-signalr.o)
                0x08010b38                _getpid_r
 .text.__swhatbuf_r
                0x08010b3c       0x4c C:/ST/STM32CubeIDE_1.19.0/STM32CubeIDE/plugins/com.st.stm32cube.ide.mcu.externaltools.gnu-tools-for-stm32.13.3.rel1.win32_1.0.0.202411081344/tools/bin/../lib/gcc/arm-none-eabi/13.3.1/../../../../arm-none-eabi/lib/thumb/v7e-m+fp/hard\libc_nano.a(libc_a-makebuf.o)
                0x08010b3c                __swhatbuf_r
 .text.__smakebuf_r
                0x08010b88       0x78 C:/ST/STM32CubeIDE_1.19.0/STM32CubeIDE/plugins/com.st.stm32cube.ide.mcu.externaltools.gnu-tools-for-stm32.13.3.rel1.win32_1.0.0.202411081344/tools/bin/../lib/gcc/arm-none-eabi/13.3.1/../../../../arm-none-eabi/lib/thumb/v7e-m+fp/hard\libc_nano.a(libc_a-makebuf.o)
                0x08010b88                __smakebuf_r
 .text._fstat_r
                0x08010c00       0x24 C:/ST/STM32CubeIDE_1.19.0/STM32CubeIDE/plugins/com.st.stm32cube.ide.mcu.externaltools.gnu-tools-for-stm32.13.3.rel1.win32_1.0.0.202411081344/tools/bin/../lib/gcc/arm-none-eabi/13.3.1/../../../../arm-none-eabi/lib/thumb/v7e-m+fp/hard\libc_nano.a(libc_a-fstatr.o)
                0x08010c00                _fstat_r
 .text._isatty_r
                0x08010c24       0x20 C:/ST/STM32CubeIDE_1.19.0/STM32CubeIDE/plugins/com.st.stm32cube.ide.mcu.externaltools.gnu-tools-for-stm32.13.3.rel1.win32_1.0.0.202411081344/tools/bin/../lib/gcc/arm-none-eabi/13.3.1/../../../../arm-none-eabi/lib/thumb/v7e-m+fp/hard\libc_nano.a(libc_a-isattyr.o)
                0x08010c24                _isatty_r
 .text._sbrk    0x08010c44       0x1c C:/ST/STM32CubeIDE_1.19.0/STM32CubeIDE/plugins/com.st.stm32cube.ide.mcu.externaltools.gnu-tools-for-stm32.13.3.rel1.win32_1.0.0.202411081344/tools/bin/../lib/gcc/arm-none-eabi/13.3.1/../../../../arm-none-eabi/lib/thumb/v7e-m+fp/hard\libnosys.a(sbrk.o)
                0x08010c44                _sbrk
 *(.glue_7)
 .glue_7        0x08010c60        0x0 linker stubs
 *(.glue_7t)
 .glue_7t       0x08010c60        0x0 linker stubs
 *(.eh_frame)
 .eh_frame      0x08010c60        0x0 C:/ST/STM32CubeIDE_1.19.0/STM32CubeIDE/plugins/com.st.stm32cube.ide.mcu.externaltools.gnu-tools-for-stm32.13.3.rel1.win32_1.0.0.202411081344/tools/bin/../lib/gcc/arm-none-eabi/13.3.1/thumb/v7e-m+fp/hard/crtbegin.o
 *(.init)
 .init          0x08010c60        0x4 C:/ST/STM32CubeIDE_1.19.0/STM32CubeIDE/plugins/com.st.stm32cube.ide.mcu.externaltools.gnu-tools-for-stm32.13.3.rel1.win32_1.0.0.202411081344/tools/bin/../lib/gcc/arm-none-eabi/13.3.1/thumb/v7e-m+fp/hard/crti.o
                0x08010c60                _init
 .init          0x08010c64        0x8 C:/ST/STM32CubeIDE_1.19.0/STM32CubeIDE/plugins/com.st.stm32cube.ide.mcu.externaltools.gnu-tools-for-stm32.13.3.rel1.win32_1.0.0.202411081344/tools/bin/../lib/gcc/arm-none-eabi/13.3.1/thumb/v7e-m+fp/hard/crtn.o
 *(.fini)
 .fini          0x08010c6c        0x4 C:/ST/STM32CubeIDE_1.19.0/STM32CubeIDE/plugins/com.st.stm32cube.ide.mcu.externaltools.gnu-tools-for-stm32.13.3.rel1.win32_1.0.0.202411081344/tools/bin/../lib/gcc/arm-none-eabi/13.3.1/thumb/v7e-m+fp/hard/crti.o
                0x08010c6c                _fini
 .fini          0x08010c70        0x8 C:/ST/STM32CubeIDE_1.19.0/STM32CubeIDE/plugins/com.st.stm32cube.ide.mcu.externaltools.gnu-tools-for-stm32.13.3.rel1.win32_1.0.0.202411081344/tools/bin/../lib/gcc/arm-none-eabi/13.3.1/thumb/v7e-m+fp/hard/crtn.o
                0x08010c78                        . = ALIGN (0x4)
                0x08010c78                        _etext = .

.vfp11_veneer   0x08010c78        0x0
 .vfp11_veneer  0x08010c78        0x0 linker stubs

.v4_bx          0x08010c78        0x0
 .v4_bx         0x08010c78        0x0 linker stubs

.iplt           0x08010c78        0x0