Archive member included to satisfy reference by file (symbol)

C:/ST/STM32CubeIDE_1.19.0/STM32CubeIDE/plugins/com.st.stm32cube.ide.mcu.externaltools.gnu-tools-for-stm32.13.3.rel1.win32_1.0.0.202411081344/tools/bin/../lib/gcc/arm-none-eabi/13.3.1/../../../../arm-none-eabi/lib/thumb/v7e-m+fp/hard\libc_nano.a(libc_a-exit.o)
                              C:/ST/STM32CubeIDE_1.19.0/STM32CubeIDE/plugins/com.st.stm32cube.ide.mcu.externaltools.gnu-tools-for-stm32.13.3.rel1.win32_1.0.0.202411081344/tools/bin/../lib/gcc/arm-none-eabi/13.3.1/../../../../arm-none-eabi/lib/thumb/v7e-m+fp/hard/crt0.o (exit)
C:/ST/STM32CubeIDE_1.19.0/STM32CubeIDE/plugins/com.st.stm32cube.ide.mcu.externaltools.gnu-tools-for-stm32.13.3.rel1.win32_1.0.0.202411081344/tools/bin/../lib/gcc/arm-none-eabi/13.3.1/../../../../arm-none-eabi/lib/thumb/v7e-m+fp/hard\libc_nano.a(libc_a-nano-vfprintf_float.o)
                              (_printf_float)
C:/ST/STM32CubeIDE_1.19.0/STM32CubeIDE/plugins/com.st.stm32cube.ide.mcu.externaltools.gnu-tools-for-stm32.13.3.rel1.win32_1.0.0.202411081344/tools/bin/../lib/gcc/arm-none-eabi/13.3.1/../../../../arm-none-eabi/lib/thumb/v7e-m+fp/hard\libc_nano.a(libc_a-nano-vfprintf_i.o)
                              C:/ST/STM32CubeIDE_1.19.0/STM32CubeIDE/plugins/com.st.stm32cube.ide.mcu.externaltools.gnu-tools-for-stm32.13.3.rel1.win32_1.0.0.202411081344/tools/bin/../lib/gcc/arm-none-eabi/13.3.1/../../../../arm-none-eabi/lib/thumb/v7e-m+fp/hard\libc_nano.a(libc_a-nano-vfprintf_float.o) (_printf_common)
C:/ST/STM32CubeIDE_1.19.0/STM32CubeIDE/plugins/com.st.stm32cube.ide.mcu.externaltools.gnu-tools-for-stm32.13.3.rel1.win32_1.0.0.202411081344/tools/bin/../lib/gcc/arm-none-eabi/13.3.1/../../../../arm-none-eabi/lib/thumb/v7e-m+fp/hard\libc_nano.a(libc_a-findfp.o)
                              C:/ST/STM32CubeIDE_1.19.0/STM32CubeIDE/plugins/com.st.stm32cube.ide.mcu.externaltools.gnu-tools-for-stm32.13.3.rel1.win32_1.0.0.202411081344/tools/bin/../lib/gcc/arm-none-eabi/13.3.1/../../../../arm-none-eabi/lib/thumb/v7e-m+fp/hard\libc_nano.a(libc_a-exit.o) (__stdio_exit_handler)
C:/ST/STM32CubeIDE_1.19.0/STM32CubeIDE/plugins/com.st.stm32cube.ide.mcu.externaltools.gnu-tools-for-stm32.13.3.rel1.win32_1.0.0.202411081344/tools/bin/../lib/gcc/arm-none-eabi/13.3.1/../../../../arm-none-eabi/lib/thumb/v7e-m+fp/hard\libc_nano.a(libc_a-fwalk.o)
                              C:/ST/STM32CubeIDE_1.19.0/STM32CubeIDE/plugins/com.st.stm32cube.ide.mcu.externaltools.gnu-tools-for-stm32.13.3.rel1.win32_1.0.0.202411081344/tools/bin/../lib/gcc/arm-none-eabi/13.3.1/../../../../arm-none-eabi/lib/thumb/v7e-m+fp/hard\libc_nano.a(libc_a-findfp.o) (_fwalk_sglue)
C:/ST/STM32CubeIDE_1.19.0/STM32CubeIDE/plugins/com.st.stm32cube.ide.mcu.externaltools.gnu-tools-for-stm32.13.3.rel1.win32_1.0.0.202411081344/tools/bin/../lib/gcc/arm-none-eabi/13.3.1/../../../../arm-none-eabi/lib/thumb/v7e-m+fp/hard\libc_nano.a(libc_a-snprintf.o)
                              ./Core/Src/lcd_ui.o (snprintf)
C:/ST/STM32CubeIDE_1.19.0/STM32CubeIDE/plugins/com.st.stm32cube.ide.mcu.externaltools.gnu-tools-for-stm32.13.3.rel1.win32_1.0.0.202411081344/tools/bin/../lib/gcc/arm-none-eabi/13.3.1/../../../../arm-none-eabi/lib/thumb/v7e-m+fp/hard\libc_nano.a(libc_a-stdio.o)
                              C:/ST/STM32CubeIDE_1.19.0/STM32CubeIDE/plugins/com.st.stm32cube.ide.mcu.externaltools.gnu-tools-for-stm32.13.3.rel1.win32_1.0.0.202411081344/tools/bin/../lib/gcc/arm-none-eabi/13.3.1/../../../../arm-none-eabi/lib/thumb/v7e-m+fp/hard\libc_nano.a(libc_a-findfp.o) (__sread)
C:/ST/STM32CubeIDE_1.19.0/STM32CubeIDE/plugins/com.st.stm32cube.ide.mcu.externaltools.gnu-tools-for-stm32.13.3.rel1.win32_1.0.0.202411081344/tools/bin/../lib/gcc/arm-none-eabi/13.3.1/../../../../arm-none-eabi/lib/thumb/v7e-m+fp/hard\libc_nano.a(libc_a-memcmp.o)
                              ./Core/Src/upstream.o (memcmp)
C:/ST/STM32CubeIDE_1.19.0/STM32CubeIDE/plugins/com.st.stm32cube.ide.mcu.externaltools.gnu-tools-for-stm32.13.3.rel1.win32_1.0.0.202411081344/tools/bin/../lib/gcc/arm-none-eabi/13.3.1/../../../../arm-none-eabi/lib/thumb/v7e-m+fp/hard\libc_nano.a(libc_a-memset.o)
                              C:/ST/STM32CubeIDE_1.19.0/STM32CubeIDE/plugins/com.st.stm32cube.ide.mcu.externaltools.gnu-tools-for-stm32.13.3.rel1.win32_1.0.0.202411081344/tools/bin/../lib/gcc/arm-none-eabi/13.3.1/../../../../arm-none-eabi/lib/thumb/v7e-m+fp/hard/crt0.o (memset)
C:/ST/STM32CubeIDE_1.19.0/STM32CubeIDE/plugins/com.st.stm32cube.ide.mcu.externaltools.gnu-tools-for-stm32.13.3.rel1.win32_1.0.0.202411081344/tools/bin/../lib/gcc/arm-none-eabi/13.3.1/../../../../arm-none-eabi/lib/thumb/v7e-m+fp/hard\libc_nano.a(libc_a-localeconv.o)
                              C:/ST/STM32CubeIDE_1.19.0/STM32CubeIDE/plugins/com.st.stm32cube.ide.mcu.externaltools.gnu-tools-for-stm32.13.3.rel1.win32_1.0.0.202411081344/tools/bin/../lib/gcc/arm-none-eabi/13.3.1/../../../../arm-none-eabi/lib/thumb/v7e-m+fp/hard\libc_nano.a(libc_a-nano-vfprintf_float.o) (_localeconv_r)
[...]
Memory Configuration

Name             Origin             Length             Attributes
CCMRAM           0x10000000         0x00010000         xrw
RAM              0x20000000         0x00020000         xrw
FLASH            0x08000000         0x00100000         xr
*default*        0x00000000         0xffffffff

Linker script and memory map

LOAD C:/ST/STM32CubeIDE_1.19.0/STM32CubeIDE/plugins/com.st.stm32cube.ide.mcu.externaltools.gnu-tools-for-stm32.13.3.rel1.win32_1.0.0.202411081344/tools/bin/../lib/gcc/arm-none-eabi/13.3.1/thumb/v7e-m+fp/hard/crti.o
LOAD C:/ST/STM32CubeIDE_1.19.0/STM32CubeIDE/plugins/com.st.stm32cube.ide.mcu.externaltools.gnu-tools-for-stm32.13.3.rel1.win32_1.0.0.202411081344/tools/bin/../lib/gcc/arm-none-eabi/13.3.1/thumb/v7e-m+fp/hard/crtbegin.o
LOAD C:/ST/STM32CubeIDE_1.19.0/STM32CubeIDE/plugins/com.st.stm32cube.ide.mcu.externaltools.gnu-tools-for-stm32.13.3.rel1.win32_1.0.0.202411081344/tools/bin/../lib/gcc/arm-none-eabi/13.3.1/../../../../arm-none-eabi/lib/thumb/v7e-m+fp/hard/crt0.o
LOAD ./Core/Src/DeviceManager.o
LOAD ./Core/Src/ProtocolTask.o
LOAD ./Core/Src/SlaveRegistry.o
LOAD ./Core/Src/alarm.o
LOAD ./Core/Src/button.o
LOAD ./Core/Src/lcd_driver.o
LOAD ./Core/Src/lcd_ui.o
LOAD ./Core/Src/main.o
LOAD ./Core/Src/rs485_driver.o
LOAD ./Core/Src/stm32f4xx_hal_msp.o
LOAD ./Core/Src/stm32f4xx_hal_timebase_tim.o
LOAD ./Core/Src/stm32f4xx_it.o
LOAD ./Core/Src/syscalls.o
LOAD ./Core/Src/system_state.o
LOAD ./Core/Src/system_stm32f4xx.o
LOAD ./Core/Src/upstream.o
LOAD ./Core/Src/watchdog.o
LOAD ./Core/Startup/startup_stm32f407vgtx.o
LOAD ./Drivers/STM32F4xx_HAL_Driver/Src/stm32f4xx_hal.o
LOAD ./Drivers/STM32F4xx_HAL_Driver/Src/stm32f4xx_hal_cortex.o
LOAD ./Drivers/STM32F4xx_HAL_Driver/Src/stm32f4xx_hal_dma.o
LOAD ./Drivers/STM32F4xx_HAL_Driver/Src/stm32f4xx_hal_dma_ex.o
LOAD ./Drivers/STM32F4xx_HAL_Driver/Src/stm32f4xx_hal_exti.o
LOAD ./Drivers/STM32F4xx_HAL_Driver/Src/stm32f4xx_hal_flash.o
LOAD ./Drivers/STM32F4xx_HAL_Driver/Src/stm32f4xx_hal_flash_ex.o
LOAD ./Drivers/STM32F4xx_HAL_Driver/Src/stm32f4xx_hal_flash_ramfunc.o
LOAD ./Drivers/STM32F4xx_HAL_Driver/Src/stm32f4xx_hal_gpio.o
LOAD ./Drivers/STM32F4xx_HAL_Driver/Src/stm32f4xx_hal_i2c.o
LOAD ./Drivers/STM32F4xx_HAL_Driver/Src/stm32f4xx_hal_i2c_ex.o
LOAD ./Drivers/STM32F4xx_HAL_Driver/Src/stm32f4xx_hal_pwr.o
LOAD ./Drivers/STM32F4xx_HAL_Driver/Src/stm32f4xx_hal_pwr_ex.o
LOAD ./Drivers/STM32F4xx_HAL_Driver/Src/stm32f4xx_hal_rcc.o
LOAD ./Drivers/STM32F4xx_HAL_Driver/Src/stm32f4xx_hal_rcc_ex.o
LOAD ./Drivers/STM32F4xx_HAL_Driver/Src/stm32f4xx_hal_tim.o
LOAD ./Drivers/STM32F4xx_HAL_Driver/Src/stm32f4xx_hal_tim_ex.o
LOAD ./Drivers/STM32F4xx_HAL_Driver/Src/stm32f4xx_hal_uart.o
LOAD ./ThirdParty/FreeRTOS/croutine.o
LOAD ./ThirdParty/FreeRTOS/event_groups.o
LOAD ./ThirdParty/FreeRTOS/list.o
LOAD ./ThirdParty/FreeRTOS/queue.o
LOAD ./ThirdParty/FreeRTOS/stream_buffer.o
LOAD ./ThirdParty/FreeRTOS/tasks.o
LOAD ./ThirdParty/FreeRTOS/timers.o
LOAD ./ThirdParty/FreeRTOS/portable/GCC/ARM_CM4F/port.o
LOAD ./ThirdParty/FreeRTOS/portable/MemMang/heap_4.o
LOAD ./ThirdParty/SEGGER/Config/SEGGER_SYSVIEW_Config_FreeRTOS.o
LOAD ./ThirdParty/SEGGER/OS/SEGGER_SYSVIEW_FreeRTOS.o
LOAD ./ThirdParty/SEGGER/SEGGER/SEGGER_RTT.o
LOAD ./ThirdParty/SEGGER/SEGGER/SEGGER_RTT_ASM_ARMv7M.o
LOAD ./ThirdParty/SEGGER/SEGGER/SEGGER_RTT_printf.o
LOAD ./ThirdParty/SEGGER/SEGGER/SEGGER_SYSVIEW.o
LOAD ./ThirdParty/SEGGER/SEGGER/Syscalls/SEGGER_RTT_Syscalls_GCC.o
START GROUP
LOAD C:/ST/STM32CubeIDE_1.19.0/STM32CubeIDE/plugins/com.st.stm32cube.ide.mcu.externaltools.gnu-tools-for-stm32.13.3.rel1.win32_1.0.0.202411081344/tools/bin/../lib/gcc/arm-none-eabi/13.3.1/../../../../arm-none-eabi/lib/thumb/v7e-m+fp/hard\libc_nano.a
LOAD C:/ST/STM32CubeIDE_1.19.0/STM32CubeIDE/plugins/com.st.stm32cube.ide.mcu.externaltools.gnu-tools-for-stm32.13.3.rel1.win32_1.0.0.202411081344/tools/bin/../lib/gcc/arm-none-eabi/13.3.1/../../../../arm-none-eabi/lib/thumb/v7e-m+fp/hard\libm.a
END GROUP
START GROUP
LOAD C:/ST/STM32CubeIDE_1.19.0/STM32CubeIDE/plugins/com.st.stm32cube.ide.mcu.externaltools.gnu-tools-for-stm32.13.3.rel1.win32_1.0.0.202411081344/tools/bin/../lib/gcc/arm-none-eabi/13.3.1/thumb/v7e-m+fp/hard\libgcc.a
LOAD C:/ST/STM32CubeIDE_1.19.0/STM32CubeIDE/plugins/com.st.stm32cube.ide.mcu.externaltools.gnu-tools-for-stm32.13.3.rel1.win32_1.0.0.202411081344/tools/bin/../lib/gcc/arm-none-eabi/13.3.1/../../../../arm-none-eabi/lib/thumb/v7e-m+fp/hard\libc_nano.a
END GROUP
START GROUP
LOAD C:/ST/STM32CubeIDE_1.19.0/STM32CubeIDE/plugins/com.st.stm32cube.ide.mcu.externaltools.gnu-tools-for-stm32.13.3.rel1.win32_1.0.0.202411081344/tools/bin/../lib/gcc/arm-none-eabi/13.3.1/thumb/v7e-m+fp/hard\libgcc.a
LOAD C:/ST/STM32CubeIDE_1.19.0/STM32CubeIDE/plugins/com.st.stm32cube.ide.mcu.externaltools.gnu-tools-for-stm32.13.3.rel1.win32_1.0.0.202411081344/tools/bin/../lib/gcc/arm-none-eabi/13.3.1/../../../../arm-none-eabi/lib/thumb/v7e-m+fp/hard\libc_nano.a
LOAD C:/ST/STM32CubeIDE_1.19.0/STM32CubeIDE/plugins/com.st.stm32cube.ide.mcu.externaltools.gnu-tools-for-stm32.13.3.rel1.win32_1.0.0.202411081344/tools/bin/../lib/gcc/arm-none-eabi/13.3.1/../../../../arm-none-eabi/lib/thumb/v7e-m+fp/hard\libnosys.a
END GROUP
START GROUP
LOAD C:/ST/STM32CubeIDE_1.19.0/STM32CubeIDE/plugins/com.st.stm32cube.ide.mcu.externaltools.gnu-tools-for-stm32.13.3.rel1.win32_1.0.0.202411081344/tools/bin/../lib/gcc/arm-none-eabi/13.3.1/thumb/v7e-m+fp/hard\libgcc.a
LOAD C:/ST/STM32CubeIDE_1.19.0/STM32CubeIDE/plugins/com.st.stm32cube.ide.mcu.externaltools.gnu-tools-for-stm32.13.3.rel1.win32_1.0.0.202411081344/tools/bin/../lib/gcc/arm-none-eabi/13.3.1/../../../../arm-none-eabi/lib/thumb/v7e-m+fp/hard\libc_nano.a
LOAD C:/ST/STM32CubeIDE_1.19.0/STM32CubeIDE/plugins/com.st.stm32cube.ide.mcu.externaltools.gnu-tools-for-stm32.13.3.rel1.win32_1.0.0.202411081344/tools/bin/../lib/gcc/arm-none-eabi/13.3.1/../../../../arm-none-eabi/lib/thumb/v7e-m+fp/hard\libnosys.a
END GROUP
LOAD C:/ST/STM32CubeIDE_1.19.0/STM32CubeIDE/plugins/com.st.stm32cube.ide.mcu.externaltools.gnu-tools-for-stm32.13.3.rel1.win32_1.0.0.202411081344/tools/bin/../lib/gcc/arm-none-eabi/13.3.1/thumb/v7e-m+fp/hard/crtend.o
LOAD C:/ST/STM32CubeIDE_1.19.0/STM32CubeIDE/plugins/com.st.stm32cube.ide.mcu.externaltools.gnu-tools-for-stm32.13.3.rel1.win32_1.0.0.202411081344/tools/bin/../lib/gcc/arm-none-eabi/13.3.1/thumb/v7e-m+fp/hard/crtn.o
                0x20020000                        _estack = (ORIGIN (RAM) + LENGTH (RAM))
                0x00000200                        _Min_Heap_Size = 0x200
                0x00000400                        _Min_Stack_Size = 0x400

.isr_vector     0x08000000      0x188
                0x08000000                        . = ALIGN (0x4)
 *(.isr_vector)
 .isr_vector    0x08000000      0x188 ./Core/Startup/startup_stm32f407vgtx.o
                0x08000000                g_pfnVectors
                0x08000188                        . = ALIGN (0x4)

.text           0x08000190    0x109a0
                0x08000190                        . = ALIGN (0x4)
 *(.text)
 .text          0x08000190       0x40 C:/ST/STM32CubeIDE_1.19.0/STM32CubeIDE/plugins/com.st.stm32cube.ide.mcu.externaltools.gnu-tools-for-stm32.13.3.rel1.win32_1.0.0.202411081344/tools/bin/../lib/gcc/arm-none-eabi/13.3.1/thumb/v7e-m+fp/hard/crtbegin.o
 .text          0x080001d0       0x94 ./ThirdParty/SEGGER/SEGGER/SEGGER_RTT_ASM_ARMv7M.o
                0x080001d0                SEGGER_RTT_ASM_WriteSkipNoLock
 *fill*         0x08000264        0xc 
 .text          0x08000270       0xa0 C:/ST/STM32CubeIDE_1.19.0/STM32CubeIDE/plugins/com.st.stm32cube.ide.mcu.externaltools.gnu-tools-for-stm32.13.3.rel1.win32_1.0.0.202411081344/tools/bin/../lib/gcc/arm-none-eabi/13.3.1/../../../../arm-none-eabi/lib/thumb/v7e-m+fp/hard\libc_nano.a(libc_a-memchr.o)
                0x08000270                memchr
 .text          0x08000310       0x10 C:/ST/STM32CubeIDE_1.19.0/STM32CubeIDE/plugins/com.st.stm32cube.ide.mcu.externaltools.gnu-tools-for-stm32.13.3.rel1.win32_1.0.0.202411081344/tools/bin/../lib/gcc/arm-none-eabi/13.3.1/../../../../arm-none-eabi/lib/thumb/v7e-m+fp/hard\libc_nano.a(libc_a-strlen.o)
                0x08000310                strlen
 .text          0x08000320      0x378 C:/ST/STM32CubeIDE_1.19.0/STM32CubeIDE/plugins/com.st.stm32cube.ide.mcu.externaltools.gnu-tools-for-stm32.13.3.rel1.win32_1.0.0.202411081344/tools/bin/../lib/gcc/arm-none-eabi/13.3.1/thumb/v7e-m+fp/hard\libgcc.a(_arm_addsubdf3.o)
                0x08000320                __aeabi_drsub
                0x08000328                __aeabi_dsub
                0x08000328                __subdf3
                0x0800032c                __aeabi_dadd
                0x0800032c                __adddf3
                0x080005a4                __floatunsidf
                0x080005a4                __aeabi_ui2d
                0x080005c4                __floatsidf
                0x080005c4                __aeabi_i2d
                0x080005e8                __aeabi_f2d
                0x080005e8                __extendsfdf2
                0x0800062c                __floatundidf
                0x0800062c                __aeabi_ul2d
                0x0800063c                __floatdidf
                0x0800063c                __aeabi_l2d
 .text          0x08000698      0x424 C:/ST/STM32CubeIDE_1.19.0/STM32CubeIDE/plugins/com.st.stm32cube.ide.mcu.externaltools.gnu-tools-for-stm32.13.3.rel1.win32_1.0.0.202411081344/tools/bin/../lib/gcc/arm-none-eabi/13.3.1/thumb/v7e-m+fp/hard\libgcc.a(_arm_muldivdf3.o)
                0x08000698                __aeabi_dmul
                0x08000698                __muldf3
                0x080008ec                __divdf3
                0x080008ec                __aeabi_ddiv
 .text          0x08000abc      0x110 C:/ST/STM32CubeIDE_1.19.0/STM32CubeIDE/plugins/com.st.stm32cube.ide.mcu.externaltools.gnu-tools-for-stm32.13.3.rel1.win32_1.0.0.202411081344/tools/bin/../lib/gcc/arm-none-eabi/13.3.1/thumb/v7e-m+fp/hard\libgcc.a(_arm_cmpdf2.o)
                0x08000abc                __gtdf2
                0x08000abc                __gedf2
                0x08000ac4                __ltdf2
                0x08000ac4                __ledf2
                0x08000acc                __nedf2
                0x08000acc                __eqdf2
                0x08000acc                __cmpdf2
                0x08000b48                __aeabi_cdrcmple
                0x08000b58                __aeabi_cdcmpeq
                0x08000b58                __aeabi_cdcmple
                0x08000b68                __aeabi_dcmpeq
                0x08000b7c                __aeabi_dcmplt
                0x08000b90                __aeabi_dcmple
                0x08000ba4                __aeabi_dcmpge
                0x08000bb8                __aeabi_dcmpgt
 .text          0x08000bcc       0x2c C:/ST/STM32CubeIDE_1.19.0/STM32CubeIDE/plugins/com.st.stm32cube.ide.mcu.externaltools.gnu-tools-for-stm32.13.3.rel1.win32_1.0.0.202411081344/tools/bin/../lib/gcc/arm-none-eabi/13.3.1/thumb/v7e-m+fp/hard\libgcc.a(_arm_unorddf2.o)
                0x08000bcc                __unorddf2
                0x08000bcc                __aeabi_dcmpun
 .text          0x08000bf8       0x50 C:/ST/STM32CubeIDE_1.19.0/STM32CubeIDE/plugins/com.st.stm32cube.ide.mcu.externaltools.gnu-tools-for-stm32.13.3.rel1.win32_1.0.0.202411081344/tools/bin/../lib/gcc/arm-none-eabi/13.3.1/thumb/v7e-m+fp/hard\libgcc.a(_arm_fixdfsi.o)
                0x08000bf8                __aeabi_d2iz
                0x08000bf8                __fixdfsi
 .text          0x08000c48       0xa0 C:/ST/STM32CubeIDE_1.19.0/STM32CubeIDE/plugins/com.st.stm32cube.ide.mcu.externaltools.gnu-tools-for-stm32.13.3.rel1.win32_1.0.0.202411081344/tools/bin/../lib/gcc/arm-none-eabi/13.3.1/thumb/v7e-m+fp/hard\libgcc.a(_arm_truncdfsf2.o)
                0x08000c48                __truncdfsf2
                0x08000c48                __aeabi_d2f
 .text          0x08000ce8       0x30 C:/ST/STM32CubeIDE_1.19.0/STM32CubeIDE/plugins/com.st.stm32cube.ide.mcu.externaltools.gnu-tools-for-stm32.13.3.rel1.win32_1.0.0.202411081344/tools/bin/../lib/gcc/arm-none-eabi/13.3.1/thumb/v7e-m+fp/hard\libgcc.a(_aeabi_uldivmod.o)
                0x08000ce8                __aeabi_uldivmod
 .text          0x08000d18      0x2f8 C:/ST/STM32CubeIDE_1.19.0/STM32CubeIDE/plugins/com.st.stm32cube.ide.mcu.externaltools.gnu-tools-for-stm32.13.3.rel1.win32_1.0.0.202411081344/tools/bin/../lib/gcc/arm-none-eabi/13.3.1/thumb/v7e-m+fp/hard\libgcc.a(_udivmoddi4.o)
                0x08000d18                __udivmoddi4
 .text          0x08001010        0x4 C:/ST/STM32CubeIDE_1.19.0/STM32CubeIDE/plugins/com.st.stm32cube.ide.mcu.externaltools.gnu-tools-for-stm32.13.3.rel1.win32_1.0.0.202411081344/tools/bin/../lib/gcc/arm-none-eabi/13.3.1/thumb/v7e-m+fp/hard\libgcc.a(_dvmd_tls.o)
                0x08001010                __aeabi_idiv0
                0x08001010                __aeabi_ldiv0
 *(.text*)
 .text.DataType_Size
                0x08001014       0x50 ./Core/Src/DeviceManager.o
 .text.Payload_UnpackTable
                0x08001064       0xc4 ./Core/Src/DeviceManager.o
 .text.Payload_UnpackReading
                0x08001128       0xac ./Core/Src/DeviceManager.o
 .text._TimedOut
                0x080011d4       0x34 ./Core/Src/DeviceManager.o
 .text._Send    0x08001208       0x58 ./Core/Src/DeviceManager.o
 .text._SetPend
                0x08001260       0x34 ./Core/Src/DeviceManager.o
 .text._GoOffline
                0x08001294       0x1c ./Core/Src/DeviceManager.o
 .text._Fetch   0x080012b0       0x90 ./Core/Src/DeviceManager.o
 .text._PollBuild
                0x08001340       0xa8 ./Core/Src/DeviceManager.o
 .text._Poll    0x080013e8       0x6c ./Core/Src/DeviceManager.o
 .text._TryRecovery
                0x08001454       0xac ./Core/Src/DeviceManager.o
 .text._handleResponse
                0x08001500      0x434 ./Core/Src/DeviceManager.o
 .text.DeviceManager_GetState
                0x08001934       0x18 ./Core/Src/DeviceManager.o
                0x08001934                DeviceManager_GetState
 .text._HandleTimeout
                0x0800194c       0x80 ./Core/Src/DeviceManager.o
 .text.DeviceManager_Task
                0x080019cc      0x16c ./Core/Src/DeviceManager.o
                0x080019cc                DeviceManager_Task
 .text.DeviceManager_Init
                0x08001b38       0x2c ./Core/Src/DeviceManager.o
                0x08001b38                DeviceManager_Init
 .text._TimerStart
                0x08001b64       0x1c ./Core/Src/ProtocolTask.o
 .text._TimerStop
                0x08001b80       0x14 ./Core/Src/ProtocolTask.o
 .text.Protocol_Init
                0x08001b94       0x78 ./Core/Src/ProtocolTask.o
                0x08001b94                Protocol_Init
 .text._findSlaveByName
                0x08001c0c       0x38 ./Core/Src/ProtocolTask.o
 .text._DoSend  0x08001c44       0x4e ./Core/Src/ProtocolTask.o
 *fill*         0x08001c92        0x2 
 .text.Protocol_Task
                0x08001c94      0x21c ./Core/Src/ProtocolTask.o
                0x08001c94                Protocol_Task
 .text.Registry_Init
                0x08001eb0       0xa0 ./Core/Src/SlaveRegistry.o
                0x08001eb0                Registry_Init
 .text.Registry_SetState
                0x08001f50       0x58 ./Core/Src/SlaveRegistry.o
                0x08001f50                Registry_SetState
 .text.Registry_GetSlot
                0x08001fa8       0x8c ./Core/Src/SlaveRegistry.o
                0x08001fa8                Registry_GetSlot
 .text.Registry_SetConfigVersion
                0x08002034       0x58 ./Core/Src/SlaveRegistry.o
                0x08002034                Registry_SetConfigVersion
 .text.Registry_SetSensorTable
                0x0800208c       0xb0 ./Core/Src/SlaveRegistry.o
                0x0800208c                Registry_SetSensorTable
 .text.Registry_UpdateReading
                0x0800213c       0xe0 ./Core/Src/SlaveRegistry.o
                0x0800213c                Registry_UpdateReading
 .text.Registry_SetLastSeen
                0x0800221c       0x54 ./Core/Src/SlaveRegistry.o
                0x0800221c                Registry_SetLastSeen
 .text.Registry_SetMissedPolls
                0x08002270       0x58 ./Core/Src/SlaveRegistry.o
                0x08002270                Registry_SetMissedPolls
 .text.Registry_IncrementPoll
                0x080022c8       0x64 ./Core/Src/SlaveRegistry.o
                0x080022c8                Registry_IncrementPoll
 .text.Registry_IncrementNack
                0x0800232c       0x64 ./Core/Src/SlaveRegistry.o
                0x0800232c                Registry_IncrementNack
 .text.Registry_GetRegisteredCount
                0x08002390       0x68 ./Core/Src/SlaveRegistry.o
                0x08002390                Registry_GetRegisteredCount
 .text.Registry_GetOnlineCount
                0x080023f8       0x68 ./Core/Src/SlaveRegistry.o
                0x080023f8                Registry_GetOnlineCount
 .text.Registry_CountByState
                0x08002460       0x6c ./Core/Src/SlaveRegistry.o
                0x08002460                Registry_CountByState
 .text.Registry_IsRegistered
                0x080024cc       0x58 ./Core/Src/SlaveRegistry.o
                0x080024cc                Registry_IsRegistered
 .text.Registry_Toggle
                0x08002524       0xe8 ./Core/Src/SlaveRegistry.o
                0x08002524                Registry_Toggle
 .text.Registry_ResetForRun
                0x0800260c       0xe8 ./Core/Src/SlaveRegistry.o
                0x0800260c                Registry_ResetForRun
 .text.Registry_IncrementTimeout
                0x080026f4       0x8c ./Core/Src/SlaveRegistry.o
                0x080026f4                Registry_IncrementTimeout
 .text.Registry_GetAddr
                0x08002780       0x2c ./Core/Src/SlaveRegistry.o
                0x08002780                Registry_GetAddr
 .text.Registry_SetSensorCount
                0x080027ac       0x58 ./Core/Src/SlaveRegistry.o
                0x080027ac                Registry_SetSensorCount
 .text.Registry_GetSensorCount
                0x08002804       0x2c ./Core/Src/SlaveRegistry.o
                0x08002804                Registry_GetSensorCount
 .text._TriggerActuator
                0x08002830       0x68 ./Core/Src/alarm.o
 .text._Evaluate
                0x08002898       0x72 ./Core/Src/alarm.o
 *fill*         0x0800290a        0x2 
 .text.Alarm_Check
                0x0800290c      0x18c ./Core/Src/alarm.o
                0x0800290c                Alarm_Check
 .text.Button_Init
                0x08002a98       0x90 ./Core/Src/button.o
                0x08002a98                Button_Init
 .text.Button_Task
                0x08002b28      0x114 ./Core/Src/button.o
                0x08002b28                Button_Task
 .text._I2C     0x08002c3c       0x28 ./Core/Src/lcd_driver.o
 .text._Pulse   0x08002c64       0x3a ./Core/Src/lcd_driver.o
 *fill*         0x08002c9e        0x2 
 .text._Nibble  0x08002ca0       0x44 ./Core/Src/lcd_driver.o
 .text._Byte    0x08002ce4       0x40 ./Core/Src/lcd_driver.o
 .text.LCD_Init
                0x08002d24       0x6c ./Core/Src/lcd_driver.o
                0x08002d24                LCD_Init
 .text.LCD_SetCursor
                0x08002d90       0x40 ./Core/Src/lcd_driver.o
                0x08002d90                LCD_SetCursor
 .text.LCD_Print
                0x08002dd0       0x2c ./Core/Src/lcd_driver.o
                0x08002dd0                LCD_Print
 .text.LCD_Write2Lines
                0x08002dfc       0xaa ./Core/Src/lcd_driver.o
                0x08002dfc                LCD_Write2Lines
 *fill*         0x08002ea6        0x2 
 .text._Dirty   0x08002ea8       0x18 ./Core/Src/lcd_ui.o
 .text._TypeChar
                0x08002ec0       0x50 ./Core/Src/lcd_ui.o
 .text._FmtVal  0x08002f10       0xc8 ./Core/Src/lcd_ui.o
 .text._StateStr
                0x08002fd8       0x80 ./Core/Src/lcd_ui.o
 .text._DrawIdle
                0x08003058       0x18 ./Core/Src/lcd_ui.o
 .text._DrawStopMenu
                0x08003070       0x5c ./Core/Src/lcd_ui.o
 .text._DrawSlaveList
                0x080030cc       0x70 ./Core/Src/lcd_ui.o
 .text._DrawRun
                0x0800313c      0x268 ./Core/Src/lcd_ui.o
 .text._Btn_Idle
                0x080033a4       0x3c ./Core/Src/lcd_ui.o
 .text._Btn_StopMenu
                0x080033e0       0xa8 ./Core/Src/lcd_ui.o
 .text._Btn_SlaveList
                0x08003488       0xd4 ./Core/Src/lcd_ui.o
 .text._Btn_Run
                0x0800355c       0xc4 ./Core/Src/lcd_ui.o
 .text.LCD_UI_Init
                0x08003620       0x18 ./Core/Src/lcd_ui.o
                0x08003620                LCD_UI_Init
 .text.LCD_Task
                0x08003638       0xd4 ./Core/Src/lcd_ui.o
                0x08003638                LCD_Task
 .text.vApplicationStackOverflowHook
                0x0800370c       0x12 ./Core/Src/main.o
                0x0800370c                vApplicationStackOverflowHook
 .text.vApplicationMallocFailedHook
                0x0800371e        0x8 ./Core/Src/main.o
                0x0800371e                vApplicationMallocFailedHook
 *fill*         0x08003726        0x2 
 .text.main     0x08003728      0x1e0 ./Core/Src/main.o
                0x08003728                main
 .text.SystemClock_Config
                0x08003908       0xd4 ./Core/Src/main.o
                0x08003908                SystemClock_Config
 .text.MX_I2C1_Init
                0x080039dc       0x5c ./Core/Src/main.o
 .text.MX_TIM7_Init
                0x08003a38       0x6c ./Core/Src/main.o
 .text.MX_USART2_UART_Init
                0x08003aa4       0x54 ./Core/Src/main.o
 .text.MX_USART3_UART_Init
                0x08003af8       0x54 ./Core/Src/main.o
 .text.MX_DMA_Init
                0x08003b4c       0x70 ./Core/Src/main.o
 .text.MX_GPIO_Init
                0x08003bbc      0x104 ./Core/Src/main.o
 .text.HAL_TIM_PeriodElapsedCallback
                0x08003cc0       0x34 ./Core/Src/main.o
                0x08003cc0                HAL_TIM_PeriodElapsedCallback
 .text.Error_Handler
                0x08003cf4        0xc ./Core/Src/main.o
                0x08003cf4                Error_Handler
 .text.CRC16_Calc
                0x08003d00       0x84 ./Core/Src/rs485_driver.o
 .text.Frame_Build
                0x08003d84       0xc6 ./Core/Src/rs485_driver.o
 .text.Frame_ValidCRC
                0x08003e4a       0x66 ./Core/Src/rs485_driver.o
 .text.Frame_Parse
                0x08003eb0       0x92 ./Core/Src/rs485_driver.o
 *fill*         0x08003f42        0x2 
 .text.RS485_OnTimeout
                0x08003f44       0x74 ./Core/Src/rs485_driver.o
                0x08003f44                RS485_OnTimeout
 .text._RxStartPrefix
                0x08003fb8       0x24 ./Core/Src/rs485_driver.o
 .text._RxStartRest
                0x08003fdc       0x38 ./Core/Src/rs485_driver.o
 .text.RS485_Driver_Init
                0x08004014       0x44 ./Core/Src/rs485_driver.o
                0x08004014                RS485_Driver_Init
 .text.RS485_OnRxDmaComplete
                0x08004058      0x13c ./Core/Src/rs485_driver.o
                0x08004058                RS485_OnRxDmaComplete
 .text.RS485_Send
                0x08004194       0x90 ./Core/Src/rs485_driver.o
                0x08004194                RS485_Send
 .text.HAL_UART_TxCpltCallback
                0x08004224       0x30 ./Core/Src/rs485_driver.o
                0x08004224                HAL_UART_TxCpltCallback
 .text.HAL_UART_RxCpltCallback
                0x08004254       0x24 ./Core/Src/rs485_driver.o
                0x08004254                HAL_UART_RxCpltCallback
 .text.HAL_MspInit
                0x08004278       0x50 ./Core/Src/stm32f4xx_hal_msp.o
                0x08004278                HAL_MspInit
 .text.HAL_I2C_MspInit
                0x080042c8       0x90 ./Core/Src/stm32f4xx_hal_msp.o
                0x080042c8                HAL_I2C_MspInit
 .text.HAL_TIM_Base_MspInit
                0x08004358       0x50 ./Core/Src/stm32f4xx_hal_msp.o
                0x08004358                HAL_TIM_Base_MspInit
 .text.HAL_UART_MspInit
                0x080043a8      0x2b0 ./Core/Src/stm32f4xx_hal_msp.o
                0x080043a8                HAL_UART_MspInit
 .text.HAL_InitTick
                0x08004658       0xf8 ./Core/Src/stm32f4xx_hal_timebase_tim.o
                0x08004658                HAL_InitTick
 .text.NMI_Handler
                0x08004750        0x8 ./Core/Src/stm32f4xx_it.o
                0x08004750                NMI_Handler
 .text.HardFault_Handler
                0x08004758        0x8 ./Core/Src/stm32f4xx_it.o
                0x08004758                HardFault_Handler
 .text.MemManage_Handler
                0x08004760        0x8 ./Core/Src/stm32f4xx_it.o
                0x08004760                MemManage_Handler
 .text.BusFault_Handler
                0x08004768        0x8 ./Core/Src/stm32f4xx_it.o
                0x08004768                BusFault_Handler
 .text.UsageFault_Handler
                0x08004770        0x8 ./Core/Src/stm32f4xx_it.o
                0x08004770                UsageFault_Handler
 .text.DebugMon_Handler
                0x08004778        0xe ./Core/Src/stm32f4xx_it.o
                0x08004778                DebugMon_Handler
 *fill*         0x08004786        0x2 
 .text.DMA1_Stream1_IRQHandler
                0x08004788       0x14 ./Core/Src/stm32f4xx_it.o
                0x08004788                DMA1_Stream1_IRQHandler
 .text.DMA1_Stream3_IRQHandler
                0x0800479c       0x14 ./Core/Src/stm32f4xx_it.o
                0x0800479c                DMA1_Stream3_IRQHandler
 .text.DMA1_Stream5_IRQHandler
                0x080047b0       0x14 ./Core/Src/stm32f4xx_it.o
                0x080047b0                DMA1_Stream5_IRQHandler
 .text.DMA1_Stream6_IRQHandler
                0x080047c4       0x14 ./Core/Src/stm32f4xx_it.o
                0x080047c4                DMA1_Stream6_IRQHandler
 .text.USART2_IRQHandler
                0x080047d8       0x14 ./Core/Src/stm32f4xx_it.o
                0x080047d8                USART2_IRQHandler
 .text.USART3_IRQHandler
                0x080047ec       0x14 ./Core/Src/stm32f4xx_it.o
                0x080047ec                USART3_IRQHandler
 .text.TIM6_DAC_IRQHandler
                0x08004800       0x14 ./Core/Src/stm32f4xx_it.o
                0x08004800                TIM6_DAC_IRQHandler
 .text.TIM7_IRQHandler
                0x08004814       0x14 ./Core/Src/stm32f4xx_it.o
                0x08004814                TIM7_IRQHandler
 .text._getpid  0x08004828       0x10 ./Core/Src/syscalls.o
                0x08004828                _getpid
 .text._kill    0x08004838       0x20 ./Core/Src/syscalls.o
                0x08004838                _kill
 .text._exit    0x08004858       0x16 ./Core/Src/syscalls.o
                0x08004858                _exit
 .text._read    0x0800486e       0x3a ./Core/Src/syscalls.o
                0x0800486e                _read
 .text._close   0x080048a8       0x18 ./Core/Src/syscalls.o
                0x080048a8                _close
 .text._fstat   0x080048c0       0x20 ./Core/Src/syscalls.o
                0x080048c0                _fstat
 .text._isatty  0x080048e0       0x16 ./Core/Src/syscalls.o
                0x080048e0                _isatty
 .text._lseek   0x080048f6       0x1a ./Core/Src/syscalls.o
                0x080048f6                _lseek
 .text.SysState_Init
                0x08004910       0x18 ./Core/Src/system_state.o
                0x08004910                SysState_Init
 .text.SysState_Get
                0x08004928       0x24 ./Core/Src/system_state.o
                0x08004928                SysState_Get
 .text.SysState_Set
                0x0800494c       0x24 ./Core/Src/system_state.o
                0x0800494c                SysState_Set
 .text.SystemInit
                0x08004970       0x24 ./Core/Src/system_stm32f4xx.o
                0x08004970                SystemInit
 .text.DataType_Size
                0x08004994       0x50 ./Core/Src/upstream.o
 .text.CRC16_Calc
                0x080049e4       0x84 ./Core/Src/upstream.o
 .text.Frame_Build
                0x08004a68       0xc6 ./Core/Src/upstream.o
 .text.Payload_PackUpstream
                0x08004b2e      0x15c ./Core/Src/upstream.o
 *fill*         0x08004c8a        0x2 
 .text._PushDataIfChanged
                0x08004c8c      0x160 ./Core/Src/upstream.o
 .text._SendAlarm
                0x08004dec       0xf8 ./Core/Src/upstream.o
 .text.Upstream_Init
                0x08004ee4        0xe ./Core/Src/upstream.o
                0x08004ee4                Upstream_Init
 *fill*         0x08004ef2        0x2 
 .text.Upstream_Task
                0x08004ef4       0x64 ./Core/Src/upstream.o
                0x08004ef4                Upstream_Task
 .text.__NVIC_SystemReset
                0x08004f58       0x2c ./Core/Src/watchdog.o
 .text.Watchdog_Init
                0x08004f84       0x48 ./Core/Src/watchdog.o
                0x08004f84                Watchdog_Init
 .text.Watchdog_Kick
                0x08004fcc       0x30 ./Core/Src/watchdog.o
                0x08004fcc                Watchdog_Kick
 .text.Watchdog_Task
                0x08004ffc       0xe0 ./Core/Src/watchdog.o
                0x08004ffc                Watchdog_Task
 .text.Reset_Handler
                0x080050dc       0x50 ./Core/Startup/startup_stm32f407vgtx.o
                0x080050dc                Reset_Handler
 .text.Default_Handler
                0x0800512c        0x2 ./Core/Startup/startup_stm32f407vgtx.o
                0x0800512c                RTC_Alarm_IRQHandler
                0x0800512c                HASH_RNG_IRQHandler
                0x0800512c                EXTI2_IRQHandler
                0x0800512c                TIM8_CC_IRQHandler
                0x0800512c                TIM1_CC_IRQHandler
                0x0800512c                DMA2_Stream5_IRQHandler
                0x0800512c                PVD_IRQHandler
                0x0800512c                SDIO_IRQHandler
                0x0800512c                TAMP_STAMP_IRQHandler
                0x0800512c                CAN2_RX1_IRQHandler
                0x0800512c                EXTI3_IRQHandler
                0x0800512c                TIM8_TRG_COM_TIM14_IRQHandler
                0x0800512c                TIM1_UP_TIM10_IRQHandler
                0x0800512c                TIM8_UP_TIM13_IRQHandler
                0x0800512c                I2C3_ER_IRQHandler
                0x0800512c                EXTI0_IRQHandler
                0x0800512c                I2C2_EV_IRQHandler
                0x0800512c                DMA1_Stream2_IRQHandler
                0x0800512c                CAN1_RX0_IRQHandler
                0x0800512c                FPU_IRQHandler
                0x0800512c                OTG_HS_WKUP_IRQHandler
                0x0800512c                CAN2_SCE_IRQHandler
                0x0800512c                DMA2_Stream2_IRQHandler
                0x0800512c                SPI1_IRQHandler
                0x0800512c                TIM1_BRK_TIM9_IRQHandler
                0x0800512c                DCMI_IRQHandler
                0x0800512c                CAN2_RX0_IRQHandler
                0x0800512c                DMA2_Stream3_IRQHandler
                0x0800512c                USART6_IRQHandler
                0x0800512c                CAN1_RX1_IRQHandler
                0x0800512c                UART5_IRQHandler
                0x0800512c                DMA2_Stream0_IRQHandler
                0x0800512c                TIM4_IRQHandler
                0x0800512c                I2C1_EV_IRQHandler
                0x0800512c                UART4_IRQHandler
                0x0800512c                TIM3_IRQHandler
                0x0800512c                RCC_IRQHandler
                0x0800512c                TIM8_BRK_TIM12_IRQHandler
                0x0800512c                Default_Handler
                0x0800512c                EXTI15_10_IRQHandler
                0x0800512c                ADC_IRQHandler
                0x0800512c                DMA1_Stream7_IRQHandler
                0x0800512c                CAN2_TX_IRQHandler
                0x0800512c                TIM5_IRQHandler
                0x0800512c                DMA2_Stream7_IRQHandler
                0x0800512c                I2C3_EV_IRQHandler
                0x0800512c                EXTI9_5_IRQHandler
                0x0800512c                RTC_WKUP_IRQHandler
                0x0800512c                ETH_WKUP_IRQHandler
                0x0800512c                SPI2_IRQHandler
                0x0800512c                OTG_HS_EP1_IN_IRQHandler
                0x0800512c                DMA1_Stream0_IRQHandler
                0x0800512c                CAN1_TX_IRQHandler
                0x0800512c                EXTI4_IRQHandler
                0x0800512c                FSMC_IRQHandler
                0x0800512c                ETH_IRQHandler
                0x0800512c                OTG_HS_EP1_OUT_IRQHandler
                0x0800512c                WWDG_IRQHandler
                0x0800512c                TIM2_IRQHandler
                0x0800512c                OTG_FS_WKUP_IRQHandler
                0x0800512c                TIM1_TRG_COM_TIM11_IRQHandler
                0x0800512c                OTG_HS_IRQHandler
                0x0800512c                EXTI1_IRQHandler
                0x0800512c                I2C2_ER_IRQHandler
                0x0800512c                DMA2_Stream1_IRQHandler
                0x0800512c                CAN1_SCE_IRQHandler
                0x0800512c                FLASH_IRQHandler
                0x0800512c                DMA2_Stream4_IRQHandler
                0x0800512c                USART1_IRQHandler
                0x0800512c                OTG_FS_IRQHandler
                0x0800512c                SPI3_IRQHandler
                0x0800512c                DMA1_Stream4_IRQHandler
                0x0800512c                I2C1_ER_IRQHandler
                0x0800512c                DMA2_Stream6_IRQHandler
 *fill*         0x0800512e        0x2 
 .text.HAL_Init
                0x08005130       0x44 ./Drivers/STM32F4xx_HAL_Driver/Src/stm32f4xx_hal.o
                0x08005130                HAL_Init
 .text.HAL_IncTick
                0x08005174       0x28 ./Drivers/STM32F4xx_HAL_Driver/Src/stm32f4xx_hal.o
                0x08005174                HAL_IncTick
 .text.HAL_GetTick
                0x0800519c       0x18 ./Drivers/STM32F4xx_HAL_Driver/Src/stm32f4xx_hal.o
                0x0800519c                HAL_GetTick
 .text.__NVIC_SetPriorityGrouping
                0x080051b4       0x48 ./Drivers/STM32F4xx_HAL_Driver/Src/stm32f4xx_hal_cortex.o
 .text.__NVIC_GetPriorityGrouping
                0x080051fc       0x1c ./Drivers/STM32F4xx_HAL_Driver/Src/stm32f4xx_hal_cortex.o
 .text.__NVIC_EnableIRQ
                0x08005218       0x3c ./Drivers/STM32F4xx_HAL_Driver/Src/stm32f4xx_hal_cortex.o
 .text.__NVIC_SetPriority
                0x08005254       0x54 ./Drivers/STM32F4xx_HAL_Driver/Src/stm32f4xx_hal_cortex.o
 .text.NVIC_EncodePriority
                0x080052a8       0x66 ./Drivers/STM32F4xx_HAL_Driver/Src/stm32f4xx_hal_cortex.o
 .text.HAL_NVIC_SetPriorityGrouping
                0x0800530e       0x16 ./Drivers/STM32F4xx_HAL_Driver/Src/stm32f4xx_hal_cortex.o
                0x0800530e                HAL_NVIC_SetPriorityGrouping
 .text.HAL_NVIC_SetPriority
                0x08005324       0x38 ./Drivers/STM32F4xx_HAL_Driver/Src/stm32f4xx_hal_cortex.o
                0x08005324                HAL_NVIC_SetPriority
 .text.HAL_NVIC_EnableIRQ
                0x0800535c       0x1c ./Drivers/STM32F4xx_HAL_Driver/Src/stm32f4xx_hal_cortex.o
                0x0800535c                HAL_NVIC_EnableIRQ
 .text.HAL_DMA_Init
                0x08005378      0x15c ./Drivers/STM32F4xx_HAL_Driver/Src/stm32f4xx_hal_dma.o
                0x08005378                HAL_DMA_Init
 .text.HAL_DMA_Start_IT
                0x080054d4       0xb0 ./Drivers/STM32F4xx_HAL_Driver/Src/stm32f4xx_hal_dma.o
                0x080054d4                HAL_DMA_Start_IT
 .text.HAL_DMA_Abort
                0x08005584       0xe0 ./Drivers/STM32F4xx_HAL_Driver/Src/stm32f4xx_hal_dma.o
                0x08005584                HAL_DMA_Abort
 .text.HAL_DMA_Abort_IT
                0x08005664       0x44 ./Drivers/STM32F4xx_HAL_Driver/Src/stm32f4xx_hal_dma.o
                0x08005664                HAL_DMA_Abort_IT
 .text.HAL_DMA_IRQHandler
                0x080056a8      0x314 ./Drivers/STM32F4xx_HAL_Driver/Src/stm32f4xx_hal_dma.o
                0x080056a8                HAL_DMA_IRQHandler
 .text.HAL_DMA_GetError
                0x080059bc       0x18 ./Drivers/STM32F4xx_HAL_Driver/Src/stm32f4xx_hal_dma.o
                0x080059bc                HAL_DMA_GetError
 .text.DMA_SetConfig
                0x080059d4       0x5c ./Drivers/STM32F4xx_HAL_Driver/Src/stm32f4xx_hal_dma.o
 .text.DMA_CalcBaseAndBitshift
                0x08005a30       0x6c ./Drivers/STM32F4xx_HAL_Driver/Src/stm32f4xx_hal_dma.o
 .text.DMA_CheckFifoParam
                0x08005a9c       0xf8 ./Drivers/STM32F4xx_HAL_Driver/Src/stm32f4xx_hal_dma.o
 .text.HAL_GPIO_Init
                0x08005b94      0x338 ./Drivers/STM32F4xx_HAL_Driver/Src/stm32f4xx_hal_gpio.o
                0x08005b94                HAL_GPIO_Init
 .text.HAL_GPIO_ReadPin
                0x08005ecc       0x30 ./Drivers/STM32F4xx_HAL_Driver/Src/stm32f4xx_hal_gpio.o
                0x08005ecc                HAL_GPIO_ReadPin
 .text.HAL_GPIO_WritePin
                0x08005efc       0x32 ./Drivers/STM32F4xx_HAL_Driver/Src/stm32f4xx_hal_gpio.o
                0x08005efc                HAL_GPIO_WritePin
 .text.HAL_GPIO_TogglePin
                0x08005f2e       0x34 ./Drivers/STM32F4xx_HAL_Driver/Src/stm32f4xx_hal_gpio.o
                0x08005f2e                HAL_GPIO_TogglePin
 *fill*         0x08005f62        0x2 
 .text.HAL_I2C_Init
                0x08005f64      0x288 ./Drivers/STM32F4xx_HAL_Driver/Src/stm32f4xx_hal_i2c.o
                0x08005f64                HAL_I2C_Init
 .text.HAL_I2C_Master_Transmit
                0x080061ec      0x1fc ./Drivers/STM32F4xx_HAL_Driver/Src/stm32f4xx_hal_i2c.o
                0x080061ec                HAL_I2C_Master_Transmit
 .text.I2C_MasterRequestWrite
                0x080063e8      0x104 ./Drivers/STM32F4xx_HAL_Driver/Src/stm32f4xx_hal_i2c.o
 .text.I2C_WaitOnFlagUntilTimeout
                0x080064ec       0xf4 ./Drivers/STM32F4xx_HAL_Driver/Src/stm32f4xx_hal_i2c.o
 .text.I2C_WaitOnMasterAddressFlagUntilTimeout
                0x080065e0      0x140 ./Drivers/STM32F4xx_HAL_Driver/Src/stm32f4xx_hal_i2c.o
 .text.I2C_WaitOnTXEFlagUntilTimeout
                0x08006720       0x90 ./Drivers/STM32F4xx_HAL_Driver/Src/stm32f4xx_hal_i2c.o
 .text.I2C_WaitOnBTFFlagUntilTimeout
                0x080067b0       0x90 ./Drivers/STM32F4xx_HAL_Driver/Src/stm32f4xx_hal_i2c.o
 .text.I2C_IsAcknowledgeFailed
                0x08006840       0x5e ./Drivers/STM32F4xx_HAL_Driver/Src/stm32f4xx_hal_i2c.o
 *fill*         0x0800689e        0x2 
 .text.HAL_RCC_OscConfig
                0x080068a0      0x4f0 ./Drivers/STM32F4xx_HAL_Driver/Src/stm32f4xx_hal_rcc.o
                0x080068a0                HAL_RCC_OscConfig
 .text.HAL_RCC_ClockConfig
                0x08006d90      0x1cc ./Drivers/STM32F4xx_HAL_Driver/Src/stm32f4xx_hal_rcc.o
                0x08006d90                HAL_RCC_ClockConfig
 .text.HAL_RCC_GetSysClockFreq
                0x08006f5c      0x20c ./Drivers/STM32F4xx_HAL_Driver/Src/stm32f4xx_hal_rcc.o
                0x08006f5c                HAL_RCC_GetSysClockFreq
 .text.HAL_RCC_GetHCLKFreq
                0x08007168       0x18 ./Drivers/STM32F4xx_HAL_Driver/Src/stm32f4xx_hal_rcc.o
                0x08007168                HAL_RCC_GetHCLKFreq
 .text.HAL_RCC_GetPCLK1Freq
                0x08007180       0x28 ./Drivers/STM32F4xx_HAL_Driver/Src/stm32f4xx_hal_rcc.o
                0x08007180                HAL_RCC_GetPCLK1Freq
 .text.HAL_RCC_GetPCLK2Freq
                0x080071a8       0x28 ./Drivers/STM32F4xx_HAL_Driver/Src/stm32f4xx_hal_rcc.o
                0x080071a8                HAL_RCC_GetPCLK2Freq
 .text.HAL_RCC_GetClockConfig
                0x080071d0       0x64 ./Drivers/STM32F4xx_HAL_Driver/Src/stm32f4xx_hal_rcc.o
                0x080071d0                HAL_RCC_GetClockConfig
 .text.HAL_TIM_Base_Init
                0x08007234       0x9e ./Drivers/STM32F4xx_HAL_Driver/Src/stm32f4xx_hal_tim.o
                0x08007234                HAL_TIM_Base_Init
 *fill*         0x080072d2        0x2 
 .text.HAL_TIM_Base_Start_IT
                0x080072d4       0xe0 ./Drivers/STM32F4xx_HAL_Driver/Src/stm32f4xx_hal_tim.o
                0x080072d4                HAL_TIM_Base_Start_IT
 .text.HAL_TIM_Base_Stop_IT
                0x080073b4       0x5e ./Drivers/STM32F4xx_HAL_Driver/Src/stm32f4xx_hal_tim.o
                0x080073b4                HAL_TIM_Base_Stop_IT
 .text.HAL_TIM_IRQHandler
                0x08007412      0x1e0 ./Drivers/STM32F4xx_HAL_Driver/Src/stm32f4xx_hal_tim.o
                0x08007412                HAL_TIM_IRQHandler
 .text.HAL_TIM_OC_DelayElapsedCallback
                0x080075f2       0x14 ./Drivers/STM32F4xx_HAL_Driver/Src/stm32f4xx_hal_tim.o
                0x080075f2                HAL_TIM_OC_DelayElapsedCallback
 .text.HAL_TIM_IC_CaptureCallback
                0x08007606       0x14 ./Drivers/STM32F4xx_HAL_Driver/Src/stm32f4xx_hal_tim.o
                0x08007606                HAL_TIM_IC_CaptureCallback
 .text.HAL_TIM_PWM_PulseFinishedCallback
                0x0800761a       0x14 ./Drivers/STM32F4xx_HAL_Driver/Src/stm32f4xx_hal_tim.o
                0x0800761a                HAL_TIM_PWM_PulseFinishedCallback
 .text.HAL_TIM_TriggerCallback
                0x0800762e       0x14 ./Drivers/STM32F4xx_HAL_Driver/Src/stm32f4xx_hal_tim.o
                0x0800762e                HAL_TIM_TriggerCallback
 *fill*         0x08007642        0x2 
 .text.TIM_Base_SetConfig
                0x08007644      0x14c ./Drivers/STM32F4xx_HAL_Driver/Src/stm32f4xx_hal_tim.o
                0x08007644                TIM_Base_SetConfig
 .text.HAL_TIMEx_MasterConfigSynchronization
                0x08007790       0xf8 ./Drivers/STM32F4xx_HAL_Driver/Src/stm32f4xx_hal_tim_ex.o
                0x08007790                HAL_TIMEx_MasterConfigSynchronization
 .text.HAL_TIMEx_CommutCallback
                0x08007888       0x14 ./Drivers/STM32F4xx_HAL_Driver/Src/stm32f4xx_hal_tim_ex.o
                0x08007888                HAL_TIMEx_CommutCallback
 .text.HAL_TIMEx_BreakCallback
                0x0800789c       0x14 ./Drivers/STM32F4xx_HAL_Driver/Src/stm32f4xx_hal_tim_ex.o
                0x0800789c                HAL_TIMEx_BreakCallback
 .text.HAL_UART_Init
                0x080078b0       0xa0 ./Drivers/STM32F4xx_HAL_Driver/Src/stm32f4xx_hal_uart.o
                0x080078b0                HAL_UART_Init
 .text.HAL_UART_Transmit_DMA
                0x08007950       0xf8 ./Drivers/STM32F4xx_HAL_Driver/Src/stm32f4xx_hal_uart.o
                0x08007950                HAL_UART_Transmit_DMA
 .text.HAL_UART_Receive_DMA
                0x08007a48       0x4a ./Drivers/STM32F4xx_HAL_Driver/Src/stm32f4xx_hal_uart.o
                0x08007a48                HAL_UART_Receive_DMA
 .text.HAL_UART_AbortReceive
                0x08007a92      0x146 ./Drivers/STM32F4xx_HAL_Driver/Src/stm32f4xx_hal_uart.o
                0x08007a92                HAL_UART_AbortReceive
 .text.HAL_UART_IRQHandler
                0x08007bd8      0x554 ./Drivers/STM32F4xx_HAL_Driver/Src/stm32f4xx_hal_uart.o
                0x08007bd8                HAL_UART_IRQHandler
 .text.HAL_UART_TxHalfCpltCallback
                0x0800812c       0x14 ./Drivers/STM32F4xx_HAL_Driver/Src/stm32f4xx_hal_uart.o
                0x0800812c                HAL_UART_TxHalfCpltCallback
 .text.HAL_UART_RxHalfCpltCallback
                0x08008140       0x14 ./Drivers/STM32F4xx_HAL_Driver/Src/stm32f4xx_hal_uart.o
                0x08008140                HAL_UART_RxHalfCpltCallback
 .text.HAL_UART_ErrorCallback
                0x08008154       0x14 ./Drivers/STM32F4xx_HAL_Driver/Src/stm32f4xx_hal_uart.o
                0x08008154                HAL_UART_ErrorCallback
 .text.HAL_UARTEx_RxEventCallback
                0x08008168       0x18 ./Drivers/STM32F4xx_HAL_Driver/Src/stm32f4xx_hal_uart.o
                0x08008168                HAL_UARTEx_RxEventCallback
 .text.UART_DMATransmitCplt
                0x08008180       0x9a ./Drivers/STM32F4xx_HAL_Driver/Src/stm32f4xx_hal_uart.o
 .text.UART_DMATxHalfCplt
                0x0800821a       0x1c ./Drivers/STM32F4xx_HAL_Driver/Src/stm32f4xx_hal_uart.o
 .text.UART_DMAReceiveCplt
                0x08008236      0x12c ./Drivers/STM32F4xx_HAL_Driver/Src/stm32f4xx_hal_uart.o
 .text.UART_DMARxHalfCplt
                0x08008362       0x3c ./Drivers/STM32F4xx_HAL_Driver/Src/stm32f4xx_hal_uart.o
 .text.UART_DMAError
                0x0800839e       0x94 ./Drivers/STM32F4xx_HAL_Driver/Src/stm32f4xx_hal_uart.o
 *fill*         0x08008432        0x2 
 .text.UART_Start_Receive_DMA
                0x08008434      0x14c ./Drivers/STM32F4xx_HAL_Driver/Src/stm32f4xx_hal_uart.o
                0x08008434                UART_Start_Receive_DMA
 .text.UART_EndTxTransfer
                0x08008580       0x50 ./Drivers/STM32F4xx_HAL_Driver/Src/stm32f4xx_hal_uart.o
 .text.UART_EndRxTransfer
                0x080085d0       0xc6 ./Drivers/STM32F4xx_HAL_Driver/Src/stm32f4xx_hal_uart.o
 .text.UART_DMAAbortOnError
                0x08008696       0x22 ./Drivers/STM32F4xx_HAL_Driver/Src/stm32f4xx_hal_uart.o
 .text.UART_Transmit_IT
                0x080086b8       0xa0 ./Drivers/STM32F4xx_HAL_Driver/Src/stm32f4xx_hal_uart.o
 .text.UART_EndTransmit_IT
                0x08008758       0x30 ./Drivers/STM32F4xx_HAL_Driver/Src/stm32f4xx_hal_uart.o
 .text.UART_Receive_IT
                0x08008788      0x17c ./Drivers/STM32F4xx_HAL_Driver/Src/stm32f4xx_hal_uart.o
 .text.UART_SetConfig
                0x08008904      0x4e8 ./Drivers/STM32F4xx_HAL_Driver/Src/stm32f4xx_hal_uart.o
 .text.vListInitialise
                0x08008dec       0x44 ./ThirdParty/FreeRTOS/list.o
                0x08008dec                vListInitialise
 .text.vListInitialiseItem
                0x08008e30       0x1e ./ThirdParty/FreeRTOS/list.o
                0x08008e30                vListInitialiseItem
 .text.vListInsert
                0x08008e4e       0x76 ./ThirdParty/FreeRTOS/list.o
                0x08008e4e                vListInsert
 .text.uxListRemove
                0x08008ec4       0x5e ./ThirdParty/FreeRTOS/list.o
                0x08008ec4                uxListRemove
 *fill*         0x08008f22        0x2 
 .text.xQueueGenericReset
                0x08008f24      0x12c ./ThirdParty/FreeRTOS/queue.o
                0x08008f24                xQueueGenericReset
 .text.xQueueGenericCreate
                0x08009050       0xb0 ./ThirdParty/FreeRTOS/queue.o
                0x08009050                xQueueGenericCreate
 .text.prvInitialiseNewQueue
                0x08009100       0x46 ./ThirdParty/FreeRTOS/queue.o
 .text.prvInitialiseMutex
                0x08009146       0x34 ./ThirdParty/FreeRTOS/queue.o
 .text.xQueueCreateMutex
                0x0800917a       0x42 ./ThirdParty/FreeRTOS/queue.o
                0x0800917a                xQueueCreateMutex
 .text.xQueueGenericSend
                0x080091bc      0x1ec ./ThirdParty/FreeRTOS/queue.o
                0x080091bc                xQueueGenericSend
 .text.xQueueGenericSendFromISR
                0x080093a8      0x176 ./ThirdParty/FreeRTOS/queue.o
                0x080093a8                xQueueGenericSendFromISR
 *fill*         0x0800951e        0x2 
 .text.xQueueReceive
                0x08009520      0x1ac ./ThirdParty/FreeRTOS/queue.o
                0x08009520                xQueueReceive
 .text.xQueueSemaphoreTake
                0x080096cc      0x1e8 ./ThirdParty/FreeRTOS/queue.o
                0x080096cc                xQueueSemaphoreTake
 .text.uxQueueMessagesWaiting
                0x080098b4       0x46 ./ThirdParty/FreeRTOS/queue.o
                0x080098b4                uxQueueMessagesWaiting
 .text.prvGetDisinheritPriorityAfterTimeout
                0x080098fa       0x30 ./ThirdParty/FreeRTOS/queue.o
 .text.prvCopyDataToQueue
                0x0800992a       0xd4 ./ThirdParty/FreeRTOS/queue.o
 .text.prvCopyDataFromQueue
                0x080099fe       0x4c ./ThirdParty/FreeRTOS/queue.o
 .text.prvUnlockQueue
                0x08009a4a       0xa4 ./ThirdParty/FreeRTOS/queue.o
 .text.prvIsQueueEmpty
                0x08009aee       0x2c ./ThirdParty/FreeRTOS/queue.o
 .text.prvIsQueueFull
                0x08009b1a       0x30 ./ThirdParty/FreeRTOS/queue.o
 .text.prvCreateTask
                0x08009b4a       0x78 ./ThirdParty/FreeRTOS/tasks.o
 .text.xTaskCreate
                0x08009bc2       0x50 ./ThirdParty/FreeRTOS/tasks.o
                0x08009bc2                xTaskCreate
 .text.prvInitialiseNewTask
                0x08009c12      0x120 ./ThirdParty/FreeRTOS/tasks.o
 *fill*         0x08009d32        0x2 
 .text.prvAddNewTaskToReadyList
                0x08009d34      0x168 ./ThirdParty/FreeRTOS/tasks.o
 .text.vTaskDelay
                0x08009e9c       0x70 ./ThirdParty/FreeRTOS/tasks.o
                0x08009e9c                vTaskDelay
 .text.prvCreateIdleTasks
                0x08009f0c       0x94 ./ThirdParty/FreeRTOS/tasks.o
 .text.vTaskStartScheduler
                0x08009fa0       0xa8 ./ThirdParty/FreeRTOS/tasks.o
                0x08009fa0                vTaskStartScheduler
 .text.vTaskSuspendAll
                0x0800a048       0x1c ./ThirdParty/FreeRTOS/tasks.o
                0x0800a048                vTaskSuspendAll
 .text.xTaskResumeAll
                0x0800a064      0x220 ./ThirdParty/FreeRTOS/tasks.o
                0x0800a064                xTaskResumeAll
 .text.xTaskGetTickCount
                0x0800a284       0x24 ./ThirdParty/FreeRTOS/tasks.o
                0x0800a284                xTaskGetTickCount
 .text.xTaskGetTickCountFromISR
                0x0800a2a8       0x2c ./ThirdParty/FreeRTOS/tasks.o
                0x0800a2a8                xTaskGetTickCountFromISR
 .text.uxTaskGetNumberOfTasks
                0x0800a2d4       0x1c ./ThirdParty/FreeRTOS/tasks.o
                0x0800a2d4                uxTaskGetNumberOfTasks
 .text.xTaskIncrementTick
                0x0800a2f0      0x240 ./ThirdParty/FreeRTOS/tasks.o
                0x0800a2f0                xTaskIncrementTick
 .text.vTaskSwitchContext
                0x0800a530      0x128 ./ThirdParty/FreeRTOS/tasks.o
                0x0800a530                vTaskSwitchContext
 .text.vTaskPlaceOnEventList
                0x0800a658       0x50 ./ThirdParty/FreeRTOS/tasks.o
                0x0800a658                vTaskPlaceOnEventList
 .text.xTaskRemoveFromEventList
                0x0800a6a8      0x1bc ./ThirdParty/FreeRTOS/tasks.o
                0x0800a6a8                xTaskRemoveFromEventList
 .text.vTaskInternalSetTimeOutState
                0x0800a864       0x30 ./ThirdParty/FreeRTOS/tasks.o
                0x0800a864                vTaskInternalSetTimeOutState
 .text.xTaskCheckForTimeOut
                0x0800a894       0xd8 ./ThirdParty/FreeRTOS/tasks.o
                0x0800a894                xTaskCheckForTimeOut
 .text.vTaskMissedYield
                0x0800a96c       0x18 ./ThirdParty/FreeRTOS/tasks.o
                0x0800a96c                vTaskMissedYield
 .text.prvIdleTask
                0x0800a984       0x30 ./ThirdParty/FreeRTOS/tasks.o
 .text.prvInitialiseTaskLists
                0x0800a9b4       0x80 ./ThirdParty/FreeRTOS/tasks.o
 .text.prvCheckTasksWaitingTermination
                0x0800aa34       0x5c ./ThirdParty/FreeRTOS/tasks.o
 .text.prvDeleteTCB
                0x0800aa90       0x20 ./ThirdParty/FreeRTOS/tasks.o
 .text.prvResetNextTaskUnblockTime
                0x0800aab0       0x38 ./ThirdParty/FreeRTOS/tasks.o
 .text.xTaskPriorityInherit
                0x0800aae8      0x150 ./ThirdParty/FreeRTOS/tasks.o
                0x0800aae8                xTaskPriorityInherit
 .text.xTaskPriorityDisinherit
                0x0800ac38      0x15c ./ThirdParty/FreeRTOS/tasks.o
                0x0800ac38                xTaskPriorityDisinherit
 .text.vTaskPriorityDisinheritAfterTimeout
                0x0800ad94      0x184 ./ThirdParty/FreeRTOS/tasks.o
                0x0800ad94                vTaskPriorityDisinheritAfterTimeout
 .text.pvTaskIncrementMutexHeldCount
                0x0800af18       0x3c ./ThirdParty/FreeRTOS/tasks.o
                0x0800af18                pvTaskIncrementMutexHeldCount
 .text.ulTaskGenericNotifyTake
                0x0800af54       0xf4 ./ThirdParty/FreeRTOS/tasks.o
                0x0800af54                ulTaskGenericNotifyTake
 .text.xTaskGenericNotify
                0x0800b048      0x264 ./ThirdParty/FreeRTOS/tasks.o
                0x0800b048                xTaskGenericNotify
 .text.vTaskGenericNotifyGiveFromISR
                0x0800b2ac      0x220 ./ThirdParty/FreeRTOS/tasks.o
                0x0800b2ac                vTaskGenericNotifyGiveFromISR
 .text.ulTaskGenericNotifyValueClear
                0x0800b4cc       0x84 ./ThirdParty/FreeRTOS/tasks.o
                0x0800b4cc                ulTaskGenericNotifyValueClear
 .text.prvAddCurrentTaskToDelayedList
                0x0800b550      0x11c ./ThirdParty/FreeRTOS/tasks.o
 .text.pxPortInitialiseStack
                0x0800b66c       0x68 ./ThirdParty/FreeRTOS/portable/GCC/ARM_CM4F/port.o
                0x0800b66c                pxPortInitialiseStack
 .text.prvTaskExitError
                0x0800b6d4       0x5c ./ThirdParty/FreeRTOS/portable/GCC/ARM_CM4F/port.o
 .text.SVC_Handler
                0x0800b730       0x28 ./ThirdParty/FreeRTOS/portable/GCC/ARM_CM4F/port.o
                0x0800b730                SVC_Handler
 .text.prvPortStartFirstTask
                0x0800b758       0x2c ./ThirdParty/FreeRTOS/portable/GCC/ARM_CM4F/port.o
 .text.xPortStartScheduler
                0x0800b784      0x1e0 ./ThirdParty/FreeRTOS/portable/GCC/ARM_CM4F/port.o
                0x0800b784                xPortStartScheduler
 .text.vInitPrioGroupValue
                0x0800b964      0x100 ./ThirdParty/FreeRTOS/portable/GCC/ARM_CM4F/port.o
                0x0800b964                vInitPrioGroupValue
 .text.vPortEnterCritical
                0x0800ba64       0x64 ./ThirdParty/FreeRTOS/portable/GCC/ARM_CM4F/port.o
                0x0800ba64                vPortEnterCritical
 .text.vPortExitCritical
                0x0800bac8       0x54 ./ThirdParty/FreeRTOS/portable/GCC/ARM_CM4F/port.o
                0x0800bac8                vPortExitCritical
 *fill*         0x0800bb1c        0x4 
 .text.PendSV_Handler
                0x0800bb20       0x68 ./ThirdParty/FreeRTOS/portable/GCC/ARM_CM4F/port.o
                0x0800bb20                PendSV_Handler
 .text.SysTick_Handler
                0x0800bb88       0x54 ./ThirdParty/FreeRTOS/portable/GCC/ARM_CM4F/port.o
                0x0800bb88                SysTick_Handler
 .text.vPortSetupTimerInterrupt
                0x0800bbdc       0x48 ./ThirdParty/FreeRTOS/portable/GCC/ARM_CM4F/port.o
                0x0800bbdc                vPortSetupTimerInterrupt
 .text.vPortEnableVFP
                0x0800bc24       0x18 ./ThirdParty/FreeRTOS/portable/GCC/ARM_CM4F/port.o
 .text.vPortValidateInterruptPriority
                0x0800bc3c       0x84 ./ThirdParty/FreeRTOS/portable/GCC/ARM_CM4F/port.o
                0x0800bc3c                vPortValidateInterruptPriority
 .text.pvPortMalloc
                0x0800bcc0      0x26c ./ThirdParty/FreeRTOS/portable/MemMang/heap_4.o
                0x0800bcc0                pvPortMalloc
 .text.vPortFree
                0x0800bf2c       0xec ./ThirdParty/FreeRTOS/portable/MemMang/heap_4.o
                0x0800bf2c                vPortFree
 .text.xPortGetFreeHeapSize
                0x0800c018       0x18 ./ThirdParty/FreeRTOS/portable/MemMang/heap_4.o
                0x0800c018                xPortGetFreeHeapSize
 .text.prvHeapInit
                0x0800c030       0xb4 ./ThirdParty/FreeRTOS/portable/MemMang/heap_4.o
 .text.prvInsertBlockIntoFreeList
                0x0800c0e4       0xf4 ./ThirdParty/FreeRTOS/portable/MemMang/heap_4.o
 .text._cbSendSystemDesc
                0x0800c1d8       0x1c ./ThirdParty/SEGGER/Config/SEGGER_SYSVIEW_Config_FreeRTOS.o
 .text.SEGGER_SYSVIEW_Conf
                0x0800c1f4       0x2c ./ThirdParty/SEGGER/Config/SEGGER_SYSVIEW_Config_FreeRTOS.o
                0x0800c1f4                SEGGER_SYSVIEW_Conf
 .text._cbSendTaskList
                0x0800c220       0x90 ./ThirdParty/SEGGER/OS/SEGGER_SYSVIEW_FreeRTOS.o
 .text._cbGetTime
                0x0800c2b0       0x86 ./ThirdParty/SEGGER/OS/SEGGER_SYSVIEW_FreeRTOS.o
 *fill*         0x0800c336        0x2 
 .text.SYSVIEW_AddTask
                0x0800c338       0xd0 ./ThirdParty/SEGGER/OS/SEGGER_SYSVIEW_FreeRTOS.o
                0x0800c338                SYSVIEW_AddTask
 .text.SYSVIEW_SendTaskInfo
                0x0800c408       0x42 ./ThirdParty/SEGGER/OS/SEGGER_SYSVIEW_FreeRTOS.o
                0x0800c408                SYSVIEW_SendTaskInfo
 *fill*         0x0800c44a        0x2 
 .text._DoInit  0x0800c44c       0xb4 ./ThirdParty/SEGGER/SEGGER/SEGGER_RTT.o
 .text._WriteBlocking
                0x0800c500       0xba ./ThirdParty/SEGGER/SEGGER/SEGGER_RTT.o
 .text._WriteNoCheck
                0x0800c5ba       0x90 ./ThirdParty/SEGGER/SEGGER/SEGGER_RTT.o
 .text._GetAvailWriteSpace
                0x0800c64a       0x46 ./ThirdParty/SEGGER/SEGGER/SEGGER_RTT.o
 .text.SEGGER_RTT_ReadNoLock
                0x0800c690      0x10c ./ThirdParty/SEGGER/SEGGER/SEGGER_RTT.o
                0x0800c690                SEGGER_RTT_ReadNoLock
 .text.SEGGER_RTT_WriteNoLock
                0x0800c79c       0xa0 ./ThirdParty/SEGGER/SEGGER/SEGGER_RTT.o
                0x0800c79c                SEGGER_RTT_WriteNoLock
 .text.SEGGER_RTT_Write
                0x0800c83c       0x4c ./ThirdParty/SEGGER/SEGGER/SEGGER_RTT.o
                0x0800c83c                SEGGER_RTT_Write
 .text.SEGGER_RTT_AllocUpBuffer
                0x0800c888      0x108 ./ThirdParty/SEGGER/SEGGER/SEGGER_RTT.o
                0x0800c888                SEGGER_RTT_AllocUpBuffer
 .text.SEGGER_RTT_ConfigDownBuffer
                0x0800c990       0x98 ./ThirdParty/SEGGER/SEGGER/SEGGER_RTT.o
                0x0800c990                SEGGER_RTT_ConfigDownBuffer
 .text._EncodeStr
                0x0800ca28       0x60 ./ThirdParty/SEGGER/SEGGER/SEGGER_SYSVIEW.o
 .text._PreparePacket
                0x0800ca88       0x18 ./ThirdParty/SEGGER/SEGGER/SEGGER_SYSVIEW.o
 .text._HandleIncomingPacket
                0x0800caa0       0xdc ./ThirdParty/SEGGER/SEGGER/SEGGER_SYSVIEW.o
 .text._TrySendOverflowPacket
                0x0800cb7c       0xe4 ./ThirdParty/SEGGER/SEGGER/SEGGER_SYSVIEW.o
 .text._SendPacket
                0x0800cc60      0x2dc ./ThirdParty/SEGGER/SEGGER/SEGGER_SYSVIEW.o
 .text.SEGGER_SYSVIEW_Init
                0x0800cf3c       0x88 ./ThirdParty/SEGGER/SEGGER/SEGGER_SYSVIEW.o
                0x0800cf3c                SEGGER_SYSVIEW_Init
 .text.SEGGER_SYSVIEW_SetRAMBase
                0x0800cfc4       0x20 ./ThirdParty/SEGGER/SEGGER/SEGGER_SYSVIEW.o
                0x0800cfc4                SEGGER_SYSVIEW_SetRAMBase
 .text.SEGGER_SYSVIEW_RecordVoid
                0x0800cfe4       0x3c ./ThirdParty/SEGGER/SEGGER/SEGGER_SYSVIEW.o
                0x0800cfe4                SEGGER_SYSVIEW_RecordVoid
 .text.SEGGER_SYSVIEW_RecordU32
                0x0800d020       0x78 ./ThirdParty/SEGGER/SEGGER/SEGGER_SYSVIEW.o
                0x0800d020                SEGGER_SYSVIEW_RecordU32
 .text.SEGGER_SYSVIEW_RecordU32x2
                0x0800d098       0xb4 ./ThirdParty/SEGGER/SEGGER/SEGGER_SYSVIEW.o
                0x0800d098                SEGGER_SYSVIEW_RecordU32x2
 .text.SEGGER_SYSVIEW_Start
                0x0800d14c      0x174 ./ThirdParty/SEGGER/SEGGER/SEGGER_SYSVIEW.o
                0x0800d14c                SEGGER_SYSVIEW_Start
 .text.SEGGER_SYSVIEW_Stop
                0x0800d2c0       0x4c ./ThirdParty/SEGGER/SEGGER/SEGGER_SYSVIEW.o
                0x0800d2c0                SEGGER_SYSVIEW_Stop
 .text.SEGGER_SYSVIEW_GetSysDesc
                0x0800d30c      0x134 ./ThirdParty/SEGGER/SEGGER/SEGGER_SYSVIEW.o
                0x0800d30c                SEGGER_SYSVIEW_GetSysDesc
 .text.SEGGER_SYSVIEW_SendTaskInfo
                0x0800d440      0x1c8 ./ThirdParty/SEGGER/SEGGER/SEGGER_SYSVIEW.o
                0x0800d440                SEGGER_SYSVIEW_SendTaskInfo
 .text.SEGGER_SYSVIEW_SendTaskList
                0x0800d608       0x28 ./ThirdParty/SEGGER/SEGGER/SEGGER_SYSVIEW.o
                0x0800d608                SEGGER_SYSVIEW_SendTaskList
 .text.SEGGER_SYSVIEW_SendSysDesc
                0x0800d630       0x48 ./ThirdParty/SEGGER/SEGGER/SEGGER_SYSVIEW.o
                0x0800d630                SEGGER_SYSVIEW_SendSysDesc
 .text.SEGGER_SYSVIEW_RecordSystime
                0x0800d678       0x64 ./ThirdParty/SEGGER/SEGGER/SEGGER_SYSVIEW.o
                0x0800d678                SEGGER_SYSVIEW_RecordSystime
 .text.SEGGER_SYSVIEW_RecordEnterISR
                0x0800d6dc       0x84 ./ThirdParty/SEGGER/SEGGER/SEGGER_SYSVIEW.o
                0x0800d6dc                SEGGER_SYSVIEW_RecordEnterISR
 .text.SEGGER_SYSVIEW_RecordExitISR
                0x0800d760       0x38 ./ThirdParty/SEGGER/SEGGER/SEGGER_SYSVIEW.o
                0x0800d760                SEGGER_SYSVIEW_RecordExitISR
 .text.SEGGER_SYSVIEW_RecordExitISRToScheduler
                0x0800d798       0x38 ./ThirdParty/SEGGER/SEGGER/SEGGER_SYSVIEW.o
                0x0800d798                SEGGER_SYSVIEW_RecordExitISRToScheduler
 .text.SEGGER_SYSVIEW_RecordEndCall
                0x0800d7d0       0x78 ./ThirdParty/SEGGER/SEGGER/SEGGER_SYSVIEW.o
                0x0800d7d0                SEGGER_SYSVIEW_RecordEndCall
 .text.SEGGER_SYSVIEW_RecordEndCallU32
                0x0800d848       0xb0 ./ThirdParty/SEGGER/SEGGER/SEGGER_SYSVIEW.o
                0x0800d848                SEGGER_SYSVIEW_RecordEndCallU32
 .text.SEGGER_SYSVIEW_OnIdle
                0x0800d8f8       0x38 ./ThirdParty/SEGGER/SEGGER/SEGGER_SYSVIEW.o
                0x0800d8f8                SEGGER_SYSVIEW_OnIdle
 .text.SEGGER_SYSVIEW_OnTaskCreate
                0x0800d930       0x84 ./ThirdParty/SEGGER/SEGGER/SEGGER_SYSVIEW.o
                0x0800d930                SEGGER_SYSVIEW_OnTaskCreate
 .text.SEGGER_SYSVIEW_OnTaskStartExec
                0x0800d9b4       0x84 ./ThirdParty/SEGGER/SEGGER/SEGGER_SYSVIEW.o
                0x0800d9b4                SEGGER_SYSVIEW_OnTaskStartExec
 .text.SEGGER_SYSVIEW_OnTaskStartReady
                0x0800da38       0x84 ./ThirdParty/SEGGER/SEGGER/SEGGER_SYSVIEW.o
                0x0800da38                SEGGER_SYSVIEW_OnTaskStartReady
 .text.SEGGER_SYSVIEW_OnTaskStopReady
                0x0800dabc       0xc0 ./ThirdParty/SEGGER/SEGGER/SEGGER_SYSVIEW.o
                0x0800dabc                SEGGER_SYSVIEW_OnTaskStopReady
 .text.SEGGER_SYSVIEW_ShrinkId
                0x0800db7c       0x20 ./ThirdParty/SEGGER/SEGGER/SEGGER_SYSVIEW.o
                0x0800db7c                SEGGER_SYSVIEW_ShrinkId
 .text.SEGGER_SYSVIEW_SendModule
                0x0800db9c      0x114 ./ThirdParty/SEGGER/SEGGER/SEGGER_SYSVIEW.o
                0x0800db9c                SEGGER_SYSVIEW_SendModule
 .text.SEGGER_SYSVIEW_SendModuleDescription
                0x0800dcb0       0x3c ./ThirdParty/SEGGER/SEGGER/SEGGER_SYSVIEW.o
                0x0800dcb0                SEGGER_SYSVIEW_SendModuleDescription
 .text.SEGGER_SYSVIEW_SendNumModules
                0x0800dcec       0x7c ./ThirdParty/SEGGER/SEGGER/SEGGER_SYSVIEW.o
                0x0800dcec                SEGGER_SYSVIEW_SendNumModules
 .text.SEGGER_SYSVIEW_Warn
                0x0800dd68       0xb8 ./ThirdParty/SEGGER/SEGGER/SEGGER_SYSVIEW.o
                0x0800dd68                SEGGER_SYSVIEW_Warn
 .text._write_r
                0x0800de20       0x22 ./ThirdParty/SEGGER/SEGGER/Syscalls/SEGGER_RTT_Syscalls_GCC.o
                0x0800de20                _write_r
 .text.__cvt    0x0800de42       0xca C:/ST/STM32CubeIDE_1.19.0/STM32CubeIDE/plugins/com.st.stm32cube.ide.mcu.externaltools.gnu-tools-for-stm32.13.3.rel1.win32_1.0.0.202411081344/tools/bin/../lib/gcc/arm-none-eabi/13.3.1/../../../../arm-none-eabi/lib/thumb/v7e-m+fp/hard\libc_nano.a(libc_a-nano-vfprintf_float.o)
                0x0800de42                __cvt
 .text.__exponent
                0x0800df0c       0x74 C:/ST/STM32CubeIDE_1.19.0/STM32CubeIDE/plugins/com.st.stm32cube.ide.mcu.externaltools.gnu-tools-for-stm32.13.3.rel1.win32_1.0.0.202411081344/tools/bin/../lib/gcc/arm-none-eabi/13.3.1/../../../../arm-none-eabi/lib/thumb/v7e-m+fp/hard\libc_nano.a(libc_a-nano-vfprintf_float.o)
                0x0800df0c                __exponent
 .text._printf_float
                0x0800df80      0x454 C:/ST/STM32CubeIDE_1.19.0/STM32CubeIDE/plugins/com.st.stm32cube.ide.mcu.externaltools.gnu-tools-for-stm32.13.3.rel1.win32_1.0.0.202411081344/tools/bin/../lib/gcc/arm-none-eabi/13.3.1/../../../../arm-none-eabi/lib/thumb/v7e-m+fp/hard\libc_nano.a(libc_a-nano-vfprintf_float.o)
                0x0800df80                _printf_float
 .text._printf_common
                0x0800e3d4       0xda C:/ST/STM32CubeIDE_1.19.0/STM32CubeIDE/plugins/com.st.stm32cube.ide.mcu.externaltools.gnu-tools-for-stm32.13.3.rel1.win32_1.0.0.202411081344/tools/bin/../lib/gcc/arm-none-eabi/13.3.1/../../../../arm-none-eabi/lib/thumb/v7e-m+fp/hard\libc_nano.a(libc_a-nano-vfprintf_i.o)
                0x0800e3d4                _printf_common
 *fill*         0x0800e4ae        0x2 
 .text._printf_i
                0x0800e4b0      0x23c C:/ST/STM32CubeIDE_1.19.0/STM32CubeIDE/plugins/com.st.stm32cube.ide.mcu.externaltools.gnu-tools-for-stm32.13.3.rel1.win32_1.0.0.202411081344/tools/bin/../lib/gcc/arm-none-eabi/13.3.1/../../../../arm-none-eabi/lib/thumb/v7e-m+fp/hard\libc_nano.a(libc_a-nano-vfprintf_i.o)
                0x0800e4b0                _printf_i
 .text.std      0x0800e6ec       0x6c C:/ST/STM32CubeIDE_1.19.0/STM32CubeIDE/plugins/com.st.stm32cube.ide.mcu.externaltools.gnu-tools-for-stm32.13.3.rel1.win32_1.0.0.202411081344/tools/bin/../lib/gcc/arm-none-eabi/13.3.1/../../../../arm-none-eabi/lib/thumb/v7e-m+fp/hard\libc_nano.a(libc_a-findfp.o)
 .text.stdio_exit_handler
                0x0800e758       0x18 C:/ST/STM32CubeIDE_1.19.0/STM32CubeIDE/plugins/com.st.stm32cube.ide.mcu.externaltools.gnu-tools-for-stm32.13.3.rel1.win32_1.0.0.202411081344/tools/bin/../lib/gcc/arm-none-eabi/13.3.1/../../../../arm-none-eabi/lib/thumb/v7e-m+fp/hard\libc_nano.a(libc_a-findfp.o)
 .text.cleanup_stdio
                0x0800e770       0x40 C:/ST/STM32CubeIDE_1.19.0/STM32CubeIDE/plugins/com.st.stm32cube.ide.mcu.externaltools.gnu-tools-for-stm32.13.3.rel1.win32_1.0.0.202411081344/tools/bin/../lib/gcc/arm-none-eabi/13.3.1/../../../../arm-none-eabi/lib/thumb/v7e-m+fp/hard\libc_nano.a(libc_a-findfp.o)
 .text.global_stdio_init.part.0
                0x0800e7b0       0x3c C:/ST/STM32CubeIDE_1.19.0/STM32CubeIDE/plugins/com.st.stm32cube.ide.mcu.externaltools.gnu-tools-for-stm32.13.3.rel1.win32_1.0.0.202411081344/tools/bin/../lib/gcc/arm-none-eabi/13.3.1/../../../../arm-none-eabi/lib/thumb/v7e-m+fp/hard\libc_nano.a(libc_a-findfp.o)
 .text.__sfp_lock_acquire
                0x0800e7ec        0xc C:/ST/STM32CubeIDE_1.19.0/STM32CubeIDE/plugins/com.st.stm32cube.ide.mcu.externaltools.gnu-tools-for-stm32.13.3.rel1.win32_1.0.0.202411081344/tools/bin/../lib/gcc/arm-none-eabi/13.3.1/../../../../arm-none-eabi/lib/thumb/v7e-m+fp/hard\libc_nano.a(libc_a-findfp.o)
                0x0800e7ec                __sfp_lock_acquire
 .text.__sfp_lock_release
                0x0800e7f8        0xc C:/ST/STM32CubeIDE_1.19.0/STM32CubeIDE/plugins/com.st.stm32cube.ide.mcu.externaltools.gnu-tools-for-stm32.13.3.rel1.win32_1.0.0.202411081344/tools/bin/../lib/gcc/arm-none-eabi/13.3.1/../../../../arm-none-eabi/lib/thumb/v7e-m+fp/hard\libc_nano.a(libc_a-findfp.o)
                0x0800e7f8                __sfp_lock_release
 .text.__sinit  0x0800e804       0x30 C:/ST/STM32CubeIDE_1.19.0/STM32CubeIDE/plugins/com.st.stm32cube.ide.mcu.externaltools.gnu-tools-for-stm32.13.3.rel1.win32_1.0.0.202411081344/tools/bin/../lib/gcc/arm-none-eabi/13.3.1/../../../../arm-none-eabi/lib/thumb/v7e-m+fp/hard\libc_nano.a(libc_a-findfp.o)
                0x0800e804                __sinit
 .text._fwalk_sglue
                0x0800e834       0x3c C:/ST/STM32CubeIDE_1.19.0/STM32CubeIDE/plugins/com.st.stm32cube.ide.mcu.externaltools.gnu-tools-for-stm32.13.3.rel1.win32_1.0.0.202411081344/tools/bin/../lib/gcc/arm-none-eabi/13.3.1/../../../../arm-none-eabi/lib/thumb/v7e-m+fp/hard\libc_nano.a(libc_a-fwalk.o)
                0x0800e834                _fwalk_sglue
 .text.snprintf
                0x0800e870       0x6c C:/ST/STM32CubeIDE_1.19.0/STM32CubeIDE/plugins/com.st.stm32cube.ide.mcu.externaltools.gnu-tools-for-stm32.13.3.rel1.win32_1.0.0.202411081344/tools/bin/../lib/gcc/arm-none-eabi/13.3.1/../../../../arm-none-eabi/lib/thumb/v7e-m+fp/hard\libc_nano.a(libc_a-snprintf.o)
                0x0800e870                sniprintf
                0x0800e870                snprintf
 .text.__sread  0x0800e8dc       0x22 C:/ST/STM32CubeIDE_1.19.0/STM32CubeIDE/plugins/com.st.stm32cube.ide.mcu.externaltools.gnu-tools-for-stm32.13.3.rel1.win32_1.0.0.202411081344/tools/bin/../lib/gcc/arm-none-eabi/13.3.1/../../../../arm-none-eabi/lib/thumb/v7e-m+fp/hard\libc_nano.a(libc_a-stdio.o)
                0x0800e8dc                __sread
 .text.__swrite
                0x0800e8fe       0x38 C:/ST/STM32CubeIDE_1.19.0/STM32CubeIDE/plugins/com.st.stm32cube.ide.mcu.externaltools.gnu-tools-for-stm32.13.3.rel1.win32_1.0.0.202411081344/tools/bin/../lib/gcc/arm-none-eabi/13.3.1/../../../../arm-none-eabi/lib/thumb/v7e-m+fp/hard\libc_nano.a(libc_a-stdio.o)
                0x0800e8fe                __swrite
 .text.__sseek  0x0800e936       0x24 C:/ST/STM32CubeIDE_1.19.0/STM32CubeIDE/plugins/com.st.stm32cube.ide.mcu.externaltools.gnu-tools-for-stm32.13.3.rel1.win32_1.0.0.202411081344/tools/bin/../lib/gcc/arm-none-eabi/13.3.1/../../../../arm-none-eabi/lib/thumb/v7e-m+fp/hard\libc_nano.a(libc_a-stdio.o)
                0x0800e936                __sseek
 .text.__sclose
                0x0800e95a        0x8 C:/ST/STM32CubeIDE_1.19.0/STM32CubeIDE/plugins/com.st.stm32cube.ide.mcu.externaltools.gnu-tools-for-stm32.13.3.rel1.win32_1.0.0.202411081344/tools/bin/../lib/gcc/arm-none-eabi/13.3.1/../../../../arm-none-eabi/lib/thumb/v7e-m+fp/hard\libc_nano.a(libc_a-stdio.o)
                0x0800e95a                __sclose
 .text.memcmp   0x0800e962       0x20 C:/ST/STM32CubeIDE_1.19.0/STM32CubeIDE/plugins/com.st.stm32cube.ide.mcu.externaltools.gnu-tools-for-stm32.13.3.rel1.win32_1.0.0.202411081344/tools/bin/../lib/gcc/arm-none-eabi/13.3.1/../../../../arm-none-eabi/lib/thumb/v7e-m+fp/hard\libc_nano.a(libc_a-memcmp.o)
                0x0800e962                memcmp
 .text.memset   0x0800e982       0x10 C:/ST/STM32CubeIDE_1.19.0/STM32CubeIDE/plugins/com.st.stm32cube.ide.mcu.externaltools.gnu-tools-for-stm32.13.3.rel1.win32_1.0.0.202411081344/tools/bin/../lib/gcc/arm-none-eabi/13.3.1/../../../../arm-none-eabi/lib/thumb/v7e-m+fp/hard\libc_nano.a(libc_a-memset.o)
                0x0800e982                memset
 *fill*         0x0800e992        0x2 
 .text._localeconv_r
                0x0800e994        0x8 C:/ST/STM32CubeIDE_1.19.0/STM32CubeIDE/plugins/com.st.stm32cube.ide.mcu.externaltools.gnu-tools-for-stm32.13.3.rel1.win32_1.0.0.202411081344/tools/bin/../lib/gcc/arm-none-eabi/13.3.1/../../../../arm-none-eabi/lib/thumb/v7e-m+fp/hard\libc_nano.a(libc_a-localeconv.o)
                0x0800e994                _localeconv_r
 .text._close_r
                0x0800e99c       0x20 C:/ST/STM32CubeIDE_1.19.0/STM32CubeIDE/plugins/com.st.stm32cube.ide.mcu.externaltools.gnu-tools-for-stm32.13.3.rel1.win32_1.0.0.202411081344/tools/bin/../lib/gcc/arm-none-eabi/13.3.1/../../../../arm-none-eabi/lib/thumb/v7e-m+fp/hard\libc_nano.a(libc_a-closer.o)
                0x0800e99c                _close_r
 .text._lseek_r
                0x0800e9bc       0x24 C:/ST/STM32CubeIDE_1.19.0/STM32CubeIDE/plugins/com.st.stm32cube.ide.mcu.externaltools.gnu-tools-for-stm32.13.3.rel1.win32_1.0.0.202411081344/tools/bin/../lib/gcc/arm-none-eabi/13.3.1/../../../../arm-none-eabi/lib/thumb/v7e-m+fp/hard\libc_nano.a(libc_a-lseekr.o)
                0x0800e9bc                _lseek_r
 .text._read_r  0x0800e9e0       0x24 C:/ST/STM32CubeIDE_1.19.0/STM32CubeIDE/plugins/com.st.stm32cube.ide.mcu.externaltools.gnu-tools-for-stm32.13.3.rel1.win32_1.0.0.202411081344/tools/bin/../lib/gcc/arm-none-eabi/13.3.1/../../../../arm-none-eabi/lib/thumb/v7e-m+fp/hard\libc_nano.a(libc_a-readr.o)
                0x0800e9e0                _read_r
 .text.__errno  0x0800ea04        0xc C:/ST/STM32CubeIDE_1.19.0/STM32CubeIDE/plugins/com.st.stm32cube.ide.mcu.externaltools.gnu-tools-for-stm32.13.3.rel1.win32_1.0.0.202411081344/tools/bin/../lib/gcc/arm-none-eabi/13.3.1/../../../../arm-none-eabi/lib/thumb/v7e-m+fp/hard\libc_nano.a(libc_a-errno.o)
                0x0800ea04                __errno
 .text.__libc_init_array
                0x0800ea10       0x48 C:/ST/STM32CubeIDE_1.19.0/STM32CubeIDE/plugins/com.st.stm32cube.ide.mcu.externaltools.gnu-tools-for-stm32.13.3.rel1.win32_1.0.0.202411081344/tools/bin/../lib/gcc/arm-none-eabi/13.3.1/../../../../arm-none-eabi/lib/thumb/v7e-m+fp/hard\libc_nano.a(libc_a-init.o)
                0x0800ea10                __libc_init_array
 .text.__retarget_lock_init_recursive
                0x0800ea58        0x2 C:/ST/STM32CubeIDE_1.19.0/STM32CubeIDE/plugins/com.st.stm32cube.ide.mcu.externaltools.gnu-tools-for-stm32.13.3.rel1.win32_1.0.0.202411081344/tools/bin/../lib/gcc/arm-none-eabi/13.3.1/../../../../arm-none-eabi/lib/thumb/v7e-m+fp/hard\libc_nano.a(libc_a-lock.o)
                0x0800ea58                __retarget_lock_init_recursive
 .text.__retarget_lock_acquire_recursive
                0x0800ea5a        0x2 C:/ST/STM32CubeIDE_1.19.0/STM32CubeIDE/plugins/com.st.stm32cube.ide.mcu.externaltools.gnu-tools-for-stm32.13.3.rel1.win32_1.0.0.202411081344/tools/bin/../lib/gcc/arm-none-eabi/13.3.1/../../../../arm-none-eabi/lib/thumb/v7e-m+fp/hard\libc_nano.a(libc_a-lock.o)
                0x0800ea5a                __retarget_lock_acquire_recursive
 .text.__retarget_lock_release_recursive
                0x0800ea5c        0x2 C:/ST/STM32CubeIDE_1.19.0/STM32CubeIDE/plugins/com.st.stm32cube.ide.mcu.externaltools.gnu-tools-for-stm32.13.3.rel1.win32_1.0.0.202411081344/tools/bin/../lib/gcc/arm-none-eabi/13.3.1/../../../../arm-none-eabi/lib/thumb/v7e-m+fp/hard\libc_nano.a(libc_a-lock.o)
                0x0800ea5c                __retarget_lock_release_recursive
 .text.memcpy   0x0800ea5e       0x1c C:/ST/STM32CubeIDE_1.19.0/STM32CubeIDE/plugins/com.st.stm32cube.ide.mcu.externaltools.gnu-tools-for-stm32.13.3.rel1.win32_1.0.0.202411081344/tools/bin/../lib/gcc/arm-none-eabi/13.3.1/../../../../arm-none-eabi/lib/thumb/v7e-m+fp/hard\libc_nano.a(libc_a-memcpy-stub.o)
                0x0800ea5e                memcpy
 .text.quorem   0x0800ea7a      0x110 C:/ST/STM32CubeIDE_1.19.0/STM32CubeIDE/plugins/com.st.stm32cube.ide.mcu.externaltools.gnu-tools-for-stm32.13.3.rel1.win32_1.0.0.202411081344/tools/bin/../lib/gcc/arm-none-eabi/13.3.1/../../../../arm-none-eabi/lib/thumb/v7e-m+fp/hard\libc_nano.a(libc_a-dtoa.o)
 *fill*         0x0800eb8a        0x6 
 .text._dtoa_r  0x0800eb90      0xba0 C:/ST/STM32CubeIDE_1.19.0/STM32CubeIDE/plugins/com.st.stm32cube.ide.mcu.externaltools.gnu-tools-for-stm32.13.3.rel1.win32_1.0.0.202411081344/tools/bin/../lib/gcc/arm-none-eabi/13.3.1/../../../../arm-none-eabi/lib/thumb/v7e-m+fp/hard\libc_nano.a(libc_a-dtoa.o)
                0x0800eb90                _dtoa_r
 .text._free_r  0x0800f730       0x94 C:/ST/STM32CubeIDE_1.19.0/STM32CubeIDE/plugins/com.st.stm32cube.ide.mcu.externaltools.gnu-tools-for-stm32.13.3.rel1.win32_1.0.0.202411081344/tools/bin/../lib/gcc/arm-none-eabi/13.3.1/../../../../arm-none-eabi/lib/thumb/v7e-m+fp/hard\libc_nano.a(libc_a-freer.o)
                0x0800f730                _free_r
 .text.malloc   0x0800f7c4       0x10 C:/ST/STM32CubeIDE_1.19.0/STM32CubeIDE/plugins/com.st.stm32cube.ide.mcu.externaltools.gnu-tools-for-stm32.13.3.rel1.win32_1.0.0.202411081344/tools/bin/../lib/gcc/arm-none-eabi/13.3.1/../../../../arm-none-eabi/lib/thumb/v7e-m+fp/hard\libc_nano.a(libc_a-malloc.o)
                0x0800f7c4                malloc
 .text.sbrk_aligned
                0x0800f7d4       0x44 C:/ST/STM32CubeIDE_1.19.0/STM32CubeIDE/plugins/com.st.stm32cube.ide.mcu.externaltools.gnu-tools-for-stm32.13.3.rel1.win32_1.0.0.202411081344/tools/bin/../lib/gcc/arm-none-eabi/13.3.1/../../../../arm-none-eabi/lib/thumb/v7e-m+fp/hard\libc_nano.a(libc_a-mallocr.o)
 .text._malloc_r
                0x0800f818      0x100 C:/ST/STM32CubeIDE_1.19.0/STM32CubeIDE/plugins/com.st.stm32cube.ide.mcu.externaltools.gnu-tools-for-stm32.13.3.rel1.win32_1.0.0.202411081344/tools/bin/../lib/gcc/arm-none-eabi/13.3.1/../../../../arm-none-eabi/lib/thumb/v7e-m+fp/hard\libc_nano.a(libc_a-mallocr.o)
                0x0800f818                _malloc_r
 .text.__malloc_lock
                0x0800f918        0xc C:/ST/STM32CubeIDE_1.19.0/STM32CubeIDE/plugins/com.st.stm32cube.ide.mcu.externaltools.gnu-tools-for-stm32.13.3.rel1.win32_1.0.0.202411081344/tools/bin/../lib/gcc/arm-none-eabi/13.3.1/../../../../arm-none-eabi/lib/thumb/v7e-m+fp/hard\libc_nano.a(libc_a-mlock.o)
                0x0800f918                __malloc_lock
 .text.__malloc_unlock
                0x0800f924        0xc C:/ST/STM32CubeIDE_1.19.0/STM32CubeIDE/plugins/com.st.stm32cube.ide.mcu.externaltools.gnu-tools-for-stm32.13.3.rel1.win32_1.0.0.202411081344/tools/bin/../lib/gcc/arm-none-eabi/13.3.1/../../../../arm-none-eabi/lib/thumb/v7e-m+fp/hard\libc_nano.a(libc_a-mlock.o)
                0x0800f924                __malloc_unlock
 .text._Balloc  0x0800f930       0x80 C:/ST/STM32CubeIDE_1.19.0/STM32CubeIDE/plugins/com.st.stm32cube.ide.mcu.externaltools.gnu-tools-for-stm32.13.3.rel1.win32_1.0.0.202411081344/tools/bin/../lib/gcc/arm-none-eabi/13.3.1/../../../../arm-none-eabi/lib/thumb/v7e-m+fp/hard\libc_nano.a(libc_a-mprec.o)
                0x0800f930                _Balloc
 .text._Bfree   0x0800f9b0       0x44 C:/ST/STM32CubeIDE_1.19.0/STM32CubeIDE/plugins/com.st.stm32cube.ide.mcu.externaltools.gnu-tools-for-stm32.13.3.rel1.win32_1.0.0.202411081344/tools/bin/../lib/gcc/arm-none-eabi/13.3.1/../../../../arm-none-eabi/lib/thumb/v7e-m+fp/hard\libc_nano.a(libc_a-mprec.o)
                0x0800f9b0                _Bfree
 .text.__multadd
                0x0800f9f4       0x8c C:/ST/STM32CubeIDE_1.19.0/STM32CubeIDE/plugins/com.st.stm32cube.ide.mcu.externaltools.gnu-tools-for-stm32.13.3.rel1.win32_1.0.0.202411081344/tools/bin/../lib/gcc/arm-none-eabi/13.3.1/../../../../arm-none-eabi/lib/thumb/v7e-m+fp/hard\libc_nano.a(libc_a-mprec.o)
                0x0800f9f4                __multadd
 .text.__hi0bits
                0x0800fa80       0x3e C:/ST/STM32CubeIDE_1.19.0/STM32CubeIDE/plugins/com.st.stm32cube.ide.mcu.externaltools.gnu-tools-for-stm32.13.3.rel1.win32_1.0.0.202411081344/tools/bin/../lib/gcc/arm-none-eabi/13.3.1/../../../../arm-none-eabi/lib/thumb/v7e-m+fp/hard\libc_nano.a(libc_a-mprec.o)
                0x0800fa80                __hi0bits
 .text.__lo0bits
                0x0800fabe       0x5a C:/ST/STM32CubeIDE_1.19.0/STM32CubeIDE/plugins/com.st.stm32cube.ide.mcu.externaltools.gnu-tools-for-stm32.13.3.rel1.win32_1.0.0.202411081344/tools/bin/../lib/gcc/arm-none-eabi/13.3.1/../../../../arm-none-eabi/lib/thumb/v7e-m+fp/hard\libc_nano.a(libc_a-mprec.o)
                0x0800fabe                __lo0bits
 .text.__i2b    0x0800fb18       0x2c C:/ST/STM32CubeIDE_1.19.0/STM32CubeIDE/plugins/com.st.stm32cube.ide.mcu.externaltools.gnu-tools-for-stm32.13.3.rel1.win32_1.0.0.202411081344/tools/bin/../lib/gcc/arm-none-eabi/13.3.1/../../../../arm-none-eabi/lib/thumb/v7e-m+fp/hard\libc_nano.a(libc_a-mprec.o)
                0x0800fb18                __i2b
 .text.__multiply
                0x0800fb44      0x144 C:/ST/STM32CubeIDE_1.19.0/STM32CubeIDE/plugins/com.st.stm32cube.ide.mcu.externaltools.gnu-tools-for-stm32.13.3.rel1.win32_1.0.0.202411081344/tools/bin/../lib/gcc/arm-none-eabi/13.3.1/../../../../arm-none-eabi/lib/thumb/v7e-m+fp/hard\libc_nano.a(libc_a-mprec.o)
                0x0800fb44                __multiply
 .text.__pow5mult
                0x0800fc88       0xb4 C:/ST/STM32CubeIDE_1.19.0/STM32CubeIDE/plugins/com.st.stm32cube.ide.mcu.externaltools.gnu-tools-for-stm32.13.3.rel1.win32_1.0.0.202411081344/tools/bin/../lib/gcc/arm-none-eabi/13.3.1/../../../../arm-none-eabi/lib/thumb/v7e-m+fp/hard\libc_nano.a(libc_a-mprec.o)
                0x0800fc88                __pow5mult
 .text.__lshift
                0x0800fd3c       0xd8 C:/ST/STM32CubeIDE_1.19.0/STM32CubeIDE/plugins/com.st.stm32cube.ide.mcu.externaltools.gnu-tools-for-stm32.13.3.rel1.win32_1.0.0.202411081344/tools/bin/../lib/gcc/arm-none-eabi/13.3.1/../../../../arm-none-eabi/lib/thumb/v7e-m+fp/hard\libc_nano.a(libc_a-mprec.o)
                0x0800fd3c                __lshift
 .text.__mcmp   0x0800fe14       0x36 C:/ST/STM32CubeIDE_1.19.0/STM32CubeIDE/plugins/com.st.stm32cube.ide.mcu.externaltools.gnu-tools-for-stm32.13.3.rel1.win32_1.0.0.202411081344/tools/bin/../lib/gcc/arm-none-eabi/13.3.1/../../../../arm-none-eabi/lib/thumb/v7e-m+fp/hard\libc_nano.a(libc_a-mprec.o)
                0x0800fe14                __mcmp
 *fill*         0x0800fe4a        0x2 
 .text.__mdiff  0x0800fe4c      0x128 C:/ST/STM32CubeIDE_1.19.0/STM32CubeIDE/plugins/com.st.stm32cube.ide.mcu.externaltools.gnu-tools-for-stm32.13.3.rel1.win32_1.0.0.202411081344/tools/bin/../lib/gcc/arm-none-eabi/13.3.1/../../../../arm-none-eabi/lib/thumb/v7e-m+fp/hard\libc_nano.a(libc_a-mprec.o)
                0x0800fe4c                __mdiff
 .text.__d2b    0x0800ff74       0xb0 C:/ST/STM32CubeIDE_1.19.0/STM32CubeIDE/plugins/com.st.stm32cube.ide.mcu.externaltools.gnu-tools-for-stm32.13.3.rel1.win32_1.0.0.202411081344/tools/bin/../lib/gcc/arm-none-eabi/13.3.1/../../../../arm-none-eabi/lib/thumb/v7e-m+fp/hard\libc_nano.a(libc_a-mprec.o)
                0x0800ff74                __d2b
 .text.__ssputs_r
                0x08010024       0xb6 C:/ST/STM32CubeIDE_1.19.0/STM32CubeIDE/plugins/com.st.stm32cube.ide.mcu.externaltools.gnu-tools-for-stm32.13.3.rel1.win32_1.0.0.202411081344/tools/bin/../lib/gcc/arm-none-eabi/13.3.1/../../../../arm-none-eabi/lib/thumb/v7e-m+fp/hard\libc_nano.a(libc_a-nano-svfprintf.o)
                0x08010024                __ssputs_r
 *fill*         0x080100da        0x2 
 .text._svfprintf_r
                0x080100dc      0x1f8 C:/ST/STM32CubeIDE_1.19.0/STM32CubeIDE/plugins/com.st.stm32cube.ide.mcu.externaltools.gnu-tools-for-stm32.13.3.rel1.win32_1.0.0.202411081344/tools/bin/../lib/gcc/arm-none-eabi/13.3.1/../../../../arm-none-eabi/lib/thumb/v7e-m+fp/hard\libc_nano.a(libc_a-nano-svfprintf.o)
                0x080100dc                _svfiprintf_r
                0x080100dc                _svfprintf_r
 .text.__sflush_r
                0x080102d4      0x108 C:/ST/STM32CubeIDE_1.19.0/STM32CubeIDE/plugins/com.st.stm32cube.ide.mcu.externaltools.gnu-tools-for-stm32.13.3.rel1.win32_1.0.0.202411081344/tools/bin/../lib/gcc/arm-none-eabi/13.3.1/../../../../arm-none-eabi/lib/thumb/v7e-m+fp/hard\libc_nano.a(libc_a-fflush.o)
                0x080102d4                __sflush_r
 .text._fflush_r
                0x080103dc       0x50 C:/ST/STM32CubeIDE_1.19.0/STM32CubeIDE/plugins/com.st.stm32cube.ide.mcu.externaltools.gnu-tools-for-stm32.13.3.rel1.win32_1.0.0.202411081344/tools/bin/../lib/gcc/arm-none-eabi/13.3.1/../../../../arm-none-eabi/lib/thumb/v7e-m+fp/hard\libc_nano.a(libc_a-fflush.o)
                0x080103dc                _fflush_r
 .text.memmove  0x0801042c       0x34 C:/ST/STM32CubeIDE_1.19.0/STM32CubeIDE/plugins/com.st.stm32cube.ide.mcu.externaltools.gnu-tools-for-stm32.13.3.rel1.win32_1.0.0.202411081344/tools/bin/../lib/gcc/arm-none-eabi/13.3.1/../../../../arm-none-eabi/lib/thumb/v7e-m+fp/hard\libc_nano.a(libc_a-memmove.o)
                0x0801042c                memmove
 .text._sbrk_r  0x08010460       0x20 C:/ST/STM32CubeIDE_1.19.0/STM32CubeIDE/plugins/com.st.stm32cube.ide.mcu.externaltools.gnu-tools-for-stm32.13.3.rel1.win32_1.0.0.202411081344/tools/bin/../lib/gcc/arm-none-eabi/13.3.1/../../../../arm-none-eabi/lib/thumb/v7e-m+fp/hard\libc_nano.a(libc_a-sbrkr.o)
                0x08010460                _sbrk_r
 .text.__assert_func
                0x08010480       0x3c C:/ST/STM32CubeIDE_1.19.0/STM32CubeIDE/plugins/com.st.stm32cube.ide.mcu.externaltools.gnu-tools-for-stm32.13.3.rel1.win32_1.0.0.202411081344/tools/bin/../lib/gcc/arm-none-eabi/13.3.1/../../../../arm-none-eabi/lib/thumb/v7e-m+fp/hard\libc_nano.a(libc_a-assert.o)
                0x08010480                __assert_func
 .text._calloc_r
                0x080104bc       0x28 C:/ST/STM32CubeIDE_1.19.0/STM32CubeIDE/plugins/com.st.stm32cube.ide.mcu.externaltools.gnu-tools-for-stm32.13.3.rel1.win32_1.0.0.202411081344/tools/bin/../lib/gcc/arm-none-eabi/13.3.1/../../../../arm-none-eabi/lib/thumb/v7e-m+fp/hard\libc_nano.a(libc_a-callocr.o)
                0x080104bc                _calloc_r
 .text.__ascii_mbtowc
                0x080104e4       0x24 C:/ST/STM32CubeIDE_1.19.0/STM32CubeIDE/plugins/com.st.stm32cube.ide.mcu.externaltools.gnu-tools-for-stm32.13.3.rel1.win32_1.0.0.202411081344/tools/bin/../lib/gcc/arm-none-eabi/13.3.1/../../../../arm-none-eabi/lib/thumb/v7e-m+fp/hard\libc_nano.a(libc_a-mbtowc_r.o)
                0x080104e4                __ascii_mbtowc
 .text._realloc_r
                0x08010508       0x5c C:/ST/STM32CubeIDE_1.19.0/STM32CubeIDE/plugins/com.st.stm32cube.ide.mcu.externaltools.gnu-tools-for-stm32.13.3.rel1.win32_1.0.0.202411081344/tools/bin/../lib/gcc/arm-none-eabi/13.3.1/../../../../arm-none-eabi/lib/thumb/v7e-m+fp/hard\libc_nano.a(libc_a-reallocr.o)
                0x08010508                _realloc_r
 .text.__ascii_wctomb
                0x08010564       0x1a C:/ST/STM32CubeIDE_1.19.0/STM32CubeIDE/plugins/com.st.stm32cube.ide.mcu.externaltools.gnu-tools-for-stm32.13.3.rel1.win32_1.0.0.202411081344/tools/bin/../lib/gcc/arm-none-eabi/13.3.1/../../../../arm-none-eabi/lib/thumb/v7e-m+fp/hard\libc_nano.a(libc_a-wctomb_r.o)
                0x08010564                __ascii_wctomb
 *fill*         0x0801057e        0x2 
 .text.fprintf  0x08010580       0x24 C:/ST/STM32CubeIDE_1.19.0/STM32CubeIDE/plugins/com.st.stm32cube.ide.mcu.externaltools.gnu-tools-for-stm32.13.3.rel1.win32_1.0.0.202411081344/tools/bin/../lib/gcc/arm-none-eabi/13.3.1/../../../../arm-none-eabi/lib/thumb/v7e-m+fp/hard\libc_nano.a(libc_a-fprintf.o)
                0x08010580                fiprintf
                0x08010580                fprintf
 .text.abort    0x080105a4        0xe C:/ST/STM32CubeIDE_1.19.0/STM32CubeIDE/plugins/com.st.stm32cube.ide.mcu.externaltools.gnu-tools-for-stm32.13.3.rel1.win32_1.0.0.202411081344/tools/bin/../lib/gcc/arm-none-eabi/13.3.1/../../../../arm-none-eabi/lib/thumb/v7e-m+fp/hard\libc_nano.a(libc_a-abort.o)
                0x080105a4                abort
 .text._malloc_usable_size_r
                0x080105b2       0x10 C:/ST/STM32CubeIDE_1.19.0/STM32CubeIDE/plugins/com.st.stm32cube.ide.mcu.externaltools.gnu-tools-for-stm32.13.3.rel1.win32_1.0.0.202411081344/tools/bin/../lib/gcc/arm-none-eabi/13.3.1/../../../../arm-none-eabi/lib/thumb/v7e-m+fp/hard\libc_nano.a(libc_a-msizer.o)
                0x080105b2                _malloc_usable_size_r
 .text.__sfputc_r
                0x080105c2       0x2e C:/ST/STM32CubeIDE_1.19.0/STM32CubeIDE/plugins/com.st.stm32cube.ide.mcu.externaltools.gnu-tools-for-stm32.13.3.rel1.win32_1.0.0.202411081344/tools/bin/../lib/gcc/arm-none-eabi/13.3.1/../../../../arm-none-eabi/lib/thumb/v7e-m+fp/hard\libc_nano.a(libc_a-nano-vfprintf.o)
 .text.__sfputs_r
                0x080105f0       0x24 C:/ST/STM32CubeIDE_1.19.0/STM32CubeIDE/plugins/com.st.stm32cube.ide.mcu.externaltools.gnu-tools-for-stm32.13.3.rel1.win32_1.0.0.202411081344/tools/bin/../lib/gcc/arm-none-eabi/13.3.1/../../../../arm-none-eabi/lib/thumb/v7e-m+fp/hard\libc_nano.a(libc_a-nano-vfprintf.o)
                0x080105f0                __sfputs_r
 .text._vfprintf_r
                0x08010614      0x230 C:/ST/STM32CubeIDE_1.19.0/STM32CubeIDE/plugins/com.st.stm32cube.ide.mcu.externaltools.gnu-tools-for-stm32.13.3.rel1.win32_1.0.0.202411081344/tools/bin/../lib/gcc/arm-none-eabi/13.3.1/../../../../arm-none-eabi/lib/thumb/v7e-m+fp/hard\libc_nano.a(libc_a-nano-vfprintf.o)
                0x08010614                _vfprintf_r
                0x08010614                _vfiprintf_r
 .text.__swbuf_r
                0x08010844       0x7c C:/ST/STM32CubeIDE_1.19.0/STM32CubeIDE/plugins/com.st.stm32cube.ide.mcu.externaltools.gnu-tools-for-stm32.13.3.rel1.win32_1.0.0.202411081344/tools/bin/../lib/gcc/arm-none-eabi/13.3.1/../../../../arm-none-eabi/lib/thumb/v7e-m+fp/hard\libc_nano.a(libc_a-wbuf.o)
                0x08010844                __swbuf_r
 .text.__swsetup_r
                0x080108c0       0xac C:/ST/STM32CubeIDE_1.19.0/STM32CubeIDE/plugins/com.st.stm32cube.ide.mcu.externaltools.gnu-tools-for-stm32.13.3.rel1.win32_1.0.0.202411081344/tools/bin/../lib/gcc/arm-none-eabi/13.3.1/../../../../arm-none-eabi/lib/thumb/v7e-m+fp/hard\libc_nano.a(libc_a-wsetup.o)
                0x080108c0                __swsetup_r
 .text._raise_r
                0x0801096c       0x50 C:/ST/STM32CubeIDE_1.19.0/STM32CubeIDE/plugins/com.st.stm32cube.ide.mcu.externaltools.gnu-tools-for-stm32.13.3.rel1.win32_1.0.0.202411081344/tools/bin/../lib/gcc/arm-none-eabi/13.3.1/../../../../arm-none-eabi/lib/thumb/v7e-m+fp/hard\libc_nano.a(libc_a-signal.o)
                0x0801096c                _raise_r
 .text.raise    0x080109bc       0x10 C:/ST/STM32CubeIDE_1.19.0/STM32CubeIDE/plugins/com.st.stm32cube.ide.mcu.externaltools.gnu-tools-for-stm32.13.3.rel1.win32_1.0.0.202411081344/tools/bin/../lib/gcc/arm-none-eabi/13.3.1/../../../../arm-none-eabi/lib/thumb/v7e-m+fp/hard\libc_nano.a(libc_a-signal.o)
                0x080109bc                raise
 .text._kill_r  0x080109cc       0x24 C:/ST/STM32CubeIDE_1.19.0/STM32CubeIDE/plugins/com.st.stm32cube.ide.mcu.externaltools.gnu-tools-for-stm32.13.3.rel1.win32_1.0.0.202411081344/tools/bin/../lib/gcc/arm-none-eabi/13.3.1/../../../../arm-none-eabi/lib/thumb/v7e-m+fp/hard\libc_nano.a(libc_a-signalr.o)
                0x080109cc                _kill_r
 .text._getpid_r
                0x080109f0        0x4 C:/ST/STM32CubeIDE_1.19.0/STM32CubeIDE/plugins/com.st.stm32cube.ide.mcu.externaltools.gnu-tools-for-stm32.13.3.rel1.win32_1.0.0.202411081344/tools/bin/../lib/gcc/arm-none-eabi/13.3.1/../../../../arm-none-eabi/lib/thumb/v7e-m+fp/hard\libc_nano.a(libc_a-signalr.o)
                0x080109f0                _getpid_r
 .text.__swhatbuf_r
                0x080109f4       0x4c C:/ST/STM32CubeIDE_1.19.0/STM32CubeIDE/plugins/com.st.stm32cube.ide.mcu.externaltools.gnu-tools-for-stm32.13.3.rel1.win32_1.0.0.202411081344/tools/bin/../lib/gcc/arm-none-eabi/13.3.1/../../../../arm-none-eabi/lib/thumb/v7e-m+fp/hard\libc_nano.a(libc_a-makebuf.o)
                0x080109f4                __swhatbuf_r
 .text.__smakebuf_r
                0x08010a40       0x78 C:/ST/STM32CubeIDE_1.19.0/STM32CubeIDE/plugins/com.st.stm32cube.ide.mcu.externaltools.gnu-tools-for-stm32.13.3.rel1.win32_1.0.0.202411081344/tools/bin/../lib/gcc/arm-none-eabi/13.3.1/../../../../arm-none-eabi/lib/thumb/v7e-m+fp/hard\libc_nano.a(libc_a-makebuf.o)
                0x08010a40                __smakebuf_r
 .text._fstat_r
                0x08010ab8       0x24 C:/ST/STM32CubeIDE_1.19.0/STM32CubeIDE/plugins/com.st.stm32cube.ide.mcu.externaltools.gnu-tools-for-stm32.13.3.rel1.win32_1.0.0.202411081344/tools/bin/../lib/gcc/arm-none-eabi/13.3.1/../../../../arm-none-eabi/lib/thumb/v7e-m+fp/hard\libc_nano.a(libc_a-fstatr.o)
                0x08010ab8                _fstat_r
 .text._isatty_r
                0x08010adc       0x20 C:/ST/STM32CubeIDE_1.19.0/STM32CubeIDE/plugins/com.st.stm32cube.ide.mcu.externaltools.gnu-tools-for-stm32.13.3.rel1.win32_1.0.0.202411081344/tools/bin/../lib/gcc/arm-none-eabi/13.3.1/../../../../arm-none-eabi/lib/thumb/v7e-m+fp/hard\libc_nano.a(libc_a-isattyr.o)
                0x08010adc                _isatty_r
 .text._sbrk    0x08010afc       0x1c C:/ST/STM32CubeIDE_1.19.0/STM32CubeIDE/plugins/com.st.stm32cube.ide.mcu.externaltools.gnu-tools-for-stm32.13.3.rel1.win32_1.0.0.202411081344/tools/bin/../lib/gcc/arm-none-eabi/13.3.1/../../../../arm-none-eabi/lib/thumb/v7e-m+fp/hard\libnosys.a(sbrk.o)
                0x08010afc                _sbrk
 *(.glue_7)
 .glue_7        0x08010b18        0x0 linker stubs
 *(.glue_7t)
 .glue_7t       0x08010b18        0x0 linker stubs
 *(.eh_frame)
 .eh_frame      0x08010b18        0x0 C:/ST/STM32CubeIDE_1.19.0/STM32CubeIDE/plugins/com.st.stm32cube.ide.mcu.externaltools.gnu-tools-for-stm32.13.3.rel1.win32_1.0.0.202411081344/tools/bin/../lib/gcc/arm-none-eabi/13.3.1/thumb/v7e-m+fp/hard/crtbegin.o
 *(.init)
 .init          0x08010b18        0x4 C:/ST/STM32CubeIDE_1.19.0/STM32CubeIDE/plugins/com.st.stm32cube.ide.mcu.externaltools.gnu-tools-for-stm32.13.3.rel1.win32_1.0.0.202411081344/tools/bin/../lib/gcc/arm-none-eabi/13.3.1/thumb/v7e-m+fp/hard/crti.o
                0x08010b18                _init
 .init          0x08010b1c        0x8 C:/ST/STM32CubeIDE_1.19.0/STM32CubeIDE/plugins/com.st.stm32cube.ide.mcu.externaltools.gnu-tools-for-stm32.13.3.rel1.win32_1.0.0.202411081344/tools/bin/../lib/gcc/arm-none-eabi/13.3.1/thumb/v7e-m+fp/hard/crtn.o
 *(.fini)
 .fini          0x08010b24        0x4 C:/ST/STM32CubeIDE_1.19.0/STM32CubeIDE/plugins/com.st.stm32cube.ide.mcu.externaltools.gnu-tools-for-stm32.13.3.rel1.win32_1.0.0.202411081344/tools/bin/../lib/gcc/arm-none-eabi/13.3.1/thumb/v7e-m+fp/hard/crti.o
                0x08010b24                _fini
 .fini          0x08010b28        0x8 C:/ST/STM32CubeIDE_1.19.0/STM32CubeIDE/plugins/com.st.stm32cube.ide.mcu.externaltools.gnu-tools-for-stm32.13.3.rel1.win32_1.0.0.202411081344/tools/bin/../lib/gcc/arm-none-eabi/13.3.1/thumb/v7e-m+fp/hard/crtn.o
                0x08010b30                        . = ALIGN (0x4)
                0x08010b30                        _etext = .

.vfp11_veneer   0x08010b30        0x0
 .vfp11_veneer  0x08010b30        0x0 linker stubs
