../Core/Inc/ProtocolDefinition.h:90:23:DataType_Size	16	static
../Core/Inc/ProtocolDefinition.h:162:23:Payload_UnpackTable	32	static
../Core/Inc/ProtocolDefinition.h:190:20:Payload_UnpackReading	32	static
../Core/Src/DeviceManager.c:33:13:_TimedOut	8	static
../Core/Src/DeviceManager.c:37:13:_Send	128	static
../Core/Src/DeviceManager.c:46:13:_SetPend	16	static
../Core/Src/DeviceManager.c:53:13:_GoOffline	16	static
../Core/Src/DeviceManager.c:57:13:_Fetch	128	static
../Core/Src/DeviceManager.c:74:13:_PollBuild	136	static
../Core/Src/DeviceManager.c:88:13:_Poll	16	static
../Core/Src/DeviceManager.c:99:13:_TryRecovery	136	static
../Core/Src/DeviceManager.c:121:13:_handleResponse	200	static
../Core/Src/DeviceManager.c:234:10:DeviceManager_GetState	4	static
../Core/Src/DeviceManager.c:236:13:_HandleTimeout	128	static
../Core/Src/DeviceManager.c:257:6:DeviceManager_Task	128	static
../Core/Src/DeviceManager.c:321:6:DeviceManager_Init	4	static
