../Core/Inc/ProtocolDefinition.h:68:23:DataType_Size	16	static
../Core/Inc/ProtocolDefinition.h:162:23:Payload_UnpackTable	32	static
../Core/Inc/ProtocolDefinition.h:193:20:Payload_UnpackReading	32	static
../Core/Src/DeviceManager.c:35:13:_TimedOut	8	static
../Core/Src/DeviceManager.c:39:13:_Send	128	static
../Core/Src/DeviceManager.c:48:13:_SetPend	16	static
../Core/Src/DeviceManager.c:55:13:_GoOffline	16	static
../Core/Src/DeviceManager.c:59:13:_Fetch	128	static
../Core/Src/DeviceManager.c:76:13:_PollBuild	136	static
../Core/Src/DeviceManager.c:90:13:_Poll	16	static
../Core/Src/DeviceManager.c:101:13:_TryRecovery	136	static
../Core/Src/DeviceManager.c:123:13:_handleResponse	200	static
../Core/Src/DeviceManager.c:245:10:DeviceManager_GetState	4	static
../Core/Src/DeviceManager.c:247:13:_HandleTimeout	128	static
../Core/Src/DeviceManager.c:268:6:DeviceManager_Task	128	static
../Core/Src/DeviceManager.c:334:6:DeviceManager_Init	4	static
