../Core/Src/lcd_driver.c:23:13:_I2C	24	static
../Core/Src/lcd_driver.c:27:13:_Pulse	16	static
../Core/Src/lcd_driver.c:34:13:_Nibble	24	static
../Core/Src/lcd_driver.c:39:13:_Byte	16	static
../Core/Src/lcd_driver.c:45:6:LCD_Init	8	static
../Core/Src/lcd_driver.c:63:6:LCD_Clear	8	static
../Core/Src/lcd_driver.c:68:6:LCD_SetCursor	16	static
../Core/Src/lcd_driver.c:73:6:LCD_Print	16	static
../Core/Src/lcd_driver.c:79:6:LCD_SetBacklight	16	static
../Core/Src/lcd_driver.c:84:6:LCD_Write2Lines	40	static
