../Core/Src/lcd_ui.c:25:20:_Dirty	4	static
../Core/Src/lcd_ui.c:27:13:_TypeChar	16	static
../Core/Src/lcd_ui.c:38:13:_FmtVal	40	static
../Core/Src/lcd_ui.c:47:20:_StateStr	16	static
../Core/Src/lcd_ui.c:60:13:_DrawIdle	8	static
../Core/Src/lcd_ui.c:64:13:_DrawStopMenu	48	static
../Core/Src/lcd_ui.c:71:13:_DrawSlaveList	176	static
../Core/Src/lcd_ui.c:79:13:_DrawRun	248	static
../Core/Src/lcd_ui.c:136:13:_Btn_Idle	16	static
../Core/Src/lcd_ui.c:145:13:_Btn_StopMenu	16	static
../Core/Src/lcd_ui.c:172:13:_Btn_SlaveList	48	static
../Core/Src/lcd_ui.c:200:13:_Btn_Run	136	static
../Core/Src/lcd_ui.c:229:6:LCD_UI_Init	4	static
../Core/Src/lcd_ui.c:233:6:LCD_Task	24	static
