../Drivers/CMSIS/Include/core_cm4.h:2064:26:ITM_SendChar	16	static,ignoring_inline_asm
../Core/Src/main.c:88:6:vApplicationStackOverflowHook	24	static
../Core/Src/main.c:94:6:vApplicationMallocFailedHook	4	static
../Core/Src/main.c:104:5:main	48	static,ignoring_inline_asm
../Core/Src/main.c:189:6:SystemClock_Config	88	static
../Core/Src/main.c:236:13:MX_I2C1_Init	8	static
../Core/Src/main.c:270:13:MX_TIM7_Init	16	static
../Core/Src/main.c:308:13:MX_USART2_UART_Init	8	static
../Core/Src/main.c:341:13:MX_USART3_UART_Init	8	static
../Core/Src/main.c:372:13:MX_DMA_Init	16	static
../Core/Src/main.c:399:13:MX_GPIO_Init	40	static
../Core/Src/main.c:450:6:ITM_SendString	16	static
../Core/Src/main.c:470:6:HAL_TIM_PeriodElapsedCallback	16	static
../Core/Src/main.c:491:6:Error_Handler	4	static,ignoring_inline_asm
