../Core/Inc/ProtocolDefinition.h:86:24:CRC16_Calc	24	static
../Core/Inc/ProtocolDefinition.h:98:23:Frame_Build	24	static
../Core/Inc/ProtocolDefinition.h:120:20:Frame_ValidCRC	24	static
../Core/Inc/ProtocolDefinition.h:127:20:Frame_Parse	32	static
../Core/Src/rs485_driver.c:15:6:RS485_OnTimeout	120	static,ignoring_inline_asm
../Core/Src/rs485_driver.c:24:13:_RxStartPrefix	8	static
../Core/Src/rs485_driver.c:29:13:_RxStartRest	16	static
../Core/Src/rs485_driver.c:34:6:RS485_Driver_Init	16	static,ignoring_inline_asm
../Core/Src/rs485_driver.c:41:6:RS485_OnRxDmaComplete	232	static,ignoring_inline_asm
../Core/Src/rs485_driver.c:90:6:RS485_Send	48	static
../Core/Src/rs485_driver.c:104:6:HAL_UART_TxCpltCallback	16	static
../Core/Src/rs485_driver.c:116:6:HAL_UART_RxCpltCallback	16	static
