../Core/Inc/ProtocolDefinition.h:95:24:CRC16_Calc	24	static
../Core/Inc/ProtocolDefinition.h:129:20:Frame_ValidCRC	24	static
../Core/Inc/ProtocolDefinition.h:136:20:Frame_Parse	32	static
../Core/Src/rs485_driver.c:15:13:_RxStartPrefix	8	static
../Core/Src/rs485_driver.c:20:13:_RxStartRest	16	static
../Core/Src/rs485_driver.c:25:6:RS485_Driver_Init	16	static,ignoring_inline_asm
../Core/Src/rs485_driver.c:35:6:RS485_OnRxDmaComplete	232	static,ignoring_inline_asm
../Core/Src/rs485_driver.c:82:6:HAL_UART_RxCpltCallback	16	static
