../Core/Src/SlaveRegistry.c:7:6:Registry_Init	16	static,ignoring_inline_asm
../Core/Src/SlaveRegistry.c:17:6:Registry_SetState	16	static
../Core/Src/SlaveRegistry.c:24:13:Registry_GetSlot	136	static
../Core/Src/SlaveRegistry.c:34:6:Registry_SetConfigVersion	16	static
../Core/Src/SlaveRegistry.c:41:6:Registry_SetSensorTable	16	static
../Core/Src/SlaveRegistry.c:51:6:Registry_UpdateReading	24	static
../Core/Src/SlaveRegistry.c:67:6:Registry_SetLastSeen	16	static
../Core/Src/SlaveRegistry.c:74:6:Registry_SetMissedPolls	16	static
../Core/Src/SlaveRegistry.c:81:6:Registry_IncrementPoll	16	static
../Core/Src/SlaveRegistry.c:88:6:Registry_SetRegistered	16	static
../Core/Src/SlaveRegistry.c:95:6:Registry_IncrementNack	16	static
../Core/Src/SlaveRegistry.c:102:9:Registry_GetRegisteredCount	16	static
../Core/Src/SlaveRegistry.c:111:9:Registry_CountByState	24	static
../Core/Src/SlaveRegistry.c:120:6:Registry_IsRegistered	24	static
../Core/Src/SlaveRegistry.c:128:6:Registry_Toggle	24	static
../Core/Src/SlaveRegistry.c:145:6:Registry_ResetForRun	16	static
../Core/Src/SlaveRegistry.c:161:6:Registry_IncrementTimeout	16	static
../Core/Src/SlaveRegistry.c:169:9:Registry_GetAddr	16	static
../Core/Src/SlaveRegistry.c:173:6:Registry_SetSensorCount	16	static
../Core/Src/SlaveRegistry.c:180:9:Registry_GetSensorCount	16	static
