../Core/Src/SlaveRegistry.c:14:6:Registry_Init	16	static,ignoring_inline_asm
../Core/Src/SlaveRegistry.c:25:6:Registry_SetState	16	static
../Core/Src/SlaveRegistry.c:32:13:Registry_GetSlot	136	static
../Core/Src/SlaveRegistry.c:42:6:Registry_SetConfigVersion	16	static
../Core/Src/SlaveRegistry.c:49:6:Registry_SetSensorTable	16	static
../Core/Src/SlaveRegistry.c:76:6:Registry_UpdateReading	40	static
../Core/Src/SlaveRegistry.c:93:6:Registry_SetLastSeen	16	static
../Core/Src/SlaveRegistry.c:100:6:Registry_SetMissedPolls	16	static
../Core/Src/SlaveRegistry.c:107:6:Registry_IncrementPoll	16	static
../Core/Src/SlaveRegistry.c:114:6:Registry_SetRegistered	16	static
../Core/Src/SlaveRegistry.c:121:6:Registry_IncrementNack	16	static
../Core/Src/SlaveRegistry.c:128:9:Registry_GetRegisteredCount	16	static
../Core/Src/SlaveRegistry.c:136:9:Registry_GetOnlineCount	16	static
../Core/Src/SlaveRegistry.c:145:9:Registry_CountByState	24	static
../Core/Src/SlaveRegistry.c:154:6:Registry_IsRegistered	24	static
../Core/Src/SlaveRegistry.c:162:6:Registry_Toggle	24	static
../Core/Src/SlaveRegistry.c:180:6:Registry_ResetForRun	16	static
../Core/Src/SlaveRegistry.c:196:6:Registry_IncrementTimeout	16	static
../Core/Src/SlaveRegistry.c:204:9:Registry_GetAddr	16	static
../Core/Src/SlaveRegistry.c:208:6:Registry_SetSensorCount	16	static
../Core/Src/SlaveRegistry.c:215:9:Registry_GetSensorCount	24	static
