../Core/Inc/ProtocolDefinition.h:95:24:CRC16_Calc	24	static
../Core/Inc/ProtocolDefinition.h:107:23:Frame_Build	24	static
../Core/Inc/ProtocolDefinition.h:129:20:Frame_ValidCRC	24	static
../Core/Inc/ProtocolDefinition.h:136:20:Frame_Parse	32	static
../Drivers/CMSIS/Include/core_cm3.h:1762:34:__NVIC_SystemReset	4	static,ignoring_inline_asm
../Core/Src/slave_protocol.c:20:13:_ArmPrefix	8	static
../Core/Src/slave_protocol.c:25:13:_ArmRest	16	static
../Core/Src/slave_protocol.c:30:13:_Send	40	static
../Core/Src/slave_protocol.c:42:13:_OnPing	24	static
../Core/Src/slave_protocol.c:50:13:_OnGetSensorTable	120	static
../Core/Src/slave_protocol.c:60:13:_OnGetAllData	120	static
../Core/Src/slave_protocol.c:71:6:Slave_Protocol_OnRxDmaComplete	120	static
../Core/Src/slave_protocol.c:105:6:Slave_Protocol_Init	16	static
../Core/Src/slave_protocol.c:111:6:Slave_Protocol_Process	16	static
../Core/Src/slave_protocol.c:134:6:HAL_UART_RxCpltCallback	16	static
../Core/Src/slave_protocol.c:141:6:Slave_Protocol_OnTxDmaComplete	4	static
../Core/Src/slave_protocol.c:145:6:Slave_Protocol_OnTxComplete	8	static
../Core/Src/slave_protocol.c:152:6:USART2_IRQHandler	8	static
../Core/Src/slave_protocol.c:161:6:HAL_UART_TxCpltCallback	16	static
