Component: ARM Compiler 5.06 update 6 (build 750) Tool: armlink [4d35ed]

==============================================================================

Section Cross References

    main.o(i.Clock_Init) refers to stm32f10x_rcc.o(i.RCC_HSEConfig) for RCC_HSEConfig
    main.o(i.Clock_Init) refers to stm32f10x_rcc.o(i.RCC_WaitForHSEStartUp) for RCC_WaitForHSEStartUp
    main.o(i.Clock_Init) refers to stm32f10x_flash.o(i.FLASH_SetLatency) for FLASH_SetLatency
    main.o(i.Clock_Init) refers to stm32f10x_flash.o(i.FLASH_PrefetchBufferCmd) for FLASH_PrefetchBufferCmd
    main.o(i.Clock_Init) refers to stm32f10x_rcc.o(i.RCC_PLLConfig) for RCC_PLLConfig
    main.o(i.Clock_Init) refers to stm32f10x_rcc.o(i.RCC_PLLCmd) for RCC_PLLCmd
    main.o(i.Clock_Init) refers to stm32f10x_rcc.o(i.RCC_GetFlagStatus) for RCC_GetFlagStatus
    main.o(i.Clock_Init) refers to stm32f10x_rcc.o(i.RCC_HCLKConfig) for RCC_HCLKConfig
    main.o(i.Clock_Init) refers to stm32f10x_rcc.o(i.RCC_PCLK1Config) for RCC_PCLK1Config
    main.o(i.Clock_Init) refers to stm32f10x_rcc.o(i.RCC_PCLK2Config) for RCC_PCLK2Config
    main.o(i.Clock_Init) refers to stm32f10x_rcc.o(i.RCC_SYSCLKConfig) for RCC_SYSCLKConfig
    main.o(i.Clock_Init) refers to stm32f10x_rcc.o(i.RCC_GetSYSCLKSource) for RCC_GetSYSCLKSource
    main.o(i.Clock_Init) refers to system_stm32f10x.o(i.SystemCoreClockUpdate) for SystemCoreClockUpdate
    main.o(i.DMA1_Channel6_IRQHandler) refers to stm32f10x_dma.o(i.DMA_GetITStatus) for DMA_GetITStatus
    main.o(i.DMA1_Channel6_IRQHandler) refers to stm32f10x_dma.o(i.DMA_ClearITPendingBit) for DMA_ClearITPendingBit
    main.o(i.DMA1_Channel6_IRQHandler) refers to slave_protocol.o(i.Slave_Protocol_OnRxDmaComplete) for Slave_Protocol_OnRxDmaComplete
    main.o(i.DMA1_Channel7_IRQHandler) refers to stm32f10x_dma.o(i.DMA_GetITStatus) for DMA_GetITStatus
    main.o(i.DMA1_Channel7_IRQHandler) refers to stm32f10x_dma.o(i.DMA_ClearITPendingBit) for DMA_ClearITPendingBit
    main.o(i.DMA1_Channel7_IRQHandler) refers to slave_protocol.o(i.Slave_Protocol_OnTxDmaComplete) for Slave_Protocol_OnTxDmaComplete
    main.o(i.DMA_Config) refers to stm32f10x_rcc.o(i.RCC_AHBPeriphClockCmd) for RCC_AHBPeriphClockCmd
    main.o(i.DMA_Config) refers to stm32f10x_dma.o(i.DMA_DeInit) for DMA_DeInit
    main.o(i.DMA_Config) refers to stm32f10x_dma.o(i.DMA_Init) for DMA_Init
    main.o(i.DMA_Config) refers to stm32f10x_dma.o(i.DMA_ClearFlag) for DMA_ClearFlag
    main.o(i.DMA_Config) refers to stm32f10x_dma.o(i.DMA_ITConfig) for DMA_ITConfig
    main.o(i.GPIO_Config) refers to stm32f10x_rcc.o(i.RCC_APB2PeriphClockCmd) for RCC_APB2PeriphClockCmd
    main.o(i.GPIO_Config) refers to stm32f10x_gpio.o(i.GPIO_Init) for GPIO_Init
    main.o(i.GPIO_Config) refers to stm32f10x_gpio.o(i.GPIO_WriteBit) for GPIO_WriteBit
    main.o(i.NVIC_Config) refers to misc.o(i.NVIC_Init) for NVIC_Init
    main.o(i.USART2_Config) refers to stm32f10x_rcc.o(i.RCC_APB1PeriphClockCmd) for RCC_APB1PeriphClockCmd
    main.o(i.USART2_Config) refers to stm32f10x_usart.o(i.USART_Init) for USART_Init
    main.o(i.USART2_Config) refers to stm32f10x_usart.o(i.USART_Cmd) for USART_Cmd
    main.o(i.USART2_IRQHandler) refers to stm32f10x_usart.o(i.USART_GetITStatus) for USART_GetITStatus
    main.o(i.USART2_IRQHandler) refers to slave_protocol.o(i.Slave_Protocol_OnTxComplete) for Slave_Protocol_OnTxComplete
    main.o(i.delay_ms) refers to main.o(.data) for g_tick
    main.o(i.main) refers to misc.o(i.NVIC_PriorityGroupConfig) for NVIC_PriorityGroupConfig
    main.o(i.main) refers to main.o(i.Clock_Init) for Clock_Init
    main.o(i.main) refers to main.o(i.GPIO_Config) for GPIO_Config
    main.o(i.main) refers to main.o(i.DMA_Config) for DMA_Config
    main.o(i.main) refers to main.o(i.USART2_Config) for USART2_Config
    main.o(i.main) refers to main.o(i.NVIC_Config) for NVIC_Config
    main.o(i.main) refers to slave_sensor.o(i.Slave_Sensors_Init) for Slave_Sensors_Init
    main.o(i.main) refers to slave_actuator.o(i.Actuator_Init) for Actuator_Init
    main.o(i.main) refers to slave_protocol.o(i.Protocol_Init) for Protocol_Init
    main.o(i.main) refers to tasks.o(i.xTaskCreate) for xTaskCreate
    main.o(i.main) refers to tasks.o(i.vTaskStartScheduler) for vTaskStartScheduler
    main.o(i.main) refers to system_stm32f10x.o(.data) for SystemCoreClock
    main.o(i.main) refers to slave_protocol.o(i.Task_Protocol) for Task_Protocol
    main.o(i.main) refers to slave_actuator.o(i.Task_Actuator) for Task_Actuator
    main.o(i.millis) refers to main.o(.data) for g_tick
    slave_protocol.o(i.Frame_Build) refers to rt_memcpy_v6.o(.text) for __aeabi_memcpy
    slave_protocol.o(i.Frame_Build) refers to slave_protocol.o(i.CRC16_Calc) for CRC16_Calc
    slave_protocol.o(i.Frame_Parse) refers to rt_memcpy_v6.o(.text) for __aeabi_memcpy
    slave_protocol.o(i.Frame_Parse) refers to rt_memclr.o(.text) for __aeabi_memclr
[...]
    .ARM.Collect$$libinit$$00000011          0x08000166   Section        0  libinit2.o(.ARM.Collect$$libinit$$00000011)
    .ARM.Collect$$libinit$$00000013          0x08000166   Section        0  libinit2.o(.ARM.Collect$$libinit$$00000013)
    .ARM.Collect$$libinit$$00000015          0x08000166   Section        0  libinit2.o(.ARM.Collect$$libinit$$00000015)
    .ARM.Collect$$libinit$$00000017          0x08000166   Section        0  libinit2.o(.ARM.Collect$$libinit$$00000017)
    .ARM.Collect$$libinit$$00000019          0x08000166   Section        0  libinit2.o(.ARM.Collect$$libinit$$00000019)
    .ARM.Collect$$libinit$$0000001B          0x08000166   Section        0  libinit2.o(.ARM.Collect$$libinit$$0000001B)
    .ARM.Collect$$libinit$$0000001D          0x08000166   Section        0  libinit2.o(.ARM.Collect$$libinit$$0000001D)
    .ARM.Collect$$libinit$$0000001F          0x08000166   Section        0  libinit2.o(.ARM.Collect$$libinit$$0000001F)
    .ARM.Collect$$libinit$$00000021          0x08000166   Section        0  libinit2.o(.ARM.Collect$$libinit$$00000021)
    .ARM.Collect$$libinit$$00000023          0x08000166   Section        0  libinit2.o(.ARM.Collect$$libinit$$00000023)
    .ARM.Collect$$libinit$$00000025          0x08000166   Section        0  libinit2.o(.ARM.Collect$$libinit$$00000025)
    .ARM.Collect$$libinit$$0000002C          0x08000166   Section        0  libinit2.o(.ARM.Collect$$libinit$$0000002C)
    .ARM.Collect$$libinit$$0000002E          0x08000166   Section        0  libinit2.o(.ARM.Collect$$libinit$$0000002E)
    .ARM.Collect$$libinit$$00000030          0x08000166   Section        0  libinit2.o(.ARM.Collect$$libinit$$00000030)
    .ARM.Collect$$libinit$$00000032          0x08000166   Section        0  libinit2.o(.ARM.Collect$$libinit$$00000032)
    .ARM.Collect$$libinit$$00000033          0x08000166   Section        2  libinit2.o(.ARM.Collect$$libinit$$00000033)
    .ARM.Collect$$libshutdown$$00000000      0x08000168   Section        2  libshutdown.o(.ARM.Collect$$libshutdown$$00000000)
    .ARM.Collect$$libshutdown$$00000002      0x0800016a   Section        0  libshutdown2.o(.ARM.Collect$$libshutdown$$00000002)
    .ARM.Collect$$libshutdown$$00000004      0x0800016a   Section        0  libshutdown2.o(.ARM.Collect$$libshutdown$$00000004)
    .ARM.Collect$$libshutdown$$00000007      0x0800016a   Section        0  libshutdown2.o(.ARM.Collect$$libshutdown$$00000007)
    .ARM.Collect$$libshutdown$$0000000A      0x0800016a   Section        0  libshutdown2.o(.ARM.Collect$$libshutdown$$0000000A)
    .ARM.Collect$$libshutdown$$0000000C      0x0800016a   Section        0  libshutdown2.o(.ARM.Collect$$libshutdown$$0000000C)
    .ARM.Collect$$libshutdown$$0000000F      0x0800016a   Section        0  libshutdown2.o(.ARM.Collect$$libshutdown$$0000000F)
    .ARM.Collect$$libshutdown$$00000010      0x0800016a   Section        2  libshutdown2.o(.ARM.Collect$$libshutdown$$00000010)
    .ARM.Collect$$rtentry$$00000000          0x0800016c   Section        0  __rtentry.o(.ARM.Collect$$rtentry$$00000000)
    .ARM.Collect$$rtentry$$00000002          0x0800016c   Section        0  __rtentry2.o(.ARM.Collect$$rtentry$$00000002)
    .ARM.Collect$$rtentry$$00000004          0x0800016c   Section        6  __rtentry4.o(.ARM.Collect$$rtentry$$00000004)
    .ARM.Collect$$rtentry$$00000009          0x08000172   Section        0  __rtentry2.o(.ARM.Collect$$rtentry$$00000009)
    .ARM.Collect$$rtentry$$0000000A          0x08000172   Section        4  __rtentry2.o(.ARM.Collect$$rtentry$$0000000A)
    .ARM.Collect$$rtentry$$0000000C          0x08000176   Section        0  __rtentry2.o(.ARM.Collect$$rtentry$$0000000C)
    .ARM.Collect$$rtentry$$0000000D          0x08000176   Section        8  __rtentry2.o(.ARM.Collect$$rtentry$$0000000D)
    .ARM.Collect$$rtexit$$00000000           0x0800017e   Section        2  rtexit.o(.ARM.Collect$$rtexit$$00000000)
    .ARM.Collect$$rtexit$$00000002           0x08000180   Section        0  rtexit2.o(.ARM.Collect$$rtexit$$00000002)
    .ARM.Collect$$rtexit$$00000003           0x08000180   Section        4  rtexit2.o(.ARM.Collect$$rtexit$$00000003)
    .ARM.Collect$$rtexit$$00000004           0x08000184   Section        6  rtexit2.o(.ARM.Collect$$rtexit$$00000004)
    .emb_text                                0x0800018c   Section      150  port.o(.emb_text)
    .emb_text                                0x08000224   Section       52  rand.o(.emb_text)
    .text                                    0x08000258   Section       64  startup_stm32f10x_md.o(.text)
    .text                                    0x08000298   Section        0  rand.o(.text)
    .text                                    0x080002d4   Section      138  rt_memcpy_v6.o(.text)
    .text                                    0x0800035e   Section       68  rt_memclr.o(.text)
    .text                                    0x080003a2   Section       78  rt_memclr_w.o(.text)
    .text                                    0x080003f0   Section        0  heapauxi.o(.text)
    .text                                    0x080003f6   Section      100  rt_memcpy_w.o(.text)
    .text                                    0x0800045a   Section       74  sys_stackheap_outer.o(.text)
    .text                                    0x080004a4   Section        0  exit.o(.text)
    .text                                    0x080004b8   Section        8  libspace.o(.text)
    .text                                    0x080004c0   Section        2  use_no_semi.o(.text)
    .text                                    0x080004c2   Section        0  indicate_semi.o(.text)
    .text                                    0x080004c4   Section        0  sys_exit.o(.text)
    i.Actuator_Init                          0x080004d0   Section        0  slave_actuator.o(i.Actuator_Init)
    i.CRC16_Calc                             0x08000518   Section        0  slave_protocol.o(i.CRC16_Calc)
    CRC16_Calc                               0x08000519   Thumb Code    70  slave_protocol.o(i.CRC16_Calc)
    i.Clock_Init                             0x0800055e   Section        0  main.o(i.Clock_Init)
    Clock_Init                               0x0800055f   Thumb Code   108  main.o(i.Clock_Init)
    i.DMA1_Channel6_IRQHandler               0x080005ca   Section        0  main.o(i.DMA1_Channel6_IRQHandler)
    i.DMA1_Channel7_IRQHandler               0x080005e4   Section        0  main.o(i.DMA1_Channel7_IRQHandler)
    i.DMA_ClearFlag                          0x08000600   Section        0  stm32f10x_dma.o(i.DMA_ClearFlag)
    i.DMA_ClearITPendingBit                  0x0800061c   Section        0  stm32f10x_dma.o(i.DMA_ClearITPendingBit)
    i.DMA_Cmd                                0x08000638   Section        0  stm32f10x_dma.o(i.DMA_Cmd)
    i.DMA_Config                             0x08000650   Section        0  main.o(i.DMA_Config)
    DMA_Config                               0x08000651   Thumb Code   152  main.o(i.DMA_Config)
    i.DMA_DeInit                             0x080006f0   Section        0  stm32f10x_dma.o(i.DMA_DeInit)
    i.DMA_GetITStatus                        0x0800083c   Section        0  stm32f10x_dma.o(i.DMA_GetITStatus)
    i.DMA_ITConfig                           0x08000868   Section        0  stm32f10x_dma.o(i.DMA_ITConfig)
    i.DMA_Init                               0x0800087a   Section        0  stm32f10x_dma.o(i.DMA_Init)
    i.FLASH_PrefetchBufferCmd                0x080008b8   Section        0  stm32f10x_flash.o(i.FLASH_PrefetchBufferCmd)
    i.FLASH_SetLatency                       0x080008d4   Section        0  stm32f10x_flash.o(i.FLASH_SetLatency)
    i.Frame_Build                            0x080008ec   Section        0  slave_protocol.o(i.Frame_Build)
    Frame_Build                              0x080008ed   Thumb Code   100  slave_protocol.o(i.Frame_Build)
    i.Frame_Parse                            0x08000950   Section        0  slave_protocol.o(i.Frame_Parse)
    Frame_Parse                              0x08000951   Thumb Code    84  slave_protocol.o(i.Frame_Parse)
    i.GPIO_Config                            0x080009a4   Section        0  main.o(i.GPIO_Config)
    GPIO_Config                              0x080009a5   Thumb Code   126  main.o(i.GPIO_Config)
    i.GPIO_Init                              0x08000a2c   Section        0  stm32f10x_gpio.o(i.GPIO_Init)
    i.GPIO_ResetBits                         0x08000b42   Section        0  stm32f10x_gpio.o(i.GPIO_ResetBits)
    i.GPIO_SetBits                           0x08000b46   Section        0  stm32f10x_gpio.o(i.GPIO_SetBits)
    i.GPIO_WriteBit                          0x08000b4a   Section        0  stm32f10x_gpio.o(i.GPIO_WriteBit)
    i.NVIC_Config                            0x08000b54   Section        0  main.o(i.NVIC_Config)
    NVIC_Config                              0x08000b55   Thumb Code    82  main.o(i.NVIC_Config)
    i.NVIC_Init                              0x08000ba8   Section        0  misc.o(i.NVIC_Init)
    i.NVIC_PriorityGroupConfig               0x08000c18   Section        0  misc.o(i.NVIC_PriorityGroupConfig)
    i.Protocol_Init                          0x08000c2c   Section        0  slave_protocol.o(i.Protocol_Init)
    i.RCC_AHBPeriphClockCmd                  0x08000c74   Section        0  stm32f10x_rcc.o(i.RCC_AHBPeriphClockCmd)
    i.RCC_APB1PeriphClockCmd                 0x08000c94   Section        0  stm32f10x_rcc.o(i.RCC_APB1PeriphClockCmd)
    i.RCC_APB2PeriphClockCmd                 0x08000cb4   Section        0  stm32f10x_rcc.o(i.RCC_APB2PeriphClockCmd)
    i.RCC_GetClocksFreq                      0x08000cd4   Section        0  stm32f10x_rcc.o(i.RCC_GetClocksFreq)
    i.RCC_GetFlagStatus                      0x08000da8   Section        0  stm32f10x_rcc.o(i.RCC_GetFlagStatus)
    i.RCC_GetSYSCLKSource                    0x08000de4   Section        0  stm32f10x_rcc.o(i.RCC_GetSYSCLKSource)
    i.RCC_HCLKConfig                         0x08000df4   Section        0  stm32f10x_rcc.o(i.RCC_HCLKConfig)
    i.RCC_HSEConfig                          0x08000e0c   Section        0  stm32f10x_rcc.o(i.RCC_HSEConfig)
    i.RCC_PCLK1Config                        0x08000e58   Section        0  stm32f10x_rcc.o(i.RCC_PCLK1Config)
    i.RCC_PCLK2Config                        0x08000e70   Section        0  stm32f10x_rcc.o(i.RCC_PCLK2Config)
    i.RCC_PLLCmd                             0x08000e88   Section        0  stm32f10x_rcc.o(i.RCC_PLLCmd)
    i.RCC_PLLConfig                          0x08000e94   Section        0  stm32f10x_rcc.o(i.RCC_PLLConfig)
    i.RCC_SYSCLKConfig                       0x08000eb0   Section        0  stm32f10x_rcc.o(i.RCC_SYSCLKConfig)
    i.RCC_WaitForHSEStartUp                  0x08000ec8   Section        0  stm32f10x_rcc.o(i.RCC_WaitForHSEStartUp)
    i.Read_ADC_Int                           0x08000f00   Section        0  slave_sensor.o(i.Read_ADC_Int)
    i.Read_ADC_Int32                         0x08000f1a   Section        0  slave_sensor.o(i.Read_ADC_Int32)
    i.Read_DI_Char                           0x08000f34   Section        0  slave_sensor.o(i.Read_DI_Char)
    i.Read_DI_Float                          0x08000f4c   Section        0  slave_sensor.o(i.Read_DI_Float)
    i.Read_Humid_Int                         0x08000f70   Section        0  slave_sensor.o(i.Read_Humid_Int)
    i.Read_Humid_Int32                       0x08000f8c   Section        0  slave_sensor.o(i.Read_Humid_Int32)
    i.Read_Press_Double                      0x08000fac   Section        0  slave_sensor.o(i.Read_Press_Double)
    i.Read_Temp_Char                         0x08000fd4   Section        0  slave_sensor.o(i.Read_Temp_Char)
    i.Read_Temp_Float                        0x08000ff0   Section        0  slave_sensor.o(i.Read_Temp_Float)
    i.SetSysClock                            0x08001028   Section        0  system_stm32f10x.o(i.SetSysClock)
    SetSysClock                              0x08001029   Thumb Code     8  system_stm32f10x.o(i.SetSysClock)
    i.SetSysClockTo72                        0x08001030   Section        0  system_stm32f10x.o(i.SetSysClockTo72)
    SetSysClockTo72                          0x08001031   Thumb Code   214  system_stm32f10x.o(i.SetSysClockTo72)
    i.SlaveConfig_GetVersion                 0x08001110   Section        0  slave_config_store.o(i.SlaveConfig_GetVersion)
    i.Slave_Protocol_OnRxDmaComplete         0x08001114   Section        0  slave_protocol.o(i.Slave_Protocol_OnRxDmaComplete)
    i.Slave_Protocol_OnTxComplete            0x08001220   Section        0  slave_protocol.o(i.Slave_Protocol_OnTxComplete)
    i.Slave_Protocol_OnTxDmaComplete         0x0800126c   Section        0  slave_protocol.o(i.Slave_Protocol_OnTxDmaComplete)
    i.Slave_Sensors_GetCount                 0x08001294   Section        0  slave_sensor.o(i.Slave_Sensors_GetCount)
    i.Slave_Sensors_Init                     0x08001298   Section        0  slave_sensor.o(i.Slave_Sensors_Init)
    i.Slave_Sensors_PackAllData              0x080012b8   Section        0  slave_sensor.o(i.Slave_Sensors_PackAllData)
    i.Slave_Sensors_PackTable                0x0800133c   Section        0  slave_sensor.o(i.Slave_Sensors_PackTable)
    i.Slave_Sensors_Read                     0x08001394   Section        0  slave_sensor.o(i.Slave_Sensors_Read)
    i.SysTick_Handler                        0x08001458   Section        0  port.o(i.SysTick_Handler)
    i.SystemCoreClockUpdate                  0x0800148c   Section        0  system_stm32f10x.o(i.SystemCoreClockUpdate)
    i.SystemInit                             0x08001530   Section        0  system_stm32f10x.o(i.SystemInit)
    i.Task_Actuator                          0x08001590   Section        0  slave_actuator.o(i.Task_Actuator)
    i.Task_Protocol                          0x08001610   Section        0  slave_protocol.o(i.Task_Protocol)
    i.USART2_Config                          0x08001664   Section        0  main.o(i.USART2_Config)
    USART2_Config                            0x08001665   Thumb Code    58  main.o(i.USART2_Config)
    i.USART2_IRQHandler                      0x080016a4   Section        0  main.o(i.USART2_IRQHandler)
    i.USART_ClearFlag                        0x080016bc   Section        0  stm32f10x_usart.o(i.USART_ClearFlag)
    i.USART_Cmd                              0x080016ce   Section        0  stm32f10x_usart.o(i.USART_Cmd)
    i.USART_DMACmd                           0x080016e6   Section        0  stm32f10x_usart.o(i.USART_DMACmd)
    i.USART_GetFlagStatus                    0x080016f8   Section        0  stm32f10x_usart.o(i.USART_GetFlagStatus)
    i.USART_GetITStatus                      0x08001712   Section        0  stm32f10x_usart.o(i.USART_GetITStatus)
    i.USART_ITConfig                         0x08001766   Section        0  stm32f10x_usart.o(i.USART_ITConfig)
    i.USART_Init                             0x080017b0   Section        0  stm32f10x_usart.o(i.USART_Init)
    i.USART_ReceiveData                      0x08001888   Section        0  stm32f10x_usart.o(i.USART_ReceiveData)
    i._AbortRxDma                            0x08001894   Section        0  slave_protocol.o(i._AbortRxDma)
    _AbortRxDma                              0x08001895   Thumb Code    46  slave_protocol.o(i._AbortRxDma)
    i._ArmPrefix                             0x080018cc   Section        0  slave_protocol.o(i._ArmPrefix)
    _ArmPrefix                               0x080018cd   Thumb Code    52  slave_protocol.o(i._ArmPrefix)
    i._ArmRest                               0x08001910   Section        0  slave_protocol.o(i._ArmRest)
    _ArmRest                                 0x08001911   Thumb Code    52  slave_protocol.o(i._ArmRest)
    i._ProcessFrame                          0x08001954   Section        0  slave_protocol.o(i._ProcessFrame)
    _ProcessFrame                            0x08001955   Thumb Code   430  slave_protocol.o(i._ProcessFrame)
    i._Send                                  0x08001b14   Section        0  slave_protocol.o(i._Send)
    _Send                                    0x08001b15   Thumb Code    62  slave_protocol.o(i._Send)
    i._StartTxDma                            0x08001b60   Section        0  slave_protocol.o(i._StartTxDma)
    _StartTxDma                              0x08001b61   Thumb Code    78  slave_protocol.o(i._StartTxDma)
    i.main                                   0x08001bb8   Section        0  main.o(i.main)
    i.prvAddCurrentTaskToDelayedList         0x08001cc8   Section        0  tasks.o(i.prvAddCurrentTaskToDelayedList)
    prvAddCurrentTaskToDelayedList           0x08001cc9   Thumb Code   174  tasks.o(i.prvAddCurrentTaskToDelayedList)
    i.prvAddNewTaskToReadyList               0x08001d94   Section        0  tasks.o(i.prvAddNewTaskToReadyList)
    prvAddNewTaskToReadyList                 0x08001d95   Thumb Code   212  tasks.o(i.prvAddNewTaskToReadyList)
    i.prvCheckTasksWaitingTermination        0x08001e84   Section        0  tasks.o(i.prvCheckTasksWaitingTermination)
    prvCheckTasksWaitingTermination          0x08001e85   Thumb Code    60  tasks.o(i.prvCheckTasksWaitingTermination)
    i.prvCopyDataFromQueue                   0x08001ecc   Section        0  queue.o(i.prvCopyDataFromQueue)
    prvCopyDataFromQueue                     0x08001ecd   Thumb Code    42  queue.o(i.prvCopyDataFromQueue)
    i.prvCopyDataToQueue                     0x08001ef6   Section        0  queue.o(i.prvCopyDataToQueue)
    prvCopyDataToQueue                       0x08001ef7   Thumb Code   126  queue.o(i.prvCopyDataToQueue)
    i.prvCreateIdleTasks                     0x08001f74   Section        0  tasks.o(i.prvCreateIdleTasks)
    prvCreateIdleTasks                       0x08001f75   Thumb Code    86  tasks.o(i.prvCreateIdleTasks)
    i.prvCreateTask                          0x08001fdc   Section        0  tasks.o(i.prvCreateTask)
    prvCreateTask                            0x08001fdd   Thumb Code    90  tasks.o(i.prvCreateTask)
    i.prvDeleteTCB                           0x08002036   Section        0  tasks.o(i.prvDeleteTCB)
    prvDeleteTCB                             0x08002037   Thumb Code    18  tasks.o(i.prvDeleteTCB)
    i.prvHeapInit                            0x08002048   Section        0  heap_4.o(i.prvHeapInit)
    prvHeapInit                              0x08002049   Thumb Code    88  heap_4.o(i.prvHeapInit)
    i.prvIdleTask                            0x080020b4   Section        0  tasks.o(i.prvIdleTask)
    prvIdleTask                              0x080020b5   Thumb Code    32  tasks.o(i.prvIdleTask)
    i.prvInitialiseNewQueue                  0x080020dc   Section        0  queue.o(i.prvInitialiseNewQueue)
    prvInitialiseNewQueue                    0x080020dd   Thumb Code    38  queue.o(i.prvInitialiseNewQueue)
    i.prvInitialiseNewTask                   0x08002102   Section        0  tasks.o(i.prvInitialiseNewTask)
    prvInitialiseNewTask                     0x08002103   Thumb Code   194  tasks.o(i.prvInitialiseNewTask)
    i.prvInitialiseTaskLists                 0x080021c4   Section        0  tasks.o(i.prvInitialiseTaskLists)
    prvInitialiseTaskLists                   0x080021c5   Thumb Code    70  tasks.o(i.prvInitialiseTaskLists)
    i.prvInsertBlockIntoFreeList             0x0800222c   Section        0  heap_4.o(i.prvInsertBlockIntoFreeList)
    prvInsertBlockIntoFreeList               0x0800222d   Thumb Code   146  heap_4.o(i.prvInsertBlockIntoFreeList)
    i.prvIsQueueEmpty                        0x080022cc   Section        0  queue.o(i.prvIsQueueEmpty)
    prvIsQueueEmpty                          0x080022cd   Thumb Code    26  queue.o(i.prvIsQueueEmpty)
    i.prvIsQueueFull                         0x080022e6   Section        0  queue.o(i.prvIsQueueFull)
    prvIsQueueFull                           0x080022e7   Thumb Code    30  queue.o(i.prvIsQueueFull)
    i.prvResetNextTaskUnblockTime            0x08002304   Section        0  tasks.o(i.prvResetNextTaskUnblockTime)
    prvResetNextTaskUnblockTime              0x08002305   Thumb Code    40  tasks.o(i.prvResetNextTaskUnblockTime)
    i.prvTaskExitError                       0x08002334   Section        0  port.o(i.prvTaskExitError)
    prvTaskExitError                         0x08002335   Thumb Code    60  port.o(i.prvTaskExitError)
    i.prvUnlockQueue                         0x08002374   Section        0  queue.o(i.prvUnlockQueue)
    prvUnlockQueue                           0x08002375   Thumb Code   126  queue.o(i.prvUnlockQueue)
    i.pvPortMalloc                           0x080023f4   Section        0  heap_4.o(i.pvPortMalloc)
    i.pxPortInitialiseStack                  0x080025f8   Section        0  port.o(i.pxPortInitialiseStack)
    i.uxListRemove                           0x0800261c   Section        0  list.o(i.uxListRemove)
    i.uxTaskGetNumberOfTasks                 0x08002644   Section        0  tasks.o(i.uxTaskGetNumberOfTasks)
    i.vApplicationMallocFailedHook           0x08002650   Section        0  main.o(i.vApplicationMallocFailedHook)
    i.vApplicationStackOverflowHook          0x08002654   Section        0  main.o(i.vApplicationStackOverflowHook)
    i.vListInitialise                        0x0800265a   Section        0  list.o(i.vListInitialise)
    i.vListInitialiseItem                    0x08002674   Section        0  list.o(i.vListInitialiseItem)
    i.vListInsert                            0x0800267a   Section        0  list.o(i.vListInsert)
    i.vPortEnterCritical                     0x080026b0   Section        0  port.o(i.vPortEnterCritical)
    i.vPortExitCritical                      0x08002704   Section        0  port.o(i.vPortExitCritical)
    i.vPortFree                              0x08002740   Section        0  heap_4.o(i.vPortFree)
    i.vPortSetupTimerInterrupt               0x080027fc   Section        0  port.o(i.vPortSetupTimerInterrupt)
    i.vPortValidateInterruptPriority         0x08002824   Section        0  port.o(i.vPortValidateInterruptPriority)
    i.vTaskDelay                             0x0800289c   Section        0  tasks.o(i.vTaskDelay)
    i.vTaskInternalSetTimeOutState           0x080028f8   Section        0  tasks.o(i.vTaskInternalSetTimeOutState)
    i.vTaskMissedYield                       0x08002910   Section        0  tasks.o(i.vTaskMissedYield)
    i.vTaskPlaceOnEventList                  0x0800291c   Section        0  tasks.o(i.vTaskPlaceOnEventList)
    i.vTaskStartScheduler                    0x08002954   Section        0  tasks.o(i.vTaskStartScheduler)
    i.vTaskSuspendAll                        0x080029c4   Section        0  tasks.o(i.vTaskSuspendAll)
    i.vTaskSwitchContext                     0x080029d4   Section        0  tasks.o(i.vTaskSwitchContext)
    i.xPortStartScheduler                    0x08002a90   Section        0  port.o(i.xPortStartScheduler)
    i.xQueueGenericCreate                    0x08002b88   Section        0  queue.o(i.xQueueGenericCreate)
    i.xQueueGenericReset                     0x08002bf0   Section        0  queue.o(i.xQueueGenericReset)
    i.xQueueGenericSend                      0x08002ccc   Section        0  queue.o(i.xQueueGenericSend)
    i.xQueueGenericSendFromISR               0x08002e4c   Section        0  queue.o(i.xQueueGenericSendFromISR)
    i.xQueueReceive                          0x08002f78   Section        0  queue.o(i.xQueueReceive)
    i.xTaskCheckForTimeOut                   0x080030b8   Section        0  tasks.o(i.xTaskCheckForTimeOut)
    i.xTaskCreate                            0x08003148   Section        0  tasks.o(i.xTaskCreate)
    i.xTaskGetTickCount                      0x08003180   Section        0  tasks.o(i.xTaskGetTickCount)
    i.xTaskIncrementTick                     0x0800318c   Section        0  tasks.o(i.xTaskIncrementTick)
    i.xTaskPriorityDisinherit                0x08003358   Section        0  tasks.o(i.xTaskPriorityDisinherit)
    i.xTaskRemoveFromEventList               0x08003450   Section        0  tasks.o(i.xTaskRemoveFromEventList)
    i.xTaskResumeAll                         0x08003580   Section        0  tasks.o(i.xTaskResumeAll)
    x$fpl$d2f                                0x08003720   Section       98  d2f.o(x$fpl$d2f)
    x$fpl$dadd                               0x08003784   Section      336  daddsub_clz.o(x$fpl$dadd)
    _dadd1                                   0x08003795   Thumb Code     0  daddsub_clz.o(x$fpl$dadd)
    x$fpl$ddiv                               0x080038d4   Section      688  ddiv.o(x$fpl$ddiv)
    ddiv_entry                               0x080038db   Thumb Code     0  ddiv.o(x$fpl$ddiv)
    x$fpl$dfix                               0x08003b84   Section       94  dfix.o(x$fpl$dfix)
    x$fpl$dfixu                              0x08003be4   Section       90  dfixu.o(x$fpl$dfixu)
    x$fpl$dflt                               0x08003c3e   Section       46  dflt_clz.o(x$fpl$dflt)
    x$fpl$dnaninf                            0x08003c6c   Section      156  dnaninf.o(x$fpl$dnaninf)
    x$fpl$dretinf                            0x08003d08   Section       12  dretinf.o(x$fpl$dretinf)
    x$fpl$dsub                               0x08003d14   Section      468  daddsub_clz.o(x$fpl$dsub)
    _dsub1                                   0x08003d25   Thumb Code     0  daddsub_clz.o(x$fpl$dsub)
    x$fpl$f2d                                0x08003ee8   Section       86  f2d.o(x$fpl$f2d)
    x$fpl$fnaninf                            0x08003f3e   Section      140  fnaninf.o(x$fpl$fnaninf)
    x$fpl$fretinf                            0x08003fca   Section       10  fretinf.o(x$fpl$fretinf)
    .constdata                               0x08003fd4   Section       72  slave_sensor.o(.constdata)
    x$fpl$usenofp                            0x08003fd4   Section        0  usenofp.o(x$fpl$usenofp)
    g_driver_map                             0x08003fd4   Data          72  slave_sensor.o(.constdata)
    .data                                    0x20000000   Section       12  slave_protocol.o(.data)
    g_rxStage                                0x20000000   Data           1  slave_protocol.o(.data)
    g_pfx                                    0x20000001   Data           3  slave_protocol.o(.data)
    g_myAddr                                 0x20000004   Data           1  slave_protocol.o(.data)
    xQueue_RxFrame                           0x20000008   Data           4  slave_protocol.o(.data)
    .data                                    0x20000010   Section       80  slave_sensor.o(.data)
    g_sensors                                0x20000010   Data          80  slave_sensor.o(.data)
    .data                                    0x20000060   Section        4  slave_actuator.o(.data)
    .data                                    0x20000064   Section       64  tasks.o(.data)
    pxDelayedTaskList                        0x20000068   Data           4  tasks.o(.data)
    pxOverflowDelayedTaskList                0x2000006c   Data           4  tasks.o(.data)
    uxDeletedTasksWaitingCleanUp             0x20000070   Data           4  tasks.o(.data)
    uxCurrentNumberOfTasks                   0x20000074   Data           4  tasks.o(.data)
    xTickCount                               0x20000078   Data           4  tasks.o(.data)
    uxTopReadyPriority                       0x2000007c   Data           4  tasks.o(.data)
    xSchedulerRunning                        0x20000080   Data           4  tasks.o(.data)
    xPendedTicks                             0x20000084   Data           4  tasks.o(.data)
    xYieldPendings                           0x20000088   Data           4  tasks.o(.data)
    xNumOfOverflows                          0x2000008c   Data           4  tasks.o(.data)
    uxTaskNumber                             0x20000090   Data           4  tasks.o(.data)
    xNextTaskUnblockTime                     0x20000094   Data           4  tasks.o(.data)
    xIdleTaskHandles                         0x20000098   Data           4  tasks.o(.data)
    uxTopUsedPriority                        0x2000009c   Data           4  tasks.o(.data)
    uxSchedulerSuspended                     0x200000a0   Data           4  tasks.o(.data)
    .data                                    0x200000a4   Section       28  heap_4.o(.data)
    xStart                                   0x200000a4   Data           8  heap_4.o(.data)
    pxEnd                                    0x200000ac   Data           4  heap_4.o(.data)
    xFreeBytesRemaining                      0x200000b0   Data           4  heap_4.o(.data)
    xMinimumEverFreeBytesRemaining           0x200000b4   Data           4  heap_4.o(.data)
    xNumberOfSuccessfulAllocations           0x200000b8   Data           4  heap_4.o(.data)
    xNumberOfSuccessfulFrees                 0x200000bc   Data           4  heap_4.o(.data)
    .data                                    0x200000c0   Section       12  port.o(.data)
    uxCriticalNesting                        0x200000c0   Data           4  port.o(.data)
    ucMaxSysCallPriority                     0x200000c4   Data           1  port.o(.data)
    ulMaxPRIGROUPValue                       0x200000c8   Data           4  port.o(.data)
    .data                                    0x200000cc   Section       20  stm32f10x_rcc.o(.data)
    APBAHBPrescTable                         0x200000cc   Data          16  stm32f10x_rcc.o(.data)
    ADCPrescTable                            0x200000dc   Data           4  stm32f10x_rcc.o(.data)
    .data                                    0x200000e0   Section       20  system_stm32f10x.o(.data)
    .bss                                     0x200000f4   Section      315  slave_protocol.o(.bss)
    g_rest                                   0x200000f4   Data         103  slave_protocol.o(.bss)
    g_txBuf                                  0x2000015b   Data         106  slave_protocol.o(.bss)
    raw                                      0x200001c5   Data         106  slave_protocol.o(.bss)
    .bss                                     0x20000230   Section      280  tasks.o(.bss)
    pxReadyTasksLists                        0x20000230   Data         180  tasks.o(.bss)
    xDelayedTaskList1                        0x200002e4   Data          20  tasks.o(.bss)
    xDelayedTaskList2                        0x200002f8   Data          20  tasks.o(.bss)
    xPendingReadyList                        0x2000030c   Data          20  tasks.o(.bss)
    xTasksWaitingTermination                 0x20000320   Data          20  tasks.o(.bss)
    xSuspendedTaskList                       0x20000334   Data          20  tasks.o(.bss)
    .bss                                     0x20000348   Section     4096  heap_4.o(.bss)
    ucHeap                                   0x20000348   Data        4096  heap_4.o(.bss)
    .bss                                     0x20001348   Section      228  rand.o(.bss)
    .bss                                     0x2000142c   Section       96  libspace.o(.bss)
    HEAP                                     0x20001490   Section      512  startup_stm32f10x_md.o(HEAP)
    Heap_Mem                                 0x20001490   Data         512  startup_stm32f10x_md.o(HEAP)
    STACK                                    0x20001690   Section     1024  startup_stm32f10x_md.o(STACK)
    Stack_Mem                                0x20001690   Data        1024  startup_stm32f10x_md.o(STACK)
    __initial_sp                             0x20001a90   Data           0  startup_stm32f10x_md.o(STACK)

    Global Symbols

    Symbol Name                              Value     Ov Type        Size  Object(Section)

    BuildAttributes$$THM_ISAv4$P$D$K$B$S$PE$A:L22UL41UL21$X:L11$S22US41US21$IEEE1$IW$USESV6$~STKCKD$USESV7$~SHL$OSPACE$ROPI$EBA8$UX$STANDARDLIB$REQ8$PRES8$EABIv2 0x00000000   Number         0  anon$$obj.o ABSOLUTE
    __ARM_use_no_argv                        0x00000000   Number         0  main.o ABSOLUTE
    __ARM_exceptions_init                     - Undefined Weak Reference
    __alloca_initialize                       - Undefined Weak Reference
    __arm_preinit_                            - Undefined Weak Reference
    __cpp_initialize__aeabi_                  - Undefined Weak Reference
    __cxa_finalize                            - Undefined Weak Reference
    __rt_locale                               - Undefined Weak Reference
    __sigvec_lookup                           - Undefined Weak Reference
    _atexit_init                              - Undefined Weak Reference
    _call_atexit_fns                          - Undefined Weak Reference
    _clock_init                               - Undefined Weak Reference
    _fp_trap_init                             - Undefined Weak Reference
    _fp_trap_shutdown                         - Undefined Weak Reference
    _get_lc_collate                           - Undefined Weak Reference
    _get_lc_ctype                             - Undefined Weak Reference
    _get_lc_monetary                          - Undefined Weak Reference
    _get_lc_numeric                           - Undefined Weak Reference
    _get_lc_time                              - Undefined Weak Reference
    _getenv_init                              - Undefined Weak Reference
    _handle_redirection                       - Undefined Weak Reference
    _init_alloc                               - Undefined Weak Reference
    _init_user_alloc                          - Undefined Weak Reference
    _initio                                   - Undefined Weak Reference
    _signal_finish                            - Undefined Weak Reference
    _signal_init                              - Undefined Weak Reference
    _terminate_alloc                          - Undefined Weak Reference
    _terminate_user_alloc                     - Undefined Weak Reference
    _terminateio                              - Undefined Weak Reference
    __Vectors_Size                           0x000000ec   Number         0  startup_stm32f10x_md.o ABSOLUTE
    __Vectors                                0x08000000   Data           4  startup_stm32f10x_md.o(RESET)
    __Vectors_End                            0x080000ec   Data           0  startup_stm32f10x_md.o(RESET)
    __main                                   0x080000ed   Thumb Code     8  __main.o(!!!main)
    __scatterload                            0x080000f5   Thumb Code     0  __scatter.o(!!!scatter)
    __scatterload_rt2                        0x080000f5   Thumb Code    44  __scatter.o(!!!scatter)
    __scatterload_rt2_thumb_only             0x080000f5   Thumb Code     0  __scatter.o(!!!scatter)
    __scatterload_null                       0x08000103   Thumb Code     0  __scatter.o(!!!scatter)
    __scatterload_copy                       0x08000129   Thumb Code    26  __scatter_copy.o(!!handler_copy)
    __scatterload_zeroinit                   0x08000145   Thumb Code    28  __scatter_zi.o(!!handler_zi)
    __rt_lib_init                            0x08000161   Thumb Code     0  libinit.o(.ARM.Collect$$libinit$$00000000)
    __rt_lib_init_fp_1                       0x08000163   Thumb Code     0  libinit2.o(.ARM.Collect$$libinit$$00000002)
    __rt_lib_init_heap_1                     0x08000163   Thumb Code     0  libinit2.o(.ARM.Collect$$libinit$$0000000A)
    __rt_lib_init_preinit_1                  0x08000163   Thumb Code     0  libinit2.o(.ARM.Collect$$libinit$$00000004)
    __rt_lib_init_rand_2                     0x08000163   Thumb Code     0  libinit2.o(.ARM.Collect$$libinit$$0000000D)
    __rt_lib_init_user_alloc_1               0x08000163   Thumb Code     0  libinit2.o(.ARM.Collect$$libinit$$0000000C)
    __rt_lib_init_alloca_1                   0x08000167   Thumb Code     0  libinit2.o(.ARM.Collect$$libinit$$0000002E)
    __rt_lib_init_argv_1                     0x08000167   Thumb Code     0  libinit2.o(.ARM.Collect$$libinit$$0000002C)
    __rt_lib_init_atexit_1                   0x08000167   Thumb Code     0  libinit2.o(.ARM.Collect$$libinit$$0000001B)
    __rt_lib_init_clock_1                    0x08000167   Thumb Code     0  libinit2.o(.ARM.Collect$$libinit$$00000021)
    __rt_lib_init_cpp_1                      0x08000167   Thumb Code     0  libinit2.o(.ARM.Collect$$libinit$$00000032)
    __rt_lib_init_exceptions_1               0x08000167   Thumb Code     0  libinit2.o(.ARM.Collect$$libinit$$00000030)
    __rt_lib_init_fp_trap_1                  0x08000167   Thumb Code     0  libinit2.o(.ARM.Collect$$libinit$$0000001F)
    __rt_lib_init_getenv_1                   0x08000167   Thumb Code     0  libinit2.o(.ARM.Collect$$libinit$$00000023)
    __rt_lib_init_lc_collate_1               0x08000167   Thumb Code     0  libinit2.o(.ARM.Collect$$libinit$$00000011)
    __rt_lib_init_lc_ctype_1                 0x08000167   Thumb Code     0  libinit2.o(.ARM.Collect$$libinit$$00000013)
    __rt_lib_init_lc_monetary_1              0x08000167   Thumb Code     0  libinit2.o(.ARM.Collect$$libinit$$00000015)
    __rt_lib_init_lc_numeric_1               0x08000167   Thumb Code     0  libinit2.o(.ARM.Collect$$libinit$$00000017)
    __rt_lib_init_lc_time_1                  0x08000167   Thumb Code     0  libinit2.o(.ARM.Collect$$libinit$$00000019)
    __rt_lib_init_rand_1                     0x08000167   Thumb Code     0  libinit2.o(.ARM.Collect$$libinit$$0000000E)
    __rt_lib_init_return                     0x08000167   Thumb Code     0  libinit2.o(.ARM.Collect$$libinit$$00000033)
    __rt_lib_init_signal_1                   0x08000167   Thumb Code     0  libinit2.o(.ARM.Collect$$libinit$$0000001D)
    __rt_lib_init_stdio_1                    0x08000167   Thumb Code     0  libinit2.o(.ARM.Collect$$libinit$$00000025)
    __rt_lib_shutdown                        0x08000169   Thumb Code     0  libshutdown.o(.ARM.Collect$$libshutdown$$00000000)
    __rt_lib_shutdown_cpp_1                  0x0800016b   Thumb Code     0  libshutdown2.o(.ARM.Collect$$libshutdown$$00000002)
    __rt_lib_shutdown_fp_trap_1              0x0800016b   Thumb Code     0  libshutdown2.o(.ARM.Collect$$libshutdown$$00000007)
    __rt_lib_shutdown_heap_1                 0x0800016b   Thumb Code     0  libshutdown2.o(.ARM.Collect$$libshutdown$$0000000F)
    __rt_lib_shutdown_return                 0x0800016b   Thumb Code     0  libshutdown2.o(.ARM.Collect$$libshutdown$$00000010)
    __rt_lib_shutdown_signal_1               0x0800016b   Thumb Code     0  libshutdown2.o(.ARM.Collect$$libshutdown$$0000000A)
    __rt_lib_shutdown_stdio_1                0x0800016b   Thumb Code     0  libshutdown2.o(.ARM.Collect$$libshutdown$$00000004)
    __rt_lib_shutdown_user_alloc_1           0x0800016b   Thumb Code     0  libshutdown2.o(.ARM.Collect$$libshutdown$$0000000C)
    __rt_entry                               0x0800016d   Thumb Code     0  __rtentry.o(.ARM.Collect$$rtentry$$00000000)
    __rt_entry_presh_1                       0x0800016d   Thumb Code     0  __rtentry2.o(.ARM.Collect$$rtentry$$00000002)
    __rt_entry_sh                            0x0800016d   Thumb Code     0  __rtentry4.o(.ARM.Collect$$rtentry$$00000004)
    __rt_entry_li                            0x08000173   Thumb Code     0  __rtentry2.o(.ARM.Collect$$rtentry$$0000000A)
    __rt_entry_postsh_1                      0x08000173   Thumb Code     0  __rtentry2.o(.ARM.Collect$$rtentry$$00000009)
    __rt_entry_main                          0x08000177   Thumb Code     0  __rtentry2.o(.ARM.Collect$$rtentry$$0000000D)
    __rt_entry_postli_1                      0x08000177   Thumb Code     0  __rtentry2.o(.ARM.Collect$$rtentry$$0000000C)
    __rt_exit                                0x0800017f   Thumb Code     0  rtexit.o(.ARM.Collect$$rtexit$$00000000)
    __rt_exit_ls                             0x08000181   Thumb Code     0  rtexit2.o(.ARM.Collect$$rtexit$$00000003)
    __rt_exit_prels_1                        0x08000181   Thumb Code     0  rtexit2.o(.ARM.Collect$$rtexit$$00000002)
    __rt_exit_exit                           0x08000185   Thumb Code     0  rtexit2.o(.ARM.Collect$$rtexit$$00000004)
    SVC_Handler                              0x0800018d   Thumb Code    32  port.o(.emb_text)
    __asm___6_port_c_39a90d8d__prvStartFirstTask 0x080001b1   Thumb Code    28  port.o(.emb_text)
    PendSV_Handler                           0x080001d1   Thumb Code    72  port.o(.emb_text)
    vPortGetIPSR                             0x0800021d   Thumb Code     6  port.o(.emb_text)
    rand                                     0x08000225   Thumb Code    48  rand.o(.emb_text)
    Reset_Handler                            0x08000259   Thumb Code     8  startup_stm32f10x_md.o(.text)
    NMI_Handler                              0x08000261   Thumb Code     2  startup_stm32f10x_md.o(.text)
    HardFault_Handler                        0x08000263   Thumb Code     2  startup_stm32f10x_md.o(.text)
    MemManage_Handler                        0x08000265   Thumb Code     2  startup_stm32f10x_md.o(.text)
    BusFault_Handler                         0x08000267   Thumb Code     2  startup_stm32f10x_md.o(.text)
    UsageFault_Handler                       0x08000269   Thumb Code     2  startup_stm32f10x_md.o(.text)
    DebugMon_Handler                         0x0800026d   Thumb Code     2  startup_stm32f10x_md.o(.text)
    ADC1_2_IRQHandler                        0x08000273   Thumb Code     0  startup_stm32f10x_md.o(.text)
    CAN1_RX1_IRQHandler                      0x08000273   Thumb Code     0  startup_stm32f10x_md.o(.text)
    CAN1_SCE_IRQHandler                      0x08000273   Thumb Code     0  startup_stm32f10x_md.o(.text)
    DMA1_Channel1_IRQHandler                 0x08000273   Thumb Code     0  startup_stm32f10x_md.o(.text)
    DMA1_Channel2_IRQHandler                 0x08000273   Thumb Code     0  startup_stm32f10x_md.o(.text)
    DMA1_Channel3_IRQHandler                 0x08000273   Thumb Code     0  startup_stm32f10x_md.o(.text)
    DMA1_Channel4_IRQHandler                 0x08000273   Thumb Code     0  startup_stm32f10x_md.o(.text)
    DMA1_Channel5_IRQHandler                 0x08000273   Thumb Code     0  startup_stm32f10x_md.o(.text)
    EXTI0_IRQHandler                         0x08000273   Thumb Code     0  startup_stm32f10x_md.o(.text)
    EXTI15_10_IRQHandler                     0x08000273   Thumb Code     0  startup_stm32f10x_md.o(.text)
    EXTI1_IRQHandler                         0x08000273   Thumb Code     0  startup_stm32f10x_md.o(.text)
    EXTI2_IRQHandler                         0x08000273   Thumb Code     0  startup_stm32f10x_md.o(.text)
    EXTI3_IRQHandler                         0x08000273   Thumb Code     0  startup_stm32f10x_md.o(.text)
    EXTI4_IRQHandler                         0x08000273   Thumb Code     0  startup_stm32f10x_md.o(.text)
    EXTI9_5_IRQHandler                       0x08000273   Thumb Code     0  startup_stm32f10x_md.o(.text)
    FLASH_IRQHandler                         0x08000273   Thumb Code     0  startup_stm32f10x_md.o(.text)
    I2C1_ER_IRQHandler                       0x08000273   Thumb Code     0  startup_stm32f10x_md.o(.text)
    I2C1_EV_IRQHandler                       0x08000273   Thumb Code     0  startup_stm32f10x_md.o(.text)
    I2C2_ER_IRQHandler                       0x08000273   Thumb Code     0  startup_stm32f10x_md.o(.text)
    I2C2_EV_IRQHandler                       0x08000273   Thumb Code     0  startup_stm32f10x_md.o(.text)
    PVD_IRQHandler                           0x08000273   Thumb Code     0  startup_stm32f10x_md.o(.text)
    RCC_IRQHandler                           0x08000273   Thumb Code     0  startup_stm32f10x_md.o(.text)
    RTCAlarm_IRQHandler                      0x08000273   Thumb Code     0  startup_stm32f10x_md.o(.text)
    RTC_IRQHandler                           0x08000273   Thumb Code     0  startup_stm32f10x_md.o(.text)
    SPI1_IRQHandler                          0x08000273   Thumb Code     0  startup_stm32f10x_md.o(.text)
    SPI2_IRQHandler                          0x08000273   Thumb Code     0  startup_stm32f10x_md.o(.text)
    TAMPER_IRQHandler                        0x08000273   Thumb Code     0  startup_stm32f10x_md.o(.text)
    TIM1_BRK_IRQHandler                      0x08000273   Thumb Code     0  startup_stm32f10x_md.o(.text)
    TIM1_CC_IRQHandler                       0x08000273   Thumb Code     0  startup_stm32f10x_md.o(.text)
    TIM1_TRG_COM_IRQHandler                  0x08000273   Thumb Code     0  startup_stm32f10x_md.o(.text)
    TIM1_UP_IRQHandler                       0x08000273   Thumb Code     0  startup_stm32f10x_md.o(.text)
    TIM2_IRQHandler                          0x08000273   Thumb Code     0  startup_stm32f10x_md.o(.text)
    TIM3_IRQHandler                          0x08000273   Thumb Code     0  startup_stm32f10x_md.o(.text)
    TIM4_IRQHandler                          0x08000273   Thumb Code     0  startup_stm32f10x_md.o(.text)
    USART1_IRQHandler                        0x08000273   Thumb Code     0  startup_stm32f10x_md.o(.text)
    USART3_IRQHandler                        0x08000273   Thumb Code     0  startup_stm32f10x_md.o(.text)
    USBWakeUp_IRQHandler                     0x08000273   Thumb Code     0  startup_stm32f10x_md.o(.text)
    USB_HP_CAN1_TX_IRQHandler                0x08000273   Thumb Code     0  startup_stm32f10x_md.o(.text)
    USB_LP_CAN1_RX0_IRQHandler               0x08000273   Thumb Code     0  startup_stm32f10x_md.o(.text)
    WWDG_IRQHandler                          0x08000273   Thumb Code     0  startup_stm32f10x_md.o(.text)
    __user_initial_stackheap                 0x08000275   Thumb Code     0  startup_stm32f10x_md.o(.text)
    srand                                    0x08000299   Thumb Code    42  rand.o(.text)
    _rand_init                               0x080002c3   Thumb Code     4  rand.o(.text)
    __aeabi_memcpy                           0x080002d5   Thumb Code     0  rt_memcpy_v6.o(.text)
    __rt_memcpy                              0x080002d5   Thumb Code   138  rt_memcpy_v6.o(.text)
    _memcpy_lastbytes                        0x0800033b   Thumb Code     0  rt_memcpy_v6.o(.text)
    __aeabi_memclr                           0x0800035f   Thumb Code     0  rt_memclr.o(.text)
    __rt_memclr                              0x0800035f   Thumb Code    68  rt_memclr.o(.text)
    _memset                                  0x08000363   Thumb Code     0  rt_memclr.o(.text)
    __aeabi_memclr4                          0x080003a3   Thumb Code     0  rt_memclr_w.o(.text)
    __aeabi_memclr8                          0x080003a3   Thumb Code     0  rt_memclr_w.o(.text)
    __rt_memclr_w                            0x080003a3   Thumb Code    78  rt_memclr_w.o(.text)
    _memset_w                                0x080003a7   Thumb Code     0  rt_memclr_w.o(.text)
    __use_two_region_memory                  0x080003f1   Thumb Code     2  heapauxi.o(.text)
    __rt_heap_escrow$2region                 0x080003f3   Thumb Code     2  heapauxi.o(.text)
    __rt_heap_expand$2region                 0x080003f5   Thumb Code     2  heapauxi.o(.text)
    __aeabi_memcpy4                          0x080003f7   Thumb Code     0  rt_memcpy_w.o(.text)
    __aeabi_memcpy8                          0x080003f7   Thumb Code     0  rt_memcpy_w.o(.text)
    __rt_memcpy_w                            0x080003f7   Thumb Code   100  rt_memcpy_w.o(.text)
    _memcpy_lastbytes_aligned                0x0800043f   Thumb Code     0  rt_memcpy_w.o(.text)
    __user_setup_stackheap                   0x0800045b   Thumb Code    74  sys_stackheap_outer.o(.text)
    exit                                     0x080004a5   Thumb Code    18  exit.o(.text)
    __user_libspace                          0x080004b9   Thumb Code     8  libspace.o(.text)
    __user_perproc_libspace                  0x080004b9   Thumb Code     0  libspace.o(.text)
    __user_perthread_libspace                0x080004b9   Thumb Code     0  libspace.o(.text)
    __I$use$semihosting                      0x080004c1   Thumb Code     0  use_no_semi.o(.text)
    __use_no_semihosting_swi                 0x080004c1   Thumb Code     2  use_no_semi.o(.text)
    __semihosting_library_function           0x080004c3   Thumb Code     0  indicate_semi.o(.text)
    _sys_exit                                0x080004c5   Thumb Code     8  sys_exit.o(.text)
    Actuator_Init                            0x080004d1   Thumb Code    64  slave_actuator.o(i.Actuator_Init)
    DMA1_Channel6_IRQHandler                 0x080005cb   Thumb Code    26  main.o(i.DMA1_Channel6_IRQHandler)
    DMA1_Channel7_IRQHandler                 0x080005e5   Thumb Code    26  main.o(i.DMA1_Channel7_IRQHandler)
    DMA_ClearFlag                            0x08000601   Thumb Code    18  stm32f10x_dma.o(i.DMA_ClearFlag)
    DMA_ClearITPendingBit                    0x0800061d   Thumb Code    18  stm32f10x_dma.o(i.DMA_ClearITPendingBit)
    DMA_Cmd                                  0x08000639   Thumb Code    24  stm32f10x_dma.o(i.DMA_Cmd)
    DMA_DeInit                               0x080006f1   Thumb Code   324  stm32f10x_dma.o(i.DMA_DeInit)
    DMA_GetITStatus                          0x0800083d   Thumb Code    36  stm32f10x_dma.o(i.DMA_GetITStatus)
    DMA_ITConfig                             0x08000869   Thumb Code    18  stm32f10x_dma.o(i.DMA_ITConfig)
    DMA_Init                                 0x0800087b   Thumb Code    60  stm32f10x_dma.o(i.DMA_Init)
    FLASH_PrefetchBufferCmd                  0x080008b9   Thumb Code    22  stm32f10x_flash.o(i.FLASH_PrefetchBufferCmd)
    FLASH_SetLatency                         0x080008d5   Thumb Code    18  stm32f10x_flash.o(i.FLASH_SetLatency)
    GPIO_Init                                0x08000a2d   Thumb Code   278  stm32f10x_gpio.o(i.GPIO_Init)
    GPIO_ResetBits                           0x08000b43   Thumb Code     4  stm32f10x_gpio.o(i.GPIO_ResetBits)
    GPIO_SetBits                             0x08000b47   Thumb Code     4  stm32f10x_gpio.o(i.GPIO_SetBits)
    GPIO_WriteBit                            0x08000b4b   Thumb Code    10  stm32f10x_gpio.o(i.GPIO_WriteBit)
    NVIC_Init                                0x08000ba9   Thumb Code   100  misc.o(i.NVIC_Init)
    NVIC_PriorityGroupConfig                 0x08000c19   Thumb Code    10  misc.o(i.NVIC_PriorityGroupConfig)
    Protocol_Init                            0x08000c2d   Thumb Code    64  slave_protocol.o(i.Protocol_Init)
    RCC_AHBPeriphClockCmd                    0x08000c75   Thumb Code    26  stm32f10x_rcc.o(i.RCC_AHBPeriphClockCmd)
    RCC_APB1PeriphClockCmd                   0x08000c95   Thumb Code    26  stm32f10x_rcc.o(i.RCC_APB1PeriphClockCmd)
    RCC_APB2PeriphClockCmd                   0x08000cb5   Thumb Code    26  stm32f10x_rcc.o(i.RCC_APB2PeriphClockCmd)
    RCC_GetClocksFreq                        0x08000cd5   Thumb Code   192  stm32f10x_rcc.o(i.RCC_GetClocksFreq)
    RCC_GetFlagStatus                        0x08000da9   Thumb Code    56  stm32f10x_rcc.o(i.RCC_GetFlagStatus)
    RCC_GetSYSCLKSource                      0x08000de5   Thumb Code    10  stm32f10x_rcc.o(i.RCC_GetSYSCLKSource)
    RCC_HCLKConfig                           0x08000df5   Thumb Code    18  stm32f10x_rcc.o(i.RCC_HCLKConfig)
    RCC_HSEConfig                            0x08000e0d   Thumb Code    70  stm32f10x_rcc.o(i.RCC_HSEConfig)
    RCC_PCLK1Config                          0x08000e59   Thumb Code    18  stm32f10x_rcc.o(i.RCC_PCLK1Config)
    RCC_PCLK2Config                          0x08000e71   Thumb Code    20  stm32f10x_rcc.o(i.RCC_PCLK2Config)
    RCC_PLLCmd                               0x08000e89   Thumb Code     6  stm32f10x_rcc.o(i.RCC_PLLCmd)
    RCC_PLLConfig                            0x08000e95   Thumb Code    24  stm32f10x_rcc.o(i.RCC_PLLConfig)
    RCC_SYSCLKConfig                         0x08000eb1   Thumb Code    18  stm32f10x_rcc.o(i.RCC_SYSCLKConfig)
    RCC_WaitForHSEStartUp                    0x08000ec9   Thumb Code    56  stm32f10x_rcc.o(i.RCC_WaitForHSEStartUp)
    Read_ADC_Int                             0x08000f01   Thumb Code    26  slave_sensor.o(i.Read_ADC_Int)
    Read_ADC_Int32                           0x08000f1b   Thumb Code    26  slave_sensor.o(i.Read_ADC_Int32)
    Read_DI_Char                             0x08000f35   Thumb Code    24  slave_sensor.o(i.Read_DI_Char)
    Read_DI_Float                            0x08000f4d   Thumb Code    36  slave_sensor.o(i.Read_DI_Float)
    Read_Humid_Int                           0x08000f71   Thumb Code    28  slave_sensor.o(i.Read_Humid_Int)
    Read_Humid_Int32                         0x08000f8d   Thumb Code    32  slave_sensor.o(i.Read_Humid_Int32)
    Read_Press_Double                        0x08000fad   Thumb Code    34  slave_sensor.o(i.Read_Press_Double)
    Read_Temp_Char                           0x08000fd5   Thumb Code    28  slave_sensor.o(i.Read_Temp_Char)
    Read_Temp_Float                          0x08000ff1   Thumb Code    48  slave_sensor.o(i.Read_Temp_Float)
    SlaveConfig_GetVersion                   0x08001111   Thumb Code     4  slave_config_store.o(i.SlaveConfig_GetVersion)
    Slave_Protocol_OnRxDmaComplete           0x08001115   Thumb Code   238  slave_protocol.o(i.Slave_Protocol_OnRxDmaComplete)
    Slave_Protocol_OnTxComplete              0x08001221   Thumb Code    68  slave_protocol.o(i.Slave_Protocol_OnTxComplete)
    Slave_Protocol_OnTxDmaComplete           0x0800126d   Thumb Code    34  slave_protocol.o(i.Slave_Protocol_OnTxDmaComplete)
    Slave_Sensors_GetCount                   0x08001295   Thumb Code     4  slave_sensor.o(i.Slave_Sensors_GetCount)
    Slave_Sensors_Init                       0x08001299   Thumb Code    26  slave_sensor.o(i.Slave_Sensors_Init)
    Slave_Sensors_PackAllData                0x080012b9   Thumb Code   126  slave_sensor.o(i.Slave_Sensors_PackAllData)
    Slave_Sensors_PackTable                  0x0800133d   Thumb Code    82  slave_sensor.o(i.Slave_Sensors_PackTable)
    Slave_Sensors_Read                       0x08001395   Thumb Code   188  slave_sensor.o(i.Slave_Sensors_Read)
    SysTick_Handler                          0x08001459   Thumb Code    46  port.o(i.SysTick_Handler)
    SystemCoreClockUpdate                    0x0800148d   Thumb Code   142  system_stm32f10x.o(i.SystemCoreClockUpdate)
    SystemInit                               0x08001531   Thumb Code    78  system_stm32f10x.o(i.SystemInit)
    Task_Actuator                            0x08001591   Thumb Code   118  slave_actuator.o(i.Task_Actuator)
    Task_Protocol                            0x08001611   Thumb Code    78  slave_protocol.o(i.Task_Protocol)
    USART2_IRQHandler                        0x080016a5   Thumb Code    20  main.o(i.USART2_IRQHandler)
    USART_ClearFlag                          0x080016bd   Thumb Code    18  stm32f10x_usart.o(i.USART_ClearFlag)
    USART_Cmd                                0x080016cf   Thumb Code    24  stm32f10x_usart.o(i.USART_Cmd)
    USART_DMACmd                             0x080016e7   Thumb Code    18  stm32f10x_usart.o(i.USART_DMACmd)
    USART_GetFlagStatus                      0x080016f9   Thumb Code    26  stm32f10x_usart.o(i.USART_GetFlagStatus)
    USART_GetITStatus                        0x08001713   Thumb Code    84  stm32f10x_usart.o(i.USART_GetITStatus)
    USART_ITConfig                           0x08001767   Thumb Code    74  stm32f10x_usart.o(i.USART_ITConfig)
    USART_Init                               0x080017b1   Thumb Code   210  stm32f10x_usart.o(i.USART_Init)
    USART_ReceiveData                        0x08001889   Thumb Code    10  stm32f10x_usart.o(i.USART_ReceiveData)
    main                                     0x08001bb9   Thumb Code   240  main.o(i.main)
    pvPortMalloc                             0x080023f5   Thumb Code   490  heap_4.o(i.pvPortMalloc)
    pxPortInitialiseStack                    0x080025f9   Thumb Code    30  port.o(i.pxPortInitialiseStack)
    uxListRemove                             0x0800261d   Thumb Code    40  list.o(i.uxListRemove)
    uxTaskGetNumberOfTasks                   0x08002645   Thumb Code     6  tasks.o(i.uxTaskGetNumberOfTasks)
    vApplicationMallocFailedHook             0x08002651   Thumb Code     4  main.o(i.vApplicationMallocFailedHook)
    vApplicationStackOverflowHook            0x08002655   Thumb Code     6  main.o(i.vApplicationStackOverflowHook)
    vListInitialise                          0x0800265b   Thumb Code    26  list.o(i.vListInitialise)
    vListInitialiseItem                      0x08002675   Thumb Code     6  list.o(i.vListInitialiseItem)
    vListInsert                              0x0800267b   Thumb Code    52  list.o(i.vListInsert)
    vPortEnterCritical                       0x080026b1   Thumb Code    76  port.o(i.vPortEnterCritical)
    vPortExitCritical                        0x08002705   Thumb Code    56  port.o(i.vPortExitCritical)
    vPortFree                                0x08002741   Thumb Code   176  heap_4.o(i.vPortFree)
    vPortSetupTimerInterrupt                 0x080027fd   Thumb Code    36  port.o(i.vPortSetupTimerInterrupt)
    vPortValidateInterruptPriority           0x08002825   Thumb Code   106  port.o(i.vPortValidateInterruptPriority)
    vTaskDelay                               0x0800289d   Thumb Code    82  tasks.o(i.vTaskDelay)
    vTaskInternalSetTimeOutState             0x080028f9   Thumb Code    14  tasks.o(i.vTaskInternalSetTimeOutState)
    vTaskMissedYield                         0x08002911   Thumb Code     8  tasks.o(i.vTaskMissedYield)
    vTaskPlaceOnEventList                    0x0800291d   Thumb Code    52  tasks.o(i.vTaskPlaceOnEventList)
    vTaskStartScheduler                      0x08002955   Thumb Code    96  tasks.o(i.vTaskStartScheduler)
    vTaskSuspendAll                          0x080029c5   Thumb Code    12  tasks.o(i.vTaskSuspendAll)
    vTaskSwitchContext                       0x080029d5   Thumb Code   168  tasks.o(i.vTaskSwitchContext)
    xPortStartScheduler                      0x08002a91   Thumb Code   228  port.o(i.xPortStartScheduler)
    xQueueGenericCreate                      0x08002b89   Thumb Code   102  queue.o(i.xQueueGenericCreate)
    xQueueGenericReset                       0x08002bf1   Thumb Code   214  queue.o(i.xQueueGenericReset)
    xQueueGenericSend                        0x08002ccd   Thumb Code   380  queue.o(i.xQueueGenericSend)
    xQueueGenericSendFromISR                 0x08002e4d   Thumb Code   298  queue.o(i.xQueueGenericSendFromISR)
    xQueueReceive                            0x08002f79   Thumb Code   316  queue.o(i.xQueueReceive)
    xTaskCheckForTimeOut                     0x080030b9   Thumb Code   136  tasks.o(i.xTaskCheckForTimeOut)
    xTaskCreate                              0x08003149   Thumb Code    56  tasks.o(i.xTaskCreate)
    xTaskGetTickCount                        0x08003181   Thumb Code     6  tasks.o(i.xTaskGetTickCount)
    xTaskIncrementTick                       0x0800318d   Thumb Code   414  tasks.o(i.xTaskIncrementTick)
    xTaskPriorityDisinherit                  0x08003359   Thumb Code   234  tasks.o(i.xTaskPriorityDisinherit)
    xTaskRemoveFromEventList                 0x08003451   Thumb Code   280  tasks.o(i.xTaskRemoveFromEventList)
    xTaskResumeAll                           0x08003581   Thumb Code   380  tasks.o(i.xTaskResumeAll)
    __aeabi_d2f                              0x08003721   Thumb Code     0  d2f.o(x$fpl$d2f)
    _d2f                                     0x08003721   Thumb Code    98  d2f.o(x$fpl$d2f)
    __aeabi_dadd                             0x08003785   Thumb Code     0  daddsub_clz.o(x$fpl$dadd)
    _dadd                                    0x08003785   Thumb Code   332  daddsub_clz.o(x$fpl$dadd)
    __aeabi_ddiv                             0x080038d5   Thumb Code     0  ddiv.o(x$fpl$ddiv)
    _ddiv                                    0x080038d5   Thumb Code   552  ddiv.o(x$fpl$ddiv)
    __aeabi_d2iz                             0x08003b85   Thumb Code     0  dfix.o(x$fpl$dfix)
    _dfix                                    0x08003b85   Thumb Code    94  dfix.o(x$fpl$dfix)
    __aeabi_d2uiz                            0x08003be5   Thumb Code     0  dfixu.o(x$fpl$dfixu)
    _dfixu                                   0x08003be5   Thumb Code    90  dfixu.o(x$fpl$dfixu)
    __aeabi_i2d                              0x08003c3f   Thumb Code     0  dflt_clz.o(x$fpl$dflt)
    _dflt                                    0x08003c3f   Thumb Code    46  dflt_clz.o(x$fpl$dflt)
    __fpl_dnaninf                            0x08003c6d   Thumb Code   156  dnaninf.o(x$fpl$dnaninf)
    __fpl_dretinf                            0x08003d09   Thumb Code    12  dretinf.o(x$fpl$dretinf)
    __aeabi_dsub                             0x08003d15   Thumb Code     0  daddsub_clz.o(x$fpl$dsub)
    _dsub                                    0x08003d15   Thumb Code   464  daddsub_clz.o(x$fpl$dsub)
    __aeabi_f2d                              0x08003ee9   Thumb Code     0  f2d.o(x$fpl$f2d)
    _f2d                                     0x08003ee9   Thumb Code    86  f2d.o(x$fpl$f2d)
    __fpl_fnaninf                            0x08003f3f   Thumb Code   140  fnaninf.o(x$fpl$fnaninf)
    __fpl_fretinf                            0x08003fcb   Thumb Code    10  fretinf.o(x$fpl$fretinf)
    __I$use$fp                               0x08003fd4   Number         0  usenofp.o(x$fpl$usenofp)
    Region$$Table$$Base                      0x0800401c   Number         0  anon$$obj.o(Region$$Table)
    Region$$Table$$Limit                     0x0800403c   Number         0  anon$$obj.o(Region$$Table)
    xQueue_ActuatorCmd                       0x20000060   Data           4  slave_actuator.o(.data)
    pxCurrentTCB                             0x20000064   Data           4  tasks.o(.data)
    SystemCoreClock                          0x200000e0   Data           4  system_stm32f10x.o(.data)
    AHBPrescTable                            0x200000e4   Data          16  system_stm32f10x.o(.data)
    _random_number_data                      0x20001348   Data         228  rand.o(.bss)
    __libspace_start                         0x2000142c   Data          96  libspace.o(.bss)
    __temporary_stack_top$libspace           0x2000148c   Data           0  libspace.o(.bss)



==============================================================================

Memory Map of the image

  Image Entry point : 0x080000ed

  Load Region LR_IROM1 (Base: 0x08000000, Size: 0x00004130, Max: 0x00010000, ABSOLUTE)

    Execution Region ER_IROM1 (Exec base: 0x08000000, Load base: 0x08000000, Size: 0x0000403c, Max: 0x00010000, ABSOLUTE)

    Exec Addr    Load Addr    Size         Type   Attr      Idx    E Section Name        Object

    0x08000000   0x08000000   0x000000ec   Data   RO         2329    RESET               startup_stm32f10x_md.o
    0x080000ec   0x080000ec   0x00000008   Code   RO         2394  * !!!main             c_w.l(__main.o)
    0x080000f4   0x080000f4   0x00000034   Code   RO         2590    !!!scatter          c_w.l(__scatter.o)
    0x08000128   0x08000128   0x0000001a   Code   RO         2592    !!handler_copy      c_w.l(__scatter_copy.o)
    0x08000142   0x08000142   0x00000002   PAD
    0x08000144   0x08000144   0x0000001c   Code   RO         2594    !!handler_zi        c_w.l(__scatter_zi.o)
    0x08000160   0x08000160   0x00000002   Code   RO         2513    .ARM.Collect$$libinit$$00000000  c_w.l(libinit.o)
    0x08000162   0x08000162   0x00000000   Code   RO         2428    .ARM.Collect$$libinit$$00000002  c_w.l(libinit2.o)
    0x08000162   0x08000162   0x00000000   Code   RO         2430    .ARM.Collect$$libinit$$00000004  c_w.l(libinit2.o)
    0x08000162   0x08000162   0x00000000   Code   RO         2433    .ARM.Collect$$libinit$$0000000A  c_w.l(libinit2.o)
    0x08000162   0x08000162   0x00000000   Code   RO         2435    .ARM.Collect$$libinit$$0000000C  c_w.l(libinit2.o)
    0x08000162   0x08000162   0x00000004   Code   RO         2436    .ARM.Collect$$libinit$$0000000D  c_w.l(libinit2.o)
    0x08000166   0x08000166   0x00000000   Code   RO         2437    .ARM.Collect$$libinit$$0000000E  c_w.l(libinit2.o)
    0x08000166   0x08000166   0x00000000   Code   RO         2440    .ARM.Collect$$libinit$$00000011  c_w.l(libinit2.o)
    0x08000166   0x08000166   0x00000000   Code   RO         2442    .ARM.Collect$$libinit$$00000013  c_w.l(libinit2.o)
    0x08000166   0x08000166   0x00000000   Code   RO         2444    .ARM.Collect$$libinit$$00000015  c_w.l(libinit2.o)
    0x08000166   0x08000166   0x00000000   Code   RO         2446    .ARM.Collect$$libinit$$00000017  c_w.l(libinit2.o)
    0x08000166   0x08000166   0x00000000   Code   RO         2448    .ARM.Collect$$libinit$$00000019  c_w.l(libinit2.o)
    0x08000166   0x08000166   0x00000000   Code   RO         2450    .ARM.Collect$$libinit$$0000001B  c_w.l(libinit2.o)
    0x08000166   0x08000166   0x00000000   Code   RO         2452    .ARM.Collect$$libinit$$0000001D  c_w.l(libinit2.o)
    0x08000166   0x08000166   0x00000000   Code   RO         2454    .ARM.Collect$$libinit$$0000001F  c_w.l(libinit2.o)
    0x08000166   0x08000166   0x00000000   Code   RO         2456    .ARM.Collect$$libinit$$00000021  c_w.l(libinit2.o)
    0x08000166   0x08000166   0x00000000   Code   RO         2458    .ARM.Collect$$libinit$$00000023  c_w.l(libinit2.o)
    0x08000166   0x08000166   0x00000000   Code   RO         2460    .ARM.Collect$$libinit$$00000025  c_w.l(libinit2.o)
    0x08000166   0x08000166   0x00000000   Code   RO         2464    .ARM.Collect$$libinit$$0000002C  c_w.l(libinit2.o)
    0x08000166   0x08000166   0x00000000   Code   RO         2466    .ARM.Collect$$libinit$$0000002E  c_w.l(libinit2.o)
    0x08000166   0x08000166   0x00000000   Code   RO         2468    .ARM.Collect$$libinit$$00000030  c_w.l(libinit2.o)
    0x08000166   0x08000166   0x00000000   Code   RO         2470    .ARM.Collect$$libinit$$00000032  c_w.l(libinit2.o)
    0x08000166   0x08000166   0x00000002   Code   RO         2471    .ARM.Collect$$libinit$$00000033  c_w.l(libinit2.o)
    0x08000168   0x08000168   0x00000002   Code   RO         2551    .ARM.Collect$$libshutdown$$00000000  c_w.l(libshutdown.o)
    0x0800016a   0x0800016a   0x00000000   Code   RO         2557    .ARM.Collect$$libshutdown$$00000002  c_w.l(libshutdown2.o)
    0x0800016a   0x0800016a   0x00000000   Code   RO         2559    .ARM.Collect$$libshutdown$$00000004  c_w.l(libshutdown2.o)
    0x0800016a   0x0800016a   0x00000000   Code   RO         2562    .ARM.Collect$$libshutdown$$00000007  c_w.l(libshutdown2.o)
    0x0800016a   0x0800016a   0x00000000   Code   RO         2565    .ARM.Collect$$libshutdown$$0000000A  c_w.l(libshutdown2.o)
    0x0800016a   0x0800016a   0x00000000   Code   RO         2567    .ARM.Collect$$libshutdown$$0000000C  c_w.l(libshutdown2.o)
    0x0800016a   0x0800016a   0x00000000   Code   RO         2570    .ARM.Collect$$libshutdown$$0000000F  c_w.l(libshutdown2.o)
    0x0800016a   0x0800016a   0x00000002   Code   RO         2571    .ARM.Collect$$libshutdown$$00000010  c_w.l(libshutdown2.o)
    0x0800016c   0x0800016c   0x00000000   Code   RO         2424    .ARM.Collect$$rtentry$$00000000  c_w.l(__rtentry.o)
    0x0800016c   0x0800016c   0x00000000   Code   RO         2482    .ARM.Collect$$rtentry$$00000002  c_w.l(__rtentry2.o)
    0x0800016c   0x0800016c   0x00000006   Code   RO         2494    .ARM.Collect$$rtentry$$00000004  c_w.l(__rtentry4.o)
    0x08000172   0x08000172   0x00000000   Code   RO         2484    .ARM.Collect$$rtentry$$00000009  c_w.l(__rtentry2.o)
    0x08000172   0x08000172   0x00000004   Code   RO         2485    .ARM.Collect$$rtentry$$0000000A  c_w.l(__rtentry2.o)
    0x08000176   0x08000176   0x00000000   Code   RO         2487    .ARM.Collect$$rtentry$$0000000C  c_w.l(__rtentry2.o)
    0x08000176   0x08000176   0x00000008   Code   RO         2488    .ARM.Collect$$rtentry$$0000000D  c_w.l(__rtentry2.o)
    0x0800017e   0x0800017e   0x00000002   Code   RO         2519    .ARM.Collect$$rtexit$$00000000  c_w.l(rtexit.o)
    0x08000180   0x08000180   0x00000000   Code   RO         2531    .ARM.Collect$$rtexit$$00000002  c_w.l(rtexit2.o)
    0x08000180   0x08000180   0x00000004   Code   RO         2532    .ARM.Collect$$rtexit$$00000003  c_w.l(rtexit2.o)
    0x08000184   0x08000184   0x00000006   Code   RO         2533    .ARM.Collect$$rtexit$$00000004  c_w.l(rtexit2.o)
    0x0800018a   0x0800018a   0x00000002   PAD
    0x0800018c   0x0800018c   0x00000096   Code   RO         1402    .emb_text           port.o
    0x08000222   0x08000222   0x00000002   PAD
    0x08000224   0x08000224   0x00000034   Code   RO         2379    .emb_text           c_w.l(rand.o)
    0x08000258   0x08000258   0x00000040   Code   RO         2330    .text               startup_stm32f10x_md.o
    0x08000298   0x08000298   0x0000003c   Code   RO         2380    .text               c_w.l(rand.o)
    0x080002d4   0x080002d4   0x0000008a   Code   RO         2384    .text               c_w.l(rt_memcpy_v6.o)
    0x0800035e   0x0800035e   0x00000044   Code   RO         2388    .text               c_w.l(rt_memclr.o)
    0x080003a2   0x080003a2   0x0000004e   Code   RO         2390    .text               c_w.l(rt_memclr_w.o)
    0x080003f0   0x080003f0   0x00000006   Code   RO         2392    .text               c_w.l(heapauxi.o)
    0x080003f6   0x080003f6   0x00000064   Code   RO         2425    .text               c_w.l(rt_memcpy_w.o)
    0x0800045a   0x0800045a   0x0000004a   Code   RO         2500    .text               c_w.l(sys_stackheap_outer.o)
    0x080004a4   0x080004a4   0x00000012   Code   RO         2502    .text               c_w.l(exit.o)
    0x080004b6   0x080004b6   0x00000002   PAD
    0x080004b8   0x080004b8   0x00000008   Code   RO         2516    .text               c_w.l(libspace.o)
    0x080004c0   0x080004c0   0x00000002   Code   RO         2527    .text               c_w.l(use_no_semi.o)
    0x080004c2   0x080004c2   0x00000000   Code   RO         2529    .text               c_w.l(indicate_semi.o)
    0x080004c2   0x080004c2   0x00000002   PAD
    0x080004c4   0x080004c4   0x0000000c   Code   RO         2543    .text               c_w.l(sys_exit.o)
    0x080004d0   0x080004d0   0x00000048   Code   RO          459    i.Actuator_Init     slave_actuator.o
    0x08000518   0x08000518   0x00000046   Code   RO          233    i.CRC16_Calc        slave_protocol.o
    0x0800055e   0x0800055e   0x0000006c   Code   RO            4    i.Clock_Init        main.o
    0x080005ca   0x080005ca   0x0000001a   Code   RO            5    i.DMA1_Channel6_IRQHandler  main.o
    0x080005e4   0x080005e4   0x0000001a   Code   RO            6    i.DMA1_Channel7_IRQHandler  main.o
    0x080005fe   0x080005fe   0x00000002   PAD
    0x08000600   0x08000600   0x0000001c   Code   RO         1530    i.DMA_ClearFlag     stm32f10x_dma.o
    0x0800061c   0x0800061c   0x0000001c   Code   RO         1531    i.DMA_ClearITPendingBit  stm32f10x_dma.o
    0x08000638   0x08000638   0x00000018   Code   RO         1532    i.DMA_Cmd           stm32f10x_dma.o
    0x08000650   0x08000650   0x000000a0   Code   RO            7    i.DMA_Config        main.o
    0x080006f0   0x080006f0   0x0000014c   Code   RO         1533    i.DMA_DeInit        stm32f10x_dma.o
    0x0800083c   0x0800083c   0x0000002c   Code   RO         1536    i.DMA_GetITStatus   stm32f10x_dma.o
    0x08000868   0x08000868   0x00000012   Code   RO         1537    i.DMA_ITConfig      stm32f10x_dma.o
    0x0800087a   0x0800087a   0x0000003c   Code   RO         1538    i.DMA_Init          stm32f10x_dma.o
    0x080008b6   0x080008b6   0x00000002   PAD
    0x080008b8   0x080008b8   0x0000001c   Code   RO         1631    i.FLASH_PrefetchBufferCmd  stm32f10x_flash.o
    0x080008d4   0x080008d4   0x00000018   Code   RO         1636    i.FLASH_SetLatency  stm32f10x_flash.o
    0x080008ec   0x080008ec   0x00000064   Code   RO          234    i.Frame_Build       slave_protocol.o
    0x08000950   0x08000950   0x00000054   Code   RO          235    i.Frame_Parse       slave_protocol.o
    0x080009a4   0x080009a4   0x00000088   Code   RO            8    i.GPIO_Config       main.o
    0x08000a2c   0x08000a2c   0x00000116   Code   RO         1806    i.GPIO_Init         stm32f10x_gpio.o
    0x08000b42   0x08000b42   0x00000004   Code   RO         1813    i.GPIO_ResetBits    stm32f10x_gpio.o
    0x08000b46   0x08000b46   0x00000004   Code   RO         1814    i.GPIO_SetBits      stm32f10x_gpio.o
    0x08000b4a   0x08000b4a   0x0000000a   Code   RO         1817    i.GPIO_WriteBit     stm32f10x_gpio.o
    0x08000b54   0x08000b54   0x00000052   Code   RO            9    i.NVIC_Config       main.o
    0x08000ba6   0x08000ba6   0x00000002   PAD
    0x08000ba8   0x08000ba8   0x00000070   Code   RO         1482    i.NVIC_Init         misc.o
    0x08000c18   0x08000c18   0x00000014   Code   RO         1483    i.NVIC_PriorityGroupConfig  misc.o
    0x08000c2c   0x08000c2c   0x00000048   Code   RO          236    i.Protocol_Init     slave_protocol.o
    0x08000c74   0x08000c74   0x00000020   Code   RO         1927    i.RCC_AHBPeriphClockCmd  stm32f10x_rcc.o
    0x08000c94   0x08000c94   0x00000020   Code   RO         1928    i.RCC_APB1PeriphClockCmd  stm32f10x_rcc.o
    0x08000cb4   0x08000cb4   0x00000020   Code   RO         1930    i.RCC_APB2PeriphClockCmd  stm32f10x_rcc.o
    0x08000cd4   0x08000cd4   0x000000d4   Code   RO         1938    i.RCC_GetClocksFreq  stm32f10x_rcc.o
    0x08000da8   0x08000da8   0x0000003c   Code   RO         1939    i.RCC_GetFlagStatus  stm32f10x_rcc.o
    0x08000de4   0x08000de4   0x00000010   Code   RO         1941    i.RCC_GetSYSCLKSource  stm32f10x_rcc.o
    0x08000df4   0x08000df4   0x00000018   Code   RO         1942    i.RCC_HCLKConfig    stm32f10x_rcc.o
    0x08000e0c   0x08000e0c   0x0000004c   Code   RO         1943    i.RCC_HSEConfig     stm32f10x_rcc.o
    0x08000e58   0x08000e58   0x00000018   Code   RO         1949    i.RCC_PCLK1Config   stm32f10x_rcc.o
    0x08000e70   0x08000e70   0x00000018   Code   RO         1950    i.RCC_PCLK2Config   stm32f10x_rcc.o
    0x08000e88   0x08000e88   0x0000000c   Code   RO         1951    i.RCC_PLLCmd        stm32f10x_rcc.o
    0x08000e94   0x08000e94   0x0000001c   Code   RO         1952    i.RCC_PLLConfig     stm32f10x_rcc.o
    0x08000eb0   0x08000eb0   0x00000018   Code   RO         1955    i.RCC_SYSCLKConfig  stm32f10x_rcc.o
    0x08000ec8   0x08000ec8   0x00000038   Code   RO         1957    i.RCC_WaitForHSEStartUp  stm32f10x_rcc.o
    0x08000f00   0x08000f00   0x0000001a   Code   RO          348    i.Read_ADC_Int      slave_sensor.o
    0x08000f1a   0x08000f1a   0x0000001a   Code   RO          349    i.Read_ADC_Int32    slave_sensor.o
    0x08000f34   0x08000f34   0x00000018   Code   RO          350    i.Read_DI_Char      slave_sensor.o
    0x08000f4c   0x08000f4c   0x00000024   Code   RO          351    i.Read_DI_Float     slave_sensor.o
    0x08000f70   0x08000f70   0x0000001c   Code   RO          352    i.Read_Humid_Int    slave_sensor.o
    0x08000f8c   0x08000f8c   0x00000020   Code   RO          353    i.Read_Humid_Int32  slave_sensor.o
    0x08000fac   0x08000fac   0x00000028   Code   RO          354    i.Read_Press_Double  slave_sensor.o
    0x08000fd4   0x08000fd4   0x0000001c   Code   RO          355    i.Read_Temp_Char    slave_sensor.o
    0x08000ff0   0x08000ff0   0x00000038   Code   RO          356    i.Read_Temp_Float   slave_sensor.o
    0x08001028   0x08001028   0x00000008   Code   RO         2337    i.SetSysClock       system_stm32f10x.o
    0x08001030   0x08001030   0x000000e0   Code   RO         2338    i.SetSysClockTo72   system_stm32f10x.o
    0x08001110   0x08001110   0x00000004   Code   RO          202    i.SlaveConfig_GetVersion  slave_config_store.o
    0x08001114   0x08001114   0x0000010c   Code   RO          237    i.Slave_Protocol_OnRxDmaComplete  slave_protocol.o
    0x08001220   0x08001220   0x0000004c   Code   RO          238    i.Slave_Protocol_OnTxComplete  slave_protocol.o
    0x0800126c   0x0800126c   0x00000028   Code   RO          239    i.Slave_Protocol_OnTxDmaComplete  slave_protocol.o
    0x08001294   0x08001294   0x00000004   Code   RO          357    i.Slave_Sensors_GetCount  slave_sensor.o
    0x08001298   0x08001298   0x00000020   Code   RO          358    i.Slave_Sensors_Init  slave_sensor.o
    0x080012b8   0x080012b8   0x00000084   Code   RO          359    i.Slave_Sensors_PackAllData  slave_sensor.o
    0x0800133c   0x0800133c   0x00000058   Code   RO          360    i.Slave_Sensors_PackTable  slave_sensor.o
    0x08001394   0x08001394   0x000000c4   Code   RO          361    i.Slave_Sensors_Read  slave_sensor.o
    0x08001458   0x08001458   0x00000034   Code   RO         1403    i.SysTick_Handler   port.o
    0x0800148c   0x0800148c   0x000000a4   Code   RO         2339    i.SystemCoreClockUpdate  system_stm32f10x.o
    0x08001530   0x08001530   0x00000060   Code   RO         2340    i.SystemInit        system_stm32f10x.o
    0x08001590   0x08001590   0x00000080   Code   RO          460    i.Task_Actuator     slave_actuator.o
    0x08001610   0x08001610   0x00000054   Code   RO          240    i.Task_Protocol     slave_protocol.o
    0x08001664   0x08001664   0x00000040   Code   RO           10    i.USART2_Config     main.o
    0x080016a4   0x080016a4   0x00000018   Code   RO           11    i.USART2_IRQHandler  main.o
    0x080016bc   0x080016bc   0x00000012   Code   RO         2138    i.USART_ClearFlag   stm32f10x_usart.o
    0x080016ce   0x080016ce   0x00000018   Code   RO         2142    i.USART_Cmd         stm32f10x_usart.o
    0x080016e6   0x080016e6   0x00000012   Code   RO         2143    i.USART_DMACmd      stm32f10x_usart.o
    0x080016f8   0x080016f8   0x0000001a   Code   RO         2145    i.USART_GetFlagStatus  stm32f10x_usart.o
    0x08001712   0x08001712   0x00000054   Code   RO         2146    i.USART_GetITStatus  stm32f10x_usart.o
    0x08001766   0x08001766   0x0000004a   Code   RO         2148    i.USART_ITConfig    stm32f10x_usart.o
    0x080017b0   0x080017b0   0x000000d8   Code   RO         2149    i.USART_Init        stm32f10x_usart.o
    0x08001888   0x08001888   0x0000000a   Code   RO         2156    i.USART_ReceiveData  stm32f10x_usart.o
    0x08001892   0x08001892   0x00000002   PAD
    0x08001894   0x08001894   0x00000038   Code   RO          241    i._AbortRxDma       slave_protocol.o
    0x080018cc   0x080018cc   0x00000044   Code   RO          242    i._ArmPrefix        slave_protocol.o
    0x08001910   0x08001910   0x00000044   Code   RO          243    i._ArmRest          slave_protocol.o
    0x08001954   0x08001954   0x000001c0   Code   RO          244    i._ProcessFrame     slave_protocol.o
    0x08001b14   0x08001b14   0x0000004c   Code   RO          245    i._Send             slave_protocol.o
    0x08001b60   0x08001b60   0x00000058   Code   RO          246    i._StartTxDma       slave_protocol.o
    0x08001bb8   0x08001bb8   0x00000110   Code   RO           13    i.main              main.o
    0x08001cc8   0x08001cc8   0x000000cc   Code   RO          968    i.prvAddCurrentTaskToDelayedList  tasks.o
    0x08001d94   0x08001d94   0x000000f0   Code   RO          969    i.prvAddNewTaskToReadyList  tasks.o
    0x08001e84   0x08001e84   0x00000048   Code   RO          970    i.prvCheckTasksWaitingTermination  tasks.o
    0x08001ecc   0x08001ecc   0x0000002a   Code   RO          651    i.prvCopyDataFromQueue  queue.o
    0x08001ef6   0x08001ef6   0x0000007e   Code   RO          652    i.prvCopyDataToQueue  queue.o
    0x08001f74   0x08001f74   0x00000068   Code   RO          971    i.prvCreateIdleTasks  tasks.o
    0x08001fdc   0x08001fdc   0x0000005a   Code   RO          972    i.prvCreateTask     tasks.o
    0x08002036   0x08002036   0x00000012   Code   RO          973    i.prvDeleteTCB      tasks.o
    0x08002048   0x08002048   0x0000006c   Code   RO         1332    i.prvHeapInit       heap_4.o
    0x080020b4   0x080020b4   0x00000028   Code   RO          974    i.prvIdleTask       tasks.o
    0x080020dc   0x080020dc   0x00000026   Code   RO          655    i.prvInitialiseNewQueue  queue.o
    0x08002102   0x08002102   0x000000c2   Code   RO          975    i.prvInitialiseNewTask  tasks.o
    0x080021c4   0x080021c4   0x00000068   Code   RO          976    i.prvInitialiseTaskLists  tasks.o
    0x0800222c   0x0800222c   0x000000a0   Code   RO         1333    i.prvInsertBlockIntoFreeList  heap_4.o
    0x080022cc   0x080022cc   0x0000001a   Code   RO          656    i.prvIsQueueEmpty   queue.o
    0x080022e6   0x080022e6   0x0000001e   Code   RO          657    i.prvIsQueueFull    queue.o
    0x08002304   0x08002304   0x00000030   Code   RO          977    i.prvResetNextTaskUnblockTime  tasks.o
    0x08002334   0x08002334   0x00000040   Code   RO         1404    i.prvTaskExitError  port.o
    0x08002374   0x08002374   0x0000007e   Code   RO          658    i.prvUnlockQueue    queue.o
    0x080023f2   0x080023f2   0x00000002   PAD
    0x080023f4   0x080023f4   0x00000204   Code   RO         1335    i.pvPortMalloc      heap_4.o
    0x080025f8   0x080025f8   0x00000024   Code   RO         1405    i.pxPortInitialiseStack  port.o
    0x0800261c   0x0800261c   0x00000028   Code   RO          612    i.uxListRemove      list.o
    0x08002644   0x08002644   0x0000000c   Code   RO          984    i.uxTaskGetNumberOfTasks  tasks.o
    0x08002650   0x08002650   0x00000004   Code   RO           15    i.vApplicationMallocFailedHook  main.o
    0x08002654   0x08002654   0x00000006   Code   RO           16    i.vApplicationStackOverflowHook  main.o
    0x0800265a   0x0800265a   0x0000001a   Code   RO          613    i.vListInitialise   list.o
    0x08002674   0x08002674   0x00000006   Code   RO          614    i.vListInitialiseItem  list.o
    0x0800267a   0x0800267a   0x00000034   Code   RO          615    i.vListInsert       list.o
    0x080026ae   0x080026ae   0x00000002   PAD
    0x080026b0   0x080026b0   0x00000054   Code   RO         1407    i.vPortEnterCritical  port.o
    0x08002704   0x08002704   0x0000003c   Code   RO         1408    i.vPortExitCritical  port.o
    0x08002740   0x08002740   0x000000bc   Code   RO         1336    i.vPortFree         heap_4.o
    0x080027fc   0x080027fc   0x00000028   Code   RO         1409    i.vPortSetupTimerInterrupt  port.o
    0x08002824   0x08002824   0x00000078   Code   RO         1410    i.vPortValidateInterruptPriority  port.o
    0x0800289c   0x0800289c   0x0000005c   Code   RO          988    i.vTaskDelay        tasks.o
    0x080028f8   0x080028f8   0x00000018   Code   RO          992    i.vTaskInternalSetTimeOutState  tasks.o
    0x08002910   0x08002910   0x0000000c   Code   RO          993    i.vTaskMissedYield  tasks.o
    0x0800291c   0x0800291c   0x00000038   Code   RO          994    i.vTaskPlaceOnEventList  tasks.o
    0x08002954   0x08002954   0x00000070   Code   RO         1002    i.vTaskStartScheduler  tasks.o
    0x080029c4   0x080029c4   0x00000010   Code   RO         1004    i.vTaskSuspendAll   tasks.o
    0x080029d4   0x080029d4   0x000000bc   Code   RO         1005    i.vTaskSwitchContext  tasks.o
    0x08002a90   0x08002a90   0x000000f8   Code   RO         1411    i.xPortStartScheduler  port.o
    0x08002b88   0x08002b88   0x00000066   Code   RO          666    i.xQueueGenericCreate  queue.o
    0x08002bee   0x08002bee   0x00000002   PAD
    0x08002bf0   0x08002bf0   0x000000dc   Code   RO          667    i.xQueueGenericReset  queue.o
    0x08002ccc   0x08002ccc   0x00000180   Code   RO          668    i.xQueueGenericSend  queue.o
    0x08002e4c   0x08002e4c   0x0000012a   Code   RO          669    i.xQueueGenericSendFromISR  queue.o
    0x08002f76   0x08002f76   0x00000002   PAD
    0x08002f78   0x08002f78   0x00000140   Code   RO          675    i.xQueueReceive     queue.o
    0x080030b8   0x080030b8   0x00000090   Code   RO         1007    i.xTaskCheckForTimeOut  tasks.o
    0x08003148   0x08003148   0x00000038   Code   RO         1008    i.xTaskCreate       tasks.o
    0x08003180   0x08003180   0x0000000c   Code   RO         1018    i.xTaskGetTickCount  tasks.o
    0x0800318c   0x0800318c   0x000001cc   Code   RO         1020    i.xTaskIncrementTick  tasks.o
    0x08003358   0x08003358   0x000000f8   Code   RO         1021    i.xTaskPriorityDisinherit  tasks.o
    0x08003450   0x08003450   0x00000130   Code   RO         1023    i.xTaskRemoveFromEventList  tasks.o
    0x08003580   0x08003580   0x000001a0   Code   RO         1024    i.xTaskResumeAll    tasks.o
    0x08003720   0x08003720   0x00000062   Code   RO         2396    x$fpl$d2f           fz_ws.l(d2f.o)
    0x08003782   0x08003782   0x00000002   PAD
    0x08003784   0x08003784   0x00000150   Code   RO         2398    x$fpl$dadd          fz_ws.l(daddsub_clz.o)
    0x080038d4   0x080038d4   0x000002b0   Code   RO         2405    x$fpl$ddiv          fz_ws.l(ddiv.o)
    0x08003b84   0x08003b84   0x0000005e   Code   RO         2408    x$fpl$dfix          fz_ws.l(dfix.o)
    0x08003be2   0x08003be2   0x00000002   PAD
    0x08003be4   0x08003be4   0x0000005a   Code   RO         2412    x$fpl$dfixu         fz_ws.l(dfixu.o)
    0x08003c3e   0x08003c3e   0x0000002e   Code   RO         2417    x$fpl$dflt          fz_ws.l(dflt_clz.o)
    0x08003c6c   0x08003c6c   0x0000009c   Code   RO         2472    x$fpl$dnaninf       fz_ws.l(dnaninf.o)
    0x08003d08   0x08003d08   0x0000000c   Code   RO         2474    x$fpl$dretinf       fz_ws.l(dretinf.o)
    0x08003d14   0x08003d14   0x000001d4   Code   RO         2400    x$fpl$dsub          fz_ws.l(daddsub_clz.o)
    0x08003ee8   0x08003ee8   0x00000056   Code   RO         2422    x$fpl$f2d           fz_ws.l(f2d.o)
    0x08003f3e   0x08003f3e   0x0000008c   Code   RO         2476    x$fpl$fnaninf       fz_ws.l(fnaninf.o)
    0x08003fca   0x08003fca   0x0000000a   Code   RO         2478    x$fpl$fretinf       fz_ws.l(fretinf.o)
    0x08003fd4   0x08003fd4   0x00000000   Code   RO         2480    x$fpl$usenofp       fz_ws.l(usenofp.o)
    0x08003fd4   0x08003fd4   0x00000048   Data   RO          362    .constdata          slave_sensor.o
    0x0800401c   0x0800401c   0x00000020   Data   RO         2588    Region$$Table       anon$$obj.o


    Execution Region RW_IRAM1 (Exec base: 0x20000000, Load base: 0x0800403c, Size: 0x00001a90, Max: 0x00005000, ABSOLUTE)

    Exec Addr    Load Addr    Size         Type   Attr      Idx    E Section Name        Object

    0x20000000   0x0800403c   0x0000000c   Data   RW          248    .data               slave_protocol.o
    0x2000000c   0x08004048   0x00000004   PAD
    0x20000010   0x0800404c   0x00000050   Data   RW          363    .data               slave_sensor.o
    0x20000060   0x0800409c   0x00000004   Data   RW          461    .data               slave_actuator.o
    0x20000064   0x080040a0   0x00000040   Data   RW         1027    .data               tasks.o
    0x200000a4   0x080040e0   0x0000001c   Data   RW         1343    .data               heap_4.o
    0x200000c0   0x080040fc   0x0000000c   Data   RW         1412    .data               port.o
    0x200000cc   0x08004108   0x00000014   Data   RW         1958    .data               stm32f10x_rcc.o
    0x200000e0   0x0800411c   0x00000014   Data   RW         2341    .data               system_stm32f10x.o
    0x200000f4        -       0x0000013b   Zero   RW          247    .bss                slave_protocol.o
    0x2000022f   0x08004130   0x00000001   PAD
    0x20000230        -       0x00000118   Zero   RW         1026    .bss                tasks.o
    0x20000348        -       0x00001000   Zero   RW         1342    .bss                heap_4.o
    0x20001348        -       0x000000e4   Zero   RW         2381    .bss                c_w.l(rand.o)
    0x2000142c        -       0x00000060   Zero   RW         2517    .bss                c_w.l(libspace.o)
    0x2000148c   0x08004130   0x00000004   PAD
    0x20001490        -       0x00000200   Zero   RW         2328    HEAP                startup_stm32f10x_md.o
    0x20001690        -       0x00000400   Zero   RW         2327    STACK               startup_stm32f10x_md.o


==============================================================================

Image component sizes


      Code (inc. data)   RO Data    RW Data    ZI Data      Debug   Object Name

         0          0          0          0          0       6320   croutine.o
         0          0          0          0          0      15668   event_groups.o
       972         72          0         28       4096       6439   heap_4.o
       124          0          0          0          0       2933   list.o
       908         60          0          0          0     289956   main.o
       132         22          0          0          0       1951   misc.o
       854         78          0         12          0      11505   port.o
      1712         14          0          0          0      15046   queue.o
       200         18          0          4          0       2169   slave_actuator.o
         4          0          0          0          0        525   slave_config_store.o
      1598        142          0         12        315      38971   slave_protocol.o
       748         52         72         80          0      12151   slave_sensor.o
        64         26        236          0       1536        872   startup_stm32f10x_md.o
       534         36          0          0          0       6435   stm32f10x_dma.o
        52         12          0          0          0       1245   stm32f10x_flash.o
       296          0          0          0          0       4168   stm32f10x_gpio.o
       652         86          0         20          0      11933   stm32f10x_rcc.o
       470          6          0          0          0       7641   stm32f10x_usart.o
       492         50          0         20          0       3369   system_stm32f10x.o
      3266        346          0         64        280      30700   tasks.o

    ----------------------------------------------------------------------
     13096       1020        340        244       6228     469997   Object Totals
         0          0         32          0          0          0   (incl. Generated)
        18          0          0          4          1          0   (incl. Padding)

    ----------------------------------------------------------------------

      Code (inc. data)   RO Data    RW Data    ZI Data      Debug   Library Member Name

         8          0          0          0          0         68   __main.o
         0          0          0          0          0          0   __rtentry.o
        12          0          0          0          0          0   __rtentry2.o
         6          0          0          0          0          0   __rtentry4.o
        52          8          0          0          0          0   __scatter.o
        26          0          0          0          0          0   __scatter_copy.o
        28          0          0          0          0          0   __scatter_zi.o
        18          0          0          0          0         80   exit.o
         6          0          0          0          0        152   heapauxi.o
         0          0          0          0          0          0   indicate_semi.o
         2          0          0          0          0          0   libinit.o
         6          0          0          0          0          0   libinit2.o
         2          0          0          0          0          0   libshutdown.o
         2          0          0          0          0          0   libshutdown2.o
         8          4          0          0         96         68   libspace.o
       112         18          0          0        228        160   rand.o
        68          0          0          0          0         68   rt_memclr.o
        78          0          0          0          0         80   rt_memclr_w.o
       138          0          0          0          0         68   rt_memcpy_v6.o
       100          0          0          0          0         80   rt_memcpy_w.o
         2          0          0          0          0          0   rtexit.o
        10          0          0          0          0          0   rtexit2.o
        12          4          0          0          0         68   sys_exit.o
        74          0          0          0          0         80   sys_stackheap_outer.o
         2          0          0          0          0         68   use_no_semi.o
        98          4          0          0          0         92   d2f.o
       804         16          0          0          0        272   daddsub_clz.o
       688        140          0          0          0        208   ddiv.o
        94          4          0          0          0         92   dfix.o
        90          4          0          0          0         92   dfixu.o
        46          0          0          0          0         68   dflt_clz.o
       156          4          0          0          0         92   dnaninf.o
        12          0          0          0          0         68   dretinf.o
        86          4          0          0          0         84   f2d.o
       140          4          0          0          0         84   fnaninf.o
        10          0          0          0          0         68   fretinf.o
         0          0          0          0          0          0   usenofp.o

    ----------------------------------------------------------------------
      3008        214          0          0        328       2260   Library Totals
        12          0          0          0          4          0   (incl. Padding)

    ----------------------------------------------------------------------

      Code (inc. data)   RO Data    RW Data    ZI Data      Debug   Library Name

       772         34          0          0        324       1040   c_w.l
      2224        180          0          0          0       1220   fz_ws.l

    ----------------------------------------------------------------------
      3008        214          0          0        328       2260   Library Totals

    ----------------------------------------------------------------------

==============================================================================


      Code (inc. data)   RO Data    RW Data    ZI Data      Debug   

     16104       1234        340        244       6556     464349   Grand Totals
     16104       1234        340        244       6556     464349   ELF Image Totals
     16104       1234        340        244          0          0   ROM Totals

==============================================================================

    Total RO  Size (Code + RO Data)                16444 (  16.06kB)
    Total RW  Size (RW Data + ZI Data)              6800 (   6.64kB)
    Total ROM Size (Code + RO Data + RW Data)      16688 (  16.30kB)

==============================================================================

