10:13:57 **** Build of configuration Debug for project Embedded base IOT gateway - Master ****
make -j16 all 
arm-none-eabi-gcc "../ThirdParty/SEGGER/SEGGER/Syscalls/SEGGER_RTT_Syscalls_GCC.c" -mcpu=cortex-m4 -std=gnu11 -g3 -DDEBUG -DUSE_HAL_DRIVER -DSTM32F407xx -c -I"C:/Users/LENOVO/Documents/1.Personal/11.Embedded Projects/1.Embedded base IOT gateway/2.Workspace/Embedded base IOT gateway - Master/ThirdParty/FreeRTOS/portable/GCC/ARM_CM4F" -I"C:/Users/LENOVO/Documents/1.Personal/11.Embedded Projects/1.Embedded base IOT gateway/2.Workspace/Embedded base IOT gateway - Master/ThirdParty/SEGGER/Config" -I"C:/Users/LENOVO/Documents/1.Personal/11.Embedded Projects/1.Embedded base IOT gateway/2.Workspace/Embedded base IOT gateway - Master/ThirdParty/SEGGER/OS" -I"C:/Users/LENOVO/Documents/1.Personal/11.Embedded Projects/1.Embedded base IOT gateway/2.Workspace/Embedded base IOT gateway - Master/ThirdParty/SEGGER/SEGGER" -I../Core/Inc -I"C:/Users/LENOVO/Documents/1.Personal/11.Embedded Projects/1.Embedded base IOT gateway/2.Workspace/Embedded base IOT gateway - Master/ThirdParty/FreeRTOS" -I"C:/Users/LENOVO/Documents/1.Personal/11.Embedded Projects/1.Embedded base IOT gateway/2.Workspace/Embedded base IOT gateway - Master/ThirdParty/FreeRTOS/include" -I../Drivers/STM32F4xx_HAL_Driver/Inc -I../Drivers/STM32F4xx_HAL_Driver/Inc/Legacy -I../Drivers/CMSIS/Device/ST/STM32F4xx/Include -I../Drivers/CMSIS/Include -O0 -ffunction-sections -fdata-sections -Wall -fstack-usage -fcyclomatic-complexity -MMD -MP -MF"ThirdParty/SEGGER/SEGGER/Syscalls/SEGGER_RTT_Syscalls_GCC.d" -MT"ThirdParty/SEGGER/SEGGER/Syscalls/SEGGER_RTT_Syscalls_GCC.o" --specs=nano.specs -mfpu=fpv4-sp-d16 -mfloat-abi=hard -mthumb -o "ThirdParty/SEGGER/SEGGER/Syscalls/SEGGER_RTT_Syscalls_GCC.o"
arm-none-eabi-gcc "../ThirdParty/SEGGER/SEGGER/SEGGER_RTT.c" -mcpu=cortex-m4 -std=gnu11 -g3 -DDEBUG -DUSE_HAL_DRIVER -DSTM32F407xx -c -I"C:/Users/LENOVO/Documents/1.Personal/11.Embedded Projects/1.Embedded base IOT gateway/2.Workspace/Embedded base IOT gateway - Master/ThirdParty/FreeRTOS/portable/GCC/ARM_CM4F" -I"C:/Users/LENOVO/Documents/1.Personal/11.Embedded Projects/1.Embedded base IOT gateway/2.Workspace/Embedded base IOT gateway - Master/ThirdParty/SEGGER/Config" -I"C:/Users/LENOVO/Documents/1.Personal/11.Embedded Projects/1.Embedded base IOT gateway/2.Workspace/Embedded base IOT gateway - Master/ThirdParty/SEGGER/OS" -I"C:/Users/LENOVO/Documents/1.Personal/11.Embedded Projects/1.Embedded base IOT gateway/2.Workspace/Embedded base IOT gateway - Master/ThirdParty/SEGGER/SEGGER" -I../Core/Inc -I"C:/Users/LENOVO/Documents/1.Personal/11.Embedded Projects/1.Embedded base IOT gateway/2.Workspace/Embedded base IOT gateway - Master/ThirdParty/FreeRTOS" -I"C:/Users/LENOVO/Documents/1.Personal/11.Embedded Projects/1.Embedded base IOT gateway/2.Workspace/Embedded base IOT gateway - Master/ThirdParty/FreeRTOS/include" -I../Drivers/STM32F4xx_HAL_Driver/Inc -I../Drivers/STM32F4xx_HAL_Driver/Inc/Legacy -I../Drivers/CMSIS/Device/ST/STM32F4xx/Include -I../Drivers/CMSIS/Include -O0 -ffunction-sections -fdata-sections -Wall -fstack-usage -fcyclomatic-complexity -MMD -MP -MF"ThirdParty/SEGGER/SEGGER/SEGGER_RTT.d" -MT"ThirdParty/SEGGER/SEGGER/SEGGER_RTT.o" --specs=nano.specs -mfpu=fpv4-sp-d16 -mfloat-abi=hard -mthumb -o "ThirdParty/SEGGER/SEGGER/SEGGER_RTT.o"
arm-none-eabi-gcc -mcpu=cortex-m4 -g3 -DDEBUG -c -I../Core/Inc -I"C:/Users/LENOVO/Documents/1.Personal/11.Embedded Projects/1.Embedded base IOT gateway/2.Workspace/Embedded base IOT gateway - Master/ThirdParty/SEGGER/Config" -I../Drivers/STM32F4xx_HAL_Driver/Inc -I../Drivers/STM32F4xx_HAL_Driver/Inc/Legacy -I../Middlewares/Third_Party/FreeRTOS/Source/include -I../Middlewares/Third_Party/FreeRTOS/Source/CMSIS_RTOS -I../Middlewares/Third_Party/FreeRTOS/Source/portable/GCC/ARM_CM4F -I../Drivers/CMSIS/Device/ST/STM32F4xx/Include -I../Drivers/CMSIS/Include -I../Middlewares/Third_Party/FreeRTOS/Source/CMSIS_RTOS_V2 -x assembler-with-cpp -MMD -MP -MF"ThirdParty/SEGGER/SEGGER/SEGGER_RTT_ASM_ARMv7M.d" -MT"ThirdParty/SEGGER/SEGGER/SEGGER_RTT_ASM_ARMv7M.o" --specs=nano.specs -mfpu=fpv4-sp-d16 -mfloat-abi=hard -mthumb -o "ThirdParty/SEGGER/SEGGER/SEGGER_RTT_ASM_ARMv7M.o" "../ThirdParty/SEGGER/SEGGER/SEGGER_RTT_ASM_ARMv7M.S"
arm-none-eabi-gcc "../ThirdParty/SEGGER/SEGGER/SEGGER_RTT_printf.c" -mcpu=cortex-m4 -std=gnu11 -g3 -DDEBUG -DUSE_HAL_DRIVER -DSTM32F407xx -c -I"C:/Users/LENOVO/Documents/1.Personal/11.Embedded Projects/1.Embedded base IOT gateway/2.Workspace/Embedded base IOT gateway - Master/ThirdParty/FreeRTOS/portable/GCC/ARM_CM4F" -I"C:/Users/LENOVO/Documents/1.Personal/11.Embedded Projects/1.Embedded base IOT gateway/2.Workspace/Embedded base IOT gateway - Master/ThirdParty/SEGGER/Config" -I"C:/Users/LENOVO/Documents/1.Personal/11.Embedded Projects/1.Embedded base IOT gateway/2.Workspace/Embedded base IOT gateway - Master/ThirdParty/SEGGER/OS" -I"C:/Users/LENOVO/Documents/1.Personal/11.Embedded Projects/1.Embedded base IOT gateway/2.Workspace/Embedded base IOT gateway - Master/ThirdParty/SEGGER/SEGGER" -I../Core/Inc -I"C:/Users/LENOVO/Documents/1.Personal/11.Embedded Projects/1.Embedded base IOT gateway/2.Workspace/Embedded base IOT gateway - Master/ThirdParty/FreeRTOS" -I"C:/Users/LENOVO/Documents/1.Personal/11.Embedded Projects/1.Embedded base IOT gateway/2.Workspace/Embedded base IOT gateway - Master/ThirdParty/FreeRTOS/include" -I../Drivers/STM32F4xx_HAL_Driver/Inc -I../Drivers/STM32F4xx_HAL_Driver/Inc/Legacy -I../Drivers/CMSIS/Device/ST/STM32F4xx/Include -I../Drivers/CMSIS/Include -O0 -ffunction-sections -fdata-sections -Wall -fstack-usage -fcyclomatic-complexity -MMD -MP -MF"ThirdParty/SEGGER/SEGGER/SEGGER_RTT_printf.d" -MT"ThirdParty/SEGGER/SEGGER/SEGGER_RTT_printf.o" --specs=nano.specs -mfpu=fpv4-sp-d16 -mfloat-abi=hard -mthumb -o "ThirdParty/SEGGER/SEGGER/SEGGER_RTT_printf.o"
arm-none-eabi-gcc "../ThirdParty/SEGGER/SEGGER/SEGGER_SYSVIEW.c" -mcpu=cortex-m4 -std=gnu11 -g3 -DDEBUG -DUSE_HAL_DRIVER -DSTM32F407xx -c -I"C:/Users/LENOVO/Documents/1.Personal/11.Embedded Projects/1.Embedded base IOT gateway/2.Workspace/Embedded base IOT gateway - Master/ThirdParty/FreeRTOS/portable/GCC/ARM_CM4F" -I"C:/Users/LENOVO/Documents/1.Personal/11.Embedded Projects/1.Embedded base IOT gateway/2.Workspace/Embedded base IOT gateway - Master/ThirdParty/SEGGER/Config" -I"C:/Users/LENOVO/Documents/1.Personal/11.Embedded Projects/1.Embedded base IOT gateway/2.Workspace/Embedded base IOT gateway - Master/ThirdParty/SEGGER/OS" -I"C:/Users/LENOVO/Documents/1.Personal/11.Embedded Projects/1.Embedded base IOT gateway/2.Workspace/Embedded base IOT gateway - Master/ThirdParty/SEGGER/SEGGER" -I../Core/Inc -I"C:/Users/LENOVO/Documents/1.Personal/11.Embedded Projects/1.Embedded base IOT gateway/2.Workspace/Embedded base IOT gateway - Master/ThirdParty/FreeRTOS" -I"C:/Users/LENOVO/Documents/1.Personal/11.Embedded Projects/1.Embedded base IOT gateway/2.Workspace/Embedded base IOT gateway - Master/ThirdParty/FreeRTOS/include" -I../Drivers/STM32F4xx_HAL_Driver/Inc -I../Drivers/STM32F4xx_HAL_Driver/Inc/Legacy -I../Drivers/CMSIS/Device/ST/STM32F4xx/Include -I../Drivers/CMSIS/Include -O0 -ffunction-sections -fdata-sections -Wall -fstack-usage -fcyclomatic-complexity -MMD -MP -MF"ThirdParty/SEGGER/SEGGER/SEGGER_SYSVIEW.d" -MT"ThirdParty/SEGGER/SEGGER/SEGGER_SYSVIEW.o" --specs=nano.specs -mfpu=fpv4-sp-d16 -mfloat-abi=hard -mthumb -o "ThirdParty/SEGGER/SEGGER/SEGGER_SYSVIEW.o"
arm-none-eabi-gcc "../ThirdParty/SEGGER/OS/SEGGER_SYSVIEW_FreeRTOS.c" -mcpu=cortex-m4 -std=gnu11 -g3 -DDEBUG -DUSE_HAL_DRIVER -DSTM32F407xx -c -I"C:/Users/LENOVO/Documents/1.Personal/11.Embedded Projects/1.Embedded base IOT gateway/2.Workspace/Embedded base IOT gateway - Master/ThirdParty/FreeRTOS/portable/GCC/ARM_CM4F" -I"C:/Users/LENOVO/Documents/1.Personal/11.Embedded Projects/1.Embedded base IOT gateway/2.Workspace/Embedded base IOT gateway - Master/ThirdParty/SEGGER/Config" -I"C:/Users/LENOVO/Documents/1.Personal/11.Embedded Projects/1.Embedded base IOT gateway/2.Workspace/Embedded base IOT gateway - Master/ThirdParty/SEGGER/OS" -I"C:/Users/LENOVO/Documents/1.Personal/11.Embedded Projects/1.Embedded base IOT gateway/2.Workspace/Embedded base IOT gateway - Master/ThirdParty/SEGGER/SEGGER" -I../Core/Inc -I"C:/Users/LENOVO/Documents/1.Personal/11.Embedded Projects/1.Embedded base IOT gateway/2.Workspace/Embedded base IOT gateway - Master/ThirdParty/FreeRTOS" -I"C:/Users/LENOVO/Documents/1.Personal/11.Embedded Projects/1.Embedded base IOT gateway/2.Workspace/Embedded base IOT gateway - Master/ThirdParty/FreeRTOS/include" -I../Drivers/STM32F4xx_HAL_Driver/Inc -I../Drivers/STM32F4xx_HAL_Driver/Inc/Legacy -I../Drivers/CMSIS/Device/ST/STM32F4xx/Include -I../Drivers/CMSIS/Include -O0 -ffunction-sections -fdata-sections -Wall -fstack-usage -fcyclomatic-complexity -MMD -MP -MF"ThirdParty/SEGGER/OS/SEGGER_SYSVIEW_FreeRTOS.d" -MT"ThirdParty/SEGGER/OS/SEGGER_SYSVIEW_FreeRTOS.o" --specs=nano.specs -mfpu=fpv4-sp-d16 -mfloat-abi=hard -mthumb -o "ThirdParty/SEGGER/OS/SEGGER_SYSVIEW_FreeRTOS.o"
arm-none-eabi-gcc "../ThirdParty/SEGGER/Config/SEGGER_SYSVIEW_Config_FreeRTOS.c" -mcpu=cortex-m4 -std=gnu11 -g3 -DDEBUG -DUSE_HAL_DRIVER -DSTM32F407xx -c -I"C:/Users/LENOVO/Documents/1.Personal/11.Embedded Projects/1.Embedded base IOT gateway/2.Workspace/Embedded base IOT gateway - Master/ThirdParty/FreeRTOS/portable/GCC/ARM_CM4F" -I"C:/Users/LENOVO/Documents/1.Personal/11.Embedded Projects/1.Embedded base IOT gateway/2.Workspace/Embedded base IOT gateway - Master/ThirdParty/SEGGER/Config" -I"C:/Users/LENOVO/Documents/1.Personal/11.Embedded Projects/1.Embedded base IOT gateway/2.Workspace/Embedded base IOT gateway - Master/ThirdParty/SEGGER/OS" -I"C:/Users/LENOVO/Documents/1.Personal/11.Embedded Projects/1.Embedded base IOT gateway/2.Workspace/Embedded base IOT gateway - Master/ThirdParty/SEGGER/SEGGER" -I../Core/Inc -I"C:/Users/LENOVO/Documents/1.Personal/11.Embedded Projects/1.Embedded base IOT gateway/2.Workspace/Embedded base IOT gateway - Master/ThirdParty/FreeRTOS" -I"C:/Users/LENOVO/Documents/1.Personal/11.Embedded Projects/1.Embedded base IOT gateway/2.Workspace/Embedded base IOT gateway - Master/ThirdParty/FreeRTOS/include" -I../Drivers/STM32F4xx_HAL_Driver/Inc -I../Drivers/STM32F4xx_HAL_Driver/Inc/Legacy -I../Drivers/CMSIS/Device/ST/STM32F4xx/Include -I../Drivers/CMSIS/Include -O0 -ffunction-sections -fdata-sections -Wall -fstack-usage -fcyclomatic-complexity -MMD -MP -MF"ThirdParty/SEGGER/Config/SEGGER_SYSVIEW_Config_FreeRTOS.d" -MT"ThirdParty/SEGGER/Config/SEGGER_SYSVIEW_Config_FreeRTOS.o" --specs=nano.specs -mfpu=fpv4-sp-d16 -mfloat-abi=hard -mthumb -o "ThirdParty/SEGGER/Config/SEGGER_SYSVIEW_Config_FreeRTOS.o"
arm-none-eabi-gcc "../ThirdParty/FreeRTOS/portable/MemMang/heap_4.c" -mcpu=cortex-m4 -std=gnu11 -g3 -DDEBUG -DUSE_HAL_DRIVER -DSTM32F407xx -c -I"C:/Users/LENOVO/Documents/1.Personal/11.Embedded Projects/1.Embedded base IOT gateway/2.Workspace/Embedded base IOT gateway - Master/ThirdParty/FreeRTOS/portable/GCC/ARM_CM4F" -I"C:/Users/LENOVO/Documents/1.Personal/11.Embedded Projects/1.Embedded base IOT gateway/2.Workspace/Embedded base IOT gateway - Master/ThirdParty/SEGGER/Config" -I"C:/Users/LENOVO/Documents/1.Personal/11.Embedded Projects/1.Embedded base IOT gateway/2.Workspace/Embedded base IOT gateway - Master/ThirdParty/SEGGER/OS" -I"C:/Users/LENOVO/Documents/1.Personal/11.Embedded Projects/1.Embedded base IOT gateway/2.Workspace/Embedded base IOT gateway - Master/ThirdParty/SEGGER/SEGGER" -I../Core/Inc -I"C:/Users/LENOVO/Documents/1.Personal/11.Embedded Projects/1.Embedded base IOT gateway/2.Workspace/Embedded base IOT gateway - Master/ThirdParty/FreeRTOS" -I"C:/Users/LENOVO/Documents/1.Personal/11.Embedded Projects/1.Embedded base IOT gateway/2.Workspace/Embedded base IOT gateway - Master/ThirdParty/FreeRTOS/include" -I../Drivers/STM32F4xx_HAL_Driver/Inc -I../Drivers/STM32F4xx_HAL_Driver/Inc/Legacy -I../Drivers/CMSIS/Device/ST/STM32F4xx/Include -I../Drivers/CMSIS/Include -O0 -ffunction-sections -fdata-sections -Wall -fstack-usage -fcyclomatic-complexity -MMD -MP -MF"ThirdParty/FreeRTOS/portable/MemMang/heap_4.d" -MT"ThirdParty/FreeRTOS/portable/MemMang/heap_4.o" --specs=nano.specs -mfpu=fpv4-sp-d16 -mfloat-abi=hard -mthumb -o "ThirdParty/FreeRTOS/portable/MemMang/heap_4.o"
arm-none-eabi-gcc "../ThirdParty/FreeRTOS/portable/GCC/ARM_CM4F/port.c" -mcpu=cortex-m4 -std=gnu11 -g3 -DDEBUG -DUSE_HAL_DRIVER -DSTM32F407xx -c -I"C:/Users/LENOVO/Documents/1.Personal/11.Embedded Projects/1.Embedded base IOT gateway/2.Workspace/Embedded base IOT gateway - Master/ThirdParty/FreeRTOS/portable/GCC/ARM_CM4F" -I"C:/Users/LENOVO/Documents/1.Personal/11.Embedded Projects/1.Embedded base IOT gateway/2.Workspace/Embedded base IOT gateway - Master/ThirdParty/SEGGER/Config" -I"C:/Users/LENOVO/Documents/1.Personal/11.Embedded Projects/1.Embedded base IOT gateway/2.Workspace/Embedded base IOT gateway - Master/ThirdParty/SEGGER/OS" -I"C:/Users/LENOVO/Documents/1.Personal/11.Embedded Projects/1.Embedded base IOT gateway/2.Workspace/Embedded base IOT gateway - Master/ThirdParty/SEGGER/SEGGER" -I../Core/Inc -I"C:/Users/LENOVO/Documents/1.Personal/11.Embedded Projects/1.Embedded base IOT gateway/2.Workspace/Embedded base IOT gateway - Master/ThirdParty/FreeRTOS" -I"C:/Users/LENOVO/Documents/1.Personal/11.Embedded Projects/1.Embedded base IOT gateway/2.Workspace/Embedded base IOT gateway - Master/ThirdParty/FreeRTOS/include" -I../Drivers/STM32F4xx_HAL_Driver/Inc -I../Drivers/STM32F4xx_HAL_Driver/Inc/Legacy -I../Drivers/CMSIS/Device/ST/STM32F4xx/Include -I../Drivers/CMSIS/Include -O0 -ffunction-sections -fdata-sections -Wall -fstack-usage -fcyclomatic-complexity -MMD -MP -MF"ThirdParty/FreeRTOS/portable/GCC/ARM_CM4F/port.d" -MT"ThirdParty/FreeRTOS/portable/GCC/ARM_CM4F/port.o" --specs=nano.specs -mfpu=fpv4-sp-d16 -mfloat-abi=hard -mthumb -o "ThirdParty/FreeRTOS/portable/GCC/ARM_CM4F/port.o"
arm-none-eabi-gcc "../ThirdParty/FreeRTOS/croutine.c" -mcpu=cortex-m4 -std=gnu11 -g3 -DDEBUG -DUSE_HAL_DRIVER -DSTM32F407xx -c -I"C:/Users/LENOVO/Documents/1.Personal/11.Embedded Projects/1.Embedded base IOT gateway/2.Workspace/Embedded base IOT gateway - Master/ThirdParty/FreeRTOS/portable/GCC/ARM_CM4F" -I"C:/Users/LENOVO/Documents/1.Personal/11.Embedded Projects/1.Embedded base IOT gateway/2.Workspace/Embedded base IOT gateway - Master/ThirdParty/SEGGER/Config" -I"C:/Users/LENOVO/Documents/1.Personal/11.Embedded Projects/1.Embedded base IOT gateway/2.Workspace/Embedded base IOT gateway - Master/ThirdParty/SEGGER/OS" -I"C:/Users/LENOVO/Documents/1.Personal/11.Embedded Projects/1.Embedded base IOT gateway/2.Workspace/Embedded base IOT gateway - Master/ThirdParty/SEGGER/SEGGER" -I../Core/Inc -I"C:/Users/LENOVO/Documents/1.Personal/11.Embedded Projects/1.Embedded base IOT gateway/2.Workspace/Embedded base IOT gateway - Master/ThirdParty/FreeRTOS" -I"C:/Users/LENOVO/Documents/1.Personal/11.Embedded Projects/1.Embedded base IOT gateway/2.Workspace/Embedded base IOT gateway - Master/ThirdParty/FreeRTOS/include" -I../Drivers/STM32F4xx_HAL_Driver/Inc -I../Drivers/STM32F4xx_HAL_Driver/Inc/Legacy -I../Drivers/CMSIS/Device/ST/STM32F4xx/Include -I../Drivers/CMSIS/Include -O0 -ffunction-sections -fdata-sections -Wall -fstack-usage -fcyclomatic-complexity -MMD -MP -MF"ThirdParty/FreeRTOS/croutine.d" -MT"ThirdParty/FreeRTOS/croutine.o" --specs=nano.specs -mfpu=fpv4-sp-d16 -mfloat-abi=hard -mthumb -o "ThirdParty/FreeRTOS/croutine.o"
arm-none-eabi-gcc "../ThirdParty/FreeRTOS/event_groups.c" -mcpu=cortex-m4 -std=gnu11 -g3 -DDEBUG -DUSE_HAL_DRIVER -DSTM32F407xx -c -I"C:/Users/LENOVO/Documents/1.Personal/11.Embedded Projects/1.Embedded base IOT gateway/2.Workspace/Embedded base IOT gateway - Master/ThirdParty/FreeRTOS/portable/GCC/ARM_CM4F" -I"C:/Users/LENOVO/Documents/1.Personal/11.Embedded Projects/1.Embedded base IOT gateway/2.Workspace/Embedded base IOT gateway - Master/ThirdParty/SEGGER/Config" -I"C:/Users/LENOVO/Documents/1.Personal/11.Embedded Projects/1.Embedded base IOT gateway/2.Workspace/Embedded base IOT gateway - Master/ThirdParty/SEGGER/OS" -I"C:/Users/LENOVO/Documents/1.Personal/11.Embedded Projects/1.Embedded base IOT gateway/2.Workspace/Embedded base IOT gateway - Master/ThirdParty/SEGGER/SEGGER" -I../Core/Inc -I"C:/Users/LENOVO/Documents/1.Personal/11.Embedded Projects/1.Embedded base IOT gateway/2.Workspace/Embedded base IOT gateway - Master/ThirdParty/FreeRTOS" -I"C:/Users/LENOVO/Documents/1.Personal/11.Embedded Projects/1.Embedded base IOT gateway/2.Workspace/Embedded base IOT gateway - Master/ThirdParty/FreeRTOS/include" -I../Drivers/STM32F4xx_HAL_Driver/Inc -I../Drivers/STM32F4xx_HAL_Driver/Inc/Legacy -I../Drivers/CMSIS/Device/ST/STM32F4xx/Include -I../Drivers/CMSIS/Include -O0 -ffunction-sections -fdata-sections -Wall -fstack-usage -fcyclomatic-complexity -MMD -MP -MF"ThirdParty/FreeRTOS/event_groups.d" -MT"ThirdParty/FreeRTOS/event_groups.o" --specs=nano.specs -mfpu=fpv4-sp-d16 -mfloat-abi=hard -mthumb -o "ThirdParty/FreeRTOS/event_groups.o"
arm-none-eabi-gcc "../ThirdParty/FreeRTOS/list.c" -mcpu=cortex-m4 -std=gnu11 -g3 -DDEBUG -DUSE_HAL_DRIVER -DSTM32F407xx -c -I"C:/Users/LENOVO/Documents/1.Personal/11.Embedded Projects/1.Embedded base IOT gateway/2.Workspace/Embedded base IOT gateway - Master/ThirdParty/FreeRTOS/portable/GCC/ARM_CM4F" -I"C:/Users/LENOVO/Documents/1.Personal/11.Embedded Projects/1.Embedded base IOT gateway/2.Workspace/Embedded base IOT gateway - Master/ThirdParty/SEGGER/Config" -I"C:/Users/LENOVO/Documents/1.Personal/11.Embedded Projects/1.Embedded base IOT gateway/2.Workspace/Embedded base IOT gateway - Master/ThirdParty/SEGGER/OS" -I"C:/Users/LENOVO/Documents/1.Personal/11.Embedded Projects/1.Embedded base IOT gateway/2.Workspace/Embedded base IOT gateway - Master/ThirdParty/SEGGER/SEGGER" -I../Core/Inc -I"C:/Users/LENOVO/Documents/1.Personal/11.Embedded Projects/1.Embedded base IOT gateway/2.Workspace/Embedded base IOT gateway - Master/ThirdParty/FreeRTOS" -I"C:/Users/LENOVO/Documents/1.Personal/11.Embedded Projects/1.Embedded base IOT gateway/2.Workspace/Embedded base IOT gateway - Master/ThirdParty/FreeRTOS/include" -I../Drivers/STM32F4xx_HAL_Driver/Inc -I../Drivers/STM32F4xx_HAL_Driver/Inc/Legacy -I../Drivers/CMSIS/Device/ST/STM32F4xx/Include -I../Drivers/CMSIS/Include -O0 -ffunction-sections -fdata-sections -Wall -fstack-usage -fcyclomatic-complexity -MMD -MP -MF"ThirdParty/FreeRTOS/list.d" -MT"ThirdParty/FreeRTOS/list.o" --specs=nano.specs -mfpu=fpv4-sp-d16 -mfloat-abi=hard -mthumb -o "ThirdParty/FreeRTOS/list.o"
arm-none-eabi-gcc "../ThirdParty/FreeRTOS/queue.c" -mcpu=cortex-m4 -std=gnu11 -g3 -DDEBUG -DUSE_HAL_DRIVER -DSTM32F407xx -c -I"C:/Users/LENOVO/Documents/1.Personal/11.Embedded Projects/1.Embedded base IOT gateway/2.Workspace/Embedded base IOT gateway - Master/ThirdParty/FreeRTOS/portable/GCC/ARM_CM4F" -I"C:/Users/LENOVO/Documents/1.Personal/11.Embedded Projects/1.Embedded base IOT gateway/2.Workspace/Embedded base IOT gateway - Master/ThirdParty/SEGGER/Config" -I"C:/Users/LENOVO/Documents/1.Personal/11.Embedded Projects/1.Embedded base IOT gateway/2.Workspace/Embedded base IOT gateway - Master/ThirdParty/SEGGER/OS" -I"C:/Users/LENOVO/Documents/1.Personal/11.Embedded Projects/1.Embedded base IOT gateway/2.Workspace/Embedded base IOT gateway - Master/ThirdParty/SEGGER/SEGGER" -I../Core/Inc -I"C:/Users/LENOVO/Documents/1.Personal/11.Embedded Projects/1.Embedded base IOT gateway/2.Workspace/Embedded base IOT gateway - Master/ThirdParty/FreeRTOS" -I"C:/Users/LENOVO/Documents/1.Personal/11.Embedded Projects/1.Embedded base IOT gateway/2.Workspace/Embedded base IOT gateway - Master/ThirdParty/FreeRTOS/include" -I../Drivers/STM32F4xx_HAL_Driver/Inc -I../Drivers/STM32F4xx_HAL_Driver/Inc/Legacy -I../Drivers/CMSIS/Device/ST/STM32F4xx/Include -I../Drivers/CMSIS/Include -O0 -ffunction-sections -fdata-sections -Wall -fstack-usage -fcyclomatic-complexity -MMD -MP -MF"ThirdParty/FreeRTOS/queue.d" -MT"ThirdParty/FreeRTOS/queue.o" --specs=nano.specs -mfpu=fpv4-sp-d16 -mfloat-abi=hard -mthumb -o "ThirdParty/FreeRTOS/queue.o"
arm-none-eabi-gcc "../ThirdParty/FreeRTOS/stream_buffer.c" -mcpu=cortex-m4 -std=gnu11 -g3 -DDEBUG -DUSE_HAL_DRIVER -DSTM32F407xx -c -I"C:/Users/LENOVO/Documents/1.Personal/11.Embedded Projects/1.Embedded base IOT gateway/2.Workspace/Embedded base IOT gateway - Master/ThirdParty/FreeRTOS/portable/GCC/ARM_CM4F" -I"C:/Users/LENOVO/Documents/1.Personal/11.Embedded Projects/1.Embedded base IOT gateway/2.Workspace/Embedded base IOT gateway - Master/ThirdParty/SEGGER/Config" -I"C:/Users/LENOVO/Documents/1.Personal/11.Embedded Projects/1.Embedded base IOT gateway/2.Workspace/Embedded base IOT gateway - Master/ThirdParty/SEGGER/OS" -I"C:/Users/LENOVO/Documents/1.Personal/11.Embedded Projects/1.Embedded base IOT gateway/2.Workspace/Embedded base IOT gateway - Master/ThirdParty/SEGGER/SEGGER" -I../Core/Inc -I"C:/Users/LENOVO/Documents/1.Personal/11.Embedded Projects/1.Embedded base IOT gateway/2.Workspace/Embedded base IOT gateway - Master/ThirdParty/FreeRTOS" -I"C:/Users/LENOVO/Documents/1.Personal/11.Embedded Projects/1.Embedded base IOT gateway/2.Workspace/Embedded base IOT gateway - Master/ThirdParty/FreeRTOS/include" -I../Drivers/STM32F4xx_HAL_Driver/Inc -I../Drivers/STM32F4xx_HAL_Driver/Inc/Legacy -I../Drivers/CMSIS/Device/ST/STM32F4xx/Include -I../Drivers/CMSIS/Include -O0 -ffunction-sections -fdata-sections -Wall -fstack-usage -fcyclomatic-complexity -MMD -MP -MF"ThirdParty/FreeRTOS/stream_buffer.d" -MT"ThirdParty/FreeRTOS/stream_buffer.o" --specs=nano.specs -mfpu=fpv4-sp-d16 -mfloat-abi=hard -mthumb -o "ThirdParty/FreeRTOS/stream_buffer.o"
arm-none-eabi-gcc "../ThirdParty/FreeRTOS/tasks.c" -mcpu=cortex-m4 -std=gnu11 -g3 -DDEBUG -DUSE_HAL_DRIVER -DSTM32F407xx -c -I"C:/Users/LENOVO/Documents/1.Personal/11.Embedded Projects/1.Embedded base IOT gateway/2.Workspace/Embedded base IOT gateway - Master/ThirdParty/FreeRTOS/portable/GCC/ARM_CM4F" -I"C:/Users/LENOVO/Documents/1.Personal/11.Embedded Projects/1.Embedded base IOT gateway/2.Workspace/Embedded base IOT gateway - Master/ThirdParty/SEGGER/Config" -I"C:/Users/LENOVO/Documents/1.Personal/11.Embedded Projects/1.Embedded base IOT gateway/2.Workspace/Embedded base IOT gateway - Master/ThirdParty/SEGGER/OS" -I"C:/Users/LENOVO/Documents/1.Personal/11.Embedded Projects/1.Embedded base IOT gateway/2.Workspace/Embedded base IOT gateway - Master/ThirdParty/SEGGER/SEGGER" -I../Core/Inc -I"C:/Users/LENOVO/Documents/1.Personal/11.Embedded Projects/1.Embedded base IOT gateway/2.Workspace/Embedded base IOT gateway - Master/ThirdParty/FreeRTOS" -I"C:/Users/LENOVO/Documents/1.Personal/11.Embedded Projects/1.Embedded base IOT gateway/2.Workspace/Embedded base IOT gateway - Master/ThirdParty/FreeRTOS/include" -I../Drivers/STM32F4xx_HAL_Driver/Inc -I../Drivers/STM32F4xx_HAL_Driver/Inc/Legacy -I../Drivers/CMSIS/Device/ST/STM32F4xx/Include -I../Drivers/CMSIS/Include -O0 -ffunction-sections -fdata-sections -Wall -fstack-usage -fcyclomatic-complexity -MMD -MP -MF"ThirdParty/FreeRTOS/tasks.d" -MT"ThirdParty/FreeRTOS/tasks.o" --specs=nano.specs -mfpu=fpv4-sp-d16 -mfloat-abi=hard -mthumb -o "ThirdParty/FreeRTOS/tasks.o"
arm-none-eabi-gcc "../ThirdParty/FreeRTOS/timers.c" -mcpu=cortex-m4 -std=gnu11 -g3 -DDEBUG -DUSE_HAL_DRIVER -DSTM32F407xx -c -I"C:/Users/LENOVO/Documents/1.Personal/11.Embedded Projects/1.Embedded base IOT gateway/2.Workspace/Embedded base IOT gateway - Master/ThirdParty/FreeRTOS/portable/GCC/ARM_CM4F" -I"C:/Users/LENOVO/Documents/1.Personal/11.Embedded Projects/1.Embedded base IOT gateway/2.Workspace/Embedded base IOT gateway - Master/ThirdParty/SEGGER/Config" -I"C:/Users/LENOVO/Documents/1.Personal/11.Embedded Projects/1.Embedded base IOT gateway/2.Workspace/Embedded base IOT gateway - Master/ThirdParty/SEGGER/OS" -I"C:/Users/LENOVO/Documents/1.Personal/11.Embedded Projects/1.Embedded base IOT gateway/2.Workspace/Embedded base IOT gateway - Master/ThirdParty/SEGGER/SEGGER" -I../Core/Inc -I"C:/Users/LENOVO/Documents/1.Personal/11.Embedded Projects/1.Embedded base IOT gateway/2.Workspace/Embedded base IOT gateway - Master/ThirdParty/FreeRTOS" -I"C:/Users/LENOVO/Documents/1.Personal/11.Embedded Projects/1.Embedded base IOT gateway/2.Workspace/Embedded base IOT gateway - Master/ThirdParty/FreeRTOS/include" -I../Drivers/STM32F4xx_HAL_Driver/Inc -I../Drivers/STM32F4xx_HAL_Driver/Inc/Legacy -I../Drivers/CMSIS/Device/ST/STM32F4xx/Include -I../Drivers/CMSIS/Include -O0 -ffunction-sections -fdata-sections -Wall -fstack-usage -fcyclomatic-complexity -MMD -MP -MF"ThirdParty/FreeRTOS/timers.d" -MT"ThirdParty/FreeRTOS/timers.o" --specs=nano.specs -mfpu=fpv4-sp-d16 -mfloat-abi=hard -mthumb -o "ThirdParty/FreeRTOS/timers.o"
arm-none-eabi-gcc "../Drivers/STM32F4xx_HAL_Driver/Src/stm32f4xx_hal.c" -mcpu=cortex-m4 -std=gnu11 -g3 -DDEBUG -DUSE_HAL_DRIVER -DSTM32F407xx -c -I"C:/Users/LENOVO/Documents/1.Personal/11.Embedded Projects/1.Embedded base IOT gateway/2.Workspace/Embedded base IOT gateway - Master/ThirdParty/FreeRTOS/portable/GCC/ARM_CM4F" -I"C:/Users/LENOVO/Documents/1.Personal/11.Embedded Projects/1.Embedded base IOT gateway/2.Workspace/Embedded base IOT gateway - Master/ThirdParty/SEGGER/Config" -I"C:/Users/LENOVO/Documents/1.Personal/11.Embedded Projects/1.Embedded base IOT gateway/2.Workspace/Embedded base IOT gateway - Master/ThirdParty/SEGGER/OS" -I"C:/Users/LENOVO/Documents/1.Personal/11.Embedded Projects/1.Embedded base IOT gateway/2.Workspace/Embedded base IOT gateway - Master/ThirdParty/SEGGER/SEGGER" -I../Core/Inc -I"C:/Users/LENOVO/Documents/1.Personal/11.Embedded Projects/1.Embedded base IOT gateway/2.Workspace/Embedded base IOT gateway - Master/ThirdParty/FreeRTOS" -I"C:/Users/LENOVO/Documents/1.Personal/11.Embedded Projects/1.Embedded base IOT gateway/2.Workspace/Embedded base IOT gateway - Master/ThirdParty/FreeRTOS/include" -I../Drivers/STM32F4xx_HAL_Driver/Inc -I../Drivers/STM32F4xx_HAL_Driver/Inc/Legacy -I../Drivers/CMSIS/Device/ST/STM32F4xx/Include -I../Drivers/CMSIS/Include -O0 -ffunction-sections -fdata-sections -Wall -fstack-usage -fcyclomatic-complexity -MMD -MP -MF"Drivers/STM32F4xx_HAL_Driver/Src/stm32f4xx_hal.d" -MT"Drivers/STM32F4xx_HAL_Driver/Src/stm32f4xx_hal.o" --specs=nano.specs -mfpu=fpv4-sp-d16 -mfloat-abi=hard -mthumb -o "Drivers/STM32F4xx_HAL_Driver/Src/stm32f4xx_hal.o"
arm-none-eabi-gcc "../Drivers/STM32F4xx_HAL_Driver/Src/stm32f4xx_hal_cortex.c" -mcpu=cortex-m4 -std=gnu11 -g3 -DDEBUG -DUSE_HAL_DRIVER -DSTM32F407xx -c -I"C:/Users/LENOVO/Documents/1.Personal/11.Embedded Projects/1.Embedded base IOT gateway/2.Workspace/Embedded base IOT gateway - Master/ThirdParty/FreeRTOS/portable/GCC/ARM_CM4F" -I"C:/Users/LENOVO/Documents/1.Personal/11.Embedded Projects/1.Embedded base IOT gateway/2.Workspace/Embedded base IOT gateway - Master/ThirdParty/SEGGER/Config" -I"C:/Users/LENOVO/Documents/1.Personal/11.Embedded Projects/1.Embedded base IOT gateway/2.Workspace/Embedded base IOT gateway - Master/ThirdParty/SEGGER/OS" -I"C:/Users/LENOVO/Documents/1.Personal/11.Embedded Projects/1.Embedded base IOT gateway/2.Workspace/Embedded base IOT gateway - Master/ThirdParty/SEGGER/SEGGER" -I../Core/Inc -I"C:/Users/LENOVO/Documents/1.Personal/11.Embedded Projects/1.Embedded base IOT gateway/2.Workspace/Embedded base IOT gateway - Master/ThirdParty/FreeRTOS" -I"C:/Users/LENOVO/Documents/1.Personal/11.Embedded Projects/1.Embedded base IOT gateway/2.Workspace/Embedded base IOT gateway - Master/ThirdParty/FreeRTOS/include" -I../Drivers/STM32F4xx_HAL_Driver/Inc -I../Drivers/STM32F4xx_HAL_Driver/Inc/Legacy -I../Drivers/CMSIS/Device/ST/STM32F4xx/Include -I../Drivers/CMSIS/Include -O0 -ffunction-sections -fdata-sections -Wall -fstack-usage -fcyclomatic-complexity -MMD -MP -MF"Drivers/STM32F4xx_HAL_Driver/Src/stm32f4xx_hal_cortex.d" -MT"Drivers/STM32F4xx_HAL_Driver/Src/stm32f4xx_hal_cortex.o" --specs=nano.specs -mfpu=fpv4-sp-d16 -mfloat-abi=hard -mthumb -o "Drivers/STM32F4xx_HAL_Driver/Src/stm32f4xx_hal_cortex.o"
arm-none-eabi-gcc "../Drivers/STM32F4xx_HAL_Driver/Src/stm32f4xx_hal_dma.c" -mcpu=cortex-m4 -std=gnu11 -g3 -DDEBUG -DUSE_HAL_DRIVER -DSTM32F407xx -c -I"C:/Users/LENOVO/Documents/1.Personal/11.Embedded Projects/1.Embedded base IOT gateway/2.Workspace/Embedded base IOT gateway - Master/ThirdParty/FreeRTOS/portable/GCC/ARM_CM4F" -I"C:/Users/LENOVO/Documents/1.Personal/11.Embedded Projects/1.Embedded base IOT gateway/2.Workspace/Embedded base IOT gateway - Master/ThirdParty/SEGGER/Config" -I"C:/Users/LENOVO/Documents/1.Personal/11.Embedded Projects/1.Embedded base IOT gateway/2.Workspace/Embedded base IOT gateway - Master/ThirdParty/SEGGER/OS" -I"C:/Users/LENOVO/Documents/1.Personal/11.Embedded Projects/1.Embedded base IOT gateway/2.Workspace/Embedded base IOT gateway - Master/ThirdParty/SEGGER/SEGGER" -I../Core/Inc -I"C:/Users/LENOVO/Documents/1.Personal/11.Embedded Projects/1.Embedded base IOT gateway/2.Workspace/Embedded base IOT gateway - Master/ThirdParty/FreeRTOS" -I"C:/Users/LENOVO/Documents/1.Personal/11.Embedded Projects/1.Embedded base IOT gateway/2.Workspace/Embedded base IOT gateway - Master/ThirdParty/FreeRTOS/include" -I../Drivers/STM32F4xx_HAL_Driver/Inc -I../Drivers/STM32F4xx_HAL_Driver/Inc/Legacy -I../Drivers/CMSIS/Device/ST/STM32F4xx/Include -I../Drivers/CMSIS/Include -O0 -ffunction-sections -fdata-sections -Wall -fstack-usage -fcyclomatic-complexity -MMD -MP -MF"Drivers/STM32F4xx_HAL_Driver/Src/stm32f4xx_hal_dma.d" -MT"Drivers/STM32F4xx_HAL_Driver/Src/stm32f4xx_hal_dma.o" --specs=nano.specs -mfpu=fpv4-sp-d16 -mfloat-abi=hard -mthumb -o "Drivers/STM32F4xx_HAL_Driver/Src/stm32f4xx_hal_dma.o"
arm-none-eabi-gcc "../Drivers/STM32F4xx_HAL_Driver/Src/stm32f4xx_hal_dma_ex.c" -mcpu=cortex-m4 -std=gnu11 -g3 -DDEBUG -DUSE_HAL_DRIVER -DSTM32F407xx -c -I"C:/Users/LENOVO/Documents/1.Personal/11.Embedded Projects/1.Embedded base IOT gateway/2.Workspace/Embedded base IOT gateway - Master/ThirdParty/FreeRTOS/portable/GCC/ARM_CM4F" -I"C:/Users/LENOVO/Documents/1.Personal/11.Embedded Projects/1.Embedded base IOT gateway/2.Workspace/Embedded base IOT gateway - Master/ThirdParty/SEGGER/Config" -I"C:/Users/LENOVO/Documents/1.Personal/11.Embedded Projects/1.Embedded base IOT gateway/2.Workspace/Embedded base IOT gateway - Master/ThirdParty/SEGGER/OS" -I"C:/Users/LENOVO/Documents/1.Personal/11.Embedded Projects/1.Embedded base IOT gateway/2.Workspace/Embedded base IOT gateway - Master/ThirdParty/SEGGER/SEGGER" -I../Core/Inc -I"C:/Users/LENOVO/Documents/1.Personal/11.Embedded Projects/1.Embedded base IOT gateway/2.Workspace/Embedded base IOT gateway - Master/ThirdParty/FreeRTOS" -I"C:/Users/LENOVO/Documents/1.Personal/11.Embedded Projects/1.Embedded base IOT gateway/2.Workspace/Embedded base IOT gateway - Master/ThirdParty/FreeRTOS/include" -I../Drivers/STM32F4xx_HAL_Driver/Inc -I../Drivers/STM32F4xx_HAL_Driver/Inc/Legacy -I../Drivers/CMSIS/Device/ST/STM32F4xx/Include -I../Drivers/CMSIS/Include -O0 -ffunction-sections -fdata-sections -Wall -fstack-usage -fcyclomatic-complexity -MMD -MP -MF"Drivers/STM32F4xx_HAL_Driver/Src/stm32f4xx_hal_dma_ex.d" -MT"Drivers/STM32F4xx_HAL_Driver/Src/stm32f4xx_hal_dma_ex.o" --specs=nano.specs -mfpu=fpv4-sp-d16 -mfloat-abi=hard -mthumb -o "Drivers/STM32F4xx_HAL_Driver/Src/stm32f4xx_hal_dma_ex.o"
arm-none-eabi-gcc "../Drivers/STM32F4xx_HAL_Driver/Src/stm32f4xx_hal_exti.c" -mcpu=cortex-m4 -std=gnu11 -g3 -DDEBUG -DUSE_HAL_DRIVER -DSTM32F407xx -c -I"C:/Users/LENOVO/Documents/1.Personal/11.Embedded Projects/1.Embedded base IOT gateway/2.Workspace/Embedded base IOT gateway - Master/ThirdParty/FreeRTOS/portable/GCC/ARM_CM4F" -I"C:/Users/LENOVO/Documents/1.Personal/11.Embedded Projects/1.Embedded base IOT gateway/2.Workspace/Embedded base IOT gateway - Master/ThirdParty/SEGGER/Config" -I"C:/Users/LENOVO/Documents/1.Personal/11.Embedded Projects/1.Embedded base IOT gateway/2.Workspace/Embedded base IOT gateway - Master/ThirdParty/SEGGER/OS" -I"C:/Users/LENOVO/Documents/1.Personal/11.Embedded Projects/1.Embedded base IOT gateway/2.Workspace/Embedded base IOT gateway - Master/ThirdParty/SEGGER/SEGGER" -I../Core/Inc -I"C:/Users/LENOVO/Documents/1.Personal/11.Embedded Projects/1.Embedded base IOT gateway/2.Workspace/Embedded base IOT gateway - Master/ThirdParty/FreeRTOS" -I"C:/Users/LENOVO/Documents/1.Personal/11.Embedded Projects/1.Embedded base IOT gateway/2.Workspace/Embedded base IOT gateway - Master/ThirdParty/FreeRTOS/include" -I../Drivers/STM32F4xx_HAL_Driver/Inc -I../Drivers/STM32F4xx_HAL_Driver/Inc/Legacy -I../Drivers/CMSIS/Device/ST/STM32F4xx/Include -I../Drivers/CMSIS/Include -O0 -ffunction-sections -fdata-sections -Wall -fstack-usage -fcyclomatic-complexity -MMD -MP -MF"Drivers/STM32F4xx_HAL_Driver/Src/stm32f4xx_hal_exti.d" -MT"Drivers/STM32F4xx_HAL_Driver/Src/stm32f4xx_hal_exti.o" --specs=nano.specs -mfpu=fpv4-sp-d16 -mfloat-abi=hard -mthumb -o "Drivers/STM32F4xx_HAL_Driver/Src/stm32f4xx_hal_exti.o"
arm-none-eabi-gcc "../Drivers/STM32F4xx_HAL_Driver/Src/stm32f4xx_hal_flash.c" -mcpu=cortex-m4 -std=gnu11 -g3 -DDEBUG -DUSE_HAL_DRIVER -DSTM32F407xx -c -I"C:/Users/LENOVO/Documents/1.Personal/11.Embedded Projects/1.Embedded base IOT gateway/2.Workspace/Embedded base IOT gateway - Master/ThirdParty/FreeRTOS/portable/GCC/ARM_CM4F" -I"C:/Users/LENOVO/Documents/1.Personal/11.Embedded Projects/1.Embedded base IOT gateway/2.Workspace/Embedded base IOT gateway - Master/ThirdParty/SEGGER/Config" -I"C:/Users/LENOVO/Documents/1.Personal/11.Embedded Projects/1.Embedded base IOT gateway/2.Workspace/Embedded base IOT gateway - Master/ThirdParty/SEGGER/OS" -I"C:/Users/LENOVO/Documents/1.Personal/11.Embedded Projects/1.Embedded base IOT gateway/2.Workspace/Embedded base IOT gateway - Master/ThirdParty/SEGGER/SEGGER" -I../Core/Inc -I"C:/Users/LENOVO/Documents/1.Personal/11.Embedded Projects/1.Embedded base IOT gateway/2.Workspace/Embedded base IOT gateway - Master/ThirdParty/FreeRTOS" -I"C:/Users/LENOVO/Documents/1.Personal/11.Embedded Projects/1.Embedded base IOT gateway/2.Workspace/Embedded base IOT gateway - Master/ThirdParty/FreeRTOS/include" -I../Drivers/STM32F4xx_HAL_Driver/Inc -I../Drivers/STM32F4xx_HAL_Driver/Inc/Legacy -I../Drivers/CMSIS/Device/ST/STM32F4xx/Include -I../Drivers/CMSIS/Include -O0 -ffunction-sections -fdata-sections -Wall -fstack-usage -fcyclomatic-complexity -MMD -MP -MF"Drivers/STM32F4xx_HAL_Driver/Src/stm32f4xx_hal_flash.d" -MT"Drivers/STM32F4xx_HAL_Driver/Src/stm32f4xx_hal_flash.o" --specs=nano.specs -mfpu=fpv4-sp-d16 -mfloat-abi=hard -mthumb -o "Drivers/STM32F4xx_HAL_Driver/Src/stm32f4xx_hal_flash.o"
arm-none-eabi-gcc "../Drivers/STM32F4xx_HAL_Driver/Src/stm32f4xx_hal_flash_ex.c" -mcpu=cortex-m4 -std=gnu11 -g3 -DDEBUG -DUSE_HAL_DRIVER -DSTM32F407xx -c -I"C:/Users/LENOVO/Documents/1.Personal/11.Embedded Projects/1.Embedded base IOT gateway/2.Workspace/Embedded base IOT gateway - Master/ThirdParty/FreeRTOS/portable/GCC/ARM_CM4F" -I"C:/Users/LENOVO/Documents/1.Personal/11.Embedded Projects/1.Embedded base IOT gateway/2.Workspace/Embedded base IOT gateway - Master/ThirdParty/SEGGER/Config" -I"C:/Users/LENOVO/Documents/1.Personal/11.Embedded Projects/1.Embedded base IOT gateway/2.Workspace/Embedded base IOT gateway - Master/ThirdParty/SEGGER/OS" -I"C:/Users/LENOVO/Documents/1.Personal/11.Embedded Projects/1.Embedded base IOT gateway/2.Workspace/Embedded base IOT gateway - Master/ThirdParty/SEGGER/SEGGER" -I../Core/Inc -I"C:/Users/LENOVO/Documents/1.Personal/11.Embedded Projects/1.Embedded base IOT gateway/2.Workspace/Embedded base IOT gateway - Master/ThirdParty/FreeRTOS" -I"C:/Users/LENOVO/Documents/1.Personal/11.Embedded Projects/1.Embedded base IOT gateway/2.Workspace/Embedded base IOT gateway - Master/ThirdParty/FreeRTOS/include" -I../Drivers/STM32F4xx_HAL_Driver/Inc -I../Drivers/STM32F4xx_HAL_Driver/Inc/Legacy -I../Drivers/CMSIS/Device/ST/STM32F4xx/Include -I../Drivers/CMSIS/Include -O0 -ffunction-sections -fdata-sections -Wall -fstack-usage -fcyclomatic-complexity -MMD -MP -MF"Drivers/STM32F4xx_HAL_Driver/Src/stm32f4xx_hal_flash_ex.d" -MT"Drivers/STM32F4xx_HAL_Driver/Src/stm32f4xx_hal_flash_ex.o" --specs=nano.specs -mfpu=fpv4-sp-d16 -mfloat-abi=hard -mthumb -o "Drivers/STM32F4xx_HAL_Driver/Src/stm32f4xx_hal_flash_ex.o"
arm-none-eabi-gcc "../Drivers/STM32F4xx_HAL_Driver/Src/stm32f4xx_hal_flash_ramfunc.c" -mcpu=cortex-m4 -std=gnu11 -g3 -DDEBUG -DUSE_HAL_DRIVER -DSTM32F407xx -c -I"C:/Users/LENOVO/Documents/1.Personal/11.Embedded Projects/1.Embedded base IOT gateway/2.Workspace/Embedded base IOT gateway - Master/ThirdParty/FreeRTOS/portable/GCC/ARM_CM4F" -I"C:/Users/LENOVO/Documents/1.Personal/11.Embedded Projects/1.Embedded base IOT gateway/2.Workspace/Embedded base IOT gateway - Master/ThirdParty/SEGGER/Config" -I"C:/Users/LENOVO/Documents/1.Personal/11.Embedded Projects/1.Embedded base IOT gateway/2.Workspace/Embedded base IOT gateway - Master/ThirdParty/SEGGER/OS" -I"C:/Users/LENOVO/Documents/1.Personal/11.Embedded Projects/1.Embedded base IOT gateway/2.Workspace/Embedded base IOT gateway - Master/ThirdParty/SEGGER/SEGGER" -I../Core/Inc -I"C:/Users/LENOVO/Documents/1.Personal/11.Embedded Projects/1.Embedded base IOT gateway/2.Workspace/Embedded base IOT gateway - Master/ThirdParty/FreeRTOS" -I"C:/Users/LENOVO/Documents/1.Personal/11.Embedded Projects/1.Embedded base IOT gateway/2.Workspace/Embedded base IOT gateway - Master/ThirdParty/FreeRTOS/include" -I../Drivers/STM32F4xx_HAL_Driver/Inc -I../Drivers/STM32F4xx_HAL_Driver/Inc/Legacy -I../Drivers/CMSIS/Device/ST/STM32F4xx/Include -I../Drivers/CMSIS/Include -O0 -ffunction-sections -fdata-sections -Wall -fstack-usage -fcyclomatic-complexity -MMD -MP -MF"Drivers/STM32F4xx_HAL_Driver/Src/stm32f4xx_hal_flash_ramfunc.d" -MT"Drivers/STM32F4xx_HAL_Driver/Src/stm32f4xx_hal_flash_ramfunc.o" --specs=nano.specs -mfpu=fpv4-sp-d16 -mfloat-abi=hard -mthumb -o "Drivers/STM32F4xx_HAL_Driver/Src/stm32f4xx_hal_flash_ramfunc.o"
arm-none-eabi-gcc "../Drivers/STM32F4xx_HAL_Driver/Src/stm32f4xx_hal_gpio.c" -mcpu=cortex-m4 -std=gnu11 -g3 -DDEBUG -DUSE_HAL_DRIVER -DSTM32F407xx -c -I"C:/Users/LENOVO/Documents/1.Personal/11.Embedded Projects/1.Embedded base IOT gateway/2.Workspace/Embedded base IOT gateway - Master/ThirdParty/FreeRTOS/portable/GCC/ARM_CM4F" -I"C:/Users/LENOVO/Documents/1.Personal/11.Embedded Projects/1.Embedded base IOT gateway/2.Workspace/Embedded base IOT gateway - Master/ThirdParty/SEGGER/Config" -I"C:/Users/LENOVO/Documents/1.Personal/11.Embedded Projects/1.Embedded base IOT gateway/2.Workspace/Embedded base IOT gateway - Master/ThirdParty/SEGGER/OS" -I"C:/Users/LENOVO/Documents/1.Personal/11.Embedded Projects/1.Embedded base IOT gateway/2.Workspace/Embedded base IOT gateway - Master/ThirdParty/SEGGER/SEGGER" -I../Core/Inc -I"C:/Users/LENOVO/Documents/1.Personal/11.Embedded Projects/1.Embedded base IOT gateway/2.Workspace/Embedded base IOT gateway - Master/ThirdParty/FreeRTOS" -I"C:/Users/LENOVO/Documents/1.Personal/11.Embedded Projects/1.Embedded base IOT gateway/2.Workspace/Embedded base IOT gateway - Master/ThirdParty/FreeRTOS/include" -I../Drivers/STM32F4xx_HAL_Driver/Inc -I../Drivers/STM32F4xx_HAL_Driver/Inc/Legacy -I../Drivers/CMSIS/Device/ST/STM32F4xx/Include -I../Drivers/CMSIS/Include -O0 -ffunction-sections -fdata-sections -Wall -fstack-usage -fcyclomatic-complexity -MMD -MP -MF"Drivers/STM32F4xx_HAL_Driver/Src/stm32f4xx_hal_gpio.d" -MT"Drivers/STM32F4xx_HAL_Driver/Src/stm32f4xx_hal_gpio.o" --specs=nano.specs -mfpu=fpv4-sp-d16 -mfloat-abi=hard -mthumb -o "Drivers/STM32F4xx_HAL_Driver/Src/stm32f4xx_hal_gpio.o"
arm-none-eabi-gcc "../Drivers/STM32F4xx_HAL_Driver/Src/stm32f4xx_hal_i2c.c" -mcpu=cortex-m4 -std=gnu11 -g3 -DDEBUG -DUSE_HAL_DRIVER -DSTM32F407xx -c -I"C:/Users/LENOVO/Documents/1.Personal/11.Embedded Projects/1.Embedded base IOT gateway/2.Workspace/Embedded base IOT gateway - Master/ThirdParty/FreeRTOS/portable/GCC/ARM_CM4F" -I"C:/Users/LENOVO/Documents/1.Personal/11.Embedded Projects/1.Embedded base IOT gateway/2.Workspace/Embedded base IOT gateway - Master/ThirdParty/SEGGER/Config" -I"C:/Users/LENOVO/Documents/1.Personal/11.Embedded Projects/1.Embedded base IOT gateway/2.Workspace/Embedded base IOT gateway - Master/ThirdParty/SEGGER/OS" -I"C:/Users/LENOVO/Documents/1.Personal/11.Embedded Projects/1.Embedded base IOT gateway/2.Workspace/Embedded base IOT gateway - Master/ThirdParty/SEGGER/SEGGER" -I../Core/Inc -I"C:/Users/LENOVO/Documents/1.Personal/11.Embedded Projects/1.Embedded base IOT gateway/2.Workspace/Embedded base IOT gateway - Master/ThirdParty/FreeRTOS" -I"C:/Users/LENOVO/Documents/1.Personal/11.Embedded Projects/1.Embedded base IOT gateway/2.Workspace/Embedded base IOT gateway - Master/ThirdParty/FreeRTOS/include" -I../Drivers/STM32F4xx_HAL_Driver/Inc -I../Drivers/STM32F4xx_HAL_Driver/Inc/Legacy -I../Drivers/CMSIS/Device/ST/STM32F4xx/Include -I../Drivers/CMSIS/Include -O0 -ffunction-sections -fdata-sections -Wall -fstack-usage -fcyclomatic-complexity -MMD -MP -MF"Drivers/STM32F4xx_HAL_Driver/Src/stm32f4xx_hal_i2c.d" -MT"Drivers/STM32F4xx_HAL_Driver/Src/stm32f4xx_hal_i2c.o" --specs=nano.specs -mfpu=fpv4-sp-d16 -mfloat-abi=hard -mthumb -o "Drivers/STM32F4xx_HAL_Driver/Src/stm32f4xx_hal_i2c.o"
arm-none-eabi-gcc "../Drivers/STM32F4xx_HAL_Driver/Src/stm32f4xx_hal_i2c_ex.c" -mcpu=cortex-m4 -std=gnu11 -g3 -DDEBUG -DUSE_HAL_DRIVER -DSTM32F407xx -c -I"C:/Users/LENOVO/Documents/1.Personal/11.Embedded Projects/1.Embedded base IOT gateway/2.Workspace/Embedded base IOT gateway - Master/ThirdParty/FreeRTOS/portable/GCC/ARM_CM4F" -I"C:/Users/LENOVO/Documents/1.Personal/11.Embedded Projects/1.Embedded base IOT gateway/2.Workspace/Embedded base IOT gateway - Master/ThirdParty/SEGGER/Config" -I"C:/Users/LENOVO/Documents/1.Personal/11.Embedded Projects/1.Embedded base IOT gateway/2.Workspace/Embedded base IOT gateway - Master/ThirdParty/SEGGER/OS" -I"C:/Users/LENOVO/Documents/1.Personal/11.Embedded Projects/1.Embedded base IOT gateway/2.Workspace/Embedded base IOT gateway - Master/ThirdParty/SEGGER/SEGGER" -I../Core/Inc -I"C:/Users/LENOVO/Documents/1.Personal/11.Embedded Projects/1.Embedded base IOT gateway/2.Workspace/Embedded base IOT gateway - Master/ThirdParty/FreeRTOS" -I"C:/Users/LENOVO/Documents/1.Personal/11.Embedded Projects/1.Embedded base IOT gateway/2.Workspace/Embedded base IOT gateway - Master/ThirdParty/FreeRTOS/include" -I../Drivers/STM32F4xx_HAL_Driver/Inc -I../Drivers/STM32F4xx_HAL_Driver/Inc/Legacy -I../Drivers/CMSIS/Device/ST/STM32F4xx/Include -I../Drivers/CMSIS/Include -O0 -ffunction-sections -fdata-sections -Wall -fstack-usage -fcyclomatic-complexity -MMD -MP -MF"Drivers/STM32F4xx_HAL_Driver/Src/stm32f4xx_hal_i2c_ex.d" -MT"Drivers/STM32F4xx_HAL_Driver/Src/stm32f4xx_hal_i2c_ex.o" --specs=nano.specs -mfpu=fpv4-sp-d16 -mfloat-abi=hard -mthumb -o "Drivers/STM32F4xx_HAL_Driver/Src/stm32f4xx_hal_i2c_ex.o"
arm-none-eabi-gcc "../Drivers/STM32F4xx_HAL_Driver/Src/stm32f4xx_hal_pwr.c" -mcpu=cortex-m4 -std=gnu11 -g3 -DDEBUG -DUSE_HAL_DRIVER -DSTM32F407xx -c -I"C:/Users/LENOVO/Documents/1.Personal/11.Embedded Projects/1.Embedded base IOT gateway/2.Workspace/Embedded base IOT gateway - Master/ThirdParty/FreeRTOS/portable/GCC/ARM_CM4F" -I"C:/Users/LENOVO/Documents/1.Personal/11.Embedded Projects/1.Embedded base IOT gateway/2.Workspace/Embedded base IOT gateway - Master/ThirdParty/SEGGER/Config" -I"C:/Users/LENOVO/Documents/1.Personal/11.Embedded Projects/1.Embedded base IOT gateway/2.Workspace/Embedded base IOT gateway - Master/ThirdParty/SEGGER/OS" -I"C:/Users/LENOVO/Documents/1.Personal/11.Embedded Projects/1.Embedded base IOT gateway/2.Workspace/Embedded base IOT gateway - Master/ThirdParty/SEGGER/SEGGER" -I../Core/Inc -I"C:/Users/LENOVO/Documents/1.Personal/11.Embedded Projects/1.Embedded base IOT gateway/2.Workspace/Embedded base IOT gateway - Master/ThirdParty/FreeRTOS" -I"C:/Users/LENOVO/Documents/1.Personal/11.Embedded Projects/1.Embedded base IOT gateway/2.Workspace/Embedded base IOT gateway - Master/ThirdParty/FreeRTOS/include" -I../Drivers/STM32F4xx_HAL_Driver/Inc -I../Drivers/STM32F4xx_HAL_Driver/Inc/Legacy -I../Drivers/CMSIS/Device/ST/STM32F4xx/Include -I../Drivers/CMSIS/Include -O0 -ffunction-sections -fdata-sections -Wall -fstack-usage -fcyclomatic-complexity -MMD -MP -MF"Drivers/STM32F4xx_HAL_Driver/Src/stm32f4xx_hal_pwr.d" -MT"Drivers/STM32F4xx_HAL_Driver/Src/stm32f4xx_hal_pwr.o" --specs=nano.specs -mfpu=fpv4-sp-d16 -mfloat-abi=hard -mthumb -o "Drivers/STM32F4xx_HAL_Driver/Src/stm32f4xx_hal_pwr.o"
arm-none-eabi-gcc "../Drivers/STM32F4xx_HAL_Driver/Src/stm32f4xx_hal_pwr_ex.c" -mcpu=cortex-m4 -std=gnu11 -g3 -DDEBUG -DUSE_HAL_DRIVER -DSTM32F407xx -c -I"C:/Users/LENOVO/Documents/1.Personal/11.Embedded Projects/1.Embedded base IOT gateway/2.Workspace/Embedded base IOT gateway - Master/ThirdParty/FreeRTOS/portable/GCC/ARM_CM4F" -I"C:/Users/LENOVO/Documents/1.Personal/11.Embedded Projects/1.Embedded base IOT gateway/2.Workspace/Embedded base IOT gateway - Master/ThirdParty/SEGGER/Config" -I"C:/Users/LENOVO/Documents/1.Personal/11.Embedded Projects/1.Embedded base IOT gateway/2.Workspace/Embedded base IOT gateway - Master/ThirdParty/SEGGER/OS" -I"C:/Users/LENOVO/Documents/1.Personal/11.Embedded Projects/1.Embedded base IOT gateway/2.Workspace/Embedded base IOT gateway - Master/ThirdParty/SEGGER/SEGGER" -I../Core/Inc -I"C:/Users/LENOVO/Documents/1.Personal/11.Embedded Projects/1.Embedded base IOT gateway/2.Workspace/Embedded base IOT gateway - Master/ThirdParty/FreeRTOS" -I"C:/Users/LENOVO/Documents/1.Personal/11.Embedded Projects/1.Embedded base IOT gateway/2.Workspace/Embedded base IOT gateway - Master/ThirdParty/FreeRTOS/include" -I../Drivers/STM32F4xx_HAL_Driver/Inc -I../Drivers/STM32F4xx_HAL_Driver/Inc/Legacy -I../Drivers/CMSIS/Device/ST/STM32F4xx/Include -I../Drivers/CMSIS/Include -O0 -ffunction-sections -fdata-sections -Wall -fstack-usage -fcyclomatic-complexity -MMD -MP -MF"Drivers/STM32F4xx_HAL_Driver/Src/stm32f4xx_hal_pwr_ex.d" -MT"Drivers/STM32F4xx_HAL_Driver/Src/stm32f4xx_hal_pwr_ex.o" --specs=nano.specs -mfpu=fpv4-sp-d16 -mfloat-abi=hard -mthumb -o "Drivers/STM32F4xx_HAL_Driver/Src/stm32f4xx_hal_pwr_ex.o"
arm-none-eabi-gcc "../Drivers/STM32F4xx_HAL_Driver/Src/stm32f4xx_hal_rcc.c" -mcpu=cortex-m4 -std=gnu11 -g3 -DDEBUG -DUSE_HAL_DRIVER -DSTM32F407xx -c -I"C:/Users/LENOVO/Documents/1.Personal/11.Embedded Projects/1.Embedded base IOT gateway/2.Workspace/Embedded base IOT gateway - Master/ThirdParty/FreeRTOS/portable/GCC/ARM_CM4F" -I"C:/Users/LENOVO/Documents/1.Personal/11.Embedded Projects/1.Embedded base IOT gateway/2.Workspace/Embedded base IOT gateway - Master/ThirdParty/SEGGER/Config" -I"C:/Users/LENOVO/Documents/1.Personal/11.Embedded Projects/1.Embedded base IOT gateway/2.Workspace/Embedded base IOT gateway - Master/ThirdParty/SEGGER/OS" -I"C:/Users/LENOVO/Documents/1.Personal/11.Embedded Projects/1.Embedded base IOT gateway/2.Workspace/Embedded base IOT gateway - Master/ThirdParty/SEGGER/SEGGER" -I../Core/Inc -I"C:/Users/LENOVO/Documents/1.Personal/11.Embedded Projects/1.Embedded base IOT gateway/2.Workspace/Embedded base IOT gateway - Master/ThirdParty/FreeRTOS" -I"C:/Users/LENOVO/Documents/1.Personal/11.Embedded Projects/1.Embedded base IOT gateway/2.Workspace/Embedded base IOT gateway - Master/ThirdParty/FreeRTOS/include" -I../Drivers/STM32F4xx_HAL_Driver/Inc -I../Drivers/STM32F4xx_HAL_Driver/Inc/Legacy -I../Drivers/CMSIS/Device/ST/STM32F4xx/Include -I../Drivers/CMSIS/Include -O0 -ffunction-sections -fdata-sections -Wall -fstack-usage -fcyclomatic-complexity -MMD -MP -MF"Drivers/STM32F4xx_HAL_Driver/Src/stm32f4xx_hal_rcc.d" -MT"Drivers/STM32F4xx_HAL_Driver/Src/stm32f4xx_hal_rcc.o" --specs=nano.specs -mfpu=fpv4-sp-d16 -mfloat-abi=hard -mthumb -o "Drivers/STM32F4xx_HAL_Driver/Src/stm32f4xx_hal_rcc.o"
arm-none-eabi-gcc "../Drivers/STM32F4xx_HAL_Driver/Src/stm32f4xx_hal_rcc_ex.c" -mcpu=cortex-m4 -std=gnu11 -g3 -DDEBUG -DUSE_HAL_DRIVER -DSTM32F407xx -c -I"C:/Users/LENOVO/Documents/1.Personal/11.Embedded Projects/1.Embedded base IOT gateway/2.Workspace/Embedded base IOT gateway - Master/ThirdParty/FreeRTOS/portable/GCC/ARM_CM4F" -I"C:/Users/LENOVO/Documents/1.Personal/11.Embedded Projects/1.Embedded base IOT gateway/2.Workspace/Embedded base IOT gateway - Master/ThirdParty/SEGGER/Config" -I"C:/Users/LENOVO/Documents/1.Personal/11.Embedded Projects/1.Embedded base IOT gateway/2.Workspace/Embedded base IOT gateway - Master/ThirdParty/SEGGER/OS" -I"C:/Users/LENOVO/Documents/1.Personal/11.Embedded Projects/1.Embedded base IOT gateway/2.Workspace/Embedded base IOT gateway - Master/ThirdParty/SEGGER/SEGGER" -I../Core/Inc -I"C:/Users/LENOVO/Documents/1.Personal/11.Embedded Projects/1.Embedded base IOT gateway/2.Workspace/Embedded base IOT gateway - Master/ThirdParty/FreeRTOS" -I"C:/Users/LENOVO/Documents/1.Personal/11.Embedded Projects/1.Embedded base IOT gateway/2.Workspace/Embedded base IOT gateway - Master/ThirdParty/FreeRTOS/include" -I../Drivers/STM32F4xx_HAL_Driver/Inc -I../Drivers/STM32F4xx_HAL_Driver/Inc/Legacy -I../Drivers/CMSIS/Device/ST/STM32F4xx/Include -I../Drivers/CMSIS/Include -O0 -ffunction-sections -fdata-sections -Wall -fstack-usage -fcyclomatic-complexity -MMD -MP -MF"Drivers/STM32F4xx_HAL_Driver/Src/stm32f4xx_hal_rcc_ex.d" -MT"Drivers/STM32F4xx_HAL_Driver/Src/stm32f4xx_hal_rcc_ex.o" --specs=nano.specs -mfpu=fpv4-sp-d16 -mfloat-abi=hard -mthumb -o "Drivers/STM32F4xx_HAL_Driver/Src/stm32f4xx_hal_rcc_ex.o"
arm-none-eabi-gcc "../Drivers/STM32F4xx_HAL_Driver/Src/stm32f4xx_hal_tim.c" -mcpu=cortex-m4 -std=gnu11 -g3 -DDEBUG -DUSE_HAL_DRIVER -DSTM32F407xx -c -I"C:/Users/LENOVO/Documents/1.Personal/11.Embedded Projects/1.Embedded base IOT gateway/2.Workspace/Embedded base IOT gateway - Master/ThirdParty/FreeRTOS/portable/GCC/ARM_CM4F" -I"C:/Users/LENOVO/Documents/1.Personal/11.Embedded Projects/1.Embedded base IOT gateway/2.Workspace/Embedded base IOT gateway - Master/ThirdParty/SEGGER/Config" -I"C:/Users/LENOVO/Documents/1.Personal/11.Embedded Projects/1.Embedded base IOT gateway/2.Workspace/Embedded base IOT gateway - Master/ThirdParty/SEGGER/OS" -I"C:/Users/LENOVO/Documents/1.Personal/11.Embedded Projects/1.Embedded base IOT gateway/2.Workspace/Embedded base IOT gateway - Master/ThirdParty/SEGGER/SEGGER" -I../Core/Inc -I"C:/Users/LENOVO/Documents/1.Personal/11.Embedded Projects/1.Embedded base IOT gateway/2.Workspace/Embedded base IOT gateway - Master/ThirdParty/FreeRTOS" -I"C:/Users/LENOVO/Documents/1.Personal/11.Embedded Projects/1.Embedded base IOT gateway/2.Workspace/Embedded base IOT gateway - Master/ThirdParty/FreeRTOS/include" -I../Drivers/STM32F4xx_HAL_Driver/Inc -I../Drivers/STM32F4xx_HAL_Driver/Inc/Legacy -I../Drivers/CMSIS/Device/ST/STM32F4xx/Include -I../Drivers/CMSIS/Include -O0 -ffunction-sections -fdata-sections -Wall -fstack-usage -fcyclomatic-complexity -MMD -MP -MF"Drivers/STM32F4xx_HAL_Driver/Src/stm32f4xx_hal_tim.d" -MT"Drivers/STM32F4xx_HAL_Driver/Src/stm32f4xx_hal_tim.o" --specs=nano.specs -mfpu=fpv4-sp-d16 -mfloat-abi=hard -mthumb -o "Drivers/STM32F4xx_HAL_Driver/Src/stm32f4xx_hal_tim.o"
arm-none-eabi-gcc "../Drivers/STM32F4xx_HAL_Driver/Src/stm32f4xx_hal_tim_ex.c" -mcpu=cortex-m4 -std=gnu11 -g3 -DDEBUG -DUSE_HAL_DRIVER -DSTM32F407xx -c -I"C:/Users/LENOVO/Documents/1.Personal/11.Embedded Projects/1.Embedded base IOT gateway/2.Workspace/Embedded base IOT gateway - Master/ThirdParty/FreeRTOS/portable/GCC/ARM_CM4F" -I"C:/Users/LENOVO/Documents/1.Personal/11.Embedded Projects/1.Embedded base IOT gateway/2.Workspace/Embedded base IOT gateway - Master/ThirdParty/SEGGER/Config" -I"C:/Users/LENOVO/Documents/1.Personal/11.Embedded Projects/1.Embedded base IOT gateway/2.Workspace/Embedded base IOT gateway - Master/ThirdParty/SEGGER/OS" -I"C:/Users/LENOVO/Documents/1.Personal/11.Embedded Projects/1.Embedded base IOT gateway/2.Workspace/Embedded base IOT gateway - Master/ThirdParty/SEGGER/SEGGER" -I../Core/Inc -I"C:/Users/LENOVO/Documents/1.Personal/11.Embedded Projects/1.Embedded base IOT gateway/2.Workspace/Embedded base IOT gateway - Master/ThirdParty/FreeRTOS" -I"C:/Users/LENOVO/Documents/1.Personal/11.Embedded Projects/1.Embedded base IOT gateway/2.Workspace/Embedded base IOT gateway - Master/ThirdParty/FreeRTOS/include" -I../Drivers/STM32F4xx_HAL_Driver/Inc -I../Drivers/STM32F4xx_HAL_Driver/Inc/Legacy -I../Drivers/CMSIS/Device/ST/STM32F4xx/Include -I../Drivers/CMSIS/Include -O0 -ffunction-sections -fdata-sections -Wall -fstack-usage -fcyclomatic-complexity -MMD -MP -MF"Drivers/STM32F4xx_HAL_Driver/Src/stm32f4xx_hal_tim_ex.d" -MT"Drivers/STM32F4xx_HAL_Driver/Src/stm32f4xx_hal_tim_ex.o" --specs=nano.specs -mfpu=fpv4-sp-d16 -mfloat-abi=hard -mthumb -o "Drivers/STM32F4xx_HAL_Driver/Src/stm32f4xx_hal_tim_ex.o"
arm-none-eabi-gcc "../Drivers/STM32F4xx_HAL_Driver/Src/stm32f4xx_hal_uart.c" -mcpu=cortex-m4 -std=gnu11 -g3 -DDEBUG -DUSE_HAL_DRIVER -DSTM32F407xx -c -I"C:/Users/LENOVO/Documents/1.Personal/11.Embedded Projects/1.Embedded base IOT gateway/2.Workspace/Embedded base IOT gateway - Master/ThirdParty/FreeRTOS/portable/GCC/ARM_CM4F" -I"C:/Users/LENOVO/Documents/1.Personal/11.Embedded Projects/1.Embedded base IOT gateway/2.Workspace/Embedded base IOT gateway - Master/ThirdParty/SEGGER/Config" -I"C:/Users/LENOVO/Documents/1.Personal/11.Embedded Projects/1.Embedded base IOT gateway/2.Workspace/Embedded base IOT gateway - Master/ThirdParty/SEGGER/OS" -I"C:/Users/LENOVO/Documents/1.Personal/11.Embedded Projects/1.Embedded base IOT gateway/2.Workspace/Embedded base IOT gateway - Master/ThirdParty/SEGGER/SEGGER" -I../Core/Inc -I"C:/Users/LENOVO/Documents/1.Personal/11.Embedded Projects/1.Embedded base IOT gateway/2.Workspace/Embedded base IOT gateway - Master/ThirdParty/FreeRTOS" -I"C:/Users/LENOVO/Documents/1.Personal/11.Embedded Projects/1.Embedded base IOT gateway/2.Workspace/Embedded base IOT gateway - Master/ThirdParty/FreeRTOS/include" -I../Drivers/STM32F4xx_HAL_Driver/Inc -I../Drivers/STM32F4xx_HAL_Driver/Inc/Legacy -I../Drivers/CMSIS/Device/ST/STM32F4xx/Include -I../Drivers/CMSIS/Include -O0 -ffunction-sections -fdata-sections -Wall -fstack-usage -fcyclomatic-complexity -MMD -MP -MF"Drivers/STM32F4xx_HAL_Driver/Src/stm32f4xx_hal_uart.d" -MT"Drivers/STM32F4xx_HAL_Driver/Src/stm32f4xx_hal_uart.o" --specs=nano.specs -mfpu=fpv4-sp-d16 -mfloat-abi=hard -mthumb -o "Drivers/STM32F4xx_HAL_Driver/Src/stm32f4xx_hal_uart.o"
arm-none-eabi-gcc -mcpu=cortex-m4 -g3 -DDEBUG -c -I../Core/Inc -I"C:/Users/LENOVO/Documents/1.Personal/11.Embedded Projects/1.Embedded base IOT gateway/2.Workspace/Embedded base IOT gateway - Master/ThirdParty/SEGGER/Config" -I../Drivers/STM32F4xx_HAL_Driver/Inc -I../Drivers/STM32F4xx_HAL_Driver/Inc/Legacy -I../Middlewares/Third_Party/FreeRTOS/Source/include -I../Middlewares/Third_Party/FreeRTOS/Source/CMSIS_RTOS -I../Middlewares/Third_Party/FreeRTOS/Source/portable/GCC/ARM_CM4F -I../Drivers/CMSIS/Device/ST/STM32F4xx/Include -I../Drivers/CMSIS/Include -I../Middlewares/Third_Party/FreeRTOS/Source/CMSIS_RTOS_V2 -x assembler-with-cpp -MMD -MP -MF"Core/Startup/startup_stm32f407vgtx.d" -MT"Core/Startup/startup_stm32f407vgtx.o" --specs=nano.specs -mfpu=fpv4-sp-d16 -mfloat-abi=hard -mthumb -o "Core/Startup/startup_stm32f407vgtx.o" "../Core/Startup/startup_stm32f407vgtx.s"
arm-none-eabi-gcc "../Core/Src/DeviceManager.c" -mcpu=cortex-m4 -std=gnu11 -g3 -DDEBUG -DUSE_HAL_DRIVER -DSTM32F407xx -c -I"C:/Users/LENOVO/Documents/1.Personal/11.Embedded Projects/1.Embedded base IOT gateway/2.Workspace/Embedded base IOT gateway - Master/ThirdParty/FreeRTOS/portable/GCC/ARM_CM4F" -I"C:/Users/LENOVO/Documents/1.Personal/11.Embedded Projects/1.Embedded base IOT gateway/2.Workspace/Embedded base IOT gateway - Master/ThirdParty/SEGGER/Config" -I"C:/Users/LENOVO/Documents/1.Personal/11.Embedded Projects/1.Embedded base IOT gateway/2.Workspace/Embedded base IOT gateway - Master/ThirdParty/SEGGER/OS" -I"C:/Users/LENOVO/Documents/1.Personal/11.Embedded Projects/1.Embedded base IOT gateway/2.Workspace/Embedded base IOT gateway - Master/ThirdParty/SEGGER/SEGGER" -I../Core/Inc -I"C:/Users/LENOVO/Documents/1.Personal/11.Embedded Projects/1.Embedded base IOT gateway/2.Workspace/Embedded base IOT gateway - Master/ThirdParty/FreeRTOS" -I"C:/Users/LENOVO/Documents/1.Personal/11.Embedded Projects/1.Embedded base IOT gateway/2.Workspace/Embedded base IOT gateway - Master/ThirdParty/FreeRTOS/include" -I../Drivers/STM32F4xx_HAL_Driver/Inc -I../Drivers/STM32F4xx_HAL_Driver/Inc/Legacy -I../Drivers/CMSIS/Device/ST/STM32F4xx/Include -I../Drivers/CMSIS/Include -O0 -ffunction-sections -fdata-sections -Wall -fstack-usage -fcyclomatic-complexity -MMD -MP -MF"Core/Src/DeviceManager.d" -MT"Core/Src/DeviceManager.o" --specs=nano.specs -mfpu=fpv4-sp-d16 -mfloat-abi=hard -mthumb -o "Core/Src/DeviceManager.o"
arm-none-eabi-gcc "../Core/Src/ProtocolTask.c" -mcpu=cortex-m4 -std=gnu11 -g3 -DDEBUG -DUSE_HAL_DRIVER -DSTM32F407xx -c -I"C:/Users/LENOVO/Documents/1.Personal/11.Embedded Projects/1.Embedded base IOT gateway/2.Workspace/Embedded base IOT gateway - Master/ThirdParty/FreeRTOS/portable/GCC/ARM_CM4F" -I"C:/Users/LENOVO/Documents/1.Personal/11.Embedded Projects/1.Embedded base IOT gateway/2.Workspace/Embedded base IOT gateway - Master/ThirdParty/SEGGER/Config" -I"C:/Users/LENOVO/Documents/1.Personal/11.Embedded Projects/1.Embedded base IOT gateway/2.Workspace/Embedded base IOT gateway - Master/ThirdParty/SEGGER/OS" -I"C:/Users/LENOVO/Documents/1.Personal/11.Embedded Projects/1.Embedded base IOT gateway/2.Workspace/Embedded base IOT gateway - Master/ThirdParty/SEGGER/SEGGER" -I../Core/Inc -I"C:/Users/LENOVO/Documents/1.Personal/11.Embedded Projects/1.Embedded base IOT gateway/2.Workspace/Embedded base IOT gateway - Master/ThirdParty/FreeRTOS" -I"C:/Users/LENOVO/Documents/1.Personal/11.Embedded Projects/1.Embedded base IOT gateway/2.Workspace/Embedded base IOT gateway - Master/ThirdParty/FreeRTOS/include" -I../Drivers/STM32F4xx_HAL_Driver/Inc -I../Drivers/STM32F4xx_HAL_Driver/Inc/Legacy -I../Drivers/CMSIS/Device/ST/STM32F4xx/Include -I../Drivers/CMSIS/Include -O0 -ffunction-sections -fdata-sections -Wall -fstack-usage -fcyclomatic-complexity -MMD -MP -MF"Core/Src/ProtocolTask.d" -MT"Core/Src/ProtocolTask.o" --specs=nano.specs -mfpu=fpv4-sp-d16 -mfloat-abi=hard -mthumb -o "Core/Src/ProtocolTask.o"
arm-none-eabi-gcc "../Core/Src/SlaveRegistry.c" -mcpu=cortex-m4 -std=gnu11 -g3 -DDEBUG -DUSE_HAL_DRIVER -DSTM32F407xx -c -I"C:/Users/LENOVO/Documents/1.Personal/11.Embedded Projects/1.Embedded base IOT gateway/2.Workspace/Embedded base IOT gateway - Master/ThirdParty/FreeRTOS/portable/GCC/ARM_CM4F" -I"C:/Users/LENOVO/Documents/1.Personal/11.Embedded Projects/1.Embedded base IOT gateway/2.Workspace/Embedded base IOT gateway - Master/ThirdParty/SEGGER/Config" -I"C:/Users/LENOVO/Documents/1.Personal/11.Embedded Projects/1.Embedded base IOT gateway/2.Workspace/Embedded base IOT gateway - Master/ThirdParty/SEGGER/OS" -I"C:/Users/LENOVO/Documents/1.Personal/11.Embedded Projects/1.Embedded base IOT gateway/2.Workspace/Embedded base IOT gateway - Master/ThirdParty/SEGGER/SEGGER" -I../Core/Inc -I"C:/Users/LENOVO/Documents/1.Personal/11.Embedded Projects/1.Embedded base IOT gateway/2.Workspace/Embedded base IOT gateway - Master/ThirdParty/FreeRTOS" -I"C:/Users/LENOVO/Documents/1.Personal/11.Embedded Projects/1.Embedded base IOT gateway/2.Workspace/Embedded base IOT gateway - Master/ThirdParty/FreeRTOS/include" -I../Drivers/STM32F4xx_HAL_Driver/Inc -I../Drivers/STM32F4xx_HAL_Driver/Inc/Legacy -I../Drivers/CMSIS/Device/ST/STM32F4xx/Include -I../Drivers/CMSIS/Include -O0 -ffunction-sections -fdata-sections -Wall -fstack-usage -fcyclomatic-complexity -MMD -MP -MF"Core/Src/SlaveRegistry.d" -MT"Core/Src/SlaveRegistry.o" --specs=nano.specs -mfpu=fpv4-sp-d16 -mfloat-abi=hard -mthumb -o "Core/Src/SlaveRegistry.o"
arm-none-eabi-gcc "../Core/Src/button.c" -mcpu=cortex-m4 -std=gnu11 -g3 -DDEBUG -DUSE_HAL_DRIVER -DSTM32F407xx -c -I"C:/Users/LENOVO/Documents/1.Personal/11.Embedded Projects/1.Embedded base IOT gateway/2.Workspace/Embedded base IOT gateway - Master/ThirdParty/FreeRTOS/portable/GCC/ARM_CM4F" -I"C:/Users/LENOVO/Documents/1.Personal/11.Embedded Projects/1.Embedded base IOT gateway/2.Workspace/Embedded base IOT gateway - Master/ThirdParty/SEGGER/Config" -I"C:/Users/LENOVO/Documents/1.Personal/11.Embedded Projects/1.Embedded base IOT gateway/2.Workspace/Embedded base IOT gateway - Master/ThirdParty/SEGGER/OS" -I"C:/Users/LENOVO/Documents/1.Personal/11.Embedded Projects/1.Embedded base IOT gateway/2.Workspace/Embedded base IOT gateway - Master/ThirdParty/SEGGER/SEGGER" -I../Core/Inc -I"C:/Users/LENOVO/Documents/1.Personal/11.Embedded Projects/1.Embedded base IOT gateway/2.Workspace/Embedded base IOT gateway - Master/ThirdParty/FreeRTOS" -I"C:/Users/LENOVO/Documents/1.Personal/11.Embedded Projects/1.Embedded base IOT gateway/2.Workspace/Embedded base IOT gateway - Master/ThirdParty/FreeRTOS/include" -I../Drivers/STM32F4xx_HAL_Driver/Inc -I../Drivers/STM32F4xx_HAL_Driver/Inc/Legacy -I../Drivers/CMSIS/Device/ST/STM32F4xx/Include -I../Drivers/CMSIS/Include -O0 -ffunction-sections -fdata-sections -Wall -fstack-usage -fcyclomatic-complexity -MMD -MP -MF"Core/Src/button.d" -MT"Core/Src/button.o" --specs=nano.specs -mfpu=fpv4-sp-d16 -mfloat-abi=hard -mthumb -o "Core/Src/button.o"
arm-none-eabi-gcc "../Core/Src/lcd_driver.c" -mcpu=cortex-m4 -std=gnu11 -g3 -DDEBUG -DUSE_HAL_DRIVER -DSTM32F407xx -c -I"C:/Users/LENOVO/Documents/1.Personal/11.Embedded Projects/1.Embedded base IOT gateway/2.Workspace/Embedded base IOT gateway - Master/ThirdParty/FreeRTOS/portable/GCC/ARM_CM4F" -I"C:/Users/LENOVO/Documents/1.Personal/11.Embedded Projects/1.Embedded base IOT gateway/2.Workspace/Embedded base IOT gateway - Master/ThirdParty/SEGGER/Config" -I"C:/Users/LENOVO/Documents/1.Personal/11.Embedded Projects/1.Embedded base IOT gateway/2.Workspace/Embedded base IOT gateway - Master/ThirdParty/SEGGER/OS" -I"C:/Users/LENOVO/Documents/1.Personal/11.Embedded Projects/1.Embedded base IOT gateway/2.Workspace/Embedded base IOT gateway - Master/ThirdParty/SEGGER/SEGGER" -I../Core/Inc -I"C:/Users/LENOVO/Documents/1.Personal/11.Embedded Projects/1.Embedded base IOT gateway/2.Workspace/Embedded base IOT gateway - Master/ThirdParty/FreeRTOS" -I"C:/Users/LENOVO/Documents/1.Personal/11.Embedded Projects/1.Embedded base IOT gateway/2.Workspace/Embedded base IOT gateway - Master/ThirdParty/FreeRTOS/include" -I../Drivers/STM32F4xx_HAL_Driver/Inc -I../Drivers/STM32F4xx_HAL_Driver/Inc/Legacy -I../Drivers/CMSIS/Device/ST/STM32F4xx/Include -I../Drivers/CMSIS/Include -O0 -ffunction-sections -fdata-sections -Wall -fstack-usage -fcyclomatic-complexity -MMD -MP -MF"Core/Src/lcd_driver.d" -MT"Core/Src/lcd_driver.o" --specs=nano.specs -mfpu=fpv4-sp-d16 -mfloat-abi=hard -mthumb -o "Core/Src/lcd_driver.o"
arm-none-eabi-gcc "../Core/Src/lcd_ui.c" -mcpu=cortex-m4 -std=gnu11 -g3 -DDEBUG -DUSE_HAL_DRIVER -DSTM32F407xx -c -I"C:/Users/LENOVO/Documents/1.Personal/11.Embedded Projects/1.Embedded base IOT gateway/2.Workspace/Embedded base IOT gateway - Master/ThirdParty/FreeRTOS/portable/GCC/ARM_CM4F" -I"C:/Users/LENOVO/Documents/1.Personal/11.Embedded Projects/1.Embedded base IOT gateway/2.Workspace/Embedded base IOT gateway - Master/ThirdParty/SEGGER/Config" -I"C:/Users/LENOVO/Documents/1.Personal/11.Embedded Projects/1.Embedded base IOT gateway/2.Workspace/Embedded base IOT gateway - Master/ThirdParty/SEGGER/OS" -I"C:/Users/LENOVO/Documents/1.Personal/11.Embedded Projects/1.Embedded base IOT gateway/2.Workspace/Embedded base IOT gateway - Master/ThirdParty/SEGGER/SEGGER" -I../Core/Inc -I"C:/Users/LENOVO/Documents/1.Personal/11.Embedded Projects/1.Embedded base IOT gateway/2.Workspace/Embedded base IOT gateway - Master/ThirdParty/FreeRTOS" -I"C:/Users/LENOVO/Documents/1.Personal/11.Embedded Projects/1.Embedded base IOT gateway/2.Workspace/Embedded base IOT gateway - Master/ThirdParty/FreeRTOS/include" -I../Drivers/STM32F4xx_HAL_Driver/Inc -I../Drivers/STM32F4xx_HAL_Driver/Inc/Legacy -I../Drivers/CMSIS/Device/ST/STM32F4xx/Include -I../Drivers/CMSIS/Include -O0 -ffunction-sections -fdata-sections -Wall -fstack-usage -fcyclomatic-complexity -MMD -MP -MF"Core/Src/lcd_ui.d" -MT"Core/Src/lcd_ui.o" --specs=nano.specs -mfpu=fpv4-sp-d16 -mfloat-abi=hard -mthumb -o "Core/Src/lcd_ui.o"
arm-none-eabi-gcc "../Core/Src/main.c" -mcpu=cortex-m4 -std=gnu11 -g3 -DDEBUG -DUSE_HAL_DRIVER -DSTM32F407xx -c -I"C:/Users/LENOVO/Documents/1.Personal/11.Embedded Projects/1.Embedded base IOT gateway/2.Workspace/Embedded base IOT gateway - Master/ThirdParty/FreeRTOS/portable/GCC/ARM_CM4F" -I"C:/Users/LENOVO/Documents/1.Personal/11.Embedded Projects/1.Embedded base IOT gateway/2.Workspace/Embedded base IOT gateway - Master/ThirdParty/SEGGER/Config" -I"C:/Users/LENOVO/Documents/1.Personal/11.Embedded Projects/1.Embedded base IOT gateway/2.Workspace/Embedded base IOT gateway - Master/ThirdParty/SEGGER/OS" -I"C:/Users/LENOVO/Documents/1.Personal/11.Embedded Projects/1.Embedded base IOT gateway/2.Workspace/Embedded base IOT gateway - Master/ThirdParty/SEGGER/SEGGER" -I../Core/Inc -I"C:/Users/LENOVO/Documents/1.Personal/11.Embedded Projects/1.Embedded base IOT gateway/2.Workspace/Embedded base IOT gateway - Master/ThirdParty/FreeRTOS" -I"C:/Users/LENOVO/Documents/1.Personal/11.Embedded Projects/1.Embedded base IOT gateway/2.Workspace/Embedded base IOT gateway - Master/ThirdParty/FreeRTOS/include" -I../Drivers/STM32F4xx_HAL_Driver/Inc -I../Drivers/STM32F4xx_HAL_Driver/Inc/Legacy -I../Drivers/CMSIS/Device/ST/STM32F4xx/Include -I../Drivers/CMSIS/Include -O0 -ffunction-sections -fdata-sections -Wall -fstack-usage -fcyclomatic-complexity -MMD -MP -MF"Core/Src/main.d" -MT"Core/Src/main.o" --specs=nano.specs -mfpu=fpv4-sp-d16 -mfloat-abi=hard -mthumb -o "Core/Src/main.o"
arm-none-eabi-gcc "../Core/Src/rs485_driver.c" -mcpu=cortex-m4 -std=gnu11 -g3 -DDEBUG -DUSE_HAL_DRIVER -DSTM32F407xx -c -I"C:/Users/LENOVO/Documents/1.Personal/11.Embedded Projects/1.Embedded base IOT gateway/2.Workspace/Embedded base IOT gateway - Master/ThirdParty/FreeRTOS/portable/GCC/ARM_CM4F" -I"C:/Users/LENOVO/Documents/1.Personal/11.Embedded Projects/1.Embedded base IOT gateway/2.Workspace/Embedded base IOT gateway - Master/ThirdParty/SEGGER/Config" -I"C:/Users/LENOVO/Documents/1.Personal/11.Embedded Projects/1.Embedded base IOT gateway/2.Workspace/Embedded base IOT gateway - Master/ThirdParty/SEGGER/OS" -I"C:/Users/LENOVO/Documents/1.Personal/11.Embedded Projects/1.Embedded base IOT gateway/2.Workspace/Embedded base IOT gateway - Master/ThirdParty/SEGGER/SEGGER" -I../Core/Inc -I"C:/Users/LENOVO/Documents/1.Personal/11.Embedded Projects/1.Embedded base IOT gateway/2.Workspace/Embedded base IOT gateway - Master/ThirdParty/FreeRTOS" -I"C:/Users/LENOVO/Documents/1.Personal/11.Embedded Projects/1.Embedded base IOT gateway/2.Workspace/Embedded base IOT gateway - Master/ThirdParty/FreeRTOS/include" -I../Drivers/STM32F4xx_HAL_Driver/Inc -I../Drivers/STM32F4xx_HAL_Driver/Inc/Legacy -I../Drivers/CMSIS/Device/ST/STM32F4xx/Include -I../Drivers/CMSIS/Include -O0 -ffunction-sections -fdata-sections -Wall -fstack-usage -fcyclomatic-complexity -MMD -MP -MF"Core/Src/rs485_driver.d" -MT"Core/Src/rs485_driver.o" --specs=nano.specs -mfpu=fpv4-sp-d16 -mfloat-abi=hard -mthumb -o "Core/Src/rs485_driver.o"
arm-none-eabi-gcc "../Core/Src/stm32f4xx_hal_msp.c" -mcpu=cortex-m4 -std=gnu11 -g3 -DDEBUG -DUSE_HAL_DRIVER -DSTM32F407xx -c -I"C:/Users/LENOVO/Documents/1.Personal/11.Embedded Projects/1.Embedded base IOT gateway/2.Workspace/Embedded base IOT gateway - Master/ThirdParty/FreeRTOS/portable/GCC/ARM_CM4F" -I"C:/Users/LENOVO/Documents/1.Personal/11.Embedded Projects/1.Embedded base IOT gateway/2.Workspace/Embedded base IOT gateway - Master/ThirdParty/SEGGER/Config" -I"C:/Users/LENOVO/Documents/1.Personal/11.Embedded Projects/1.Embedded base IOT gateway/2.Workspace/Embedded base IOT gateway - Master/ThirdParty/SEGGER/OS" -I"C:/Users/LENOVO/Documents/1.Personal/11.Embedded Projects/1.Embedded base IOT gateway/2.Workspace/Embedded base IOT gateway - Master/ThirdParty/SEGGER/SEGGER" -I../Core/Inc -I"C:/Users/LENOVO/Documents/1.Personal/11.Embedded Projects/1.Embedded base IOT gateway/2.Workspace/Embedded base IOT gateway - Master/ThirdParty/FreeRTOS" -I"C:/Users/LENOVO/Documents/1.Personal/11.Embedded Projects/1.Embedded base IOT gateway/2.Workspace/Embedded base IOT gateway - Master/ThirdParty/FreeRTOS/include" -I../Drivers/STM32F4xx_HAL_Driver/Inc -I../Drivers/STM32F4xx_HAL_Driver/Inc/Legacy -I../Drivers/CMSIS/Device/ST/STM32F4xx/Include -I../Drivers/CMSIS/Include -O0 -ffunction-sections -fdata-sections -Wall -fstack-usage -fcyclomatic-complexity -MMD -MP -MF"Core/Src/stm32f4xx_hal_msp.d" -MT"Core/Src/stm32f4xx_hal_msp.o" --specs=nano.specs -mfpu=fpv4-sp-d16 -mfloat-abi=hard -mthumb -o "Core/Src/stm32f4xx_hal_msp.o"
arm-none-eabi-gcc "../Core/Src/stm32f4xx_hal_timebase_tim.c" -mcpu=cortex-m4 -std=gnu11 -g3 -DDEBUG -DUSE_HAL_DRIVER -DSTM32F407xx -c -I"C:/Users/LENOVO/Documents/1.Personal/11.Embedded Projects/1.Embedded base IOT gateway/2.Workspace/Embedded base IOT gateway - Master/ThirdParty/FreeRTOS/portable/GCC/ARM_CM4F" -I"C:/Users/LENOVO/Documents/1.Personal/11.Embedded Projects/1.Embedded base IOT gateway/2.Workspace/Embedded base IOT gateway - Master/ThirdParty/SEGGER/Config" -I"C:/Users/LENOVO/Documents/1.Personal/11.Embedded Projects/1.Embedded base IOT gateway/2.Workspace/Embedded base IOT gateway - Master/ThirdParty/SEGGER/OS" -I"C:/Users/LENOVO/Documents/1.Personal/11.Embedded Projects/1.Embedded base IOT gateway/2.Workspace/Embedded base IOT gateway - Master/ThirdParty/SEGGER/SEGGER" -I../Core/Inc -I"C:/Users/LENOVO/Documents/1.Personal/11.Embedded Projects/1.Embedded base IOT gateway/2.Workspace/Embedded base IOT gateway - Master/ThirdParty/FreeRTOS" -I"C:/Users/LENOVO/Documents/1.Personal/11.Embedded Projects/1.Embedded base IOT gateway/2.Workspace/Embedded base IOT gateway - Master/ThirdParty/FreeRTOS/include" -I../Drivers/STM32F4xx_HAL_Driver/Inc -I../Drivers/STM32F4xx_HAL_Driver/Inc/Legacy -I../Drivers/CMSIS/Device/ST/STM32F4xx/Include -I../Drivers/CMSIS/Include -O0 -ffunction-sections -fdata-sections -Wall -fstack-usage -fcyclomatic-complexity -MMD -MP -MF"Core/Src/stm32f4xx_hal_timebase_tim.d" -MT"Core/Src/stm32f4xx_hal_timebase_tim.o" --specs=nano.specs -mfpu=fpv4-sp-d16 -mfloat-abi=hard -mthumb -o "Core/Src/stm32f4xx_hal_timebase_tim.o"
arm-none-eabi-gcc "../Core/Src/stm32f4xx_it.c" -mcpu=cortex-m4 -std=gnu11 -g3 -DDEBUG -DUSE_HAL_DRIVER -DSTM32F407xx -c -I"C:/Users/LENOVO/Documents/1.Personal/11.Embedded Projects/1.Embedded base IOT gateway/2.Workspace/Embedded base IOT gateway - Master/ThirdParty/FreeRTOS/portable/GCC/ARM_CM4F" -I"C:/Users/LENOVO/Documents/1.Personal/11.Embedded Projects/1.Embedded base IOT gateway/2.Workspace/Embedded base IOT gateway - Master/ThirdParty/SEGGER/Config" -I"C:/Users/LENOVO/Documents/1.Personal/11.Embedded Projects/1.Embedded base IOT gateway/2.Workspace/Embedded base IOT gateway - Master/ThirdParty/SEGGER/OS" -I"C:/Users/LENOVO/Documents/1.Personal/11.Embedded Projects/1.Embedded base IOT gateway/2.Workspace/Embedded base IOT gateway - Master/ThirdParty/SEGGER/SEGGER" -I../Core/Inc -I"C:/Users/LENOVO/Documents/1.Personal/11.Embedded Projects/1.Embedded base IOT gateway/2.Workspace/Embedded base IOT gateway - Master/ThirdParty/FreeRTOS" -I"C:/Users/LENOVO/Documents/1.Personal/11.Embedded Projects/1.Embedded base IOT gateway/2.Workspace/Embedded base IOT gateway - Master/ThirdParty/FreeRTOS/include" -I../Drivers/STM32F4xx_HAL_Driver/Inc -I../Drivers/STM32F4xx_HAL_Driver/Inc/Legacy -I../Drivers/CMSIS/Device/ST/STM32F4xx/Include -I../Drivers/CMSIS/Include -O0 -ffunction-sections -fdata-sections -Wall -fstack-usage -fcyclomatic-complexity -MMD -MP -MF"Core/Src/stm32f4xx_it.d" -MT"Core/Src/stm32f4xx_it.o" --specs=nano.specs -mfpu=fpv4-sp-d16 -mfloat-abi=hard -mthumb -o "Core/Src/stm32f4xx_it.o"
arm-none-eabi-gcc "../Core/Src/syscalls.c" -mcpu=cortex-m4 -std=gnu11 -g3 -DDEBUG -DUSE_HAL_DRIVER -DSTM32F407xx -c -I"C:/Users/LENOVO/Documents/1.Personal/11.Embedded Projects/1.Embedded base IOT gateway/2.Workspace/Embedded base IOT gateway - Master/ThirdParty/FreeRTOS/portable/GCC/ARM_CM4F" -I"C:/Users/LENOVO/Documents/1.Personal/11.Embedded Projects/1.Embedded base IOT gateway/2.Workspace/Embedded base IOT gateway - Master/ThirdParty/SEGGER/Config" -I"C:/Users/LENOVO/Documents/1.Personal/11.Embedded Projects/1.Embedded base IOT gateway/2.Workspace/Embedded base IOT gateway - Master/ThirdParty/SEGGER/OS" -I"C:/Users/LENOVO/Documents/1.Personal/11.Embedded Projects/1.Embedded base IOT gateway/2.Workspace/Embedded base IOT gateway - Master/ThirdParty/SEGGER/SEGGER" -I../Core/Inc -I"C:/Users/LENOVO/Documents/1.Personal/11.Embedded Projects/1.Embedded base IOT gateway/2.Workspace/Embedded base IOT gateway - Master/ThirdParty/FreeRTOS" -I"C:/Users/LENOVO/Documents/1.Personal/11.Embedded Projects/1.Embedded base IOT gateway/2.Workspace/Embedded base IOT gateway - Master/ThirdParty/FreeRTOS/include" -I../Drivers/STM32F4xx_HAL_Driver/Inc -I../Drivers/STM32F4xx_HAL_Driver/Inc/Legacy -I../Drivers/CMSIS/Device/ST/STM32F4xx/Include -I../Drivers/CMSIS/Include -O0 -ffunction-sections -fdata-sections -Wall -fstack-usage -fcyclomatic-complexity -MMD -MP -MF"Core/Src/syscalls.d" -MT"Core/Src/syscalls.o" --specs=nano.specs -mfpu=fpv4-sp-d16 -mfloat-abi=hard -mthumb -o "Core/Src/syscalls.o"
arm-none-eabi-gcc "../Core/Src/system_state.c" -mcpu=cortex-m4 -std=gnu11 -g3 -DDEBUG -DUSE_HAL_DRIVER -DSTM32F407xx -c -I"C:/Users/LENOVO/Documents/1.Personal/11.Embedded Projects/1.Embedded base IOT gateway/2.Workspace/Embedded base IOT gateway - Master/ThirdParty/FreeRTOS/portable/GCC/ARM_CM4F" -I"C:/Users/LENOVO/Documents/1.Personal/11.Embedded Projects/1.Embedded base IOT gateway/2.Workspace/Embedded base IOT gateway - Master/ThirdParty/SEGGER/Config" -I"C:/Users/LENOVO/Documents/1.Personal/11.Embedded Projects/1.Embedded base IOT gateway/2.Workspace/Embedded base IOT gateway - Master/ThirdParty/SEGGER/OS" -I"C:/Users/LENOVO/Documents/1.Personal/11.Embedded Projects/1.Embedded base IOT gateway/2.Workspace/Embedded base IOT gateway - Master/ThirdParty/SEGGER/SEGGER" -I../Core/Inc -I"C:/Users/LENOVO/Documents/1.Personal/11.Embedded Projects/1.Embedded base IOT gateway/2.Workspace/Embedded base IOT gateway - Master/ThirdParty/FreeRTOS" -I"C:/Users/LENOVO/Documents/1.Personal/11.Embedded Projects/1.Embedded base IOT gateway/2.Workspace/Embedded base IOT gateway - Master/ThirdParty/FreeRTOS/include" -I../Drivers/STM32F4xx_HAL_Driver/Inc -I../Drivers/STM32F4xx_HAL_Driver/Inc/Legacy -I../Drivers/CMSIS/Device/ST/STM32F4xx/Include -I../Drivers/CMSIS/Include -O0 -ffunction-sections -fdata-sections -Wall -fstack-usage -fcyclomatic-complexity -MMD -MP -MF"Core/Src/system_state.d" -MT"Core/Src/system_state.o" --specs=nano.specs -mfpu=fpv4-sp-d16 -mfloat-abi=hard -mthumb -o "Core/Src/system_state.o"
arm-none-eabi-gcc "../Core/Src/system_stm32f4xx.c" -mcpu=cortex-m4 -std=gnu11 -g3 -DDEBUG -DUSE_HAL_DRIVER -DSTM32F407xx -c -I"C:/Users/LENOVO/Documents/1.Personal/11.Embedded Projects/1.Embedded base IOT gateway/2.Workspace/Embedded base IOT gateway - Master/ThirdParty/FreeRTOS/portable/GCC/ARM_CM4F" -I"C:/Users/LENOVO/Documents/1.Personal/11.Embedded Projects/1.Embedded base IOT gateway/2.Workspace/Embedded base IOT gateway - Master/ThirdParty/SEGGER/Config" -I"C:/Users/LENOVO/Documents/1.Personal/11.Embedded Projects/1.Embedded base IOT gateway/2.Workspace/Embedded base IOT gateway - Master/ThirdParty/SEGGER/OS" -I"C:/Users/LENOVO/Documents/1.Personal/11.Embedded Projects/1.Embedded base IOT gateway/2.Workspace/Embedded base IOT gateway - Master/ThirdParty/SEGGER/SEGGER" -I../Core/Inc -I"C:/Users/LENOVO/Documents/1.Personal/11.Embedded Projects/1.Embedded base IOT gateway/2.Workspace/Embedded base IOT gateway - Master/ThirdParty/FreeRTOS" -I"C:/Users/LENOVO/Documents/1.Personal/11.Embedded Projects/1.Embedded base IOT gateway/2.Workspace/Embedded base IOT gateway - Master/ThirdParty/FreeRTOS/include" -I../Drivers/STM32F4xx_HAL_Driver/Inc -I../Drivers/STM32F4xx_HAL_Driver/Inc/Legacy -I../Drivers/CMSIS/Device/ST/STM32F4xx/Include -I../Drivers/CMSIS/Include -O0 -ffunction-sections -fdata-sections -Wall -fstack-usage -fcyclomatic-complexity -MMD -MP -MF"Core/Src/system_stm32f4xx.d" -MT"Core/Src/system_stm32f4xx.o" --specs=nano.specs -mfpu=fpv4-sp-d16 -mfloat-abi=hard -mthumb -o "Core/Src/system_stm32f4xx.o"
../Core/Src/ProtocolTask.c: In function 'Protocol_Task':
../Core/Src/ProtocolTask.c:58:38: warning: unused variable 'notifyCnt' [-Wunused-variable]
   58 |                 volatile uint32_t    notifyCnt = ulTaskNotifyValueClear(NULL, 0);
      |                                      ^~~~~~~~~
../Core/Src/ProtocolTask.c:57:38: warning: unused variable 'rxQLen' [-Wunused-variable]
   57 |                 volatile UBaseType_t rxQLen  = uxQueueMessagesWaiting(xQueue_RS485_RxFrame);
      |                                      ^~~~~~
../Core/Src/ProtocolTask.c:56:34: warning: unused variable 'freeHeap' [-Wunused-variable]
   56 |                 volatile size_t  freeHeap    = xPortGetFreeHeapSize();
      |                                  ^~~~~~~~
arm-none-eabi-gcc "../Core/Src/watchdog.c" -mcpu=cortex-m4 -std=gnu11 -g3 -DDEBUG -DUSE_HAL_DRIVER -DSTM32F407xx -c -I"C:/Users/LENOVO/Documents/1.Personal/11.Embedded Projects/1.Embedded base IOT gateway/2.Workspace/Embedded base IOT gateway - Master/ThirdParty/FreeRTOS/portable/GCC/ARM_CM4F" -I"C:/Users/LENOVO/Documents/1.Personal/11.Embedded Projects/1.Embedded base IOT gateway/2.Workspace/Embedded base IOT gateway - Master/ThirdParty/SEGGER/Config" -I"C:/Users/LENOVO/Documents/1.Personal/11.Embedded Projects/1.Embedded base IOT gateway/2.Workspace/Embedded base IOT gateway - Master/ThirdParty/SEGGER/OS" -I"C:/Users/LENOVO/Documents/1.Personal/11.Embedded Projects/1.Embedded base IOT gateway/2.Workspace/Embedded base IOT gateway - Master/ThirdParty/SEGGER/SEGGER" -I../Core/Inc -I"C:/Users/LENOVO/Documents/1.Personal/11.Embedded Projects/1.Embedded base IOT gateway/2.Workspace/Embedded base IOT gateway - Master/ThirdParty/FreeRTOS" -I"C:/Users/LENOVO/Documents/1.Personal/11.Embedded Projects/1.Embedded base IOT gateway/2.Workspace/Embedded base IOT gateway - Master/ThirdParty/FreeRTOS/include" -I../Drivers/STM32F4xx_HAL_Driver/Inc -I../Drivers/STM32F4xx_HAL_Driver/Inc/Legacy -I../Drivers/CMSIS/Device/ST/STM32F4xx/Include -I../Drivers/CMSIS/Include -O0 -ffunction-sections -fdata-sections -Wall -fstack-usage -fcyclomatic-complexity -MMD -MP -MF"Core/Src/watchdog.d" -MT"Core/Src/watchdog.o" --specs=nano.specs -mfpu=fpv4-sp-d16 -mfloat-abi=hard -mthumb -o "Core/Src/watchdog.o"
arm-none-eabi-gcc -o "Embedded base IOT gateway - Master.elf" @"objects.list"   -mcpu=cortex-m4 -T"C:\Users\LENOVO\Documents\1.Personal\11.Embedded Projects\1.Embedded base IOT gateway\2.Workspace\Embedded base IOT gateway - Master\STM32F407VGTX_FLASH.ld" --specs=nosys.specs -Wl,-Map="Embedded base IOT gateway - Master.map" -Wl,--gc-sections -static --specs=nano.specs -mfpu=fpv4-sp-d16 -mfloat-abi=hard -mthumb -u _printf_float -Wl,--start-group -lc -lm -Wl,--end-group
Finished building target: Embedded base IOT gateway - Master.elf
 
arm-none-eabi-size  Embedded\ base\ IOT\ gateway\ -\ Master.elf 
arm-none-eabi-objdump -h -S Embedded\ base\ IOT\ gateway\ -\ Master.elf  > "Embedded base IOT gateway - Master.list"
   text	   data	    bss	    dec	    hex	filename
  67084	    540	  86064	 153688	  25858	Embedded base IOT gateway - Master.elf
Finished building: default.size.stdout
 
Finished building: Embedded base IOT gateway - Master.list
 

10:14:08 Build Finished. 0 errors, 3 warnings. (took 11s.311ms)

