21:44:43 **** Incremental Build of configuration Debug for project Embedded base IOT gateway - Master ****
make -j16 all 
arm-none-eabi-gcc "../Core/Src/ProtocolTask.c" -mcpu=cortex-m4 -std=gnu11 -g3 -DDEBUG -DUSE_HAL_DRIVER -DSTM32F407xx -c -I"C:/Users/LENOVO/Documents/1.Personal/11.Embedded Projects/1.Embedded base IOT gateway/2.Workspace/Embedded base IOT gateway - Master/ThirdParty/FreeRTOS/portable/GCC/ARM_CM4F" -I"C:/Users/LENOVO/Documents/1.Personal/11.Embedded Projects/1.Embedded base IOT gateway/2.Workspace/Embedded base IOT gateway - Master/ThirdParty/SEGGER/Config" -I"C:/Users/LENOVO/Documents/1.Personal/11.Embedded Projects/1.Embedded base IOT gateway/2.Workspace/Embedded base IOT gateway - Master/ThirdParty/SEGGER/OS" -I"C:/Users/LENOVO/Documents/1.Personal/11.Embedded Projects/1.Embedded base IOT gateway/2.Workspace/Embedded base IOT gateway - Master/ThirdParty/SEGGER/SEGGER" -I../Core/Inc -I"C:/Users/LENOVO/Documents/1.Personal/11.Embedded Projects/1.Embedded base IOT gateway/2.Workspace/Embedded base IOT gateway - Master/ThirdParty/FreeRTOS" -I"C:/Users/LENOVO/Documents/1.Personal/11.Embedded Projects/1.Embedded base IOT gateway/2.Workspace/Embedded base IOT gateway - Master/ThirdParty/FreeRTOS/include" -I../Drivers/STM32F4xx_HAL_Driver/Inc -I../Drivers/STM32F4xx_HAL_Driver/Inc/Legacy -I../Drivers/CMSIS/Device/ST/STM32F4xx/Include -I../Drivers/CMSIS/Include -O0 -ffunction-sections -fdata-sections -Wall -fstack-usage -fcyclomatic-complexity -MMD -MP -MF"Core/Src/ProtocolTask.d" -MT"Core/Src/ProtocolTask.o" --specs=nano.specs -mfpu=fpv4-sp-d16 -mfloat-abi=hard -mthumb -o "Core/Src/ProtocolTask.o"
arm-none-eabi-gcc "../Core/Src/main.c" -mcpu=cortex-m4 -std=gnu11 -g3 -DDEBUG -DUSE_HAL_DRIVER -DSTM32F407xx -c -I"C:/Users/LENOVO/Documents/1.Personal/11.Embedded Projects/1.Embedded base IOT gateway/2.Workspace/Embedded base IOT gateway - Master/ThirdParty/FreeRTOS/portable/GCC/ARM_CM4F" -I"C:/Users/LENOVO/Documents/1.Personal/11.Embedded Projects/1.Embedded base IOT gateway/2.Workspace/Embedded base IOT gateway - Master/ThirdParty/SEGGER/Config" -I"C:/Users/LENOVO/Documents/1.Personal/11.Embedded Projects/1.Embedded base IOT gateway/2.Workspace/Embedded base IOT gateway - Master/ThirdParty/SEGGER/OS" -I"C:/Users/LENOVO/Documents/1.Personal/11.Embedded Projects/1.Embedded base IOT gateway/2.Workspace/Embedded base IOT gateway - Master/ThirdParty/SEGGER/SEGGER" -I../Core/Inc -I"C:/Users/LENOVO/Documents/1.Personal/11.Embedded Projects/1.Embedded base IOT gateway/2.Workspace/Embedded base IOT gateway - Master/ThirdParty/FreeRTOS" -I"C:/Users/LENOVO/Documents/1.Personal/11.Embedded Projects/1.Embedded base IOT gateway/2.Workspace/Embedded base IOT gateway - Master/ThirdParty/FreeRTOS/include" -I../Drivers/STM32F4xx_HAL_Driver/Inc -I../Drivers/STM32F4xx_HAL_Driver/Inc/Legacy -I../Drivers/CMSIS/Device/ST/STM32F4xx/Include -I../Drivers/CMSIS/Include -O0 -ffunction-sections -fdata-sections -Wall -fstack-usage -fcyclomatic-complexity -MMD -MP -MF"Core/Src/main.d" -MT"Core/Src/main.o" --specs=nano.specs -mfpu=fpv4-sp-d16 -mfloat-abi=hard -mthumb -o "Core/Src/main.o"
../Core/Src/ProtocolTask.c: In function 'Protocol_Task':
../Core/Src/ProtocolTask.c:59:38: warning: unused variable 'notifyCnt' [-Wunused-variable]
   59 |                 volatile uint32_t    notifyCnt = ulTaskNotifyValueClear(NULL, 0);
      |                                      ^~~~~~~~~
../Core/Src/ProtocolTask.c:58:38: warning: unused variable 'txQLen' [-Wunused-variable]
   58 |                 volatile UBaseType_t txQLen  = uxQueueMessagesWaiting(xQueue_RS485_TxFrame);
      |                                      ^~~~~~
../Core/Src/ProtocolTask.c:57:38: warning: unused variable 'rxQLen' [-Wunused-variable]
   57 |                 volatile UBaseType_t rxQLen  = uxQueueMessagesWaiting(xQueue_RS485_RxFrame);
      |                                      ^~~~~~
../Core/Src/ProtocolTask.c:56:34: warning: unused variable 'freeHeap' [-Wunused-variable]
   56 |                 volatile size_t  freeHeap    = xPortGetFreeHeapSize();
      |                                  ^~~~~~~~
arm-none-eabi-gcc -o "Embedded base IOT gateway - Master.elf" @"objects.list"   -mcpu=cortex-m4 -T"C:\Users\LENOVO\Documents\1.Personal\11.Embedded Projects\1.Embedded base IOT gateway\2.Workspace\Embedded base IOT gateway - Master\STM32F407VGTX_FLASH.ld" --specs=nosys.specs -Wl,-Map="Embedded base IOT gateway - Master.map" -Wl,--gc-sections -static --specs=nano.specs -mfpu=fpv4-sp-d16 -mfloat-abi=hard -mthumb -u _printf_float -Wl,--start-group -lc -lm -Wl,--end-group
Finished building target: Embedded base IOT gateway - Master.elf
 
arm-none-eabi-size  Embedded\ base\ IOT\ gateway\ -\ Master.elf 
arm-none-eabi-objdump -h -S Embedded\ base\ IOT\ gateway\ -\ Master.elf  > "Embedded base IOT gateway - Master.list"
   text	   data	    bss	    dec	    hex	filename
  65860	    476	 112000	 178336	  2b8a0	Embedded base IOT gateway - Master.elf
Finished building: default.size.stdout
 
Finished building: Embedded base IOT gateway - Master.list
 
21:46:23 **** Incremental Build of configuration Debug for project Embedded base IOT gateway - Master ****
make -j16 all 
arm-none-eabi-size  Embedded\ base\ IOT\ gateway\ -\ Master.elf 
   text	   data	    bss	    dec	    hex	filename
  65860	    476	 112000	 178336	  2b8a0	Embedded base IOT gateway - Master.elf
Finished building: default.size.stdout
 
