23:01:25 **** Incremental Build of configuration Debug for project Embedded base IOT gateway - Master ****
make -j16 all 
arm-none-eabi-size  Embedded\ base\ IOT\ gateway\ -\ Master.elf 
   text	   data	    bss	    dec	    hex	filename
  67084	    540	  86064	 153688	  25858	Embedded base IOT gateway - Master.elf
Finished building: default.size.stdout
 
10:13:54 **** Clean-only build of configuration Debug for project Embedded base IOT gateway - Master ****
make -j16 clean 
rm -rf ./ThirdParty/SEGGER/SEGGER/Syscalls/SEGGER_RTT_Syscalls_GCC.cyclo ./ThirdParty/SEGGER/SEGGER/Syscalls/SEGGER_RTT_Syscalls_GCC.d ./ThirdParty/SEGGER/SEGGER/Syscalls/SEGGER_RTT_Syscalls_GCC.o ./ThirdParty/SEGGER/SEGGER/Syscalls/SEGGER_RTT_Syscalls_GCC.su
rm -rf ./ThirdParty/SEGGER/SEGGER/SEGGER_RTT.cyclo ./ThirdParty/SEGGER/SEGGER/SEGGER_RTT.d ./ThirdParty/SEGGER/SEGGER/SEGGER_RTT.o ./ThirdParty/SEGGER/SEGGER/SEGGER_RTT.su ./ThirdParty/SEGGER/SEGGER/SEGGER_RTT_ASM_ARMv7M.d ./ThirdParty/SEGGER/SEGGER/SEGGER_RTT_ASM_ARMv7M.o ./ThirdParty/SEGGER/SEGGER/SEGGER_RTT_printf.cyclo ./ThirdParty/SEGGER/SEGGER/SEGGER_RTT_printf.d ./ThirdParty/SEGGER/SEGGER/SEGGER_RTT_printf.o ./ThirdParty/SEGGER/SEGGER/SEGGER_RTT_printf.su ./ThirdParty/SEGGER/SEGGER/SEGGER_SYSVIEW.cyclo ./ThirdParty/SEGGER/SEGGER/SEGGER_SYSVIEW.d ./ThirdParty/SEGGER/SEGGER/SEGGER_SYSVIEW.o ./ThirdParty/SEGGER/SEGGER/SEGGER_SYSVIEW.su
rm -rf ./ThirdParty/SEGGER/OS/SEGGER_SYSVIEW_FreeRTOS.cyclo ./ThirdParty/SEGGER/OS/SEGGER_SYSVIEW_FreeRTOS.d ./ThirdParty/SEGGER/OS/SEGGER_SYSVIEW_FreeRTOS.o ./ThirdParty/SEGGER/OS/SEGGER_SYSVIEW_FreeRTOS.su
rm -rf ./ThirdParty/SEGGER/Config/SEGGER_SYSVIEW_Config_FreeRTOS.cyclo ./ThirdParty/SEGGER/Config/SEGGER_SYSVIEW_Config_FreeRTOS.d ./ThirdParty/SEGGER/Config/SEGGER_SYSVIEW_Config_FreeRTOS.o ./ThirdParty/SEGGER/Config/SEGGER_SYSVIEW_Config_FreeRTOS.su
rm -rf ./ThirdParty/FreeRTOS/portable/MemMang/heap_4.cyclo ./ThirdParty/FreeRTOS/portable/MemMang/heap_4.d ./ThirdParty/FreeRTOS/portable/MemMang/heap_4.o ./ThirdParty/FreeRTOS/portable/MemMang/heap_4.su
rm -rf ./ThirdParty/FreeRTOS/portable/GCC/ARM_CM4F/port.cyclo ./ThirdParty/FreeRTOS/portable/GCC/ARM_CM4F/port.d ./ThirdParty/FreeRTOS/portable/GCC/ARM_CM4F/port.o ./ThirdParty/FreeRTOS/portable/GCC/ARM_CM4F/port.su
rm -rf ./ThirdParty/FreeRTOS/croutine.cyclo ./ThirdParty/FreeRTOS/croutine.d ./ThirdParty/FreeRTOS/croutine.o ./ThirdParty/FreeRTOS/croutine.su ./ThirdParty/FreeRTOS/event_groups.cyclo ./ThirdParty/FreeRTOS/event_groups.d ./ThirdParty/FreeRTOS/event_groups.o ./ThirdParty/FreeRTOS/event_groups.su ./ThirdParty/FreeRTOS/list.cyclo ./ThirdParty/FreeRTOS/list.d ./ThirdParty/FreeRTOS/list.o ./ThirdParty/FreeRTOS/list.su ./ThirdParty/FreeRTOS/queue.cyclo ./ThirdParty/FreeRTOS/queue.d ./ThirdParty/FreeRTOS/queue.o ./ThirdParty/FreeRTOS/queue.su ./ThirdParty/FreeRTOS/stream_buffer.cyclo ./ThirdParty/FreeRTOS/stream_buffer.d ./ThirdParty/FreeRTOS/stream_buffer.o ./ThirdParty/FreeRTOS/stream_buffer.su ./ThirdParty/FreeRTOS/tasks.cyclo ./ThirdParty/FreeRTOS/tasks.d ./ThirdParty/FreeRTOS/tasks.o ./ThirdParty/FreeRTOS/tasks.su ./ThirdParty/FreeRTOS/timers.cyclo ./ThirdParty/FreeRTOS/timers.d ./ThirdParty/FreeRTOS/timers.o ./ThirdParty/FreeRTOS/timers.su
rm -rf ./Drivers/STM32F4xx_HAL_Driver/Src/stm32f4xx_hal.cyclo ./Drivers/STM32F4xx_HAL_Driver/Src/stm32f4xx_hal.d ./Drivers/STM32F4xx_HAL_Driver/Src/stm32f4xx_hal.o ./Drivers/STM32F4xx_HAL_Driver/Src/stm32f4xx_hal.su ./Drivers/STM32F4xx_HAL_Driver/Src/stm32f4xx_hal_cortex.cyclo ./Drivers/STM32F4xx_HAL_Driver/Src/stm32f4xx_hal_cortex.d ./Drivers/STM32F4xx_HAL_Driver/Src/stm32f4xx_hal_cortex.o ./Drivers/STM32F4xx_HAL_Driver/Src/stm32f4xx_hal_cortex.su ./Drivers/STM32F4xx_HAL_Driver/Src/stm32f4xx_hal_dma.cyclo ./Drivers/STM32F4xx_HAL_Driver/Src/stm32f4xx_hal_dma.d ./Drivers/STM32F4xx_HAL_Driver/Src/stm32f4xx_hal_dma.o ./Drivers/STM32F4xx_HAL_Driver/Src/stm32f4xx_hal_dma.su ./Drivers/STM32F4xx_HAL_Driver/Src/stm32f4xx_hal_dma_ex.cyclo ./Drivers/STM32F4xx_HAL_Driver/Src/stm32f4xx_hal_dma_ex.d ./Drivers/STM32F4xx_HAL_Driver/Src/stm32f4xx_hal_dma_ex.o ./Drivers/STM32F4xx_HAL_Driver/Src/stm32f4xx_hal_dma_ex.su ./Drivers/STM32F4xx_HAL_Driver/Src/stm32f4xx_hal_exti.cyclo ./Drivers/STM32F4xx_HAL_Driver/Src/stm32f4xx_hal_exti.d ./Drivers/STM32F4xx_HAL_Driver/Src/stm32f4xx_hal_exti.o ./Drivers/STM32F4xx_HAL_Driver/Src/stm32f4xx_hal_exti.su ./Drivers/STM32F4xx_HAL_Driver/Src/stm32f4xx_hal_flash.cyclo ./Drivers/STM32F4xx_HAL_Driver/Src/stm32f4xx_hal_flash.d ./Drivers/STM32F4xx_HAL_Driver/Src/stm32f4xx_hal_flash.o ./Drivers/STM32F4xx_HAL_Driver/Src/stm32f4xx_hal_flash.su ./Drivers/STM32F4xx_HAL_Driver/Src/stm32f4xx_hal_flash_ex.cyclo ./Drivers/STM32F4xx_HAL_Driver/Src/stm32f4xx_hal_flash_ex.d ./Drivers/STM32F4xx_HAL_Driver/Src/stm32f4xx_hal_flash_ex.o ./Drivers/STM32F4xx_HAL_Driver/Src/stm32f4xx_hal_flash_ex.su ./Drivers/STM32F4xx_HAL_Driver/Src/stm32f4xx_hal_flash_ramfunc.cyclo ./Drivers/STM32F4xx_HAL_Driver/Src/stm32f4xx_hal_flash_ramfunc.d ./Drivers/STM32F4xx_HAL_Driver/Src/stm32f4xx_hal_flash_ramfunc.o ./Drivers/STM32F4xx_HAL_Driver/Src/stm32f4xx_hal_flash_ramfunc.su ./Drivers/STM32F4xx_HAL_Driver/Src/stm32f4xx_hal_gpio.cyclo ./Drivers/STM32F4xx_HAL_Driver/Src/stm32f4xx_hal_gpio.d ./Drivers/STM32F4xx_HAL_Driver/Src/stm32f4xx_hal_gpio.o ./Drivers/STM32F4xx_HAL_Driver/Src/stm32f4xx_hal_gpio.su ./Drivers/STM32F4xx_HAL_Driver/Src/stm32f4xx_hal_i2c.cyclo ./Drivers/STM32F4xx_HAL_Driver/Src/stm32f4xx_hal_i2c.d ./Drivers/STM32F4xx_HAL_Driver/Src/stm32f4xx_hal_i2c.o ./Drivers/STM32F4xx_HAL_Driver/Src/stm32f4xx_hal_i2c.su ./Drivers/STM32F4xx_HAL_Driver/Src/stm32f4xx_hal_i2c_ex.cyclo ./Drivers/STM32F4xx_HAL_Driver/Src/stm32f4xx_hal_i2c_ex.d ./Drivers/STM32F4xx_HAL_Driver/Src/stm32f4xx_hal_i2c_ex.o ./Drivers/STM32F4xx_HAL_Driver/Src/stm32f4xx_hal_i2c_ex.su ./Drivers/STM32F4xx_HAL_Driver/Src/stm32f4xx_hal_pwr.cyclo ./Drivers/STM32F4xx_HAL_Driver/Src/stm32f4xx_hal_pwr.d ./Drivers/STM32F4xx_HAL_Driver/Src/stm32f4xx_hal_pwr.o ./Drivers/STM32F4xx_HAL_Driver/Src/stm32f4xx_hal_pwr.su ./Drivers/STM32F4xx_HAL_Driver/Src/stm32f4xx_hal_pwr_ex.cyclo ./Drivers/STM32F4xx_HAL_Driver/Src/stm32f4xx_hal_pwr_ex.d ./Drivers/STM32F4xx_HAL_Driver/Src/stm32f4xx_hal_pwr_ex.o ./Drivers/STM32F4xx_HAL_Driver/Src/stm32f4xx_hal_pwr_ex.su ./Drivers/STM32F4xx_HAL_Driver/Src/stm32f4xx_hal_rcc.cyclo ./Drivers/STM32F4xx_HAL_Driver/Src/stm32f4xx_hal_rcc.d ./Drivers/STM32F4xx_HAL_Driver/Src/stm32f4xx_hal_rcc.o ./Drivers/STM32F4xx_HAL_Driver/Src/stm32f4xx_hal_rcc.su ./Drivers/STM32F4xx_HAL_Driver/Src/stm32f4xx_hal_rcc_ex.cyclo ./Drivers/STM32F4xx_HAL_Driver/Src/stm32f4xx_hal_rcc_ex.d ./Drivers/STM32F4xx_HAL_Driver/Src/stm32f4xx_hal_rcc_ex.o ./Drivers/STM32F4xx_HAL_Driver/Src/stm32f4xx_hal_rcc_ex.su ./Drivers/STM32F4xx_HAL_Driver/Src/stm32f4xx_hal_tim.cyclo ./Drivers/STM32F4xx_HAL_Driver/Src/stm32f4xx_hal_tim.d ./Drivers/STM32F4xx_HAL_Driver/Src/stm32f4xx_hal_tim.o ./Drivers/STM32F4xx_HAL_Driver/Src/stm32f4xx_hal_tim.su ./Drivers/STM32F4xx_HAL_Driver/Src/stm32f4xx_hal_tim_ex.cyclo ./Drivers/STM32F4xx_HAL_Driver/Src/stm32f4xx_hal_tim_ex.d ./Drivers/STM32F4xx_HAL_Driver/Src/stm32f4xx_hal_tim_ex.o ./Drivers/STM32F4xx_HAL_Driver/Src/stm32f4xx_hal_tim_ex.su ./Drivers/STM32F4xx_HAL_Driver/Src/stm32f4xx_hal_uart.cyclo ./Drivers/STM32F4xx_HAL_Driver/Src/stm32f4xx_hal_uart.d ./Drivers/STM32F4xx_HAL_Driver/Src/stm32f4xx_hal_uart.o ./Drivers/STM32F4xx_HAL_Driver/Src/stm32f4xx_hal_uart.su
rm -rf ./Core/Startup/startup_stm32f407vgtx.d ./Core/Startup/startup_stm32f407vgtx.o
rm -rf ./Core/Src/DeviceManager.cyclo ./Core/Src/DeviceManager.d ./Core/Src/DeviceManager.o ./Core/Src/DeviceManager.su ./Core/Src/ProtocolTask.cyclo ./Core/Src/ProtocolTask.d ./Core/Src/ProtocolTask.o ./Core/Src/ProtocolTask.su ./Core/Src/SlaveRegistry.cyclo ./Core/Src/SlaveRegistry.d ./Core/Src/SlaveRegistry.o ./Core/Src/SlaveRegistry.su ./Core/Src/button.cyclo ./Core/Src/button.d ./Core/Src/button.o ./Core/Src/button.su ./Core/Src/lcd_driver.cyclo ./Core/Src/lcd_driver.d ./Core/Src/lcd_driver.o ./Core/Src/lcd_driver.su ./Core/Src/lcd_ui.cyclo ./Core/Src/lcd_ui.d ./Core/Src/lcd_ui.o ./Core/Src/lcd_ui.su ./Core/Src/main.cyclo ./Core/Src/main.d ./Core/Src/main.o ./Core/Src/main.su ./Core/Src/rs485_driver.cyclo ./Core/Src/rs485_driver.d ./Core/Src/rs485_driver.o ./Core/Src/rs485_driver.su ./Core/Src/stm32f4xx_hal_msp.cyclo ./Core/Src/stm32f4xx_hal_msp.d ./Core/Src/stm32f4xx_hal_msp.o ./Core/Src/stm32f4xx_hal_msp.su ./Core/Src/stm32f4xx_hal_timebase_tim.cyclo ./Core/Src/stm32f4xx_hal_timebase_tim.d ./Core/Src/stm32f4xx_hal_timebase_tim.o ./Core/Src/stm32f4xx_hal_timebase_tim.su ./Core/Src/stm32f4xx_it.cyclo ./Core/Src/stm32f4xx_it.d ./Core/Src/stm32f4xx_it.o ./Core/Src/stm32f4xx_it.su ./Core/Src/syscalls.cyclo ./Core/Src/syscalls.d ./Core/Src/syscalls.o ./Core/Src/syscalls.su ./Core/Src/system_state.cyclo ./Core/Src/system_state.d ./Core/Src/system_state.o ./Core/Src/system_state.su ./Core/Src/system_stm32f4xx.cyclo ./Core/Src/system_stm32f4xx.d ./Core/Src/system_stm32f4xx.o ./Core/Src/system_stm32f4xx.su ./Core/Src/watchdog.cyclo ./Core/Src/watchdog.d ./Core/Src/watchdog.o ./Core/Src/watchdog.su
rm -rf Embedded\ base\ IOT\ gateway\ -\ Master.elf Embedded\ base\ IOT\ gateway\ -\ Master.list Embedded\ base\ IOT\ gateway\ -\ Master.map Embedded\\ base\\ IOT\\ gateway\\ -\\ Master.elf default.size.stdout
BusyBox v1.31.0.st_20240131-1810 (2024-02-01 16:25:15 UTC) multi-call binary

Usage: rm [-irf] FILE...

Remove (unlink) FILEs

	-i	Always prompt before removing
	-f	Never prompt
	-R,-r	Recurse
rm: unknown option -- \
make: [makefile:87: clean] Error 1 (ignored)
 
10:13:57 **** Build of configuration Debug for project Embedded base IOT gateway - Master ****
make -j16 all 
arm-none-eabi-gcc "../ThirdParty/SEGGER/SEGGER/Syscalls/SEGGER_RTT_Syscalls_GCC.c" -mcpu=cortex-m4 -std=gnu11 -g3 -DDEBUG -DUSE_HAL_DRIVER -DSTM32F407xx -c -I"C:/Users/LENOVO/Documents/1.Personal/11.Embedded Projects/1.Embedded base IOT gateway/2.Workspace/Embedded base IOT gateway - Master/ThirdParty/FreeRTOS/portable/GCC/ARM_CM4F" -I"C:/Users/LENOVO/Documents/1.Personal/11.Embedded Projects/1.Embedded base IOT gateway/2.Workspace/Embedded base IOT gateway - Master/ThirdParty/SEGGER/Config" -I"C:/Users/LENOVO/Documents/1.Personal/11.Embedded Projects/1.Embedded base IOT gateway/2.Workspace/Embedded base IOT gateway - Master/ThirdParty/SEGGER/OS" -I"C:/Users/LENOVO/Documents/1.Personal/11.Embedded Projects/1.Embedded base IOT gateway/2.Workspace/Embedded base IOT gateway - Master/ThirdParty/SEGGER/SEGGER" -I../Core/Inc -I"C:/Users/LENOVO/Documents/1.Personal/11.Embedded Projects/1.Embedded base IOT gateway/2.Workspace/Embedded base IOT gateway - Master/ThirdParty/FreeRTOS" -I"C:/Users/LENOVO/Documents/1.Personal/11.Embedded Projects/1.Embedded base IOT gateway/2.Workspace/Embedded base IOT gateway - Master/ThirdParty/FreeRTOS/include" -I../Drivers/STM32F4xx_HAL_Driver/Inc -I../Drivers/STM32F4xx_HAL_Driver/Inc/Legacy -I../Drivers/CMSIS/Device/ST/STM32F4xx/Include -I../Drivers/CMSIS/Include -O0 -ffunction-sections -fdata-sections -Wall -fstack-usage -fcyclomatic-complexity -MMD -MP -MF"ThirdParty/SEGGER/SEGGER/Syscalls/SEGGER_RTT_Syscalls_GCC.d" -MT"ThirdParty/SEGGER/SEGGER/Syscalls/SEGGER_RTT_Syscalls_GCC.o" --specs=nano.specs -mfpu=fpv4-sp-d16 -mfloat-abi=hard -mthumb -o "ThirdParty/SEGGER/SEGGER/Syscalls/SEGGER_RTT_Syscalls_GCC.o"
arm-none-eabi-gcc "../ThirdParty/SEGGER/SEGGER/SEGGER_RTT.c" -mcpu=cortex-m4 -std=gnu11 -g3 -DDEBUG -DUSE_HAL_DRIVER -DSTM32F407xx -c -I"C:/Users/LENOVO/Documents/1.Personal/11.Embedded Projects/1.Embedded base IOT gateway/2.Workspace/Embedded base IOT gateway - Master/ThirdParty/FreeRTOS/portable/GCC/ARM_CM4F" -I"C:/Users/LENOVO/Documents/1.Personal/11.Embedded Projects/1.Embedded base IOT gateway/2.Workspace/Embedded base IOT gateway - Master/ThirdParty/SEGGER/Config" -I"C:/Users/LENOVO/Documents/1.Personal/11.Embedded Projects/1.Embedded base IOT gateway/2.Workspace/Embedded base IOT gateway - Master/ThirdParty/SEGGER/OS" -I"C:/Users/LENOVO/Documents/1.Personal/11.Embedded Projects/1.Embedded base IOT gateway/2.Workspace/Embedded base IOT gateway - Master/ThirdParty/SEGGER/SEGGER" -I../Core/Inc -I"C:/Users/LENOVO/Documents/1.Personal/11.Embedded Projects/1.Embedded base IOT gateway/2.Workspace/Embedded base IOT gateway - Master/ThirdParty/FreeRTOS" -I"C:/Users/LENOVO/Documents/1.Personal/11.Embedded Projects/1.Embedded base IOT gateway/2.Workspace/Embedded base IOT gateway - Master/ThirdParty/FreeRTOS/include" -I../Drivers/STM32F4xx_HAL_Driver/Inc -I../Drivers/STM32F4xx_HAL_Driver/Inc/Legacy -I../Drivers/CMSIS/Device/ST/STM32F4xx/Include -I../Drivers/CMSIS/Include -O0 -ffunction-sections -fdata-sections -Wall -fstack-usage -fcyclomatic-complexity -MMD -MP -MF"ThirdParty/SEGGER/SEGGER/SEGGER_RTT.d" -MT"ThirdParty/SEGGER/SEGGER/SEGGER_RTT.o" --specs=nano.specs -mfpu=fpv4-sp-d16 -mfloat-abi=hard -mthumb -o "ThirdParty/SEGGER/SEGGER/SEGGER_RTT.o"
arm-none-eabi-gcc -mcpu=cortex-m4 -g3 -DDEBUG -c -I../Core/Inc -I"C:/Users/LENOVO/Documents/1.Personal/11.Embedded Projects/1.Embedded base IOT gateway/2.Workspace/Embedded base IOT gateway - Master/ThirdParty/SEGGER/Config" -I../Drivers/STM32F4xx_HAL_Driver/Inc -I../Drivers/STM32F4xx_HAL_Driver/Inc/Legacy -I../Middlewares/Third_Party/FreeRTOS/Source/include -I../Middlewares/Third_Party/FreeRTOS/Source/CMSIS_RTOS -I../Middlewares/Third_Party/FreeRTOS/Source/portable/GCC/ARM_CM4F -I../Drivers/CMSIS/Device/ST/STM32F4xx/Include -I../Drivers/CMSIS/Include -I../Middlewares/Third_Party/FreeRTOS/Source/CMSIS_RTOS_V2 -x assembler-with-cpp -MMD -MP -MF"ThirdParty/SEGGER/SEGGER/SEGGER_RTT_ASM_ARMv7M.d" -MT"ThirdParty/SEGGER/SEGGER/SEGGER_RTT_ASM_ARMv7M.o" --specs=nano.specs -mfpu=fpv4-sp-d16 -mfloat-abi=hard -mthumb -o "ThirdParty/SEGGER/SEGGER/SEGGER_RTT_ASM_ARMv7M.o" "../ThirdParty/SEGGER/SEGGER/SEGGER_RTT_ASM_ARMv7M.S"
arm-none-eabi-gcc "../ThirdParty/SEGGER/SEGGER/SEGGER_RTT_printf.c" -mcpu=cortex-m4 -std=gnu11 -g3 -DDEBUG -DUSE_HAL_DRIVER -DSTM32F407xx -c -I"C:/Users/LENOVO/Documents/1.Personal/11.Embedded Projects/1.Embedded base IOT gateway/2.Workspace/Embedded base IOT gateway - Master/ThirdParty/FreeRTOS/portable/GCC/ARM_CM4F" -I"C:/Users/LENOVO/Documents/1.Personal/11.Embedded Projects/1.Embedded base IOT gateway/2.Workspace/Embedded base IOT gateway - Master/ThirdParty/SEGGER/Config" -I"C:/Users/LENOVO/Documents/1.Personal/11.Embedded Projects/1.Embedded base IOT gateway/2.Workspace/Embedded base IOT gateway - Master/ThirdParty/SEGGER/OS" -I"C:/Users/LENOVO/Documents/1.Personal/11.Embedded Projects/1.Embedded base IOT gateway/2.Workspace/Embedded base IOT gateway - Master/ThirdParty/SEGGER/SEGGER" -I../Core/Inc -I"C:/Users/LENOVO/Documents/1.Personal/11.Embedded Projects/1.Embedded base IOT gateway/2.Workspace/Embedded base IOT gateway - Master/ThirdParty/FreeRTOS" -I"C:/Users/LENOVO/Documents/1.Personal/11.Embedded Projects/1.Embedded base IOT gateway/2.Workspace/Embedded base IOT gateway - Master/ThirdParty/FreeRTOS/include" -I../Drivers/STM32F4xx_HAL_Driver/Inc -I../Drivers/STM32F4xx_HAL_Driver/Inc/Legacy -I../Drivers/CMSIS/Device/ST/STM32F4xx/Include -I../Drivers/CMSIS/Include -O0 -ffunction-sections -fdata-sections -Wall -fstack-usage -fcyclomatic-complexity -MMD -MP -MF"ThirdParty/SEGGER/SEGGER/SEGGER_RTT_printf.d" -MT"ThirdParty/SEGGER/SEGGER/SEGGER_RTT_printf.o" --specs=nano.specs -mfpu=fpv4-sp-d16 -mfloat-abi=hard -mthumb -o "ThirdParty/SEGGER/SEGGER/SEGGER_RTT_printf.o"
arm-none-eabi-gcc "../ThirdParty/SEGGER/SEGGER/SEGGER_SYSVIEW.c" -mcpu=cortex-m4 -std=gnu11 -g3 -DDEBUG -DUSE_HAL_DRIVER -DSTM32F407xx -c -I"C:/Users/LENOVO/Documents/1.Personal/11.Embedded Projects/1.Embedded base IOT gateway/2.Workspace/Embedded base IOT gateway - Master/ThirdParty/FreeRTOS/portable/GCC/ARM_CM4F" -I"C:/Users/LENOVO/Documents/1.Personal/11.Embedded Projects/1.Embedded base IOT gateway/2.Workspace/Embedded base IOT gateway - Master/ThirdParty/SEGGER/Config" -I"C:/Users/LENOVO/Documents/1.Personal/11.Embedded Projects/1.Embedded base IOT gateway/2.Workspace/Embedded base IOT gateway - Master/ThirdParty/SEGGER/OS" -I"C:/Users/LENOVO/Documents/1.Personal/11.Embedded Projects/1.Embedded base IOT gateway/2.Workspace/Embedded base IOT gateway - Master/ThirdParty/SEGGER/SEGGER" -I../Core/Inc -I"C:/Users/LENOVO/Documents/1.Personal/11.Embedded Projects/1.Embedded base IOT gateway/2.Workspace/Embedded base IOT gateway - Master/ThirdParty/FreeRTOS" -I"C:/Users/LENOVO/Documents/1.Personal/11.Embedded Projects/1.Embedded base IOT gateway/2.Workspace/Embedded base IOT gateway - Master/ThirdParty/FreeRTOS/include" -I../Drivers/STM32F4xx_HAL_Driver/Inc -I../Drivers/STM32F4xx_HAL_Driver/Inc/Legacy -I../Drivers/CMSIS/Device/ST/STM32F4xx/Include -I../Drivers/CMSIS/Include -O0 -ffunction-sections -fdata-sections -Wall -fstack-usage -fcyclomatic-complexity -MMD -MP -MF"ThirdParty/SEGGER/SEGGER/SEGGER_SYSVIEW.d" -MT"ThirdParty/SEGGER/SEGGER/SEGGER_SYSVIEW.o" --specs=nano.specs -mfpu=fpv4-sp-d16 -mfloat-abi=hard -mthumb -o "ThirdParty/SEGGER/SEGGER/SEGGER_SYSVIEW.o"
arm-none-eabi-gcc "../ThirdParty/SEGGER/OS/SEGGER_SYSVIEW_FreeRTOS.c" -mcpu=cortex-m4 -std=gnu11 -g3 -DDEBUG -DUSE_HAL_DRIVER -DSTM32F407xx -c -I"C:/Users/LENOVO/Documents/1.Personal/11.Embedded Projects/1.Embedded base IOT gateway/2.Workspace/Embedded base IOT gateway - Master/ThirdParty/FreeRTOS/portable/GCC/ARM_CM4F" -I"C:/Users/LENOVO/Documents/1.Personal/11.Embedded Projects/1.Embedded base IOT gateway/2.Workspace/Embedded base IOT gateway - Master/ThirdParty/SEGGER/Config" -I"C:/Users/LENOVO/Documents/1.Personal/11.Embedded Projects/1.Embedded base IOT gateway/2.Workspace/Embedded base IOT gateway - Master/ThirdParty/SEGGER/OS" -I"C:/Users/LENOVO/Documents/1.Personal/11.Embedded Projects/1.Embedded base IOT gateway/2.Workspace/Embedded base IOT gateway - Master/ThirdParty/SEGGER/SEGGER" -I../Core/Inc -I"C:/Users/LENOVO/Documents/1.Personal/11.Embedded Projects/1.Embedded base IOT gateway/2.Workspace/Embedded base IOT gateway - Master/ThirdParty/FreeRTOS" -I"C:/Users/LENOVO/Documents/1.Personal/11.Embedded Projects/1.Embedded base IOT gateway/2.Workspace/Embedded base IOT gateway - Master/ThirdParty/FreeRTOS/include" -I../Drivers/STM32F4xx_HAL_Driver/Inc -I../Drivers/STM32F4xx_HAL_Driver/Inc/Legacy -I../Drivers/CMSIS/Device/ST/STM32F4xx/Include -I../Drivers/CMSIS/Include -O0 -ffunction-sections -fdata-sections -Wall -fstack-usage -fcyclomatic-complexity -MMD -MP -MF"ThirdParty/SEGGER/OS/SEGGER_SYSVIEW_FreeRTOS.d" -MT"ThirdParty/SEGGER/OS/SEGGER_SYSVIEW_FreeRTOS.o" --specs=nano.specs -mfpu=fpv4-sp-d16 -mfloat-abi=hard -mthumb -o "ThirdParty/SEGGER/OS/SEGGER_SYSVIEW_FreeRTOS.o"
arm-none-eabi-gcc "../ThirdParty/SEGGER/Config/SEGGER_SYSVIEW_Config_FreeRTOS.c" -mcpu=cortex-m4 -std=gnu11 -g3 -DDEBUG -DUSE_HAL_DRIVER -DSTM32F407xx -c -I"C:/Users/LENOVO/Documents/1.Personal/11.Embedded Projects/1.Embedded base IOT gateway/2.Workspace/Embedded base IOT gateway - Master/ThirdParty/FreeRTOS/portable/GCC/ARM_CM4F" -I"C:/Users/LENOVO/Documents/1.Personal/11.Embedded Projects/1.Embedded base IOT gateway/2.Workspace/Embedded base IOT gateway - Master/ThirdParty/SEGGER/Config" -I"C:/Users/LENOVO/Documents/1.Personal/11.Embedded Projects/1.Embedded base IOT gateway/2.Workspace/Embedded base IOT gateway - Master/ThirdParty/SEGGER/OS" -I"C:/Users/LENOVO/Documents/1.Personal/11.Embedded Projects/1.Embedded base IOT gateway/2.Workspace/Embedded base IOT gateway - Master/ThirdParty/SEGGER/SEGGER" -I../Core/Inc -I"C:/Users/LENOVO/Documents/1.Personal/11.Embedded Projects/1.Embedded base IOT gateway/2.Workspace/Embedded base IOT gateway - Master/ThirdParty/FreeRTOS" -I"C:/Users/LENOVO/Documents/1.Personal/11.Embedded Projects/1.Embedded base IOT gateway/2.Workspace/Embedded base IOT gateway - Master/ThirdParty/FreeRTOS/include" -I../Drivers/STM32F4xx_HAL_Driver/Inc -I../Drivers/STM32F4xx_HAL_Driver/Inc/Legacy -I../Drivers/CMSIS/Device/ST/STM32F4xx/Include -I../Drivers/CMSIS/Include -O0 -ffunction-sections -fdata-sections -Wall -fstack-usage -fcyclomatic-complexity -MMD -MP -MF"ThirdParty/SEGGER/Config/SEGGER_SYSVIEW_Config_FreeRTOS.d" -MT"ThirdParty/SEGGER/Config/SEGGER_SYSVIEW_Config_FreeRTOS.o" --specs=nano.specs -mfpu=fpv4-sp-d16 -mfloat-abi=hard -mthumb -o "ThirdParty/SEGGER/Config/SEGGER_SYSVIEW_Config_FreeRTOS.o"
arm-none-eabi-gcc "../ThirdParty/FreeRTOS/portable/MemMang/heap_4.c" -mcpu=cortex-m4 -std=gnu11 -g3 -DDEBUG -DUSE_HAL_DRIVER -DSTM32F407xx -c -I"C:/Users/LENOVO/Documents/1.Personal/11.Embedded Projects/1.Embedded base IOT gateway/2.Workspace/Embedded base IOT gateway - Master/ThirdParty/FreeRTOS/portable/GCC/ARM_CM4F" -I"C:/Users/LENOVO/Documents/1.Personal/11.Embedded Projects/1.Embedded base IOT gateway/2.Workspace/Embedded base IOT gateway - Master/ThirdParty/SEGGER/Config" -I"C:/Users/LENOVO/Documents/1.Personal/11.Embedded Projects/1.Embedded base IOT gateway/2.Workspace/Embedded base IOT gateway - Master/ThirdParty/SEGGER/OS" -I"C:/Users/LENOVO/Documents/1.Personal/11.Embedded Projects/1.Embedded base IOT gateway/2.Workspace/Embedded base IOT gateway - Master/ThirdParty/SEGGER/SEGGER" -I../Core/Inc -I"C:/Users/LENOVO/Documents/1.Personal/11.Embedded Projects/1.Embedded base IOT gateway/2.Workspace/Embedded base IOT gateway - Master/ThirdParty/FreeRTOS" -I"C:/Users/LENOVO/Documents/1.Personal/11.Embedded Projects/1.Embedded base IOT gateway/2.Workspace/Embedded base IOT gateway - Master/ThirdParty/FreeRTOS/include" -I../Drivers/STM32F4xx_HAL_Driver/Inc -I../Drivers/STM32F4xx_HAL_Driver/Inc/Legacy -I../Drivers/CMSIS/Device/ST/STM32F4xx/Include -I../Drivers/CMSIS/Include -O0 -ffunction-sections -fdata-sections -Wall -fstack-usage -fcyclomatic-complexity -MMD -MP -MF"ThirdParty/FreeRTOS/portable/MemMang/heap_4.d" -MT"ThirdParty/FreeRTOS/portable/MemMang/heap_4.o" --specs=nano.specs -mfpu=fpv4-sp-d16 -mfloat-abi=hard -mthumb -o "ThirdParty/FreeRTOS/portable/MemMang/heap_4.o"
arm-none-eabi-gcc "../ThirdParty/FreeRTOS/portable/GCC/ARM_CM4F/port.c" -mcpu=cortex-m4 -std=gnu11 -g3 -DDEBUG -DUSE_HAL_DRIVER -DSTM32F407xx -c -I"C:/Users/LENOVO/Documents/1.Personal/11.Embedded Projects/1.Embedded base IOT gateway/2.Workspace/Embedded base IOT gateway - Master/ThirdParty/FreeRTOS/portable/GCC/ARM_CM4F" -I"C:/Users/LENOVO/Documents/1.Personal/11.Embedded Projects/1.Embedded base IOT gateway/2.Workspace/Embedded base IOT gateway - Master/ThirdParty/SEGGER/Config" -I"C:/Users/LENOVO/Documents/1.Personal/11.Embedded Projects/1.Embedded base IOT gateway/2.Workspace/Embedded base IOT gateway - Master/ThirdParty/SEGGER/OS" -I"C:/Users/LENOVO/Documents/1.Personal/11.Embedded Projects/1.Embedded base IOT gateway/2.Workspace/Embedded base IOT gateway - Master/ThirdParty/SEGGER/SEGGER" -I../Core/Inc -I"C:/Users/LENOVO/Documents/1.Personal/11.Embedded Projects/1.Embedded base IOT gateway/2.Workspace/Embedded base IOT gateway - Master/ThirdParty/FreeRTOS" -I"C:/Users/LENOVO/Documents/1.Personal/11.Embedded Projects/1.Embedded base IOT gateway/2.Workspace/Embedded base IOT gateway - Master/ThirdParty/FreeRTOS/include" -I../Drivers/STM32F4xx_HAL_Driver/Inc -I../Drivers/STM32F4xx_HAL_Driver/Inc/Legacy -I../Drivers/CMSIS/Device/ST/STM32F4xx/Include -I../Drivers/CMSIS/Include -O0 -ffunction-sections -fdata-sections -Wall -fstack-usage -fcyclomatic-complexity -MMD -MP -MF"ThirdParty/FreeRTOS/portable/GCC/ARM_CM4F/port.d" -MT"ThirdParty/FreeRTOS/portable/GCC/ARM_CM4F/port.o" --specs=nano.specs -mfpu=fpv4-sp-d16 -mfloat-abi=hard -mthumb -o "ThirdParty/FreeRTOS/portable/GCC/ARM_CM4F/port.o"
arm-none-eabi-gcc "../ThirdParty/FreeRTOS/croutine.c" -mcpu=cortex-m4 -std=gnu11 -g3 -DDEBUG -DUSE_HAL_DRIVER -DSTM32F407xx -c -I"C:/Users/LENOVO/Documents/1.Personal/11.Embedded Projects/1.Embedded base IOT gateway/2.Workspace/Embedded base IOT gateway - Master/ThirdParty/FreeRTOS/portable/GCC/ARM_CM4F" -I"C:/Users/LENOVO/Documents/1.Personal/11.Embedded Projects/1.Embedded base IOT gateway/2.Workspace/Embedded base IOT gateway - Master/ThirdParty/SEGGER/Config" -I"C:/Users/LENOVO/Documents/1.Personal/11.Embedded Projects/1.Embedded base IOT gateway/2.Workspace/Embedded base IOT gateway - Master/ThirdParty/SEGGER/OS" -I"C:/Users/LENOVO/Documents/1.Personal/11.Embedded Projects/1.Embedded base IOT gateway/2.Workspace/Embedded base IOT gateway - Master/ThirdParty/SEGGER/SEGGER" -I../Core/Inc -I"C:/Users/LENOVO/Documents/1.Personal/11.Embedded Projects/1.Embedded base IOT gateway/2.Workspace/Embedded base IOT gateway - Master/ThirdParty/FreeRTOS" -I"C:/Users/LENOVO/Documents/1.Personal/11.Embedded Projects/1.Embedded base IOT gateway/2.Workspace/Embedded base IOT gateway - Master/ThirdParty/FreeRTOS/include" -I../Drivers/STM32F4xx_HAL_Driver/Inc -I../Drivers/STM32F4xx_HAL_Driver/Inc/Legacy -I../Drivers/CMSIS/Device/ST/STM32F4xx/Include -I../Drivers/CMSIS/Include -O0 -ffunction-sections -fdata-sections -Wall -fstack-usage -fcyclomatic-complexity -MMD -MP -MF"ThirdParty/FreeRTOS/croutine.d" -MT"ThirdParty/FreeRTOS/croutine.o" --specs=nano.specs -mfpu=fpv4-sp-d16 -mfloat-abi=hard -mthumb -o "ThirdParty/FreeRTOS/croutine.o"
arm-none-eabi-gcc "../ThirdParty/FreeRTOS/event_groups.c" -mcpu=cortex-m4 -std=gnu11 -g3 -DDEBUG -DUSE_HAL_DRIVER -DSTM32F407xx -c -I"C:/Users/LENOVO/Documents/1.Personal/11.Embedded Projects/1.Embedded base IOT gateway/2.Workspace/Embedded base IOT gateway - Master/ThirdParty/FreeRTOS/portable/GCC/ARM_CM4F" -I"C:/Users/LENOVO/Documents/1.Personal/11.Embedded Projects/1.Embedded base IOT gateway/2.Workspace/Embedded base IOT gateway - Master/ThirdParty/SEGGER/Config" -I"C:/Users/LENOVO/Documents/1.Personal/11.Embedded Projects/1.Embedded base IOT gateway/2.Workspace/Embedded base IOT gateway - Master/ThirdParty/SEGGER/OS" -I"C:/Users/LENOVO/Documents/1.Personal/11.Embedded Projects/1.Embedded base IOT gateway/2.Workspace/Embedded base IOT gateway - Master/ThirdParty/SEGGER/SEGGER" -I../Core/Inc -I"C:/Users/LENOVO/Documents/1.Personal/11.Embedded Projects/1.Embedded base IOT gateway/2.Workspace/Embedded base IOT gateway - Master/ThirdParty/FreeRTOS" -I"C:/Users/LENOVO/Documents/1.Personal/11.Embedded Projects/1.Embedded base IOT gateway/2.Workspace/Embedded base IOT gateway - Master/ThirdParty/FreeRTOS/include" -I../Drivers/STM32F4xx_HAL_Driver/Inc -I../Drivers/STM32F4xx_HAL_Driver/Inc/Legacy -I../Drivers/CMSIS/Device/ST/STM32F4xx/Include -I../Drivers/CMSIS/Include -O0 -ffunction-sections -fdata-sections -Wall -fstack-usage -fcyclomatic-complexity -MMD -MP -MF"ThirdParty/FreeRTOS/event_groups.d" -MT"ThirdParty/FreeRTOS/event_groups.o" --specs=nano.specs -mfpu=fpv4-sp-d16 -mfloat-abi=hard -mthumb -o "ThirdParty/FreeRTOS/event_groups.o"
arm-none-eabi-gcc "../ThirdParty/FreeRTOS/list.c" -mcpu=cortex-m4 -std=gnu11 -g3 -DDEBUG -DUSE_HAL_DRIVER -DSTM32F407xx -c -I"C:/Users/LENOVO/Documents/1.Personal/11.Embedded Projects/1.Embedded base IOT gateway/2.Workspace/Embedded base IOT gateway - Master/ThirdParty/FreeRTOS/portable/GCC/ARM_CM4F" -I"C:/Users/LENOVO/Documents/1.Personal/11.Embedded Projects/1.Embedded base IOT gateway/2.Workspace/Embedded base IOT gateway - Master/ThirdParty/SEGGER/Config" -I"C:/Users/LENOVO/Documents/1.Personal/11.Embedded Projects/1.Embedded base IOT gateway/2.Workspace/Embedded base IOT gateway - Master/ThirdParty/SEGGER/OS" -I"C:/Users/LENOVO/Documents/1.Personal/11.Embedded Projects/1.Embedded base IOT gateway/2.Workspace/Embedded base IOT gateway - Master/ThirdParty/SEGGER/SEGGER" -I../Core/Inc -I"C:/Users/LENOVO/Documents/1.Personal/11.Embedded Projects/1.Embedded base IOT gateway/2.Workspace/Embedded base IOT gateway - Master/ThirdParty/FreeRTOS" -I"C:/Users/LENOVO/Documents/1.Personal/11.Embedded Projects/1.Embedded base IOT gateway/2.Workspace/Embedded base IOT gateway - Master/ThirdParty/FreeRTOS/include" -I../Drivers/STM32F4xx_HAL_Driver/Inc -I../Drivers/STM32F4xx_HAL_Driver/Inc/Legacy -I../Drivers/CMSIS/Device/ST/STM32F4xx/Include -I../Drivers/CMSIS/Include -O0 -ffunction-sections -fdata-sections -Wall -fstack-usage -fcyclomatic-complexity -MMD -MP -MF"ThirdParty/FreeRTOS/list.d" -MT"ThirdParty/FreeRTOS/list.o" --specs=nano.specs -mfpu=fpv4-sp-d16 -mfloat-abi=hard -mthumb -o "ThirdParty/FreeRTOS/list.o"
arm-none-eabi-gcc "../ThirdParty/FreeRTOS/queue.c" -mcpu=cortex-m4 -std=gnu11 -g3 -DDEBUG -DUSE_HAL_DRIVER -DSTM32F407xx -c -I"C:/Users/LENOVO/Documents/1.Personal/11.Embedded Projects/1.Embedded base IOT gateway/2.Workspace/Embedded base IOT gateway - Master/ThirdParty/FreeRTOS/portable/GCC/ARM_CM4F" -I"C:/Users/LENOVO/Documents/1.Personal/11.Embedded Projects/1.Embedded base IOT gateway/2.Workspace/Embedded base IOT gateway - Master/ThirdParty/SEGGER/Config" -I"C:/Users/LENOVO/Documents/1.Personal/11.Embedded Projects/1.Embedded base IOT gateway/2.Workspace/Embedded base IOT gateway - Master/ThirdParty/SEGGER/OS" -I"C:/Users/LENOVO/Documents/1.Personal/11.Embedded Projects/1.Embedded base IOT gateway/2.Workspace/Embedded base IOT gateway - Master/ThirdParty/SEGGER/SEGGER" -I../Core/Inc -I"C:/Users/LENOVO/Documents/1.Personal/11.Embedded Projects/1.Embedded base IOT gateway/2.Workspace/Embedded base IOT gateway - Master/ThirdParty/FreeRTOS" -I"C:/Users/LENOVO/Documents/1.Personal/11.Embedded Projects/1.Embedded base IOT gateway/2.Workspace/Embedded base IOT gateway - Master/ThirdParty/FreeRTOS/include" -I../Drivers/STM32F4xx_HAL_Driver/Inc -I../Drivers/STM32F4xx_HAL_Driver/Inc/Legacy -I../Drivers/CMSIS/Device/ST/STM32F4xx/Include -I../Drivers/CMSIS/Include -O0 -ffunction-sections -fdata-sections -Wall -fstack-usage -fcyclomatic-complexity -MMD -MP -MF"ThirdParty/FreeRTOS/queue.d" -MT"ThirdParty/FreeRTOS/queue.o" --specs=nano.specs -mfpu=fpv4-sp-d16 -mfloat-abi=hard -mthumb -o "ThirdParty/FreeRTOS/queue.o"
arm-none-eabi-gcc "../ThirdParty/FreeRTOS/stream_buffer.c" -mcpu=cortex-m4 -std=gnu11 -g3 -DDEBUG -DUSE_HAL_DRIVER -DSTM32F407xx -c -I"C:/Users/LENOVO/Documents/1.Personal/11.Embedded Projects/1.Embedded base IOT gateway/2.Workspace/Embedded base IOT gateway - Master/ThirdParty/FreeRTOS/portable/GCC/ARM_CM4F" -I"C:/Users/LENOVO/Documents/1.Personal/11.Embedded Projects/1.Embedded base IOT gateway/2.Workspace/Embedded base IOT gateway - Master/ThirdParty/SEGGER/Config" -I"C:/Users/LENOVO/Documents/1.Personal/11.Embedded Projects/1.Embedded base IOT gateway/2.Workspace/Embedded base IOT gateway - Master/ThirdParty/SEGGER/OS" -I"C:/Users/LENOVO/Documents/1.Personal/11.Embedded Projects/1.Embedded base IOT gateway/2.Workspace/Embedded base IOT gateway - Master/ThirdParty/SEGGER/SEGGER" -I../Core/Inc -I"C:/Users/LENOVO/Documents/1.Personal/11.Embedded Projects/1.Embedded base IOT gateway/2.Workspace/Embedded base IOT gateway - Master/ThirdParty/FreeRTOS" -I"C:/Users/LENOVO/Documents/1.Personal/11.Embedded Projects/1.Embedded base IOT gateway/2.Workspace/Embedded base IOT gateway - Master/ThirdParty/FreeRTOS/include" -I../Drivers/STM32F4xx_HAL_Driver/Inc -I../Drivers/STM32F4xx_HAL_Driver/Inc/Legacy -I../Drivers/CMSIS/Device/ST/STM32F4xx/Include -I../Drivers/CMSIS/Include -O0 -ffunction-sections -fdata-sections -Wall -fstack-usage -fcyclomatic-complexity -MMD -MP -MF"ThirdParty/FreeRTOS/stream_buffer.d" -MT"ThirdParty/FreeRTOS/stream_buffer.o" --specs=nano.specs -mfpu=fpv4-sp-d16 -mfloat-abi=hard -mthumb -o "ThirdParty/FreeRTOS/stream_buffer.o"
arm-none-eabi-gcc "../ThirdParty/FreeRTOS/tasks.c" -mcpu=cortex-m4 -std=gnu11 -g3 -DDEBUG -DUSE_HAL_DRIVER -DSTM32F407xx -c -I"C:/Users/LENOVO/Documents/1.Personal/11.Embedded Projects/1.Embedded base IOT gateway/2.Workspace/Embedded base IOT gateway - Master/ThirdParty/FreeRTOS/portable/GCC/ARM_CM4F" -I"C:/Users/LENOVO/Documents/1.Personal/11.Embedded Projects/1.Embedded base IOT gateway/2.Workspace/Embedded base IOT gateway - Master/ThirdParty/SEGGER/Config" -I"C:/Users/LENOVO/Documents/1.Personal/11.Embedded Projects/1.Embedded base IOT gateway/2.Workspace/Embedded base IOT gateway - Master/ThirdParty/SEGGER/OS" -I"C:/Users/LENOVO/Documents/1.Personal/11.Embedded Projects/1.Embedded base IOT gateway/2.Workspace/Embedded base IOT gateway - Master/ThirdParty/SEGGER/SEGGER" -I../Core/Inc -I"C:/Users/LENOVO/Documents/1.Personal/11.Embedded Projects/1.Embedded base IOT gateway/2.Workspace/Embedded base IOT gateway - Master/ThirdParty/FreeRTOS" -I"C:/Users/LENOVO/Documents/1.Personal/11.Embedded Projects/1.Embedded base IOT gateway/2.Workspace/Embedded base IOT gateway - Master/ThirdParty/FreeRTOS/include" -I../Drivers/STM32F4xx_HAL_Driver/Inc -I../Drivers/STM32F4xx_HAL_Driver/Inc/Legacy -I../Drivers/CMSIS/Device/ST/STM32F4xx/Include -I../Drivers/CMSIS/Include -O0 -ffunction-sections -fdata-sections -Wall -fstack-usage -fcyclomatic-complexity -MMD -MP -MF"ThirdParty/FreeRTOS/tasks.d" -MT"ThirdParty/FreeRTOS/tasks.o" --specs=nano.specs -mfpu=fpv4-sp-d16 -mfloat-abi=hard -mthumb -o "ThirdParty/FreeRTOS/tasks.o"
arm-none-eabi-gcc "../ThirdParty/FreeRTOS/timers.c" -mcpu=cortex-m4 -std=gnu11 -g3 -DDEBUG -DUSE_HAL_DRIVER -DSTM32F407xx -c -I"C:/Users/LENOVO/Documents/1.Personal/11.Embedded Projects/1.Embedded base IOT gateway/2.Workspace/Embedded base IOT gateway - Master/ThirdParty/FreeRTOS/portable/GCC/ARM_CM4F" -I"C:/Users/LENOVO/Documents/1.Personal/11.Embedded Projects/1.Embedded base IOT gateway/2.Workspace/Embedded base IOT gateway - Master/ThirdParty/SEGGER/Config" -I"C:/Users/LENOVO/Documents/1.Personal/11.Embedded Projects/1.Embedded base IOT gateway/2.Workspace/Embedded base IOT gateway - Master/ThirdParty/SEGGER/OS" -I"C:/Users/LENOVO/Documents/1.Personal/11.Embedded Projects/1.Embedded base IOT gateway/2.Workspace/Embedded base IOT gateway - Master/ThirdParty/SEGGER/SEGGER" -I../Core/Inc -I"C:/Users/LENOVO/Documents/1.Personal/11.Embedded Projects/1.Embedded base IOT gateway/2.Workspace/Embedded base IOT gateway - Master/ThirdParty/FreeRTOS" -I"C:/Users/LENOVO/Documents/1.Personal/11.Embedded Projects/1.Embedded base IOT gateway/2.Workspace/Embedded base IOT gateway - Master/ThirdParty/FreeRTOS/include" -I../Drivers/STM32F4xx_HAL_Driver/Inc -I../Drivers/STM32F4xx_HAL_Driver/Inc/Legacy -I../Drivers/CMSIS/Device/ST/STM32F4xx/Include -I../Drivers/CMSIS/Include -O0 -ffunction-sections -fdata-sections -Wall -fstack-usage -fcyclomatic-complexity -MMD -MP -MF"ThirdParty/FreeRTOS/timers.d" -MT"ThirdParty/FreeRTOS/timers.o" --specs=nano.specs -mfpu=fpv4-sp-d16 -mfloat-abi=hard -mthumb -o "ThirdParty/FreeRTOS/timers.o"
arm-none-eabi-gcc "../Drivers/STM32F4xx_HAL_Driver/Src/stm32f4xx_hal.c" -mcpu=cortex-m4 -std=gnu11 -g3 -DDEBUG -DUSE_HAL_DRIVER -DSTM32F407xx -c -I"C:/Users/LENOVO/Documents/1.Personal/11.Embedded Projects/1.Embedded base IOT gateway/2.Workspace/Embedded base IOT gateway - Master/ThirdParty/FreeRTOS/portable/GCC/ARM_CM4F" -I"C:/Users/LENOVO/Documents/1.Personal/11.Embedded Projects/1.Embedded base IOT gateway/2.Workspace/Embedded base IOT gateway - Master/ThirdParty/SEGGER/Config" -I"C:/Users/LENOVO/Documents/1.Personal/11.Embedded Projects/1.Embedded base IOT gateway/2.Workspace/Embedded base IOT gateway - Master/ThirdParty/SEGGER/OS" -I"C:/Users/LENOVO/Documents/1.Personal/11.Embedded Projects/1.Embedded base IOT gateway/2.Workspace/Embedded base IOT gateway - Master/ThirdParty/SEGGER/SEGGER" -I../Core/Inc -I"C:/Users/LENOVO/Documents/1.Personal/11.Embedded Projects/1.Embedded base IOT gateway/2.Workspace/Embedded base IOT gateway - Master/ThirdParty/FreeRTOS" -I"C:/Users/LENOVO/Documents/1.Personal/11.Embedded Projects/1.Embedded base IOT gateway/2.Workspace/Embedded base IOT gateway - Master/ThirdParty/FreeRTOS/include" -I../Drivers/STM32F4xx_HAL_Driver/Inc -I../Drivers/STM32F4xx_HAL_Driver/Inc/Legacy -I../Drivers/CMSIS/Device/ST/STM32F4xx/Include -I../Drivers/CMSIS/Include -O0 -ffunction-sections -fdata-sections -Wall -fstack-usage -fcyclomatic-complexity -MMD -MP -MF"Drivers/STM32F4xx_HAL_Driver/Src/stm32f4xx_hal.d" -MT"Drivers/STM32F4xx_HAL_Driver/Src/stm32f4xx_hal.o" --specs=nano.specs -mfpu=fpv4-sp-d16 -mfloat-abi=hard -mthumb -o "Drivers/STM32F4xx_HAL_Driver/Src/stm32f4xx_hal.o"
arm-none-eabi-gcc "../Drivers/STM32F4xx_HAL_Driver/Src/stm32f4xx_hal_cortex.c" -mcpu=cortex-m4 -std=gnu11 -g3 -DDEBUG -DUSE_HAL_DRIVER -DSTM32F407xx -c -I"C:/Users/LENOVO/Documents/1.Personal/11.Embedded Projects/1.Embedded base IOT gateway/2.Workspace/Embedded base IOT gateway - Master/ThirdParty/FreeRTOS/portable/GCC/ARM_CM4F" -I"C:/Users/LENOVO/Documents/1.Personal/11.Embedded Projects/1.Embedded base IOT gateway/2.Workspace/Embedded base IOT gateway - Master/ThirdParty/SEGGER/Config" -I"C:/Users/LENOVO/Documents/1.Personal/11.Embedded Projects/1.Embedded base IOT gateway/2.Workspace/Embedded base IOT gateway - Master/ThirdParty/SEGGER/OS" -I"C:/Users/LENOVO/Documents/1.Personal/11.Embedded Projects/1.Embedded base IOT gateway/2.Workspace/Embedded base IOT gateway - Master/ThirdParty/SEGGER/SEGGER" -I../Core/Inc -I"C:/Users/LENOVO/Documents/1.Personal/11.Embedded Projects/1.Embedded base IOT gateway/2.Workspace/Embedded base IOT gateway - Master/ThirdParty/FreeRTOS" -I"C:/Users/LENOVO/Documents/1.Personal/11.Embedded Projects/1.Embedded base IOT gateway/2.Workspace/Embedded base IOT gateway - Master/ThirdParty/FreeRTOS/include" -I../Drivers/STM32F4xx_HAL_Driver/Inc -I../Drivers/STM32F4xx_HAL_Driver/Inc/Legacy -I../Drivers/CMSIS/Device/ST/STM32F4xx/Include -I../Drivers/CMSIS/Include -O0 -ffunction-sections -fdata-sections -Wall -fstack-usage -fcyclomatic-complexity -MMD -MP -MF"Drivers/STM32F4xx_HAL_Driver/Src/stm32f4xx_hal_cortex.d" -MT"Drivers/STM32F4xx_HAL_Driver/Src/stm32f4xx_hal_cortex.o" --specs=nano.specs -mfpu=fpv4-sp-d16 -mfloat-abi=hard -mthumb -o "Drivers/STM32F4xx_HAL_Driver/Src/stm32f4xx_hal_cortex.o"
arm-none-eabi-gcc "../Drivers/STM32F4xx_HAL_Driver/Src/stm32f4xx_hal_dma.c" -mcpu=cortex-m4 -std=gnu11 -g3 -DDEBUG -DUSE_HAL_DRIVER -DSTM32F407xx -c -I"C:/Users/LENOVO/Documents/1.Personal/11.Embedded Projects/1.Embedded base IOT gateway/2.Workspace/Embedded base IOT gateway - Master/ThirdParty/FreeRTOS/portable/GCC/ARM_CM4F" -I"C:/Users/LENOVO/Documents/1.Personal/11.Embedded Projects/1.Embedded base IOT gateway/2.Workspace/Embedded base IOT gateway - Master/ThirdParty/SEGGER/Config" -I"C:/Users/LENOVO/Documents/1.Personal/11.Embedded Projects/1.Embedded base IOT gateway/2.Workspace/Embedded base IOT gateway - Master/ThirdParty/SEGGER/OS" -I"C:/Users/LENOVO/Documents/1.Personal/11.Embedded Projects/1.Embedded base IOT gateway/2.Workspace/Embedded base IOT gateway - Master/ThirdParty/SEGGER/SEGGER" -I../Core/Inc -I"C:/Users/LENOVO/Documents/1.Personal/11.Embedded Projects/1.Embedded base IOT gateway/2.Workspace/Embedded base IOT gateway - Master/ThirdParty/FreeRTOS" -I"C:/Users/LENOVO/Documents/1.Personal/11.Embedded Projects/1.Embedded base IOT gateway/2.Workspace/Embedded base IOT gateway - Master/ThirdParty/FreeRTOS/include" -I../Drivers/STM32F4xx_HAL_Driver/Inc -I../Drivers/STM32F4xx_HAL_Driver/Inc/Legacy -I../Drivers/CMSIS/Device/ST/STM32F4xx/Include -I../Drivers/CMSIS/Include -O0 -ffunction-sections -fdata-sections -Wall -fstack-usage -fcyclomatic-complexity -MMD -MP -MF"Drivers/STM32F4xx_HAL_Driver/Src/stm32f4xx_hal_dma.d" -MT"Drivers/STM32F4xx_HAL_Driver/Src/stm32f4xx_hal_dma.o" --specs=nano.specs -mfpu=fpv4-sp-d16 -mfloat-abi=hard -mthumb -o "Drivers/STM32F4xx_HAL_Driver/Src/stm32f4xx_hal_dma.o"
arm-none-eabi-gcc "../Drivers/STM32F4xx_HAL_Driver/Src/stm32f4xx_hal_dma_ex.c" -mcpu=cortex-m4 -std=gnu11 -g3 -DDEBUG -DUSE_HAL_DRIVER -DSTM32F407xx -c -I"C:/Users/LENOVO/Documents/1.Personal/11.Embedded Projects/1.Embedded base IOT gateway/2.Workspace/Embedded base IOT gateway - Master/ThirdParty/FreeRTOS/portable/GCC/ARM_CM4F" -I"C:/Users/LENOVO/Documents/1.Personal/11.Embedded Projects/1.Embedded base IOT gateway/2.Workspace/Embedded base IOT gateway - Master/ThirdParty/SEGGER/Config" -I"C:/Users/LENOVO/Documents/1.Personal/11.Embedded Projects/1.Embedded base IOT gateway/2.Workspace/Embedded base IOT gateway - Master/ThirdParty/SEGGER/OS" -I"C:/Users/LENOVO/Documents/1.Personal/11.Embedded Projects/1.Embedded base IOT gateway/2.Workspace/Embedded base IOT gateway - Master/ThirdParty/SEGGER/SEGGER" -I../Core/Inc -I"C:/Users/LENOVO/Documents/1.Personal/11.Embedded Projects/1.Embedded base IOT gateway/2.Workspace/Embedded base IOT gateway - Master/ThirdParty/FreeRTOS" -I"C:/Users/LENOVO/Documents/1.Personal/11.Embedded Projects/1.Embedded base IOT gateway/2.Workspace/Embedded base IOT gateway - Master/ThirdParty/FreeRTOS/include" -I../Drivers/STM32F4xx_HAL_Driver/Inc -I../Drivers/STM32F4xx_HAL_Driver/Inc/Legacy -I../Drivers/CMSIS/Device/ST/STM32F4xx/Include -I../Drivers/CMSIS/Include -O0 -ffunction-sections -fdata-sections -Wall -fstack-usage -fcyclomatic-complexity -MMD -MP -MF"Drivers/STM32F4xx_HAL_Driver/Src/stm32f4xx_hal_dma_ex.d" -MT"Drivers/STM32F4xx_HAL_Driver/Src/stm32f4xx_hal_dma_ex.o" --specs=nano.specs -mfpu=fpv4-sp-d16 -mfloat-abi=hard -mthumb -o "Drivers/STM32F4xx_HAL_Driver/Src/stm32f4xx_hal_dma_ex.o"
arm-none-eabi-gcc "../Drivers/STM32F4xx_HAL_Driver/Src/stm32f4xx_hal_exti.c" -mcpu=cortex-m4 -std=gnu11 -g3 -DDEBUG -DUSE_HAL_DRIVER -DSTM32F407xx -c -I"C:/Users/LENOVO/Documents/1.Personal/11.Embedded Projects/1.Embedded base IOT gateway/2.Workspace/Embedded base IOT gateway - Master/ThirdParty/FreeRTOS/portable/GCC/ARM_CM4F" -I"C:/Users/LENOVO/Documents/1.Personal/11.Embedded Projects/1.Embedded base IOT gateway/2.Workspace/Embedded base IOT gateway - Master/ThirdParty/SEGGER/Config" -I"C:/Users/LENOVO/Documents/1.Personal/11.Embedded Projects/1.Embedded base IOT gateway/2.Workspace/Embedded base IOT gateway - Master/ThirdParty/SEGGER/OS" -I"C:/Users/LENOVO/Documents/1.Personal/11.Embedded Projects/1.Embedded base IOT gateway/2.Workspace/Embedded base IOT gateway - Master/ThirdParty/SEGGER/SEGGER" -I../Core/Inc -I"C:/Users/LENOVO/Documents/1.Personal/11.Embedded Projects/1.Embedded base IOT gateway/2.Workspace/Embedded base IOT gateway - Master/ThirdParty/FreeRTOS" -I"C:/Users/LENOVO/Documents/1.Personal/11.Embedded Projects/1.Embedded base IOT gateway/2.Workspace/Embedded base IOT gateway - Master/ThirdParty/FreeRTOS/include" -I../Drivers/STM32F4xx_HAL_Driver/Inc -I../Drivers/STM32F4xx_HAL_Driver/Inc/Legacy -I../Drivers/CMSIS/Device/ST/STM32F4xx/Include -I../Drivers/CMSIS/Include -O0 -ffunction-sections -fdata-sections -Wall -fstack-usage -fcyclomatic-complexity -MMD -MP -MF"Drivers/STM32F4xx_HAL_Driver/Src/stm32f4xx_hal_exti.d" -MT"Drivers/STM32F4xx_HAL_Driver/Src/stm32f4xx_hal_exti.o" --specs=nano.specs -mfpu=fpv4-sp-d16 -mfloat-abi=hard -mthumb -o "Drivers/STM32F4xx_HAL_Driver/Src/stm32f4xx_hal_exti.o"
arm-none-eabi-gcc "../Drivers/STM32F4xx_HAL_Driver/Src/stm32f4xx_hal_flash.c" -mcpu=cortex-m4 -std=gnu11 -g3 -DDEBUG -DUSE_HAL_DRIVER -DSTM32F407xx -c -I"C:/Users/LENOVO/Documents/1.Personal/11.Embedded Projects/1.Embedded base IOT gateway/2.Workspace/Embedded base IOT gateway - Master/ThirdParty/FreeRTOS/portable/GCC/ARM_CM4F" -I"C:/Users/LENOVO/Documents/1.Personal/11.Embedded Projects/1.Embedded base IOT gateway/2.Workspace/Embedded base IOT gateway - Master/ThirdParty/SEGGER/Config" -I"C:/Users/LENOVO/Documents/1.Personal/11.Embedded Projects/1.Embedded base IOT gateway/2.Workspace/Embedded base IOT gateway - Master/ThirdParty/SEGGER/OS" -I"C:/Users/LENOVO/Documents/1.Personal/11.Embedded Projects/1.Embedded base IOT gateway/2.Workspace/Embedded base IOT gateway - Master/ThirdParty/SEGGER/SEGGER" -I../Core/Inc -I"C:/Users/LENOVO/Documents/1.Personal/11.Embedded Projects/1.Embedded base IOT gateway/2.Workspace/Embedded base IOT gateway - Master/ThirdParty/FreeRTOS" -I"C:/Users/LENOVO/Documents/1.Personal/11.Embedded Projects/1.Embedded base IOT gateway/2.Workspace/Embedded base IOT gateway - Master/ThirdParty/FreeRTOS/include" -I../Drivers/STM32F4xx_HAL_Driver/Inc -I../Drivers/STM32F4xx_HAL_Driver/Inc/Legacy -I../Drivers/CMSIS/Device/ST/STM32F4xx/Include -I../Drivers/CMSIS/Include -O0 -ffunction-sections -fdata-sections -Wall -fstack-usage -fcyclomatic-complexity -MMD -MP -MF"Drivers/STM32F4xx_HAL_Driver/Src/stm32f4xx_hal_flash.d" -MT"Drivers/STM32F4xx_HAL_Driver/Src/stm32f4xx_hal_flash.o" --specs=nano.specs -mfpu=fpv4-sp-d16 -mfloat-abi=hard -mthumb -o "Drivers/STM32F4xx_HAL_Driver/Src/stm32f4xx_hal_flash.o"
arm-none-eabi-gcc "../Drivers/STM32F4xx_HAL_Driver/Src/stm32f4xx_hal_flash_ex.c" -mcpu=cortex-m4 -std=gnu11 -g3 -DDEBUG -DUSE_HAL_DRIVER -DSTM32F407xx -c -I"C:/Users/LENOVO/Documents/1.Personal/11.Embedded Projects/1.Embedded base IOT gateway/2.Workspace/Embedded base IOT gateway - Master/ThirdParty/FreeRTOS/portable/GCC/ARM_CM4F" -I"C:/Users/LENOVO/Documents/1.Personal/11.Embedded Projects/1.Embedded base IOT gateway/2.Workspace/Embedded base IOT gateway - Master/ThirdParty/SEGGER/Config" -I"C:/Users/LENOVO/Documents/1.Personal/11.Embedded Projects/1.Embedded base IOT gateway/2.Workspace/Embedded base IOT gateway - Master/ThirdParty/SEGGER/OS" -I"C:/Users/LENOVO/Documents/1.Personal/11.Embedded Projects/1.Embedded base IOT gateway/2.Workspace/Embedded base IOT gateway - Master/ThirdParty/SEGGER/SEGGER" -I../Core/Inc -I"C:/Users/LENOVO/Documents/1.Personal/11.Embedded Projects/1.Embedded base IOT gateway/2.Workspace/Embedded base IOT gateway - Master/ThirdParty/FreeRTOS" -I"C:/Users/LENOVO/Documents/1.Personal/11.Embedded Projects/1.Embedded base IOT gateway/2.Workspace/Embedded base IOT gateway - Master/ThirdParty/FreeRTOS/include" -I../Drivers/STM32F4xx_HAL_Driver/Inc -I../Drivers/STM32F4xx_HAL_Driver/Inc/Legacy -I../Drivers/CMSIS/Device/ST/STM32F4xx/Include -I../Drivers/CMSIS/Include -O0 -ffunction-sections -fdata-sections -Wall -fstack-usage -fcyclomatic-complexity -MMD -MP -MF"Drivers/STM32F4xx_HAL_Driver/Src/stm32f4xx_hal_flash_ex.d" -MT"Drivers/STM32F4xx_HAL_Driver/Src/stm32f4xx_hal_flash_ex.o" --specs=nano.specs -mfpu=fpv4-sp-d16 -mfloat-abi=hard -mthumb -o "Drivers/STM32F4xx_HAL_Driver/Src/stm32f4xx_hal_flash_ex.o"
arm-none-eabi-gcc "../Drivers/STM32F4xx_HAL_Driver/Src/stm32f4xx_hal_flash_ramfunc.c" -mcpu=cortex-m4 -std=gnu11 -g3 -DDEBUG -DUSE_HAL_DRIVER -DSTM32F407xx -c -I"C:/Users/LENOVO/Documents/1.Personal/11.Embedded Projects/1.Embedded base IOT gateway/2.Workspace/Embedded base IOT gateway - Master/ThirdParty/FreeRTOS/portable/GCC/ARM_CM4F" -I"C:/Users/LENOVO/Documents/1.Personal/11.Embedded Projects/1.Embedded base IOT gateway/2.Workspace/Embedded base IOT gateway - Master/ThirdParty/SEGGER/Config" -I"C:/Users/LENOVO/Documents/1.Personal/11.Embedded Projects/1.Embedded base IOT gateway/2.Workspace/Embedded base IOT gateway - Master/ThirdParty/SEGGER/OS" -I"C:/Users/LENOVO/Documents/1.Personal/11.Embedded Projects/1.Embedded base IOT gateway/2.Workspace/Embedded base IOT gateway - Master/ThirdParty/SEGGER/SEGGER" -I../Core/Inc -I"C:/Users/LENOVO/Documents/1.Personal/11.Embedded Projects/1.Embedded base IOT gateway/2.Workspace/Embedded base IOT gateway - Master/ThirdParty/FreeRTOS" -I"C:/Users/LENOVO/Documents/1.Personal/11.Embedded Projects/1.Embedded base IOT gateway/2.Workspace/Embedded base IOT gateway - Master/ThirdParty/FreeRTOS/include" -I../Drivers/STM32F4xx_HAL_Driver/Inc -I../Drivers/STM32F4xx_HAL_Driver/Inc/Legacy -I../Drivers/CMSIS/Device/ST/STM32F4xx/Include -I../Drivers/CMSIS/Include -O0 -ffunction-sections -fdata-sections -Wall -fstack-usage -fcyclomatic-complexity -MMD -MP -MF"Drivers/STM32F4xx_HAL_Driver/Src/stm32f4xx_hal_flash_ramfunc.d" -MT"Drivers/STM32F4xx_HAL_Driver/Src/stm32f4xx_hal_flash_ramfunc.o" --specs=nano.specs -mfpu=fpv4-sp-d16 -mfloat-abi=hard -mthumb -o "Drivers/STM32F4xx_HAL_Driver/Src/stm32f4xx_hal_flash_ramfunc.o"
arm-none-eabi-gcc "../Drivers/STM32F4xx_HAL_Driver/Src/stm32f4xx_hal_gpio.c" -mcpu=cortex-m4 -std=gnu11 -g3 -DDEBUG -DUSE_HAL_DRIVER -DSTM32F407xx -c -I"C:/Users/LENOVO/Documents/1.Personal/11.Embedded Projects/1.Embedded base IOT gateway/2.Workspace/Embedded base IOT gateway - Master/ThirdParty/FreeRTOS/portable/GCC/ARM_CM4F" -I"C:/Users/LENOVO/Documents/1.Personal/11.Embedded Projects/1.Embedded base IOT gateway/2.Workspace/Embedded base IOT gateway - Master/ThirdParty/SEGGER/Config" -I"C:/Users/LENOVO/Documents/1.Personal/11.Embedded Projects/1.Embedded base IOT gateway/2.Workspace/Embedded base IOT gateway - Master/ThirdParty/SEGGER/OS" -I"C:/Users/LENOVO/Documents/1.Personal/11.Embedded Projects/1.Embedded base IOT gateway/2.Workspace/Embedded base IOT gateway - Master/ThirdParty/SEGGER/SEGGER" -I../Core/Inc -I"C:/Users/LENOVO/Documents/1.Personal/11.Embedded Projects/1.Embedded base IOT gateway/2.Workspace/Embedded base IOT gateway - Master/ThirdParty/FreeRTOS" -I"C:/Users/LENOVO/Documents/1.Personal/11.Embedded Projects/1.Embedded base IOT gateway/2.Workspace/Embedded base IOT gateway - Master/ThirdParty/FreeRTOS/include" -I../Drivers/STM32F4xx_HAL_Driver/Inc -I../Drivers/STM32F4xx_HAL_Driver/Inc/Legacy -I../Drivers/CMSIS/Device/ST/STM32F4xx/Include -I../Drivers/CMSIS/Include -O0 -ffunction-sections -fdata-sections -Wall -fstack-usage -fcyclomatic-complexity -MMD -MP -MF"Drivers/STM32F4xx_HAL_Driver/Src/stm32f4xx_hal_gpio.d" -MT"Drivers/STM32F4xx_HAL_Driver/Src/stm32f4xx_hal_gpio.o" --specs=nano.specs -mfpu=fpv4-sp-d16 -mfloat-abi=hard -mthumb -o "Drivers/STM32F4xx_HAL_Driver/Src/stm32f4xx_hal_gpio.o"
arm-none-eabi-gcc "../Drivers/STM32F4xx_HAL_Driver/Src/stm32f4xx_hal_i2c.c" -mcpu=cortex-m4 -std=gnu11 -g3 -DDEBUG -DUSE_HAL_DRIVER -DSTM32F407xx -c -I"C:/Users/LENOVO/Documents/1.Personal/11.Embedded Projects/1.Embedded base IOT gateway/2.Workspace/Embedded base IOT gateway - Master/ThirdParty/FreeRTOS/portable/GCC/ARM_CM4F" -I"C:/Users/LENOVO/Documents/1.Personal/11.Embedded Projects/1.Embedded base IOT gateway/2.Workspace/Embedded base IOT gateway - Master/ThirdParty/SEGGER/Config" -I"C:/Users/LENOVO/Documents/1.Personal/11.Embedded Projects/1.Embedded base IOT gateway/2.Workspace/Embedded base IOT gateway - Master/ThirdParty/SEGGER/OS" -I"C:/Users/LENOVO/Documents/1.Personal/11.Embedded Projects/1.Embedded base IOT gateway/2.Workspace/Embedded base IOT gateway - Master/ThirdParty/SEGGER/SEGGER" -I../Core/Inc -I"C:/Users/LENOVO/Documents/1.Personal/11.Embedded Projects/1.Embedded base IOT gateway/2.Workspace/Embedded base IOT gateway - Master/ThirdParty/FreeRTOS" -I"C:/Users/LENOVO/Documents/1.Personal/11.Embedded Projects/1.Embedded base IOT gateway/2.Workspace/Embedded base IOT gateway - Master/ThirdParty/FreeRTOS/include" -I../Drivers/STM32F4xx_HAL_Driver/Inc -I../Drivers/STM32F4xx_HAL_Driver/Inc/Legacy -I../Drivers/CMSIS/Device/ST/STM32F4xx/Include -I../Drivers/CMSIS/Include -O0 -ffunction-sections -fdata-sections -Wall -fstack-usage -fcyclomatic-complexity -MMD -MP -MF"Drivers/STM32F4xx_HAL_Driver/Src/stm32f4xx_hal_i2c.d" -MT"Drivers/STM32F4xx_HAL_Driver/Src/stm32f4xx_hal_i2c.o" --specs=nano.specs -mfpu=fpv4-sp-d16 -mfloat-abi=hard -mthumb -o "Drivers/STM32F4xx_HAL_Driver/Src/stm32f4xx_hal_i2c.o"
arm-none-eabi-gcc "../Drivers/STM32F4xx_HAL_Driver/Src/stm32f4xx_hal_i2c_ex.c" -mcpu=cortex-m4 -std=gnu11 -g3 -DDEBUG -DUSE_HAL_DRIVER -DSTM32F407xx -c -I"C:/Users/LENOVO/Documents/1.Personal/11.Embedded Projects/1.Embedded base IOT gateway/2.Workspace/Embedded base IOT gateway - Master/ThirdParty/FreeRTOS/portable/GCC/ARM_CM4F" -I"C:/Users/LENOVO/Documents/1.Personal/11.Embedded Projects/1.Embedded base IOT gateway/2.Workspace/Embedded base IOT gateway - Master/ThirdParty/SEGGER/Config" -I"C:/Users/LENOVO/Documents/1.Personal/11.Embedded Projects/1.Embedded base IOT gateway/2.Workspace/Embedded base IOT gateway - Master/ThirdParty/SEGGER/OS" -I"C:/Users/LENOVO/Documents/1.Personal/11.Embedded Projects/1.Embedded base IOT gateway/2.Workspace/Embedded base IOT gateway - Master/ThirdParty/SEGGER/SEGGER" -I../Core/Inc -I"C:/Users/LENOVO/Documents/1.Personal/11.Embedded Projects/1.Embedded base IOT gateway/2.Workspace/Embedded base IOT gateway - Master/ThirdParty/FreeRTOS" -I"C:/Users/LENOVO/Documents/1.Personal/11.Embedded Projects/1.Embedded base IOT gateway/2.Workspace/Embedded base IOT gateway - Master/ThirdParty/FreeRTOS/include" -I../Drivers/STM32F4xx_HAL_Driver/Inc -I../Drivers/STM32F4xx_HAL_Driver/Inc/Legacy -I../Drivers/CMSIS/Device/ST/STM32F4xx/Include -I../Drivers/CMSIS/Include -O0 -ffunction-sections -fdata-sections -Wall -fstack-usage -fcyclomatic-complexity -MMD -MP -MF"Drivers/STM32F4xx_HAL_Driver/Src/stm32f4xx_hal_i2c_ex.d" -MT"Drivers/STM32F4xx_HAL_Driver/Src/stm32f4xx_hal_i2c_ex.o" --specs=nano.specs -mfpu=fpv4-sp-d16 -mfloat-abi=hard -mthumb -o "Drivers/STM32F4xx_HAL_Driver/Src/stm32f4xx_hal_i2c_ex.o"
arm-none-eabi-gcc "../Drivers/STM32F4xx_HAL_Driver/Src/stm32f4xx_hal_pwr.c" -mcpu=cortex-m4 -std=gnu11 -g3 -DDEBUG -DUSE_HAL_DRIVER -DSTM32F407xx -c -I"C:/Users/LENOVO/Documents/1.Personal/11.Embedded Projects/1.Embedded base IOT gateway/2.Workspace/Embedded base IOT gateway - Master/ThirdParty/FreeRTOS/portable/GCC/ARM_CM4F" -I"C:/Users/LENOVO/Documents/1.Personal/11.Embedded Projects/1.Embedded base IOT gateway/2.Workspace/Embedded base IOT gateway - Master/ThirdParty/SEGGER/Config" -I"C:/Users/LENOVO/Documents/1.Personal/11.Embedded Projects/1.Embedded base IOT gateway/2.Workspace/Embedded base IOT gateway - Master/ThirdParty/SEGGER/OS" -I"C:/Users/LENOVO/Documents/1.Personal/11.Embedded Projects/1.Embedded base IOT gateway/2.Workspace/Embedded base IOT gateway - Master/ThirdParty/SEGGER/SEGGER" -I../Core/Inc -I"C:/Users/LENOVO/Documents/1.Personal/11.Embedded Projects/1.Embedded base IOT gateway/2.Workspace/Embedded base IOT gateway - Master/ThirdParty/FreeRTOS" -I"C:/Users/LENOVO/Documents/1.Personal/11.Embedded Projects/1.Embedded base IOT gateway/2.Workspace/Embedded base IOT gateway - Master/ThirdParty/FreeRTOS/include" -I../Drivers/STM32F4xx_HAL_Driver/Inc -I../Drivers/STM32F4xx_HAL_Driver/Inc/Legacy -I../Drivers/CMSIS/Device/ST/STM32F4xx/Include -I../Drivers/CMSIS/Include -O0 -ffunction-sections -fdata-sections -Wall -fstack-usage -fcyclomatic-complexity -MMD -MP -MF"Drivers/STM32F4xx_HAL_Driver/Src/stm32f4xx_hal_pwr.d" -MT"Drivers/STM32F4xx_HAL_Driver/Src/stm32f4xx_hal_pwr.o" --specs=nano.specs -mfpu=fpv4-sp-d16 -mfloat-abi=hard -mthumb -o "Drivers/STM32F4xx_HAL_Driver/Src/stm32f4xx_hal_pwr.o"
arm-none-eabi-gcc "../Drivers/STM32F4xx_HAL_Driver/Src/stm32f4xx_hal_pwr_ex.c" -mcpu=cortex-m4 -std=gnu11 -g3 -DDEBUG -DUSE_HAL_DRIVER -DSTM32F407xx -c -I"C:/Users/LENOVO/Documents/1.Personal/11.Embedded Projects/1.Embedded base IOT gateway/2.Workspace/Embedded base IOT gateway - Master/ThirdParty/FreeRTOS/portable/GCC/ARM_CM4F" -I"C:/Users/LENOVO/Documents/1.Personal/11.Embedded Projects/1.Embedded base IOT gateway/2.Workspace/Embedded base IOT gateway - Master/ThirdParty/SEGGER/Config" -I"C:/Users/LENOVO/Documents/1.Personal/11.Embedded Projects/1.Embedded base IOT gateway/2.Workspace/Embedded base IOT gateway - Master/ThirdParty/SEGGER/OS" -I"C:/Users/LENOVO/Documents/1.Personal/11.Embedded Projects/1.Embedded base IOT gateway/2.Workspace/Embedded base IOT gateway - Master/ThirdParty/SEGGER/SEGGER" -I../Core/Inc -I"C:/Users/LENOVO/Documents/1.Personal/11.Embedded Projects/1.Embedded base IOT gateway/2.Workspace/Embedded base IOT gateway - Master/ThirdParty/FreeRTOS" -I"C:/Users/LENOVO/Documents/1.Personal/11.Embedded Projects/1.Embedded base IOT gateway/2.Workspace/Embedded base IOT gateway - Master/ThirdParty/FreeRTOS/include" -I../Drivers/STM32F4xx_HAL_Driver/Inc -I../Drivers/STM32F4xx_HAL_Driver/Inc/Legacy -I../Drivers/CMSIS/Device/ST/STM32F4xx/Include -I../Drivers/CMSIS/Include -O0 -ffunction-sections -fdata-sections -Wall -fstack-usage -fcyclomatic-complexity -MMD -MP -MF"Drivers/STM32F4xx_HAL_Driver/Src/stm32f4xx_hal_pwr_ex.d" -MT"Drivers/STM32F4xx_HAL_Driver/Src/stm32f4xx_hal_pwr_ex.o" --specs=nano.specs -mfpu=fpv4-sp-d16 -mfloat-abi=hard -mthumb -o "Drivers/STM32F4xx_HAL_Driver/Src/stm32f4xx_hal_pwr_ex.o"
arm-none-eabi-gcc "../Drivers/STM32F4xx_HAL_Driver/Src/stm32f4xx_hal_rcc.c" -mcpu=cortex-m4 -std=gnu11 -g3 -DDEBUG -DUSE_HAL_DRIVER -DSTM32F407xx -c -I"C:/Users/LENOVO/Documents/1.Personal/11.Embedded Projects/1.Embedded base IOT gateway/2.Workspace/Embedded base IOT gateway - Master/ThirdParty/FreeRTOS/portable/GCC/ARM_CM4F" -I"C:/Users/LENOVO/Documents/1.Personal/11.Embedded Projects/1.Embedded base IOT gateway/2.Workspace/Embedded base IOT gateway - Master/ThirdParty/SEGGER/Config" -I"C:/Users/LENOVO/Documents/1.Personal/11.Embedded Projects/1.Embedded base IOT gateway/2.Workspace/Embedded base IOT gateway - Master/ThirdParty/SEGGER/OS" -I"C:/Users/LENOVO/Documents/1.Personal/11.Embedded Projects/1.Embedded base IOT gateway/2.Workspace/Embedded base IOT gateway - Master/ThirdParty/SEGGER/SEGGER" -I../Core/Inc -I"C:/Users/LENOVO/Documents/1.Personal/11.Embedded Projects/1.Embedded base IOT gateway/2.Workspace/Embedded base IOT gateway - Master/ThirdParty/FreeRTOS" -I"C:/Users/LENOVO/Documents/1.Personal/11.Embedded Projects/1.Embedded base IOT gateway/2.Workspace/Embedded base IOT gateway - Master/ThirdParty/FreeRTOS/include" -I../Drivers/STM32F4xx_HAL_Driver/Inc -I../Drivers/STM32F4xx_HAL_Driver/Inc/Legacy -I../Drivers/CMSIS/Device/ST/STM32F4xx/Include -I../Drivers/CMSIS/Include -O0 -ffunction-sections -fdata-sections -Wall -fstack-usage -fcyclomatic-complexity -MMD -MP -MF"Drivers/STM32F4xx_HAL_Driver/Src/stm32f4xx_hal_rcc.d" -MT"Drivers/STM32F4xx_HAL_Driver/Src/stm32f4xx_hal_rcc.o" --specs=nano.specs -mfpu=fpv4-sp-d16 -mfloat-abi=hard -mthumb -o "Drivers/STM32F4xx_HAL_Driver/Src/stm32f4xx_hal_rcc.o"
arm-none-eabi-gcc "../Drivers/STM32F4xx_HAL_Driver/Src/stm32f4xx_hal_rcc_ex.c" -mcpu=cortex-m4 -std=gnu11 -g3 -DDEBUG -DUSE_HAL_DRIVER -DSTM32F407xx -c -I"C:/Users/LENOVO/Documents/1.Personal/11.Embedded Projects/1.Embedded base IOT gateway/2.Workspace/Embedded base IOT gateway - Master/ThirdParty/FreeRTOS/portable/GCC/ARM_CM4F" -I"C:/Users/LENOVO/Documents/1.Personal/11.Embedded Projects/1.Embedded base IOT gateway/2.Workspace/Embedded base IOT gateway - Master/ThirdParty/SEGGER/Config" -I"C:/Users/LENOVO/Documents/1.Personal/11.Embedded Projects/1.Embedded base IOT gateway/2.Workspace/Embedded base IOT gateway - Master/ThirdParty/SEGGER/OS" -I"C:/Users/LENOVO/Documents/1.Personal/11.Embedded Projects/1.Embedded base IOT gateway/2.Workspace/Embedded base IOT gateway - Master/ThirdParty/SEGGER/SEGGER" -I../Core/Inc -I"C:/Users/LENOVO/Documents/1.Personal/11.Embedded Projects/1.Embedded base IOT gateway/2.Workspace/Embedded base IOT gateway - Master/ThirdParty/FreeRTOS" -I"C:/Users/LENOVO/Documents/1.Personal/11.Embedded Projects/1.Embedded base IOT gateway/2.Workspace/Embedded base IOT gateway - Master/ThirdParty/FreeRTOS/include" -I../Drivers/STM32F4xx_HAL_Driver/Inc -I../Drivers/STM32F4xx_HAL_Driver/Inc/Legacy -I../Drivers/CMSIS/Device/ST/STM32F4xx/Include -I../Drivers/CMSIS/Include -O0 -ffunction-sections -fdata-sections -Wall -fstack-usage -fcyclomatic-complexity -MMD -MP -MF"Drivers/STM32F4xx_HAL_Driver/Src/stm32f4xx_hal_rcc_ex.d" -MT"Drivers/STM32F4xx_HAL_Driver/Src/stm32f4xx_hal_rcc_ex.o" --specs=nano.specs -mfpu=fpv4-sp-d16 -mfloat-abi=hard -mthumb -o "Drivers/STM32F4xx_HAL_Driver/Src/stm32f4xx_hal_rcc_ex.o"
arm-none-eabi-gcc "../Drivers/STM32F4xx_HAL_Driver/Src/stm32f4xx_hal_tim.c" -mcpu=cortex-m4 -std=gnu11 -g3 -DDEBUG -DUSE_HAL_DRIVER -DSTM32F407xx -c -I"C:/Users/LENOVO/Documents/1.Personal/11.Embedded Projects/1.Embedded base IOT gateway/2.Workspace/Embedded base IOT gateway - Master/ThirdParty/FreeRTOS/portable/GCC/ARM_CM4F" -I"C:/Users/LENOVO/Documents/1.Personal/11.Embedded Projects/1.Embedded base IOT gateway/2.Workspace/Embedded base IOT gateway - Master/ThirdParty/SEGGER/Config" -I"C:/Users/LENOVO/Documents/1.Personal/11.Embedded Projects/1.Embedded base IOT gateway/2.Workspace/Embedded base IOT gateway - Master/ThirdParty/SEGGER/OS" -I"C:/Users/LENOVO/Documents/1.Personal/11.Embedded Projects/1.Embedded base IOT gateway/2.Workspace/Embedded base IOT gateway - Master/ThirdParty/SEGGER/SEGGER" -I../Core/Inc -I"C:/Users/LENOVO/Documents/1.Personal/11.Embedded Projects/1.Embedded base IOT gateway/2.Workspace/Embedded base IOT gateway - Master/ThirdParty/FreeRTOS" -I"C:/Users/LENOVO/Documents/1.Personal/11.Embedded Projects/1.Embedded base IOT gateway/2.Workspace/Embedded base IOT gateway - Master/ThirdParty/FreeRTOS/include" -I../Drivers/STM32F4xx_HAL_Driver/Inc -I../Drivers/STM32F4xx_HAL_Driver/Inc/Legacy -I../Drivers/CMSIS/Device/ST/STM32F4xx/Include -I../Drivers/CMSIS/Include -O0 -ffunction-sections -fdata-sections -Wall -fstack-usage -fcyclomatic-complexity -MMD -MP -MF"Drivers/STM32F4xx_HAL_Driver/Src/stm32f4xx_hal_tim.d" -MT"Drivers/STM32F4xx_HAL_Driver/Src/stm32f4xx_hal_tim.o" --specs=nano.specs -mfpu=fpv4-sp-d16 -mfloat-abi=hard -mthumb -o "Drivers/STM32F4xx_HAL_Driver/Src/stm32f4xx_hal_tim.o"
arm-none-eabi-gcc "../Drivers/STM32F4xx_HAL_Driver/Src/stm32f4xx_hal_tim_ex.c" -mcpu=cortex-m4 -std=gnu11 -g3 -DDEBUG -DUSE_HAL_DRIVER -DSTM32F407xx -c -I"C:/Users/LENOVO/Documents/1.Personal/11.Embedded Projects/1.Embedded base IOT gateway/2.Workspace/Embedded base IOT gateway - Master/ThirdParty/FreeRTOS/portable/GCC/ARM_CM4F" -I"C:/Users/LENOVO/Documents/1.Personal/11.Embedded Projects/1.Embedded base IOT gateway/2.Workspace/Embedded base IOT gateway - Master/ThirdParty/SEGGER/Config" -I"C:/Users/LENOVO/Documents/1.Personal/11.Embedded Projects/1.Embedded base IOT gateway/2.Workspace/Embedded base IOT gateway - Master/ThirdParty/SEGGER/OS" -I"C:/Users/LENOVO/Documents/1.Personal/11.Embedded Projects/1.Embedded base IOT gateway/2.Workspace/Embedded base IOT gateway - Master/ThirdParty/SEGGER/SEGGER" -I../Core/Inc -I"C:/Users/LENOVO/Documents/1.Personal/11.Embedded Projects/1.Embedded base IOT gateway/2.Workspace/Embedded base IOT gateway - Master/ThirdParty/FreeRTOS" -I"C:/Users/LENOVO/Documents/1.Personal/11.Embedded Projects/1.Embedded base IOT gateway/2.Workspace/Embedded base IOT gateway - Master/ThirdParty/FreeRTOS/include" -I../Drivers/STM32F4xx_HAL_Driver/Inc -I../Drivers/STM32F4xx_HAL_Driver/Inc/Legacy -I../Drivers/CMSIS/Device/ST/STM32F4xx/Include -I../Drivers/CMSIS/Include -O0 -ffunction-sections -fdata-sections -Wall -fstack-usage -fcyclomatic-complexity -MMD -MP -MF"Drivers/STM32F4xx_HAL_Driver/Src/stm32f4xx_hal_tim_ex.d" -MT"Drivers/STM32F4xx_HAL_Driver/Src/stm32f4xx_hal_tim_ex.o" --specs=nano.specs -mfpu=fpv4-sp-d16 -mfloat-abi=hard -mthumb -o "Drivers/STM32F4xx_HAL_Driver/Src/stm32f4xx_hal_tim_ex.o"
arm-none-eabi-gcc "../Drivers/STM32F4xx_HAL_Driver/Src/stm32f4xx_hal_uart.c" -mcpu=cortex-m4 -std=gnu11 -g3 -DDEBUG -DUSE_HAL_DRIVER -DSTM32F407xx -c -I"C:/Users/LENOVO/Documents/1.Personal/11.Embedded Projects/1.Embedded base IOT gateway/2.Workspace/Embedded base IOT gateway - Master/ThirdParty/FreeRTOS/portable/GCC/ARM_CM4F" -I"C:/Users/LENOVO/Documents/1.Personal/11.Embedded Projects/1.Embedded base IOT gateway/2.Workspace/Embedded base IOT gateway - Master/ThirdParty/SEGGER/Config" -I"C:/Users/LENOVO/Documents/1.Personal/11.Embedded Projects/1.Embedded base IOT gateway/2.Workspace/Embedded base IOT gateway - Master/ThirdParty/SEGGER/OS" -I"C:/Users/LENOVO/Documents/1.Personal/11.Embedded Projects/1.Embedded base IOT gateway/2.Workspace/Embedded base IOT gateway - Master/ThirdParty/SEGGER/SEGGER" -I../Core/Inc -I"C:/Users/LENOVO/Documents/1.Personal/11.Embedded Projects/1.Embedded base IOT gateway/2.Workspace/Embedded base IOT gateway - Master/ThirdParty/FreeRTOS" -I"C:/Users/LENOVO/Documents/1.Personal/11.Embedded Projects/1.Embedded base IOT gateway/2.Workspace/Embedded base IOT gateway - Master/ThirdParty/FreeRTOS/include" -I../Drivers/STM32F4xx_HAL_Driver/Inc -I../Drivers/STM32F4xx_HAL_Driver/Inc/Legacy -I../Drivers/CMSIS/Device/ST/STM32F4xx/Include -I../Drivers/CMSIS/Include -O0 -ffunction-sections -fdata-sections -Wall -fstack-usage -fcyclomatic-complexity -MMD -MP -MF"Drivers/STM32F4xx_HAL_Driver/Src/stm32f4xx_hal_uart.d" -MT"Drivers/STM32F4xx_HAL_Driver/Src/stm32f4xx_hal_uart.o" --specs=nano.specs -mfpu=fpv4-sp-d16 -mfloat-abi=hard -mthumb -o "Drivers/STM32F4xx_HAL_Driver/Src/stm32f4xx_hal_uart.o"
arm-none-eabi-gcc -mcpu=cortex-m4 -g3 -DDEBUG -c -I../Core/Inc -I"C:/Users/LENOVO/Documents/1.Personal/11.Embedded Projects/1.Embedded base IOT gateway/2.Workspace/Embedded base IOT gateway - Master/ThirdParty/SEGGER/Config" -I../Drivers/STM32F4xx_HAL_Driver/Inc -I../Drivers/STM32F4xx_HAL_Driver/Inc/Legacy -I../Middlewares/Third_Party/FreeRTOS/Source/include -I../Middlewares/Third_Party/FreeRTOS/Source/CMSIS_RTOS -I../Middlewares/Third_Party/FreeRTOS/Source/portable/GCC/ARM_CM4F -I../Drivers/CMSIS/Device/ST/STM32F4xx/Include -I../Drivers/CMSIS/Include -I../Middlewares/Third_Party/FreeRTOS/Source/CMSIS_RTOS_V2 -x assembler-with-cpp -MMD -MP -MF"Core/Startup/startup_stm32f407vgtx.d" -MT"Core/Startup/startup_stm32f407vgtx.o" --specs=nano.specs -mfpu=fpv4-sp-d16 -mfloat-abi=hard -mthumb -o "Core/Startup/startup_stm32f407vgtx.o" "../Core/Startup/startup_stm32f407vgtx.s"
arm-none-eabi-gcc "../Core/Src/DeviceManager.c" -mcpu=cortex-m4 -std=gnu11 -g3 -DDEBUG -DUSE_HAL_DRIVER -DSTM32F407xx -c -I"C:/Users/LENOVO/Documents/1.Personal/11.Embedded Projects/1.Embedded base IOT gateway/2.Workspace/Embedded base IOT gateway - Master/ThirdParty/FreeRTOS/portable/GCC/ARM_CM4F" -I"C:/Users/LENOVO/Documents/1.Personal/11.Embedded Projects/1.Embedded base IOT gateway/2.Workspace/Embedded base IOT gateway - Master/ThirdParty/SEGGER/Config" -I"C:/Users/LENOVO/Documents/1.Personal/11.Embedded Projects/1.Embedded base IOT gateway/2.Workspace/Embedded base IOT gateway - Master/ThirdParty/SEGGER/OS" -I"C:/Users/LENOVO/Documents/1.Personal/11.Embedded Projects/1.Embedded base IOT gateway/2.Workspace/Embedded base IOT gateway - Master/ThirdParty/SEGGER/SEGGER" -I../Core/Inc -I"C:/Users/LENOVO/Documents/1.Personal/11.Embedded Projects/1.Embedded base IOT gateway/2.Workspace/Embedded base IOT gateway - Master/ThirdParty/FreeRTOS" -I"C:/Users/LENOVO/Documents/1.Personal/11.Embedded Projects/1.Embedded base IOT gateway/2.Workspace/Embedded base IOT gateway - Master/ThirdParty/FreeRTOS/include" -I../Drivers/STM32F4xx_HAL_Driver/Inc -I../Drivers/STM32F4xx_HAL_Driver/Inc/Legacy -I../Drivers/CMSIS/Device/ST/STM32F4xx/Include -I../Drivers/CMSIS/Include -O0 -ffunction-sections -fdata-sections -Wall -fstack-usage -fcyclomatic-complexity -MMD -MP -MF"Core/Src/DeviceManager.d" -MT"Core/Src/DeviceManager.o" --specs=nano.specs -mfpu=fpv4-sp-d16 -mfloat-abi=hard -mthumb -o "Core/Src/DeviceManager.o"
arm-none-eabi-gcc "../Core/Src/ProtocolTask.c" -mcpu=cortex-m4 -std=gnu11 -g3 -DDEBUG -DUSE_HAL_DRIVER -DSTM32F407xx -c -I"C:/Users/LENOVO/Documents/1.Personal/11.Embedded Projects/1.Embedded base IOT gateway/2.Workspace/Embedded base IOT gateway - Master/ThirdParty/FreeRTOS/portable/GCC/ARM_CM4F" -I"C:/Users/LENOVO/Documents/1.Personal/11.Embedded Projects/1.Embedded base IOT gateway/2.Workspace/Embedded base IOT gateway - Master/ThirdParty/SEGGER/Config" -I"C:/Users/LENOVO/Documents/1.Personal/11.Embedded Projects/1.Embedded base IOT gateway/2.Workspace/Embedded base IOT gateway - Master/ThirdParty/SEGGER/OS" -I"C:/Users/LENOVO/Documents/1.Personal/11.Embedded Projects/1.Embedded base IOT gateway/2.Workspace/Embedded base IOT gateway - Master/ThirdParty/SEGGER/SEGGER" -I../Core/Inc -I"C:/Users/LENOVO/Documents/1.Personal/11.Embedded Projects/1.Embedded base IOT gateway/2.Workspace/Embedded base IOT gateway - Master/ThirdParty/FreeRTOS" -I"C:/Users/LENOVO/Documents/1.Personal/11.Embedded Projects/1.Embedded base IOT gateway/2.Workspace/Embedded base IOT gateway - Master/ThirdParty/FreeRTOS/include" -I../Drivers/STM32F4xx_HAL_Driver/Inc -I../Drivers/STM32F4xx_HAL_Driver/Inc/Legacy -I../Drivers/CMSIS/Device/ST/STM32F4xx/Include -I../Drivers/CMSIS/Include -O0 -ffunction-sections -fdata-sections -Wall -fstack-usage -fcyclomatic-complexity -MMD -MP -MF"Core/Src/ProtocolTask.d" -MT"Core/Src/ProtocolTask.o" --specs=nano.specs -mfpu=fpv4-sp-d16 -mfloat-abi=hard -mthumb -o "Core/Src/ProtocolTask.o"
arm-none-eabi-gcc "../Core/Src/SlaveRegistry.c" -mcpu=cortex-m4 -std=gnu11 -g3 -DDEBUG -DUSE_HAL_DRIVER -DSTM32F407xx -c -I"C:/Users/LENOVO/Documents/1.Personal/11.Embedded Projects/1.Embedded base IOT gateway/2.Workspace/Embedded base IOT gateway - Master/ThirdParty/FreeRTOS/portable/GCC/ARM_CM4F" -I"C:/Users/LENOVO/Documents/1.Personal/11.Embedded Projects/1.Embedded base IOT gateway/2.Workspace/Embedded base IOT gateway - Master/ThirdParty/SEGGER/Config" -I"C:/Users/LENOVO/Documents/1.Personal/11.Embedded Projects/1.Embedded base IOT gateway/2.Workspace/Embedded base IOT gateway - Master/ThirdParty/SEGGER/OS" -I"C:/Users/LENOVO/Documents/1.Personal/11.Embedded Projects/1.Embedded base IOT gateway/2.Workspace/Embedded base IOT gateway - Master/ThirdParty/SEGGER/SEGGER" -I../Core/Inc -I"C:/Users/LENOVO/Documents/1.Personal/11.Embedded Projects/1.Embedded base IOT gateway/2.Workspace/Embedded base IOT gateway - Master/ThirdParty/FreeRTOS" -I"C:/Users/LENOVO/Documents/1.Personal/11.Embedded Projects/1.Embedded base IOT gateway/2.Workspace/Embedded base IOT gateway - Master/ThirdParty/FreeRTOS/include" -I../Drivers/STM32F4xx_HAL_Driver/Inc -I../Drivers/STM32F4xx_HAL_Driver/Inc/Legacy -I../Drivers/CMSIS/Device/ST/STM32F4xx/Include -I../Drivers/CMSIS/Include -O0 -ffunction-sections -fdata-sections -Wall -fstack-usage -fcyclomatic-complexity -MMD -MP -MF"Core/Src/SlaveRegistry.d" -MT"Core/Src/SlaveRegistry.o" --specs=nano.specs -mfpu=fpv4-sp-d16 -mfloat-abi=hard -mthumb -o "Core/Src/SlaveRegistry.o"
arm-none-eabi-gcc "../Core/Src/button.c" -mcpu=cortex-m4 -std=gnu11 -g3 -DDEBUG -DUSE_HAL_DRIVER -DSTM32F407xx -c -I"C:/Users/LENOVO/Documents/1.Personal/11.Embedded Projects/1.Embedded base IOT gateway/2.Workspace/Embedded base IOT gateway - Master/ThirdParty/FreeRTOS/portable/GCC/ARM_CM4F" -I"C:/Users/LENOVO/Documents/1.Personal/11.Embedded Projects/1.Embedded base IOT gateway/2.Workspace/Embedded base IOT gateway - Master/ThirdParty/SEGGER/Config" -I"C:/Users/LENOVO/Documents/1.Personal/11.Embedded Projects/1.Embedded base IOT gateway/2.Workspace/Embedded base IOT gateway - Master/ThirdParty/SEGGER/OS" -I"C:/Users/LENOVO/Documents/1.Personal/11.Embedded Projects/1.Embedded base IOT gateway/2.Workspace/Embedded base IOT gateway - Master/ThirdParty/SEGGER/SEGGER" -I../Core/Inc -I"C:/Users/LENOVO/Documents/1.Personal/11.Embedded Projects/1.Embedded base IOT gateway/2.Workspace/Embedded base IOT gateway - Master/ThirdParty/FreeRTOS" -I"C:/Users/LENOVO/Documents/1.Personal/11.Embedded Projects/1.Embedded base IOT gateway/2.Workspace/Embedded base IOT gateway - Master/ThirdParty/FreeRTOS/include" -I../Drivers/STM32F4xx_HAL_Driver/Inc -I../Drivers/STM32F4xx_HAL_Driver/Inc/Legacy -I../Drivers/CMSIS/Device/ST/STM32F4xx/Include -I../Drivers/CMSIS/Include -O0 -ffunction-sections -fdata-sections -Wall -fstack-usage -fcyclomatic-complexity -MMD -MP -MF"Core/Src/button.d" -MT"Core/Src/button.o" --specs=nano.specs -mfpu=fpv4-sp-d16 -mfloat-abi=hard -mthumb -o "Core/Src/button.o"
arm-none-eabi-gcc "../Core/Src/lcd_driver.c" -mcpu=cortex-m4 -std=gnu11 -g3 -DDEBUG -DUSE_HAL_DRIVER -DSTM32F407xx -c -I"C:/Users/LENOVO/Documents/1.Personal/11.Embedded Projects/1.Embedded base IOT gateway/2.Workspace/Embedded base IOT gateway - Master/ThirdParty/FreeRTOS/portable/GCC/ARM_CM4F" -I"C:/Users/LENOVO/Documents/1.Personal/11.Embedded Projects/1.Embedded base IOT gateway/2.Workspace/Embedded base IOT gateway - Master/ThirdParty/SEGGER/Config" -I"C:/Users/LENOVO/Documents/1.Personal/11.Embedded Projects/1.Embedded base IOT gateway/2.Workspace/Embedded base IOT gateway - Master/ThirdParty/SEGGER/OS" -I"C:/Users/LENOVO/Documents/1.Personal/11.Embedded Projects/1.Embedded base IOT gateway/2.Workspace/Embedded base IOT gateway - Master/ThirdParty/SEGGER/SEGGER" -I../Core/Inc -I"C:/Users/LENOVO/Documents/1.Personal/11.Embedded Projects/1.Embedded base IOT gateway/2.Workspace/Embedded base IOT gateway - Master/ThirdParty/FreeRTOS" -I"C:/Users/LENOVO/Documents/1.Personal/11.Embedded Projects/1.Embedded base IOT gateway/2.Workspace/Embedded base IOT gateway - Master/ThirdParty/FreeRTOS/include" -I../Drivers/STM32F4xx_HAL_Driver/Inc -I../Drivers/STM32F4xx_HAL_Driver/Inc/Legacy -I../Drivers/CMSIS/Device/ST/STM32F4xx/Include -I../Drivers/CMSIS/Include -O0 -ffunction-sections -fdata-sections -Wall -fstack-usage -fcyclomatic-complexity -MMD -MP -MF"Core/Src/lcd_driver.d" -MT"Core/Src/lcd_driver.o" --specs=nano.specs -mfpu=fpv4-sp-d16 -mfloat-abi=hard -mthumb -o "Core/Src/lcd_driver.o"
arm-none-eabi-gcc "../Core/Src/lcd_ui.c" -mcpu=cortex-m4 -std=gnu11 -g3 -DDEBUG -DUSE_HAL_DRIVER -DSTM32F407xx -c -I"C:/Users/LENOVO/Documents/1.Personal/11.Embedded Projects/1.Embedded base IOT gateway/2.Workspace/Embedded base IOT gateway - Master/ThirdParty/FreeRTOS/portable/GCC/ARM_CM4F" -I"C:/Users/LENOVO/Documents/1.Personal/11.Embedded Projects/1.Embedded base IOT gateway/2.Workspace/Embedded base IOT gateway - Master/ThirdParty/SEGGER/Config" -I"C:/Users/LENOVO/Documents/1.Personal/11.Embedded Projects/1.Embedded base IOT gateway/2.Workspace/Embedded base IOT gateway - Master/ThirdParty/SEGGER/OS" -I"C:/Users/LENOVO/Documents/1.Personal/11.Embedded Projects/1.Embedded base IOT gateway/2.Workspace/Embedded base IOT gateway - Master/ThirdParty/SEGGER/SEGGER" -I../Core/Inc -I"C:/Users/LENOVO/Documents/1.Personal/11.Embedded Projects/1.Embedded base IOT gateway/2.Workspace/Embedded base IOT gateway - Master/ThirdParty/FreeRTOS" -I"C:/Users/LENOVO/Documents/1.Personal/11.Embedded Projects/1.Embedded base IOT gateway/2.Workspace/Embedded base IOT gateway - Master/ThirdParty/FreeRTOS/include" -I../Drivers/STM32F4xx_HAL_Driver/Inc -I../Drivers/STM32F4xx_HAL_Driver/Inc/Legacy -I../Drivers/CMSIS/Device/ST/STM32F4xx/Include -I../Drivers/CMSIS/Include -O0 -ffunction-sections -fdata-sections -Wall -fstack-usage -fcyclomatic-complexity -MMD -MP -MF"Core/Src/lcd_ui.d" -MT"Core/Src/lcd_ui.o" --specs=nano.specs -mfpu=fpv4-sp-d16 -mfloat-abi=hard -mthumb -o "Core/Src/lcd_ui.o"
arm-none-eabi-gcc "../Core/Src/main.c" -mcpu=cortex-m4 -std=gnu11 -g3 -DDEBUG -DUSE_HAL_DRIVER -DSTM32F407xx -c -I"C:/Users/LENOVO/Documents/1.Personal/11.Embedded Projects/1.Embedded base IOT gateway/2.Workspace/Embedded base IOT gateway - Master/ThirdParty/FreeRTOS/portable/GCC/ARM_CM4F" -I"C:/Users/LENOVO/Documents/1.Personal/11.Embedded Projects/1.Embedded base IOT gateway/2.Workspace/Embedded base IOT gateway - Master/ThirdParty/SEGGER/Config" -I"C:/Users/LENOVO/Documents/1.Personal/11.Embedded Projects/1.Embedded base IOT gateway/2.Workspace/Embedded base IOT gateway - Master/ThirdParty/SEGGER/OS" -I"C:/Users/LENOVO/Documents/1.Personal/11.Embedded Projects/1.Embedded base IOT gateway/2.Workspace/Embedded base IOT gateway - Master/ThirdParty/SEGGER/SEGGER" -I../Core/Inc -I"C:/Users/LENOVO/Documents/1.Personal/11.Embedded Projects/1.Embedded base IOT gateway/2.Workspace/Embedded base IOT gateway - Master/ThirdParty/FreeRTOS" -I"C:/Users/LENOVO/Documents/1.Personal/11.Embedded Projects/1.Embedded base IOT gateway/2.Workspace/Embedded base IOT gateway - Master/ThirdParty/FreeRTOS/include" -I../Drivers/STM32F4xx_HAL_Driver/Inc -I../Drivers/STM32F4xx_HAL_Driver/Inc/Legacy -I../Drivers/CMSIS/Device/ST/STM32F4xx/Include -I../Drivers/CMSIS/Include -O0 -ffunction-sections -fdata-sections -Wall -fstack-usage -fcyclomatic-complexity -MMD -MP -MF"Core/Src/main.d" -MT"Core/Src/main.o" --specs=nano.specs -mfpu=fpv4-sp-d16 -mfloat-abi=hard -mthumb -o "Core/Src/main.o"
arm-none-eabi-gcc "../Core/Src/rs485_driver.c" -mcpu=cortex-m4 -std=gnu11 -g3 -DDEBUG -DUSE_HAL_DRIVER -DSTM32F407xx -c -I"C:/Users/LENOVO/Documents/1.Personal/11.Embedded Projects/1.Embedded base IOT gateway/2.Workspace/Embedded base IOT gateway - Master/ThirdParty/FreeRTOS/portable/GCC/ARM_CM4F" -I"C:/Users/LENOVO/Documents/1.Personal/11.Embedded Projects/1.Embedded base IOT gateway/2.Workspace/Embedded base IOT gateway - Master/ThirdParty/SEGGER/Config" -I"C:/Users/LENOVO/Documents/1.Personal/11.Embedded Projects/1.Embedded base IOT gateway/2.Workspace/Embedded base IOT gateway - Master/ThirdParty/SEGGER/OS" -I"C:/Users/LENOVO/Documents/1.Personal/11.Embedded Projects/1.Embedded base IOT gateway/2.Workspace/Embedded base IOT gateway - Master/ThirdParty/SEGGER/SEGGER" -I../Core/Inc -I"C:/Users/LENOVO/Documents/1.Personal/11.Embedded Projects/1.Embedded base IOT gateway/2.Workspace/Embedded base IOT gateway - Master/ThirdParty/FreeRTOS" -I"C:/Users/LENOVO/Documents/1.Personal/11.Embedded Projects/1.Embedded base IOT gateway/2.Workspace/Embedded base IOT gateway - Master/ThirdParty/FreeRTOS/include" -I../Drivers/STM32F4xx_HAL_Driver/Inc -I../Drivers/STM32F4xx_HAL_Driver/Inc/Legacy -I../Drivers/CMSIS/Device/ST/STM32F4xx/Include -I../Drivers/CMSIS/Include -O0 -ffunction-sections -fdata-sections -Wall -fstack-usage -fcyclomatic-complexity -MMD -MP -MF"Core/Src/rs485_driver.d" -MT"Core/Src/rs485_driver.o" --specs=nano.specs -mfpu=fpv4-sp-d16 -mfloat-abi=hard -mthumb -o "Core/Src/rs485_driver.o"
arm-none-eabi-gcc "../Core/Src/stm32f4xx_hal_msp.c" -mcpu=cortex-m4 -std=gnu11 -g3 -DDEBUG -DUSE_HAL_DRIVER -DSTM32F407xx -c -I"C:/Users/LENOVO/Documents/1.Personal/11.Embedded Projects/1.Embedded base IOT gateway/2.Workspace/Embedded base IOT gateway - Master/ThirdParty/FreeRTOS/portable/GCC/ARM_CM4F" -I"C:/Users/LENOVO/Documents/1.Personal/11.Embedded Projects/1.Embedded base IOT gateway/2.Workspace/Embedded base IOT gateway - Master/ThirdParty/SEGGER/Config" -I"C:/Users/LENOVO/Documents/1.Personal/11.Embedded Projects/1.Embedded base IOT gateway/2.Workspace/Embedded base IOT gateway - Master/ThirdParty/SEGGER/OS" -I"C:/Users/LENOVO/Documents/1.Personal/11.Embedded Projects/1.Embedded base IOT gateway/2.Workspace/Embedded base IOT gateway - Master/ThirdParty/SEGGER/SEGGER" -I../Core/Inc -I"C:/Users/LENOVO/Documents/1.Personal/11.Embedded Projects/1.Embedded base IOT gateway/2.Workspace/Embedded base IOT gateway - Master/ThirdParty/FreeRTOS" -I"C:/Users/LENOVO/Documents/1.Personal/11.Embedded Projects/1.Embedded base IOT gateway/2.Workspace/Embedded base IOT gateway - Master/ThirdParty/FreeRTOS/include" -I../Drivers/STM32F4xx_HAL_Driver/Inc -I../Drivers/STM32F4xx_HAL_Driver/Inc/Legacy -I../Drivers/CMSIS/Device/ST/STM32F4xx/Include -I../Drivers/CMSIS/Include -O0 -ffunction-sections -fdata-sections -Wall -fstack-usage -fcyclomatic-complexity -MMD -MP -MF"Core/Src/stm32f4xx_hal_msp.d" -MT"Core/Src/stm32f4xx_hal_msp.o" --specs=nano.specs -mfpu=fpv4-sp-d16 -mfloat-abi=hard -mthumb -o "Core/Src/stm32f4xx_hal_msp.o"
arm-none-eabi-gcc "../Core/Src/stm32f4xx_hal_timebase_tim.c" -mcpu=cortex-m4 -std=gnu11 -g3 -DDEBUG -DUSE_HAL_DRIVER -DSTM32F407xx -c -I"C:/Users/LENOVO/Documents/1.Personal/11.Embedded Projects/1.Embedded base IOT gateway/2.Workspace/Embedded base IOT gateway - Master/ThirdParty/FreeRTOS/portable/GCC/ARM_CM4F" -I"C:/Users/LENOVO/Documents/1.Personal/11.Embedded Projects/1.Embedded base IOT gateway/2.Workspace/Embedded base IOT gateway - Master/ThirdParty/SEGGER/Config" -I"C:/Users/LENOVO/Documents/1.Personal/11.Embedded Projects/1.Embedded base IOT gateway/2.Workspace/Embedded base IOT gateway - Master/ThirdParty/SEGGER/OS" -I"C:/Users/LENOVO/Documents/1.Personal/11.Embedded Projects/1.Embedded base IOT gateway/2.Workspace/Embedded base IOT gateway - Master/ThirdParty/SEGGER/SEGGER" -I../Core/Inc -I"C:/Users/LENOVO/Documents/1.Personal/11.Embedded Projects/1.Embedded base IOT gateway/2.Workspace/Embedded base IOT gateway - Master/ThirdParty/FreeRTOS" -I"C:/Users/LENOVO/Documents/1.Personal/11.Embedded Projects/1.Embedded base IOT gateway/2.Workspace/Embedded base IOT gateway - Master/ThirdParty/FreeRTOS/include" -I../Drivers/STM32F4xx_HAL_Driver/Inc -I../Drivers/STM32F4xx_HAL_Driver/Inc/Legacy -I../Drivers/CMSIS/Device/ST/STM32F4xx/Include -I../Drivers/CMSIS/Include -O0 -ffunction-sections -fdata-sections -Wall -fstack-usage -fcyclomatic-complexity -MMD -MP -MF"Core/Src/stm32f4xx_hal_timebase_tim.d" -MT"Core/Src/stm32f4xx_hal_timebase_tim.o" --specs=nano.specs -mfpu=fpv4-sp-d16 -mfloat-abi=hard -mthumb -o "Core/Src/stm32f4xx_hal_timebase_tim.o"
arm-none-eabi-gcc "../Core/Src/stm32f4xx_it.c" -mcpu=cortex-m4 -std=gnu11 -g3 -DDEBUG -DUSE_HAL_DRIVER -DSTM32F407xx -c -I"C:/Users/LENOVO/Documents/1.Personal/11.Embedded Projects/1.Embedded base IOT gateway/2.Workspace/Embedded base IOT gateway - Master/ThirdParty/FreeRTOS/portable/GCC/ARM_CM4F" -I"C:/Users/LENOVO/Documents/1.Personal/11.Embedded Projects/1.Embedded base IOT gateway/2.Workspace/Embedded base IOT gateway - Master/ThirdParty/SEGGER/Config" -I"C:/Users/LENOVO/Documents/1.Personal/11.Embedded Projects/1.Embedded base IOT gateway/2.Workspace/Embedded base IOT gateway - Master/ThirdParty/SEGGER/OS" -I"C:/Users/LENOVO/Documents/1.Personal/11.Embedded Projects/1.Embedded base IOT gateway/2.Workspace/Embedded base IOT gateway - Master/ThirdParty/SEGGER/SEGGER" -I../Core/Inc -I"C:/Users/LENOVO/Documents/1.Personal/11.Embedded Projects/1.Embedded base IOT gateway/2.Workspace/Embedded base IOT gateway - Master/ThirdParty/FreeRTOS" -I"C:/Users/LENOVO/Documents/1.Personal/11.Embedded Projects/1.Embedded base IOT gateway/2.Workspace/Embedded base IOT gateway - Master/ThirdParty/FreeRTOS/include" -I../Drivers/STM32F4xx_HAL_Driver/Inc -I../Drivers/STM32F4xx_HAL_Driver/Inc/Legacy -I../Drivers/CMSIS/Device/ST/STM32F4xx/Include -I../Drivers/CMSIS/Include -O0 -ffunction-sections -fdata-sections -Wall -fstack-usage -fcyclomatic-complexity -MMD -MP -MF"Core/Src/stm32f4xx_it.d" -MT"Core/Src/stm32f4xx_it.o" --specs=nano.specs -mfpu=fpv4-sp-d16 -mfloat-abi=hard -mthumb -o "Core/Src/stm32f4xx_it.o"
arm-none-eabi-gcc "../Core/Src/syscalls.c" -mcpu=cortex-m4 -std=gnu11 -g3 -DDEBUG -DUSE_HAL_DRIVER -DSTM32F407xx -c -I"C:/Users/LENOVO/Documents/1.Personal/11.Embedded Projects/1.Embedded base IOT gateway/2.Workspace/Embedded base IOT gateway - Master/ThirdParty/FreeRTOS/portable/GCC/ARM_CM4F" -I"C:/Users/LENOVO/Documents/1.Personal/11.Embedded Projects/1.Embedded base IOT gateway/2.Workspace/Embedded base IOT gateway - Master/ThirdParty/SEGGER/Config" -I"C:/Users/LENOVO/Documents/1.Personal/11.Embedded Projects/1.Embedded base IOT gateway/2.Workspace/Embedded base IOT gateway - Master/ThirdParty/SEGGER/OS" -I"C:/Users/LENOVO/Documents/1.Personal/11.Embedded Projects/1.Embedded base IOT gateway/2.Workspace/Embedded base IOT gateway - Master/ThirdParty/SEGGER/SEGGER" -I../Core/Inc -I"C:/Users/LENOVO/Documents/1.Personal/11.Embedded Projects/1.Embedded base IOT gateway/2.Workspace/Embedded base IOT gateway - Master/ThirdParty/FreeRTOS" -I"C:/Users/LENOVO/Documents/1.Personal/11.Embedded Projects/1.Embedded base IOT gateway/2.Workspace/Embedded base IOT gateway - Master/ThirdParty/FreeRTOS/include" -I../Drivers/STM32F4xx_HAL_Driver/Inc -I../Drivers/STM32F4xx_HAL_Driver/Inc/Legacy -I../Drivers/CMSIS/Device/ST/STM32F4xx/Include -I../Drivers/CMSIS/Include -O0 -ffunction-sections -fdata-sections -Wall -fstack-usage -fcyclomatic-complexity -MMD -MP -MF"Core/Src/syscalls.d" -MT"Core/Src/syscalls.o" --specs=nano.specs -mfpu=fpv4-sp-d16 -mfloat-abi=hard -mthumb -o "Core/Src/syscalls.o"
arm-none-eabi-gcc "../Core/Src/system_state.c" -mcpu=cortex-m4 -std=gnu11 -g3 -DDEBUG -DUSE_HAL_DRIVER -DSTM32F407xx -c -I"C:/Users/LENOVO/Documents/1.Personal/11.Embedded Projects/1.Embedded base IOT gateway/2.Workspace/Embedded base IOT gateway - Master/ThirdParty/FreeRTOS/portable/GCC/ARM_CM4F" -I"C:/Users/LENOVO/Documents/1.Personal/11.Embedded Projects/1.Embedded base IOT gateway/2.Workspace/Embedded base IOT gateway - Master/ThirdParty/SEGGER/Config" -I"C:/Users/LENOVO/Documents/1.Personal/11.Embedded Projects/1.Embedded base IOT gateway/2.Workspace/Embedded base IOT gateway - Master/ThirdParty/SEGGER/OS" -I"C:/Users/LENOVO/Documents/1.Personal/11.Embedded Projects/1.Embedded base IOT gateway/2.Workspace/Embedded base IOT gateway - Master/ThirdParty/SEGGER/SEGGER" -I../Core/Inc -I"C:/Users/LENOVO/Documents/1.Personal/11.Embedded Projects/1.Embedded base IOT gateway/2.Workspace/Embedded base IOT gateway - Master/ThirdParty/FreeRTOS" -I"C:/Users/LENOVO/Documents/1.Personal/11.Embedded Projects/1.Embedded base IOT gateway/2.Workspace/Embedded base IOT gateway - Master/ThirdParty/FreeRTOS/include" -I../Drivers/STM32F4xx_HAL_Driver/Inc -I../Drivers/STM32F4xx_HAL_Driver/Inc/Legacy -I../Drivers/CMSIS/Device/ST/STM32F4xx/Include -I../Drivers/CMSIS/Include -O0 -ffunction-sections -fdata-sections -Wall -fstack-usage -fcyclomatic-complexity -MMD -MP -MF"Core/Src/system_state.d" -MT"Core/Src/system_state.o" --specs=nano.specs -mfpu=fpv4-sp-d16 -mfloat-abi=hard -mthumb -o "Core/Src/system_state.o"
arm-none-eabi-gcc "../Core/Src/system_stm32f4xx.c" -mcpu=cortex-m4 -std=gnu11 -g3 -DDEBUG -DUSE_HAL_DRIVER -DSTM32F407xx -c -I"C:/Users/LENOVO/Documents/1.Personal/11.Embedded Projects/1.Embedded base IOT gateway/2.Workspace/Embedded base IOT gateway - Master/ThirdParty/FreeRTOS/portable/GCC/ARM_CM4F" -I"C:/Users/LENOVO/Documents/1.Personal/11.Embedded Projects/1.Embedded base IOT gateway/2.Workspace/Embedded base IOT gateway - Master/ThirdParty/SEGGER/Config" -I"C:/Users/LENOVO/Documents/1.Personal/11.Embedded Projects/1.Embedded base IOT gateway/2.Workspace/Embedded base IOT gateway - Master/ThirdParty/SEGGER/OS" -I"C:/Users/LENOVO/Documents/1.Personal/11.Embedded Projects/1.Embedded base IOT gateway/2.Workspace/Embedded base IOT gateway - Master/ThirdParty/SEGGER/SEGGER" -I../Core/Inc -I"C:/Users/LENOVO/Documents/1.Personal/11.Embedded Projects/1.Embedded base IOT gateway/2.Workspace/Embedded base IOT gateway - Master/ThirdParty/FreeRTOS" -I"C:/Users/LENOVO/Documents/1.Personal/11.Embedded Projects/1.Embedded base IOT gateway/2.Workspace/Embedded base IOT gateway - Master/ThirdParty/FreeRTOS/include" -I../Drivers/STM32F4xx_HAL_Driver/Inc -I../Drivers/STM32F4xx_HAL_Driver/Inc/Legacy -I../Drivers/CMSIS/Device/ST/STM32F4xx/Include -I../Drivers/CMSIS/Include -O0 -ffunction-sections -fdata-sections -Wall -fstack-usage -fcyclomatic-complexity -MMD -MP -MF"Core/Src/system_stm32f4xx.d" -MT"Core/Src/system_stm32f4xx.o" --specs=nano.specs -mfpu=fpv4-sp-d16 -mfloat-abi=hard -mthumb -o "Core/Src/system_stm32f4xx.o"
../Core/Src/ProtocolTask.c: In function 'Protocol_Task':
../Core/Src/ProtocolTask.c:58:38: warning: unused variable 'notifyCnt' [-Wunused-variable]
   58 |                 volatile uint32_t    notifyCnt = ulTaskNotifyValueClear(NULL, 0);
      |                                      ^~~~~~~~~
../Core/Src/ProtocolTask.c:57:38: warning: unused variable 'rxQLen' [-Wunused-variable]
   57 |                 volatile UBaseType_t rxQLen  = uxQueueMessagesWaiting(xQueue_RS485_RxFrame);
      |                                      ^~~~~~
../Core/Src/ProtocolTask.c:56:34: warning: unused variable 'freeHeap' [-Wunused-variable]
   56 |                 volatile size_t  freeHeap    = xPortGetFreeHeapSize();
      |                                  ^~~~~~~~
arm-none-eabi-gcc "../Core/Src/watchdog.c" -mcpu=cortex-m4 -std=gnu11 -g3 -DDEBUG -DUSE_HAL_DRIVER -DSTM32F407xx -c -I"C:/Users/LENOVO/Documents/1.Personal/11.Embedded Projects/1.Embedded base IOT gateway/2.Workspace/Embedded base IOT gateway - Master/ThirdParty/FreeRTOS/portable/GCC/ARM_CM4F" -I"C:/Users/LENOVO/Documents/1.Personal/11.Embedded Projects/1.Embedded base IOT gateway/2.Workspace/Embedded base IOT gateway - Master/ThirdParty/SEGGER/Config" -I"C:/Users/LENOVO/Documents/1.Personal/11.Embedded Projects/1.Embedded base IOT gateway/2.Workspace/Embedded base IOT gateway - Master/ThirdParty/SEGGER/OS" -I"C:/Users/LENOVO/Documents/1.Personal/11.Embedded Projects/1.Embedded base IOT gateway/2.Workspace/Embedded base IOT gateway - Master/ThirdParty/SEGGER/SEGGER" -I../Core/Inc -I"C:/Users/LENOVO/Documents/1.Personal/11.Embedded Projects/1.Embedded base IOT gateway/2.Workspace/Embedded base IOT gateway - Master/ThirdParty/FreeRTOS" -I"C:/Users/LENOVO/Documents/1.Personal/11.Embedded Projects/1.Embedded base IOT gateway/2.Workspace/Embedded base IOT gateway - Master/ThirdParty/FreeRTOS/include" -I../Drivers/STM32F4xx_HAL_Driver/Inc -I../Drivers/STM32F4xx_HAL_Driver/Inc/Legacy -I../Drivers/CMSIS/Device/ST/STM32F4xx/Include -I../Drivers/CMSIS/Include -O0 -ffunction-sections -fdata-sections -Wall -fstack-usage -fcyclomatic-complexity -MMD -MP -MF"Core/Src/watchdog.d" -MT"Core/Src/watchdog.o" --specs=nano.specs -mfpu=fpv4-sp-d16 -mfloat-abi=hard -mthumb -o "Core/Src/watchdog.o"
arm-none-eabi-gcc -o "Embedded base IOT gateway - Master.elf" @"objects.list"   -mcpu=cortex-m4 -T"C:\Users\LENOVO\Documents\1.Personal\11.Embedded Projects\1.Embedded base IOT gateway\2.Workspace\Embedded base IOT gateway - Master\STM32F407VGTX_FLASH.ld" --specs=nosys.specs -Wl,-Map="Embedded base IOT gateway - Master.map" -Wl,--gc-sections -static --specs=nano.specs -mfpu=fpv4-sp-d16 -mfloat-abi=hard -mthumb -u _printf_float -Wl,--start-group -lc -lm -Wl,--end-group
Finished building target: Embedded base IOT gateway - Master.elf
 
arm-none-eabi-size  Embedded\ base\ IOT\ gateway\ -\ Master.elf 
arm-none-eabi-objdump -h -S Embedded\ base\ IOT\ gateway\ -\ Master.elf  > "Embedded base IOT gateway - Master.list"
   text	   data	    bss	    dec	    hex	filename
  67084	    540	  86064	 153688	  25858	Embedded base IOT gateway - Master.elf
Finished building: default.size.stdout
 
Finished building: Embedded base IOT gateway - Master.list
 
